<!DOCTYPE html>
<html lang="en">
  <head>
    <meta charset="utf-8">
    <title>Bokeh Application</title>
    <script type="text/javascript" src="https://cdn.bokeh.org/bokeh/release/bokeh-2.4.3.min.js"></script>
    <script type="text/javascript">
        Bokeh.set_log_level("info");
    </script>
  </head>
  <body>
    <div class="bk-root" id="cc93e868-1f57-460e-808f-ba0df097145f" data-root-id="18270"></div>
  
    <script type="application/json" id="18463">
      {"a9f482b4-152f-4c9b-a6a1-4da947b347d5":{"defs":[],"roots":{"references":[{"attributes":{},"id":"18327","type":"AllLabels"},{"attributes":{"callback":null,"renderers":[{"id":"18315"}],"tooltips":[["Value","@image"]]},"id":"18317","type":"HoverTool"},{"attributes":{"palette":["#ffffff","#fffffd","#fffffb","#fffff9","#fffff7","#fffff4","#fffff3","#fffff1","#ffffef","#ffffed","#ffffeb","#ffffe9","#ffffe6","#ffffe4","#ffffe3","#ffffe1","#ffffdf","#ffffdd","#ffffdb","#ffffd9","#ffffd7","#ffffd4","#ffffd3","#ffffd1","#ffffcf","#ffffcd","#ffffcb","#ffffc9","#ffffc6","#ffffc4","#ffffc3","#ffffc1","#ffffbf","#ffffbd","#ffffbb","#ffffb9","#ffffb7","#ffffb5","#ffffb3","#ffffb1","#ffffaf","#ffffad","#ffffab","#ffffa8","#ffffa6","#ffffa4","#ffffa3","#ffffa1","#ffff9f","#ffff9d","#ffff9b","#ffff99","#ffff97","#ffff95","#ffff93","#ffff91","#ffff8f","#ffff8d","#ffff8b","#ffff88","#ffff86","#ffff84","#ffff83","#ffff81","#fffe7f","#fffc7d","#fffa7b","#fff879","#fff677","#fff475","#fff272","#fff071","#ffee6f","#ffec6d","#ffea6b","#ffe868","#ffe666","#ffe464","#ffe262","#ffe061","#ffde5f","#ffdc5d","#ffda5b","#ffd859","#ffd657","#ffd455","#ffd252","#ffd051","#ffce4f","#ffcc4d","#ffca4b","#ffc848","#ffc646","#ffc444","#ffc242","#ffc041","#ffbe3f","#ffbc3d","#ffba3b","#ffb839","#ffb637","#ffb435","#ffb232","#ffb030","#ffae2f","#ffac2d","#ffaa2b","#ffa828","#ffa626","#ffa424","#ffa222","#ffa020","#ff9e1f","#ff9c1d","#ff9a1b","#ff9819","#ff9617","#ff9415","#ff9212","#ff9010","#ff8e0f","#ff8c0d","#ff8a0b","#ff8808","#ff8606","#ff8404","#ff8202","#ff8000","#fe7e00","#fc7c00","#fa7a00","#f87800","#f67600","#f37400","#f27200","#f07000","#ee6e00","#ec6c00","#ea6a00","#e86800","#e56600","#e36400","#e26200","#e06000","#de5e00","#dc5c00","#da5a00","#d85800","#d65600","#d35400","#d25200","#d05000","#ce4e00","#cc4c00","#ca4a00","#c84800","#c54600","#c34400","#c24200","#c04000","#be3e00","#bc3c00","#ba3a00","#b83800","#b63600","#b33400","#b23200","#b03000","#ae2e00","#ac2c00","#aa2a00","#a82800","#a52600","#a32400","#a22200","#a02000","#9e1e00","#9c1c00","#9a1a00","#981800","#961600","#931400","#921200","#901000","#8e0e00","#8c0c00","#8a0a00","#880800","#850600","#830400","#820200","#800000","#7e0000","#7c0000","#7a0000","#780000","#760000","#730000","#710000","#700000","#6e0000","#6c0000","#6a0000","#680000","#650000","#630000","#610000","#600000","#5e0000","#5c0000","#5a0000","#580000","#560000","#530000","#510000","#500000","#4e0000","#4c0000","#4a0000","#480000","#450000","#430000","#410000","#400000","#3e0000","#3c0000","#3a0000","#380000","#360000","#330000","#310000","#300000","#2e0000","#2c0000","#2a0000","#280000","#250000","#230000","#210000","#200000","#1e0000","#1c0000","#1a0000","#180000","#160000","#130000","#110000","#100000","#0e0000","#0c0000","#0a0000","#080000","#050000","#030000","#010000","#000000"]},"id":"18307","type":"LinearColorMapper"},{"attributes":{"data":{"image":[{"__ndarray__":"oNavFKj17z+g1q8UqPXvP6DWrxSo9e8/oNavFKj17z+g1q8UqPXvP6DWrxSo9e8/oNavFKj17z+g1q8UqPXvP6DWrxSo9e8/oNavFKj17z+g1q8UqPXvP6DWrxSo9e8/oNavFKj17z+g1q8UqPXvP6DWrxSo9e8/oNavFKj17z+g1q8UqPXvP6DWrxSo9e8/oNavFKj17z+g1q8UqPXvP4gbQM2w9e8/oNavFKj17z+g1q8UqPXvP6DWrxSo9e8/oNavFKj17z+g1q8UqPXvP6DWrxSo9e8/oNavFKj17z+g1q8UqPXvP6DWrxSo9e8/oNavFKj17z+g1q8UqPXvP6DWrxSo9e8/oNavFKj17z+g1q8UqPXvP6DWrxSo9e8/oNavFKj17z+g1q8UqPXvP6DWrxSo9e8/oNavFKj17z+g1q8UqPXvP6DWrxSo9e8/oNavFKj17z+g1q8UqPXvP6DWrxSo9e8/j8ic3bb17z+g1q8UqPXvP6DWrxSo9e8/oNavFKj17z+g1q8UqPXvP6DWrxSo9e8/oNavFKj17z+g1q8UqPXvP6DWrxSo9e8/oNavFKj17z+g1q8UqPXvP6DWrxSo9e8/oNavFKj17z+g1q8UqPXvP6DWrxSo9e8/oNavFKj17z+g1q8UqPXvP6DWrxSo9e8/oNavFKj17z+g1q8UqPXvP6DWrxSo9e8/oNavFKj17z+g1q8UqPXvP6DWrxSo9e8/oNavFKj17z/EgLpor/XvP6DWrxSo9e8/oNavFKj17z/vt6OOqPXvP6DWrxSo9e8/oNavFKj17z+g1q8UqPXvP6DWrxSo9e8/oNavFKj17z+g1q8UqPXvP6DWrxSo9e8/oNavFKj17z+g1q8UqPXvP6DWrxSo9e8/oNavFKj17z+g1q8UqPXvP6DWrxSo9e8/oNavFKj17z+g1q8UqPXvP6DWrxSo9e8/oNavFKj17z+g1q8UqPXvP6DWrxSo9e8/oNavFKj17z+g1q8UqPXvP6DWrxSo9e8/oNavFKj17z+g1q8UqPXvP6DWrxSo9e8/oNavFKj17z/kzxZrqfXvP6DWrxSo9e8/oNavFKj17z+g1q8UqPXvP6DWrxSo9e8/oNavFKj17z+g1q8UqPXvP6DWrxSo9e8/oNavFKj17z+g1q8UqPXvP6DWrxSo9e8/oNavFKj17z+g1q8UqPXvP6DWrxSo9e8/oNavFKj17z+g1q8UqPXvP6DWrxSo9e8/oNavFKj17z+g1q8UqPXvP6DWrxSo9e8/oNavFKj17z+g1q8UqPXvP6DWrxSo9e8/oNavFKj17z+g1q8UqPXvP0F6d3Sp9e8/oNavFKj17z+g1q8UqPXvP6DWrxSo9e8/oNavFKj17z+g1q8UqPXvP6DWrxSo9e8/oNavFKj17z+g1q8UqPXvP6DWrxSo9e8/oNavFKj17z+g1q8UqPXvP6DWrxSo9e8/oNavFKj17z+g1q8UqPXvP6DWrxSo9e8/oNavFKj17z+g1q8UqPXvP6DWrxSo9e8/oNavFKj17z+g1q8UqPXvP6DWrxSo9e8//flkEq717z+g1q8UqPXvP6DWrxSo9e8/oNavFKj17z+g1q8UqPXvP6DWrxSo9e8/oNavFKj17z+g1q8UqPXvP6DWrxSo9e8/oNavFKj17z+g1q8UqPXvP6DWrxSo9e8/oNavFKj17z+g1q8UqPXvP6DWrxSo9e8/oNavFKj17z+g1q8UqPXvP6DWrxSo9e8/oNavFKj17z+g1q8UqPXvP6DWrxSo9e8/oNavFKj17z+g1q8UqPXvP6DWrxSo9e8/oNavFKj17z+g1q8UqPXvP6DWrxSo9e8/oNavFKj17z+g1q8UqPXvP6DWrxSo9e8/oNavFKj17z+g1q8UqPXvP6DWrxSo9e8/oNavFKj17z+g1q8UqPXvP6DWrxSo9e8/oNavFKj17z+g1q8UqPXvP6DWrxSo9e8/oNavFKj17z+g1q8UqPXvP6DWrxSo9e8/oNavFKj17z+g1q8UqPXvPwcyZhCt9e8/oNavFKj17z+g1q8UqPXvP6DWrxSo9e8/oNavFKj17z+g1q8UqPXvP6DWrxSo9e8/oNavFKj17z+g1q8UqPXvP6DWrxSo9e8/T7Jhhvf17z+g1q8UqPXvP6DWrxSo9e8/oNavFKj17z+g1q8UqPXvP6DWrxSo9e8/oNavFKj17z+g1q8UqPXvP6DWrxSo9e8/oNavFKj17z+g1q8UqPXvP6DWrxSo9e8/oNavFKj17z+g1q8UqPXvP6DWrxSo9e8/oNavFKj17z+g1q8UqPXvP6DWrxSo9e8/oNavFKj17z+g1q8UqPXvP6DWrxSo9e8/oNavFKj17z+g1q8UqPXvP6DWrxSo9e8/oNavFKj17z/61/7d9/XvP6DWrxSo9e8/oNavFKj17z+g1q8UqPXvP6DWrxSo9e8/oNavFKj17z+g1q8UqPXvP6DWrxSo9e8/oNavFKj17z+g1q8UqPXvP6DWrxSo9e8/oNavFKj17z+g1q8UqPXvP6DWrxSo9e8/oNavFKj17z+g1q8UqPXvP6DWrxSo9e8/oNavFKj17z+g1q8UqPXvP6DWrxSo9e8/oNavFKj17z+arCCI3vXvP6DWrxSo9e8/oNavFKj17z+g1q8UqPXvP6DWrxSo9e8/oNavFKj17z+g1q8UqPXvP6DWrxSo9e8/oNavFKj17z+g1q8UqPXvP6DWrxSo9e8/oNavFKj17z+g1q8UqPXvP6DWrxSo9e8/oNavFKj17z+g1q8UqPXvP6DWrxSo9e8/oNavFKj17z+g1q8UqPXvP6DWrxSo9e8/oNavFKj17z+g1q8UqPXvP6DWrxSo9e8/oNavFKj17z+g1q8UqPXvP7yEDswS9u8/oNavFKj17z+g1q8UqPXvP6DWrxSo9e8/oNavFKj17z+g1q8UqPXvP6DWrxSo9e8/oNavFKj17z+g1q8UqPXvP6DWrxSo9e8/oNavFKj17z+g1q8UqPXvP6DWrxSo9e8/oNavFKj17z+g1q8UqPXvP6DWrxSo9e8/oNavFKj17z+g1q8UqPXvP6DWrxSo9e8/oNavFKj17z+g1q8UqPXvP6DWrxSo9e8/oNavFKj17z+g1q8UqPXvP6DWrxSo9e8/oNavFKj17z+g1q8UqPXvPxT+epzT9e8/oNavFKj17z+g1q8UqPXvP6DWrxSo9e8/oNavFKj17z+g1q8UqPXvP6DWrxSo9e8/oNavFKj17z+g1q8UqPXvP6DWrxSo9e8/oNavFKj17z+g1q8UqPXvP6DWrxSo9e8/oNavFKj17z+g1q8UqPXvP6DWrxSo9e8/oNavFKj17z+g1q8UqPXvP6DWrxSo9e8/pnNXX6/17z+g1q8UqPXvP6DWrxSo9e8/oNavFKj17z+g1q8UqPXvP6DWrxSo9e8/oNavFKj17z+g1q8UqPXvP6DWrxSo9e8/oNavFKj17z+g1q8UqPXvP6DWrxSo9e8/oNavFKj17z+g1q8UqPXvP6DWrxSo9e8/oNavFKj17z+g1q8UqPXvP6DWrxSo9e8/oNavFKj17z+g1q8UqPXvP6DWrxSo9e8/oNavFKj17z+g1q8UqPXvP6DWrxSo9e8/oNavFKj17z+g1q8UqPXvP6DWrxSo9e8/oNavFKj17z+g1q8UqPXvP6DWrxSo9e8/oNavFKj17z+g1q8UqPXvP53RbYy69e8/oNavFKj17z+g1q8UqPXvP6DWrxSo9e8/oNavFKj17z+g1q8UqPXvP6DWrxSo9e8/oNavFKj17z+g1q8UqPXvP6DWrxSo9e8/oNavFKj17z+g1q8UqPXvP6DWrxSo9e8/oNavFKj17z+g1q8UqPXvP6DWrxSo9e8/oNavFKj17z+g1q8UqPXvP6DWrxSo9e8/oNavFKj17z+g1q8UqPXvP6DWrxSo9e8/oNavFKj17z+g1q8UqPXvP6DWrxSo9e8/5Ei3TbL17z+g1q8UqPXvP6DWrxSo9e8/oNavFKj17z+g1q8UqPXvP6DWrxSo9e8/oNavFKj17z+g1q8UqPXvP6DWrxSo9e8/oNavFKj17z+g1q8UqPXvP6DWrxSo9e8/oNavFKj17z+g1q8UqPXvP6DWrxSo9e8/oNavFKj17z+g1q8UqPXvP6DWrxSo9e8/oNavFKj17z+g1q8UqPXvP6DWrxSo9e8/oNavFKj17z+g1q8UqPXvP6DWrxSo9e8/oNavFKj17z+g1q8UqPXvP6DWrxSo9e8/oNavFKj17z/wKWhNufXvP6DWrxSo9e8/oNavFKj17z+g1q8UqPXvP6DWrxSo9e8/oNavFKj17z+g1q8UqPXvP6DWrxSo9e8/oNavFKj17z+g1q8UqPXvP6DWrxSo9e8/oNavFKj17z+g1q8UqPXvP6DWrxSo9e8/oNavFKj17z+g1q8UqPXvP6DWrxSo9e8/oNavFKj17z+TF0kuwfXvP6DWrxSo9e8/oNavFKj17z+g1q8UqPXvP6DWrxSo9e8/oNavFKj17z+g1q8UqPXvP6DWrxSo9e8/oNavFKj17z+g1q8UqPXvP6DWrxSo9e8/oNavFKj17z+g1q8UqPXvP6DWrxSo9e8/oNavFKj17z+g1q8UqPXvP6DWrxSo9e8/oNavFKj17z+g1q8UqPXvP6DWrxSo9e8/oNavFKj17z+g1q8UqPXvP6DWrxSo9e8/oNavFKj17z+g1q8UqPXvP6DWrxSo9e8/oNavFKj17z864wBIr/XvP6DWrxSo9e8/oNavFKj17z+g1q8UqPXvP6DWrxSo9e8/oNavFKj17z+g1q8UqPXvP6DWrxSo9e8/oNavFKj17z+g1q8UqPXvP6DWrxSo9e8/oNavFKj17z+g1q8UqPXvP6DWrxSo9e8/oNavFKj17z+g1q8UqPXvP6DWrxSo9e8/oNavFKj17z+g1q8UqPXvP6DWrxSo9e8/oNavFKj17z+g1q8UqPXvP6DWrxSo9e8/oNavFKj17z+g1q8UqPXvPxrccgC49e8/oNavFKj17z+g1q8UqPXvP6DWrxSo9e8/oNavFKj17z+g1q8UqPXvP6DWrxSo9e8/oNavFKj17z+g1q8UqPXvP6DWrxSo9e8/oNavFKj17z+g1q8UqPXvP6DWrxSo9e8/oNavFKj17z+g1q8UqPXvP6DWrxSo9e8/oNavFKj17z+g1q8UqPXvP6DWrxSo9e8/oNavFKj17z+g1q8UqPXvP6DWrxSo9e8/oNavFKj17z+g1q8UqPXvP6DWrxSo9e8/OpmPDLf17z+g1q8UqPXvP6DWrxSo9e8/oNavFKj17z+g1q8UqPXvP6DWrxSo9e8/oNavFKj17z+g1q8UqPXvP6DWrxSo9e8/oNavFKj17z+g1q8UqPXvP6DWrxSo9e8/oNavFKj17z+g1q8UqPXvP6DWrxSo9e8/oNavFKj17z+g1q8UqPXvP6DWrxSo9e8/edUJUej17z+g1q8UqPXvP6DWrxSo9e8/oNavFKj17z+g1q8UqPXvP6DWrxSo9e8/oNavFKj17z+g1q8UqPXvP6DWrxSo9e8/oNavFKj17z+g1q8UqPXvP6DWrxSo9e8/oNavFKj17z+g1q8UqPXvP+gdtySp9e8/oNavFKj17z+g1q8UqPXvP6DWrxSo9e8/oNavFKj17z+g1q8UqPXvP6DWrxSo9e8/oNavFKj17z+g1q8UqPXvP6DWrxSo9e8/oNavFKj17z+g1q8UqPXvP6DWrxSo9e8/oNavFKj17z+g1q8UqPXvP6DWrxSo9e8/oNavFKj17z+g1q8UqPXvP6DWrxSo9e8/oNavFKj17z+g1q8UqPXvP6DWrxSo9e8/oNavFKj17z+g1q8UqPXvP6DWrxSo9e8/oNavFKj17z+g1q8UqPXvP6DWrxSo9e8/oNavFKj17z+g1q8UqPXvP6DWrxSo9e8/oNavFKj17z+g1q8UqPXvP6DWrxSo9e8/oNavFKj17z+g1q8UqPXvP6DWrxSo9e8/oNavFKj17z+g1q8UqPXvP6DWrxSo9e8/oNavFKj17z+g1q8UqPXvP4ggRoyu9e8/oNavFKj17z+g1q8UqPXvP6DWrxSo9e8/oNavFKj17z+g1q8UqPXvP6DWrxSo9e8/oNavFKj17z+g1q8UqPXvP6DWrxSo9e8/oNavFKj17z+g1q8UqPXvP6DWrxSo9e8/oNavFKj17z+g1q8UqPXvP6DWrxSo9e8/oNavFKj17z+g1q8UqPXvP6DWrxSo9e8/oNavFKj17z+g1q8UqPXvP6DWrxSo9e8/oNavFKj17z+g1q8UqPXvP6DWrxSo9e8/U3KyG6717z+g1q8UqPXvP6DWrxSo9e8/oNavFKj17z+g1q8UqPXvP6DWrxSo9e8/oNavFKj17z+g1q8UqPXvP6DWrxSo9e8/oNavFKj17z+g1q8UqPXvP6DWrxSo9e8/oNavFKj17z+g1q8UqPXvP6DWrxSo9e8/oNavFKj17z+g1q8UqPXvP6DWrxSo9e8/oNavFKj17z+g1q8UqPXvP6DWrxSo9e8/oNavFKj17z+g1q8UqPXvP6DWrxSo9e8/oNavFKj17z/OctbMq/XvP6DWrxSo9e8/oNavFKj17z+g1q8UqPXvP6DWrxSo9e8/oNavFKj17z/H0ZhusvXvP6DWrxSo9e8/oNavFKj17z+g1q8UqPXvP6DWrxSo9e8/oNavFKj17z+g1q8UqPXvP6DWrxSo9e8/oNavFKj17z+g1q8UqPXvP6DWrxSo9e8/oNavFKj17z+g1q8UqPXvP6DWrxSo9e8/oNavFKj17z+g1q8UqPXvP6DWrxSo9e8/oNavFKj17z+g1q8UqPXvP6DWrxSo9e8/oNavFKj17z+g1q8UqPXvP6DWrxSo9e8/7XWH4az17z+g1q8UqPXvP6DWrxSo9e8/oNavFKj17z+g1q8UqPXvP6DWrxSo9e8/oNavFKj17z+g1q8UqPXvP6DWrxSo9e8/oNavFKj17z+g1q8UqPXvP6DWrxSo9e8/oNavFKj17z+g1q8UqPXvP6DWrxSo9e8/oNavFKj17z+g1q8UqPXvP6DWrxSo9e8/oNavFKj17z+g1q8UqPXvP6DWrxSo9e8/oNavFKj17z+g1q8UqPXvP6DWrxSo9e8/oNavFKj17z+g1q8UqPXvP0pCG42s9e8/oNavFKj17z+g1q8UqPXvP6DWrxSo9e8/oNavFKj17z+g1q8UqPXvP6DWrxSo9e8/oNavFKj17z+g1q8UqPXvP6DWrxSo9e8/oNavFKj17z+g1q8UqPXvP6DWrxSo9e8/oNavFKj17z+g1q8UqPXvP6DWrxSo9e8/oNavFKj17z+g1q8UqPXvP6DWrxSo9e8/oNavFKj17z+g1q8UqPXvP6DWrxSo9e8/oNavFKj17z+g1q8UqPXvP6DWrxSo9e8/oNavFKj17z+g1q8UqPXvP6DWrxSo9e8/oNavFKj17z+g1q8UqPXvP6DWrxSo9e8/oNavFKj17z+g1q8UqPXvP6DWrxSo9e8/oNavFKj17z+g1q8UqPXvP6DWrxSo9e8/oNavFKj17z+g1q8UqPXvP6DWrxSo9e8/oNavFKj17z+g1q8UqPXvP3Y3yOWz9e8/oNavFKj17z+g1q8UqPXvP6DWrxSo9e8/oNavFKj17z+g1q8UqPXvP6DWrxSo9e8/oNavFKj17z+hMt+c3/XvP6DWrxSo9e8/oNavFKj17z+g1q8UqPXvP6DWrxSo9e8/oNavFKj17z+g1q8UqPXvP6DWrxSo9e8/oNavFKj17z+g1q8UqPXvP6DWrxSo9e8/oNavFKj17z+g1q8UqPXvP6DWrxSo9e8/oNavFKj17z+g1q8UqPXvP6DWrxSo9e8/oNavFKj17z+g1q8UqPXvP6DWrxSo9e8/oNavFKj17z+g1q8UqPXvP6DWrxSo9e8/oNavFKj17z+g1q8UqPXvP6DWrxSo9e8/4VCBA6j87z+g1q8UqPXvP6DWrxSo9e8/oNavFKj17z+g1q8UqPXvP6DWrxSo9e8/oNavFKj17z+g1q8UqPXvP6DWrxSo9e8/oNavFKj17z+g1q8UqPXvP6DWrxSo9e8/oNavFKj17z+g1q8UqPXvP6DWrxSo9e8/oNavFKj17z+g1q8UqPXvP6DWrxSo9e8/oNavFKj17z+g1q8UqPXvP6DWrxSo9e8/oNavFKj17z+g1q8UqPXvPzY6r59L+O8/oNavFKj17z+g1q8UqPXvP6DWrxSo9e8/oNavFKj17z+g1q8UqPXvP6DWrxSo9e8/oNavFKj17z+g1q8UqPXvP6DWrxSo9e8/oNavFKj17z+g1q8UqPXvP6DWrxSo9e8/oNavFKj17z+g1q8UqPXvP6DWrxSo9e8/oNavFKj17z+g1q8UqPXvP6DWrxSo9e8/oNavFKj17z+g1q8UqPXvP6DWrxSo9e8/oNavFKj17z+g1q8UqPXvP6DWrxSo9e8/oNavFKj17z+g1q8UqPXvP1QRUqGV9+8/oNavFKj17z+g1q8UqPXvP6DWrxSo9e8/oNavFKj17z+g1q8UqPXvP6DWrxSo9e8/oNavFKj17z+g1q8UqPXvP6DWrxSo9e8/oNavFKj17z+g1q8UqPXvP6DWrxSo9e8/oNavFKj17z+g1q8UqPXvP6DWrxSo9e8/oNavFKj17z+g1q8UqPXvP6DWrxSo9e8/oNavFKj17z+g1q8UqPXvP6DWrxSo9e8/oNavFKj17z/KcUPAWvnvP6DWrxSo9e8/oNavFKj17z+g1q8UqPXvP6DWrxSo9e8/oNavFKj17z+g1q8UqPXvP6DWrxSo9e8/oNavFKj17z+g1q8UqPXvP6DWrxSo9e8/oNavFKj17z+g1q8UqPXvP6DWrxSo9e8/oNavFKj17z+g1q8UqPXvP6DWrxSo9e8/oNavFKj17z+g1q8UqPXvP6DWrxSo9e8/jUKJvaj17z+g1q8UqPXvP6DWrxSo9e8/oNavFKj17z+g1q8UqPXvP6DWrxSo9e8/oNavFKj17z+g1q8UqPXvP6DWrxSo9e8/oNavFKj17z+g1q8UqPXvP6DWrxSo9e8/oNavFKj17z+g1q8UqPXvP6DWrxSo9e8/oNavFKj17z+g1q8UqPXvP6DWrxSo9e8/oNavFKj17z+g1q8UqPXvP6DWrxSo9e8/oNavFKj17z+g1q8UqPXvP6DWrxSo9e8/oNavFKj17z+g1q8UqPXvP6DWrxSo9e8/oNavFKj17z+g1q8UqPXvP6DWrxSo9e8/oNavFKj17z9IVCbX8fXvP6DWrxSo9e8/oNavFKj17z+g1q8UqPXvP6DWrxSo9e8/oNavFKj17z+g1q8UqPXvP6DWrxSo9e8/oNavFKj17z+g1q8UqPXvP6DWrxSo9e8/oNavFKj17z+g1q8UqPXvP6DWrxSo9e8/oNavFKj17z+g1q8UqPXvP6DWrxSo9e8/oNavFKj17z+g1q8UqPXvP6DWrxSo9e8/oNavFKj17z+g1q8UqPXvP6DWrxSo9e8/oNavFKj17z+g1q8UqPXvP6DWrxSo9e8/nHilyMj17z+g1q8UqPXvP6DWrxSo9e8/oNavFKj17z+g1q8UqPXvP6DWrxSo9e8/oNavFKj17z+g1q8UqPXvP6DWrxSo9e8/oNavFKj17z+g1q8UqPXvP6DWrxSo9e8/oNavFKj17z+g1q8UqPXvP6DWrxSo9e8/oNavFKj17z+g1q8UqPXvP6DWrxSo9e8/oNavFKj17z+g1q8UqPXvP6DWrxSo9e8/oNavFKj17z+g1q8UqPXvP6DWrxSo9e8/oNavFKj17z/GrFSAu/XvP6DWrxSo9e8/oNavFKj17z+g1q8UqPXvP6DWrxSo9e8/oNavFKj17z+g1q8UqPXvP6DWrxSo9e8/oNavFKj17z+g1q8UqPXvP6DWrxSo9e8/oNavFKj17z+g1q8UqPXvP6DWrxSo9e8/oNavFKj17z+g1q8UqPXvP6DWrxSo9e8/oNavFKj17z+g1q8UqPXvP6DWrxSo9e8/oNavFKj17z+g1q8UqPXvP6DWrxSo9e8/oNavFKj17z+g1q8UqPXvP6DWrxSo9e8/OYxtk8D17z+g1q8UqPXvP6DWrxSo9e8/oNavFKj17z+g1q8UqPXvP6DWrxSo9e8/oNavFKj17z+g1q8UqPXvP6DWrxSo9e8/oNavFKj17z+g1q8UqPXvP6DWrxSo9e8/oNavFKj17z+g1q8UqPXvP6DWrxSo9e8/oNavFKj17z+g1q8UqPXvP6DWrxSo9e8/oNavFKj17z+g1q8UqPXvP6DWrxSo9e8/oNavFKj17z+g1q8UqPXvP5ljj4mv9e8/oNavFKj17z+g1q8UqPXvP6DWrxSo9e8/oNavFKj17z+g1q8UqPXvP6DWrxSo9e8/oNavFKj17z+g1q8UqPXvP6DWrxSo9e8/oNavFKj17z+g1q8UqPXvP6DWrxSo9e8/oNavFKj17z+g1q8UqPXvP6DWrxSo9e8/oNavFKj17z+g1q8UqPXvP6DWrxSo9e8/oNavFKj17z+g1q8UqPXvP6DWrxSo9e8/oNavFKj17z+g1q8UqPXvP6DWrxSo9e8/oNavFKj17z9NjqHLwPXvP6DWrxSo9e8/oNavFKj17z+g1q8UqPXvP6DWrxSo9e8/oNavFKj17z+g1q8UqPXvP6DWrxSo9e8/oNavFKj17z+g1q8UqPXvP6DWrxSo9e8/oNavFKj17z+g1q8UqPXvP6DWrxSo9e8/oNavFKj17z+g1q8UqPXvP6DWrxSo9e8/oNavFKj17z+g1q8UqPXvP052X0LQ9e8/oNavFKj17z+g1q8UqPXvP6DWrxSo9e8/oNavFKj17z+g1q8UqPXvP6DWrxSo9e8/oNavFKj17z+g1q8UqPXvP6DWrxSo9e8/oNavFKj17z+g1q8UqPXvP6DWrxSo9e8/oNavFKj17z+g1q8UqPXvP6DWrxSo9e8/oNavFKj17z+g1q8UqPXvP6DWrxSo9e8/oNavFKj17z+g1q8UqPXvP6DWrxSo9e8/1kIfxUz27z+g1q8UqPXvP6DWrxSo9e8/oNavFKj17z+g1q8UqPXvP6DWrxSo9e8/oNavFKj17z+g1q8UqPXvP6DWrxSo9e8/oNavFKj17z+g1q8UqPXvP6DWrxSo9e8/a8vLRqz17z+g1q8UqPXvP6DWrxSo9e8/oNavFKj17z+g1q8UqPXvP6DWrxSo9e8/oNavFKj17z+g1q8UqPXvP6DWrxSo9e8/oNavFKj17z+g1q8UqPXvP6DWrxSo9e8/oNavFKj17z+g1q8UqPXvP6DWrxSo9e8/oNavFKj17z+g1q8UqPXvP6DWrxSo9e8/oNavFKj17z+g1q8UqPXvP6DWrxSo9e8/oNavFKj17z+g1q8UqPXvP6DWrxSo9e8/oNavFKj17z+g1q8UqPXvP6DWrxSo9e8/oNavFKj17z+g1q8UqPXvP6DWrxSo9e8/oNavFKj17z+g1q8UqPXvP6DWrxSo9e8/oNavFKj17z+g1q8UqPXvP6DWrxSo9e8/oNavFKj17z+g1q8UqPXvP6DWrxSo9e8/oNavFKj17z+g1q8UqPXvP6DWrxSo9e8/oNavFKj17z+g1q8UqPXvP6DWrxSo9e8/5zS+P7L17z+g1q8UqPXvP6DWrxSo9e8/oNavFKj17z+g1q8UqPXvP6DWrxSo9e8/oNavFKj17z+g1q8UqPXvP6DWrxSo9e8/oNavFKj17z+g1q8UqPXvP6DWrxSo9e8/oNavFKj17z+g1q8UqPXvP6DWrxSo9e8/oNavFKj17z+g1q8UqPXvP6DWrxSo9e8/oNavFKj17z+g1q8UqPXvP6DWrxSo9e8/oNavFKj17z+g1q8UqPXvP6DWrxSo9e8/oNavFKj17z/T5iw5vfXvP6DWrxSo9e8/oNavFKj17z+g1q8UqPXvP6DWrxSo9e8/oNavFKj17z+g1q8UqPXvP6DWrxSo9e8/oNavFKj17z+g1q8UqPXvP6DWrxSo9e8/oNavFKj17z+g1q8UqPXvP6DWrxSo9e8/oNavFKj17z+g1q8UqPXvP6DWrxSo9e8/oNavFKj17z+g1q8UqPXvP6DWrxSo9e8/oNavFKj17z+g1q8UqPXvP4OUhGmt9e8/oNavFKj17z+g1q8UqPXvP6DWrxSo9e8/oNavFKj17z+g1q8UqPXvP6DWrxSo9e8/oNavFKj17z+ZjimBufXvP6DWrxSo9e8/oNavFKj17z+g1q8UqPXvP6DWrxSo9e8/oNavFKj17z+g1q8UqPXvP6DWrxSo9e8/oNavFKj17z+g1q8UqPXvP6DWrxSo9e8/oNavFKj17z+g1q8UqPXvP6DWrxSo9e8/oNavFKj17z+g1q8UqPXvP6DWrxSo9e8/oNavFKj17z+g1q8UqPXvP6DWrxSo9e8/oNavFKj17z+g1q8UqPXvP6DWrxSo9e8/aUZGbKz17z+g1q8UqPXvP6DWrxSo9e8/oNavFKj17z+g1q8UqPXvP6DWrxSo9e8/oNavFKj17z+g1q8UqPXvP6DWrxSo9e8/oNavFKj17z+g1q8UqPXvP6DWrxSo9e8/oNavFKj17z+g1q8UqPXvP6DWrxSo9e8/oNavFKj17z+g1q8UqPXvP6DWrxSo9e8/oNavFKj17z+g1q8UqPXvP6DWrxSo9e8/oNavFKj17z+g1q8UqPXvP6DWrxSo9e8/oNavFKj17z+g1q8UqPXvP+KzwVat9e8/oNavFKj17z+g1q8UqPXvP6DWrxSo9e8/oNavFKj17z+g1q8UqPXvP6DWrxSo9e8/oNavFKj17z+g1q8UqPXvP6DWrxSo9e8/oNavFKj17z+g1q8UqPXvP6DWrxSo9e8/oNavFKj17z+g1q8UqPXvP6DWrxSo9e8/oNavFKj17z+g1q8UqPXvP6DWrxSo9e8/oNavFKj17z+g1q8UqPXvP6DWrxSo9e8/oNavFKj17z+g1q8UqPXvP6DWrxSo9e8/oNavFKj17z+g1q8UqPXvP6DWrxSo9e8/oNavFKj17z+g1q8UqPXvP6DWrxSo9e8/oNavFKj17z+g1q8UqPXvP6DWrxSo9e8/oNavFKj17z+g1q8UqPXvP6DWrxSo9e8/oNavFKj17z+g1q8UqPXvP6DWrxSo9e8/oNavFKj17z+g1q8UqPXvPzzdIiy09e8/oNavFKj17z+g1q8UqPXvP6DWrxSo9e8/oNavFKj17z+g1q8UqPXvP6DWrxSo9e8/oNavFKj17z+Kai/6u/XvP6DWrxSo9e8/oNavFKj17z+g1q8UqPXvP6DWrxSo9e8/oNavFKj17z+g1q8UqPXvP6DWrxSo9e8/oNavFKj17z+g1q8UqPXvP6DWrxSo9e8/oNavFKj17z+g1q8UqPXvP6DWrxSo9e8/oNavFKj17z+g1q8UqPXvP6DWrxSo9e8/oNavFKj17z+g1q8UqPXvP6DWrxSo9e8/oNavFKj17z+g1q8UqPXvP6DWrxSo9e8/oNavFKj17z+g1q8UqPXvP1JhQV06+O8/oNavFKj17z+g1q8UqPXvP6DWrxSo9e8/oNavFKj17z+g1q8UqPXvP6DWrxSo9e8/oNavFKj17z+g1q8UqPXvP6DWrxSo9e8/oNavFKj17z+g1q8UqPXvP6DWrxSo9e8/oNavFKj17z+g1q8UqPXvP6DWrxSo9e8/oNavFKj17z+g1q8UqPXvP6DWrxSo9e8/oNavFKj17z+g1q8UqPXvP6DWrxSo9e8/oNavFKj17z+g1q8UqPXvP6DWrxSo9e8/oNavFKj17z+g1q8UqPXvP5hPpYr1++8/oNavFKj17z+g1q8UqPXvP6DWrxSo9e8/oNavFKj17z+g1q8UqPXvP6DWrxSo9e8/oNavFKj17z+g1q8UqPXvP6DWrxSo9e8/oNavFKj17z+g1q8UqPXvP6DWrxSo9e8/oNavFKj17z+g1q8UqPXvP6DWrxSo9e8/oNavFKj17z+g1q8UqPXvP6DWrxSo9e8/oNavFKj17z+g1q8UqPXvP6DWrxSo9e8/AAAAAAAA8D+g1q8UqPXvP6DWrxSo9e8/oNavFKj17z+g1q8UqPXvP6DWrxSo9e8/oNavFKj17z+g1q8UqPXvP6DWrxSo9e8/oNavFKj17z+g1q8UqPXvP6DWrxSo9e8/oNavFKj17z+g1q8UqPXvP6DWrxSo9e8/oNavFKj17z+g1q8UqPXvP6DWrxSo9e8/oNavFKj17z+g1q8UqPXvP6DWrxSo9e8/oNavFKj17z+g1q8UqPXvP6DWrxSo9e8/oNavFKj17z8AAAAAAADwP6DWrxSo9e8/oNavFKj17z+g1q8UqPXvP6DWrxSo9e8/oNavFKj17z+g1q8UqPXvP6DWrxSo9e8/oNavFKj17z+g1q8UqPXvP6DWrxSo9e8/oNavFKj17z+g1q8UqPXvP6DWrxSo9e8/oNavFKj17z+g1q8UqPXvP6DWrxSo9e8/oNavFKj17z+g1q8UqPXvP6DWrxSo9e8/39lxsan17z+g1q8UqPXvP6DWrxSo9e8/oNavFKj17z+g1q8UqPXvP6DWrxSo9e8/oNavFKj17z+g1q8UqPXvP6DWrxSo9e8/oNavFKj17z+g1q8UqPXvP6DWrxSo9e8/oNavFKj17z+g1q8UqPXvP6DWrxSo9e8/oNavFKj17z+g1q8UqPXvP6DWrxSo9e8/oNavFKj17z+g1q8UqPXvP6DWrxSo9e8/oNavFKj17z+g1q8UqPXvP6DWrxSo9e8/oNavFKj17z+g1q8UqPXvP6DWrxSo9e8/oNavFKj17z+g1q8UqPXvP6DWrxSo9e8/oNavFKj17z+g1q8UqPXvP6DWrxSo9e8/oNavFKj17z/kvfBEt/XvP6DWrxSo9e8/oNavFKj17z+g1q8UqPXvP6DWrxSo9e8/oNavFKj17z+g1q8UqPXvP6DWrxSo9e8/oNavFKj17z+g1q8UqPXvP6DWrxSo9e8/oNavFKj17z+g1q8UqPXvP6DWrxSo9e8/oNavFKj17z+g1q8UqPXvP6DWrxSo9e8/oNavFKj17z+g1q8UqPXvP6DWrxSo9e8/oNavFKj17z+g1q8UqPXvP6DWrxSo9e8/oNavFKj17z+g1q8UqPXvP92nYyu29e8/oNavFKj17z+g1q8UqPXvP6DWrxSo9e8/oNavFKj17z+g1q8UqPXvP6DWrxSo9e8/oNavFKj17z+g1q8UqPXvP6DWrxSo9e8/oNavFKj17z+g1q8UqPXvP6DWrxSo9e8/oNavFKj17z+g1q8UqPXvP6DWrxSo9e8/oNavFKj17z+g1q8UqPXvP6DWrxSo9e8/oNavFKj17z+g1q8UqPXvP6DWrxSo9e8/uubY9bT17z+g1q8UqPXvP6DWrxSo9e8/oNavFKj17z+g1q8UqPXvP6DWrxSo9e8/oNavFKj17z+g1q8UqPXvP6DWrxSo9e8/oNavFKj17z+g1q8UqPXvP6DWrxSo9e8/oNavFKj17z+g1q8UqPXvP6DWrxSo9e8/oNavFKj17z+g1q8UqPXvP6DWrxSo9e8/oNavFKj17z+g1q8UqPXvP6DWrxSo9e8/oNavFKj17z+g1q8UqPXvPz/GdQu09e8/oNavFKj17z+g1q8UqPXvP6DWrxSo9e8/oNavFKj17z+g1q8UqPXvP6DWrxSo9e8/oNavFKj17z+g1q8UqPXvP6DWrxSo9e8/oNavFKj17z+g1q8UqPXvP6DWrxSo9e8/oNavFKj17z+g1q8UqPXvP6DWrxSo9e8/oNavFKj17z+g1q8UqPXvP6DWrxSo9e8/oNavFKj17z+g1q8UqPXvP6DWrxSo9e8/oNavFKj17z+g1q8UqPXvP6DWrxSo9e8/oNavFKj17z+g1q8UqPXvP6DWrxSo9e8/oNavFKj17z/dGONEt/XvP6DWrxSo9e8/oNavFKj17z+g1q8UqPXvP6DWrxSo9e8/oNavFKj17z+g1q8UqPXvP6DWrxSo9e8/oNavFKj17z+g1q8UqPXvP6DWrxSo9e8/oNavFKj17z+g1q8UqPXvP6DWrxSo9e8/oNavFKj17z+g1q8UqPXvP6DWrxSo9e8/oNavFKj17z/kt/GLtfXvP6DWrxSo9e8/oNavFKj17z+g1q8UqPXvP6DWrxSo9e8/oNavFKj17z+g1q8UqPXvP6DWrxSo9e8/oNavFKj17z+g1q8UqPXvP6DWrxSo9e8/oNavFKj17z+g1q8UqPXvP6DWrxSo9e8/oNavFKj17z+g1q8UqPXvP6DWrxSo9e8/oNavFKj17z+g1q8UqPXvP6DWrxSo9e8/oNavFKj17z+g1q8UqPXvP6DWrxSo9e8/oNavFKj17z+g1q8UqPXvP6DWrxSo9e8/oNavFKj17z+g1q8UqPXvP6DWrxSo9e8/pC8w2rn17z+g1q8UqPXvP6DWrxSo9e8/oNavFKj17z+g1q8UqPXvP6DWrxSo9e8/oNavFKj17z+g1q8UqPXvP6DWrxSo9e8/oNavFKj17z+g1q8UqPXvP6DWrxSo9e8/oNavFKj17z+g1q8UqPXvP6DWrxSo9e8/oNavFKj17z+g1q8UqPXvP6DWrxSo9e8/j1F9Qvv17z+g1q8UqPXvP6DWrxSo9e8/oNavFKj17z+g1q8UqPXvP6DWrxSo9e8/oNavFKj17z+g1q8UqPXvP6DWrxSo9e8/oNavFKj17z+g1q8UqPXvP6DWrxSo9e8/","dtype":"float64","order":"little","shape":[66,24]}]},"selected":{"id":"18329"},"selection_policy":{"id":"18328"}},"id":"18305","type":"ColumnDataSource"},{"attributes":{"coordinates":null,"data_source":{"id":"18305"},"glyph":{"id":"18306"},"group":null,"hover_glyph":null,"muted_glyph":{"id":"18312"},"nonselection_glyph":{"id":"18309"},"view":{"id":"18316"}},"id":"18315","type":"GlyphRenderer"},{"attributes":{"color_mapper":{"id":"18310"},"dh":{"value":0.007933341956118056},"dw":{"value":41.38527417848945},"global_alpha":{"value":0.1},"image":{"field":"image"},"x":{"value":6225.00510572313},"y":{"value":642.3262597872687}},"id":"18309","type":"Image"},{"attributes":{},"id":"18290","type":"SaveTool"},{"attributes":{},"id":"18269","type":"CrosshairTool"},{"attributes":{"above":[{"id":"18304"}],"below":[{"id":"18279"}],"center":[{"id":"18282"},{"id":"18286"}],"left":[{"id":"18283"}],"renderers":[{"id":"18315"}],"title":{"id":"18301"},"toolbar":{"id":"18294"},"x_range":{"id":"18271"},"x_scale":{"id":"18275"},"y_range":{"id":"18273"},"y_scale":{"id":"18277"}},"id":"18270","subtype":"Figure","type":"Plot"},{"attributes":{"bottom_units":"screen","coordinates":null,"fill_alpha":0.5,"fill_color":"lightgrey","group":null,"left_units":"screen","level":"overlay","line_alpha":1.0,"line_color":"black","line_dash":[4,4],"line_width":2,"right_units":"screen","syncable":false,"top_units":"screen"},"id":"18293","type":"BoxAnnotation"},{"attributes":{"color_mapper":{"id":"18313"},"dh":{"value":0.007933341956118056},"dw":{"value":41.38527417848945},"global_alpha":{"value":0.2},"image":{"field":"image"},"x":{"value":6225.00510572313},"y":{"value":642.3262597872687}},"id":"18312","type":"Image"},{"attributes":{},"id":"18328","type":"UnionRenderers"},{"attributes":{"color_mapper":{"id":"18307"},"dh":{"value":0.007933341956118056},"dw":{"value":41.38527417848945},"image":{"field":"image"},"x":{"value":6225.00510572313},"y":{"value":642.3262597872687}},"id":"18306","type":"Image"},{"attributes":{},"id":"18287","type":"PanTool"},{"attributes":{},"id":"18326","type":"BasicTickFormatter"},{"attributes":{"palette":["#ffffff","#fffffd","#fffffb","#fffff9","#fffff7","#fffff4","#fffff3","#fffff1","#ffffef","#ffffed","#ffffeb","#ffffe9","#ffffe6","#ffffe4","#ffffe3","#ffffe1","#ffffdf","#ffffdd","#ffffdb","#ffffd9","#ffffd7","#ffffd4","#ffffd3","#ffffd1","#ffffcf","#ffffcd","#ffffcb","#ffffc9","#ffffc6","#ffffc4","#ffffc3","#ffffc1","#ffffbf","#ffffbd","#ffffbb","#ffffb9","#ffffb7","#ffffb5","#ffffb3","#ffffb1","#ffffaf","#ffffad","#ffffab","#ffffa8","#ffffa6","#ffffa4","#ffffa3","#ffffa1","#ffff9f","#ffff9d","#ffff9b","#ffff99","#ffff97","#ffff95","#ffff93","#ffff91","#ffff8f","#ffff8d","#ffff8b","#ffff88","#ffff86","#ffff84","#ffff83","#ffff81","#fffe7f","#fffc7d","#fffa7b","#fff879","#fff677","#fff475","#fff272","#fff071","#ffee6f","#ffec6d","#ffea6b","#ffe868","#ffe666","#ffe464","#ffe262","#ffe061","#ffde5f","#ffdc5d","#ffda5b","#ffd859","#ffd657","#ffd455","#ffd252","#ffd051","#ffce4f","#ffcc4d","#ffca4b","#ffc848","#ffc646","#ffc444","#ffc242","#ffc041","#ffbe3f","#ffbc3d","#ffba3b","#ffb839","#ffb637","#ffb435","#ffb232","#ffb030","#ffae2f","#ffac2d","#ffaa2b","#ffa828","#ffa626","#ffa424","#ffa222","#ffa020","#ff9e1f","#ff9c1d","#ff9a1b","#ff9819","#ff9617","#ff9415","#ff9212","#ff9010","#ff8e0f","#ff8c0d","#ff8a0b","#ff8808","#ff8606","#ff8404","#ff8202","#ff8000","#fe7e00","#fc7c00","#fa7a00","#f87800","#f67600","#f37400","#f27200","#f07000","#ee6e00","#ec6c00","#ea6a00","#e86800","#e56600","#e36400","#e26200","#e06000","#de5e00","#dc5c00","#da5a00","#d85800","#d65600","#d35400","#d25200","#d05000","#ce4e00","#cc4c00","#ca4a00","#c84800","#c54600","#c34400","#c24200","#c04000","#be3e00","#bc3c00","#ba3a00","#b83800","#b63600","#b33400","#b23200","#b03000","#ae2e00","#ac2c00","#aa2a00","#a82800","#a52600","#a32400","#a22200","#a02000","#9e1e00","#9c1c00","#9a1a00","#981800","#961600","#931400","#921200","#901000","#8e0e00","#8c0c00","#8a0a00","#880800","#850600","#830400","#820200","#800000","#7e0000","#7c0000","#7a0000","#780000","#760000","#730000","#710000","#700000","#6e0000","#6c0000","#6a0000","#680000","#650000","#630000","#610000","#600000","#5e0000","#5c0000","#5a0000","#580000","#560000","#530000","#510000","#500000","#4e0000","#4c0000","#4a0000","#480000","#450000","#430000","#410000","#400000","#3e0000","#3c0000","#3a0000","#380000","#360000","#330000","#310000","#300000","#2e0000","#2c0000","#2a0000","#280000","#250000","#230000","#210000","#200000","#1e0000","#1c0000","#1a0000","#180000","#160000","#130000","#110000","#100000","#0e0000","#0c0000","#0a0000","#080000","#050000","#030000","#010000","#000000"]},"id":"18310","type":"LinearColorMapper"},{"attributes":{"tools":[{"id":"18287"},{"id":"18288"},{"id":"18289"},{"id":"18290"},{"id":"18291"},{"id":"18292"},{"id":"18317"},{"id":"18269"}]},"id":"18294","type":"Toolbar"},{"attributes":{},"id":"18329","type":"Selection"},{"attributes":{},"id":"18292","type":"HelpTool"},{"attributes":{},"id":"18324","type":"AllLabels"},{"attributes":{"axis_label":"m/z","coordinates":null,"formatter":{"id":"18323"},"group":null,"major_label_policy":{"id":"18324"},"ticker":{"id":"18284"}},"id":"18283","type":"LinearAxis"},{"attributes":{"source":{"id":"18305"}},"id":"18316","type":"CDSView"},{"attributes":{"coordinates":null,"group":null,"text":"Subtitle | MS1 | prec | 642.3295 m/z","text_font_style":"italic"},"id":"18304","type":"Title"},{"attributes":{"axis":{"id":"18279"},"coordinates":null,"group":null,"ticker":null,"visible":false},"id":"18282","type":"Grid"},{"attributes":{},"id":"18291","type":"ResetTool"},{"attributes":{},"id":"18277","type":"LinearScale"},{"attributes":{},"id":"18323","type":"BasicTickFormatter"},{"attributes":{},"id":"18275","type":"LinearScale"},{"attributes":{"overlay":{"id":"18293"}},"id":"18289","type":"BoxZoomTool"},{"attributes":{},"id":"18280","type":"BasicTicker"},{"attributes":{"axis_label":"Retention time (s)","coordinates":null,"formatter":{"id":"18326"},"group":null,"major_label_policy":{"id":"18327"},"ticker":{"id":"18280"}},"id":"18279","type":"LinearAxis"},{"attributes":{"align":"center","coordinates":null,"group":null,"text":"Title","text_font_size":"16pt"},"id":"18301","type":"Title"},{"attributes":{"end":6266.39037990162,"start":6225.00510572313},"id":"18271","type":"Range1d"},{"attributes":{"palette":["#ffffff","#fffffd","#fffffb","#fffff9","#fffff7","#fffff4","#fffff3","#fffff1","#ffffef","#ffffed","#ffffeb","#ffffe9","#ffffe6","#ffffe4","#ffffe3","#ffffe1","#ffffdf","#ffffdd","#ffffdb","#ffffd9","#ffffd7","#ffffd4","#ffffd3","#ffffd1","#ffffcf","#ffffcd","#ffffcb","#ffffc9","#ffffc6","#ffffc4","#ffffc3","#ffffc1","#ffffbf","#ffffbd","#ffffbb","#ffffb9","#ffffb7","#ffffb5","#ffffb3","#ffffb1","#ffffaf","#ffffad","#ffffab","#ffffa8","#ffffa6","#ffffa4","#ffffa3","#ffffa1","#ffff9f","#ffff9d","#ffff9b","#ffff99","#ffff97","#ffff95","#ffff93","#ffff91","#ffff8f","#ffff8d","#ffff8b","#ffff88","#ffff86","#ffff84","#ffff83","#ffff81","#fffe7f","#fffc7d","#fffa7b","#fff879","#fff677","#fff475","#fff272","#fff071","#ffee6f","#ffec6d","#ffea6b","#ffe868","#ffe666","#ffe464","#ffe262","#ffe061","#ffde5f","#ffdc5d","#ffda5b","#ffd859","#ffd657","#ffd455","#ffd252","#ffd051","#ffce4f","#ffcc4d","#ffca4b","#ffc848","#ffc646","#ffc444","#ffc242","#ffc041","#ffbe3f","#ffbc3d","#ffba3b","#ffb839","#ffb637","#ffb435","#ffb232","#ffb030","#ffae2f","#ffac2d","#ffaa2b","#ffa828","#ffa626","#ffa424","#ffa222","#ffa020","#ff9e1f","#ff9c1d","#ff9a1b","#ff9819","#ff9617","#ff9415","#ff9212","#ff9010","#ff8e0f","#ff8c0d","#ff8a0b","#ff8808","#ff8606","#ff8404","#ff8202","#ff8000","#fe7e00","#fc7c00","#fa7a00","#f87800","#f67600","#f37400","#f27200","#f07000","#ee6e00","#ec6c00","#ea6a00","#e86800","#e56600","#e36400","#e26200","#e06000","#de5e00","#dc5c00","#da5a00","#d85800","#d65600","#d35400","#d25200","#d05000","#ce4e00","#cc4c00","#ca4a00","#c84800","#c54600","#c34400","#c24200","#c04000","#be3e00","#bc3c00","#ba3a00","#b83800","#b63600","#b33400","#b23200","#b03000","#ae2e00","#ac2c00","#aa2a00","#a82800","#a52600","#a32400","#a22200","#a02000","#9e1e00","#9c1c00","#9a1a00","#981800","#961600","#931400","#921200","#901000","#8e0e00","#8c0c00","#8a0a00","#880800","#850600","#830400","#820200","#800000","#7e0000","#7c0000","#7a0000","#780000","#760000","#730000","#710000","#700000","#6e0000","#6c0000","#6a0000","#680000","#650000","#630000","#610000","#600000","#5e0000","#5c0000","#5a0000","#580000","#560000","#530000","#510000","#500000","#4e0000","#4c0000","#4a0000","#480000","#450000","#430000","#410000","#400000","#3e0000","#3c0000","#3a0000","#380000","#360000","#330000","#310000","#300000","#2e0000","#2c0000","#2a0000","#280000","#250000","#230000","#210000","#200000","#1e0000","#1c0000","#1a0000","#180000","#160000","#130000","#110000","#100000","#0e0000","#0c0000","#0a0000","#080000","#050000","#030000","#010000","#000000"]},"id":"18313","type":"LinearColorMapper"},{"attributes":{},"id":"18284","type":"BasicTicker"},{"attributes":{"end":642.3341931292248,"start":642.3262597872687},"id":"18273","type":"Range1d"},{"attributes":{"axis":{"id":"18283"},"coordinates":null,"dimension":1,"group":null,"ticker":null,"visible":false},"id":"18286","type":"Grid"},{"attributes":{},"id":"18288","type":"WheelZoomTool"}],"root_ids":["18270"]},"title":"Bokeh Application","version":"2.4.3"}}
    </script>
    <script type="text/javascript">
      (function() {
        const fn = function() {
          Bokeh.safely(function() {
            (function(root) {
              function embed_document(root) {
              const docs_json = document.getElementById('18463').textContent;
              const render_items = [{"docid":"a9f482b4-152f-4c9b-a6a1-4da947b347d5","root_ids":["18270"],"roots":{"18270":"cc93e868-1f57-460e-808f-ba0df097145f"}}];
              root.Bokeh.embed.embed_items(docs_json, render_items);
              }
              if (root.Bokeh !== undefined) {
                embed_document(root);
              } else {
                let attempts = 0;
                const timer = setInterval(function(root) {
                  if (root.Bokeh !== undefined) {
                    clearInterval(timer);
                    embed_document(root);
                  } else {
                    attempts++;
                    if (attempts > 100) {
                      clearInterval(timer);
                      console.log("Bokeh: ERROR: Unable to run BokehJS code because BokehJS library is missing");
                    }
                  }
                }, 10, root)
              }
            })(window);
          });
        };
        if (document.readyState != "loading") fn();
        else document.addEventListener("DOMContentLoaded", fn);
      })();
    </script>
  </body>
</html>