<!DOCTYPE html>
<html lang="en">
  <head>
    <meta charset="utf-8">
    <title>Bokeh Application</title>
    <script type="text/javascript" src="https://cdn.bokeh.org/bokeh/release/bokeh-2.4.3.min.js"></script>
    <script type="text/javascript">
        Bokeh.set_log_level("info");
    </script>
  </head>
  <body>
    <div class="bk-root" id="53b18951-33f8-4d58-8111-7bd70205215d" data-root-id="24670"></div>
  
    <script type="application/json" id="25113">
      {"4e5973e3-423a-44ee-ac62-e028eaf2e5bd":{"defs":[],"roots":{"references":[{"attributes":{},"id":"24680","type":"BasicTicker"},{"attributes":{"coordinates":null,"group":null,"text":"Subtitle | MS2 | y4^1 | 504.2664 m/z","text_font_style":"italic"},"id":"24704","type":"Title"},{"attributes":{"above":[{"id":"24704"}],"below":[{"id":"24679"}],"center":[{"id":"24682"},{"id":"24686"}],"left":[{"id":"24683"}],"renderers":[{"id":"24715"}],"title":{"id":"24701"},"toolbar":{"id":"24694"},"x_range":{"id":"24671"},"x_scale":{"id":"24675"},"y_range":{"id":"24673"},"y_scale":{"id":"24677"}},"id":"24670","subtype":"Figure","type":"Plot"},{"attributes":{},"id":"24688","type":"WheelZoomTool"},{"attributes":{"axis_label":"Retention time (s)","coordinates":null,"formatter":{"id":"24976"},"group":null,"major_label_policy":{"id":"24977"},"ticker":{"id":"24680"}},"id":"24679","type":"LinearAxis"},{"attributes":{},"id":"24974","type":"AllLabels"},{"attributes":{"axis":{"id":"24679"},"coordinates":null,"group":null,"ticker":null,"visible":false},"id":"24682","type":"Grid"},{"attributes":{},"id":"24978","type":"UnionRenderers"},{"attributes":{},"id":"24977","type":"AllLabels"},{"attributes":{},"id":"24669","type":"CrosshairTool"},{"attributes":{},"id":"24976","type":"BasicTickFormatter"},{"attributes":{},"id":"24973","type":"BasicTickFormatter"},{"attributes":{"callback":null,"renderers":[{"id":"24715"}],"tooltips":[["Value","@image"]]},"id":"24717","type":"HoverTool"},{"attributes":{},"id":"24684","type":"BasicTicker"},{"attributes":{},"id":"24677","type":"LinearScale"},{"attributes":{},"id":"24687","type":"PanTool"},{"attributes":{"data":{"image":[{"__ndarray__":"5sWfSDil7z/mxZ9IOKXvP+bFn0g4pe8/5sWfSDil7z/4cydKTK3vP7FhjE2xru8/5sWfSDil7z/mxZ9IOKXvP47y0w2sp+8/5sWfSDil7z/mxZ9IOKXvP+bFn0g4pe8/5sWfSDil7z/mxZ9IOKXvP+bFn0g4pe8/5sWfSDil7z/mxZ9IOKXvP+bFn0g4pe8/nTU+Hyeo7z/mxZ9IOKXvP+bFn0g4pe8/5sWfSDil7z/mxZ9IOKXvP+bFn0g4pe8/5sWfSDil7z/mxZ9IOKXvP+bFn0g4pe8/5sWfSDil7z/mxZ9IOKXvP+bFn0g4pe8/5sWfSDil7z/mxZ9IOKXvP+bFn0g4pe8/5sWfSDil7z/mxZ9IOKXvP+bFn0g4pe8/5sWfSDil7z/mxZ9IOKXvP+bFn0g4pe8/5sWfSDil7z/mxZ9IOKXvP+bFn0g4pe8/Y4c8eLOq7z/mxZ9IOKXvP+bFn0g4pe8/5sWfSDil7z/mxZ9IOKXvP+bFn0g4pe8/5sWfSDil7z/mxZ9IOKXvP+bFn0g4pe8/5sWfSDil7z/mxZ9IOKXvP+bFn0g4pe8/5sWfSDil7z/mxZ9IOKXvP+bFn0g4pe8/5sWfSDil7z/mxZ9IOKXvP+bFn0g4pe8/1QzAOseo7z/mxZ9IOKXvP+bFn0g4pe8/5sWfSDil7z/mxZ9IOKXvP+bFn0g4pe8/5sWfSDil7z/mxZ9IOKXvP2n/z2v9qu8/5sWfSDil7z/mxZ9IOKXvP+bFn0g4pe8/5sWfSDil7z/mxZ9IOKXvP+bFn0g4pe8/5sWfSDil7z/mxZ9IOKXvP+bFn0g4pe8/5sWfSDil7z/mxZ9IOKXvP+bFn0g4pe8/5sWfSDil7z/mxZ9IOKXvP+bFn0g4pe8/5sWfSDil7z/mxZ9IOKXvP+bFn0g4pe8/5sWfSDil7z/mxZ9IOKXvP+bFn0g4pe8/5sWfSDil7z/mxZ9IOKXvP3tJR0bdp+8/5sWfSDil7z9Qk6CIc6nvP+bFn0g4pe8/5sWfSDil7z/mxZ9IOKXvP+bFn0g4pe8/5sWfSDil7z/mxZ9IOKXvP+bFn0g4pe8/5sWfSDil7z/mxZ9IOKXvP+bFn0g4pe8/5sWfSDil7z/mxZ9IOKXvP+bFn0g4pe8/5sWfSDil7z9p/c/Tf6nvP+bFn0g4pe8/5sWfSDil7z9GVviODqjvP+bFn0g4pe8/5sWfSDil7z/mxZ9IOKXvP+bFn0g4pe8/5sWfSDil7z/mxZ9IOKXvP+bFn0g4pe8/5sWfSDil7z/mxZ9IOKXvP+bFn0g4pe8/5sWfSDil7z/mxZ9IOKXvP+bFn0g4pe8/5sWfSDil7z/mxZ9IOKXvP+bFn0g4pe8/5sWfSDil7z/mxZ9IOKXvP+bFn0g4pe8/5sWfSDil7z/mxZ9IOKXvP+bFn0g4pe8/yQF75vWn7z/mxZ9IOKXvP+bFn0g4pe8/5sWfSDil7z/mxZ9IOKXvP+bFn0g4pe8/5sWfSDil7z/mxZ9IOKXvP+bFn0g4pe8/5sWfSDil7z/mxZ9IOKXvP+bFn0g4pe8/5sWfSDil7z/mxZ9IOKXvP+bFn0g4pe8/5sWfSDil7z/mxZ9IOKXvP+bFn0g4pe8/U2iLkQ6o7z/mxZ9IOKXvP+bFn0g4pe8/5sWfSDil7z/mxZ9IOKXvP+bFn0g4pe8/3Z8reDOo7z/mxZ9IOKXvP+bFn0g4pe8/5sWfSDil7z/mxZ9IOKXvP+bFn0g4pe8/5sWfSDil7z/mxZ9IOKXvP+bFn0g4pe8/5sWfSDil7z/mxZ9IOKXvP+bFn0g4pe8/5sWfSDil7z/mxZ9IOKXvP+bFn0g4pe8/5sWfSDil7z/mxZ9IOKXvP+bFn0g4pe8/5sWfSDil7z/mxZ9IOKXvP+bFn0g4pe8/5sWfSDil7z/mxZ9IOKXvP+bFn0g4pe8/5sWfSDil7z/mxZ9IOKXvP+bFn0g4pe8/t7drnoSm7z/mxZ9IOKXvP+bFn0g4pe8/5sWfSDil7z/mxZ9IOKXvP+bFn0g4pe8/5sWfSDil7z/mxZ9IOKXvP+bFn0g4pe8/d9FWbZOn7z/mxZ9IOKXvP+bFn0g4pe8/5sWfSDil7z/mxZ9IOKXvP+bFn0g4pe8/5sWfSDil7z/mxZ9IOKXvP+bFn0g4pe8/5sWfSDil7z/mxZ9IOKXvP+bFn0g4pe8/5sWfSDil7z/mxZ9IOKXvP+bFn0g4pe8/5sWfSDil7z/mxZ9IOKXvPwN+UlWYqe8/5sWfSDil7z/mxZ9IOKXvP+bFn0g4pe8/5sWfSDil7z/mxZ9IOKXvP+bFn0g4pe8/5sWfSDil7z/mxZ9IOKXvP+bFn0g4pe8/5sWfSDil7z/mxZ9IOKXvP+bFn0g4pe8/w+RwYSKr7z/mxZ9IOKXvP+bFn0g4pe8/5sWfSDil7z/mxZ9IOKXvP+bFn0g4pe8/5sWfSDil7z9r4JTp2qvvP/SEGZBOqe8/5sWfSDil7z/mxZ9IOKXvP+bFn0g4pe8/5sWfSDil7z/mxZ9IOKXvP+bFn0g4pe8/5sWfSDil7z/mxZ9IOKXvP+bFn0g4pe8/5sWfSDil7z/mxZ9IOKXvP+bFn0g4pe8/5sWfSDil7z/mxZ9IOKXvP+bFn0g4pe8/KLvLYvio7z/mxZ9IOKXvP+bFn0g4pe8/5sWfSDil7z/mxZ9IOKXvP+bFn0g4pe8/5sWfSDil7z/mxZ9IOKXvP+bFn0g4pe8/5sWfSDil7z/mxZ9IOKXvP+bFn0g4pe8/5sWfSDil7z/mxZ9IOKXvP+bFn0g4pe8/5sWfSDil7z/mxZ9IOKXvP+bFn0g4pe8/zoMAom6s7z/mxZ9IOKXvP+bFn0g4pe8/5sWfSDil7z/mxZ9IOKXvP+bFn0g4pe8/5sWfSDil7z/mxZ9IOKXvP+bFn0g4pe8/5sWfSDil7z/mxZ9IOKXvP+bFn0g4pe8/5sWfSDil7z/mxZ9IOKXvP+bFn0g4pe8/5sWfSDil7z/mxZ9IOKXvP+bFn0g4pe8/5sWfSDil7z/mxZ9IOKXvP+bFn0g4pe8/5sWfSDil7z/mxZ9IOKXvP+bFn0g4pe8/5sWfSDil7z/mxZ9IOKXvP+bFn0g4pe8/5sWfSDil7z+stRWaLqvvP+bFn0g4pe8/5sWfSDil7z9+gbAiB6rvP+bFn0g4pe8/bCdzdDiv7z/mxZ9IOKXvP+bFn0g4pe8/5sWfSDil7z/mxZ9IOKXvP+bFn0g4pe8/5sWfSDil7z/mxZ9IOKXvP+bFn0g4pe8/5sWfSDil7z/mxZ9IOKXvP+bFn0g4pe8/5sWfSDil7z/mxZ9IOKXvP+bFn0g4pe8/5sWfSDil7z/mxZ9IOKXvP+bFn0g4pe8/5sWfSDil7z/mxZ9IOKXvP+bFn0g4pe8/5sWfSDil7z/mxZ9IOKXvP+bFn0g4pe8/tFY7Qmep7z/mxZ9IOKXvP+bFn0g4pe8/5sWfSDil7z/mxZ9IOKXvP9gz7fkwp+8/KU2JREKp7z/mxZ9IOKXvP+bFn0g4pe8/5sWfSDil7z/mxZ9IOKXvP+bFn0g4pe8/5sWfSDil7z/mxZ9IOKXvP+bFn0g4pe8/5sWfSDil7z/mxZ9IOKXvP+bFn0g4pe8/5sWfSDil7z/mxZ9IOKXvP+bFn0g4pe8/5sWfSDil7z/mxZ9IOKXvP+bFn0g4pe8/5sWfSDil7z/mxZ9IOKXvP+bFn0g4pe8/5sWfSDil7z/mxZ9IOKXvP+bFn0g4pe8/5sWfSDil7z/mxZ9IOKXvP09gxKMpqe8/5sWfSDil7z/mxZ9IOKXvP+bFn0g4pe8/5sWfSDil7z/mxZ9IOKXvP+bFn0g4pe8/5sWfSDil7z/mxZ9IOKXvP+bFn0g4pe8/5sWfSDil7z/mxZ9IOKXvP+bFn0g4pe8/KMxf45Wo7z/mxZ9IOKXvP+bFn0g4pe8/5sWfSDil7z/mxZ9IOKXvP+bFn0g4pe8/5sWfSDil7z/mxZ9IOKXvPw05/gJRqu8/5sWfSDil7z/mxZ9IOKXvP+bFn0g4pe8/5sWfSDil7z/mxZ9IOKXvP+bFn0g4pe8/5sWfSDil7z/mxZ9IOKXvP+bFn0g4pe8/5sWfSDil7z/mxZ9IOKXvP+bFn0g4pe8/5sWfSDil7z/mxZ9IOKXvP+bFn0g4pe8/5sWfSDil7z/mxZ9IOKXvP+bFn0g4pe8/5sWfSDil7z/mxZ9IOKXvP+bFn0g4pe8/5sWfSDil7z/mxZ9IOKXvP+bFn0g4pe8/prwr8jqr7z/mxZ9IOKXvP+bFn0g4pe8/5sWfSDil7z9Sz66u5KrvP+bFn0g4pe8/5sWfSDil7z+IvtyzX6bvP+bFn0g4pe8/5sWfSDil7z/mxZ9IOKXvP+bFn0g4pe8/5sWfSDil7z/mxZ9IOKXvP+bFn0g4pe8/5sWfSDil7z/mxZ9IOKXvP+bFn0g4pe8/5sWfSDil7z/mxZ9IOKXvP+bFn0g4pe8/5sWfSDil7z+UacFp86bvP+bFn0g4pe8/5sWfSDil7z/mxZ9IOKXvP+bFn0g4pe8/5sWfSDil7z/mxZ9IOKXvP+bFn0g4pe8/5sWfSDil7z/mxZ9IOKXvP+bFn0g4pe8/5sWfSDil7z95FoQsYqfvP+bFn0g4pe8/5sWfSDil7z/mxZ9IOKXvP4/FL/aVqO8/5sWfSDil7z/mxZ9IOKXvP+bFn0g4pe8/5sWfSDil7z/mxZ9IOKXvP+bFn0g4pe8/5sWfSDil7z/mxZ9IOKXvP+bFn0g4pe8/5sWfSDil7z/mxZ9IOKXvP8z0Ze/1p+8/5sWfSDil7z/mxZ9IOKXvP+bFn0g4pe8/5sWfSDil7z/mxZ9IOKXvP1EMbej6qe8/5sWfSDil7z/mxZ9IOKXvP+bFn0g4pe8/5sWfSDil7z/mxZ9IOKXvP+bFn0g4pe8/5sWfSDil7z/mxZ9IOKXvP+bFn0g4pe8/5sWfSDil7z/mxZ9IOKXvP+bFn0g4pe8/5sWfSDil7z/mxZ9IOKXvP76+DtHfqO8/5sWfSDil7z/mxZ9IOKXvP3Fbe5mppu8/5sWfSDil7z/mxZ9IOKXvP+bFn0g4pe8/5sWfSDil7z/mxZ9IOKXvP+bFn0g4pe8/5sWfSDil7z/mxZ9IOKXvP+bFn0g4pe8/5sWfSDil7z/mxZ9IOKXvP+bFn0g4pe8/5sWfSDil7z/mxZ9IOKXvP+bFn0g4pe8/5sWfSDil7z/mxZ9IOKXvPx9YdnwzqO8/5sWfSDil7z/mxZ9IOKXvP+bFn0g4pe8/5sWfSDil7z/mxZ9IOKXvP+bFn0g4pe8/5sWfSDil7z/mxZ9IOKXvP+bFn0g4pe8/5sWfSDil7z/mxZ9IOKXvP+bFn0g4pe8/5sWfSDil7z/mxZ9IOKXvP6HfxGm9qe8/5sWfSDil7z/mxZ9IOKXvP+bFn0g4pe8/5sWfSDil7z/mxZ9IOKXvP+bFn0g4pe8/5sWfSDil7z/mxZ9IOKXvP+bFn0g4pe8/5sWfSDil7z/mxZ9IOKXvP+bFn0g4pe8/5sWfSDil7z/mxZ9IOKXvP+bFn0g4pe8/5sWfSDil7z+wWjKAbqfvP+bFn0g4pe8/5sWfSDil7z/mxZ9IOKXvP+bFn0g4pe8/5sWfSDil7z/mxZ9IOKXvP63aD/qwqe8/5sWfSDil7z/mxZ9IOKXvP+bFn0g4pe8/5sWfSDil7z/mxZ9IOKXvP+bFn0g4pe8/5sWfSDil7z/mxZ9IOKXvP+bFn0g4pe8/5sWfSDil7z/mxZ9IOKXvP+bFn0g4pe8/JCbVb12q7z/mxZ9IOKXvP+bFn0g4pe8/5sWfSDil7z9ErZ7x9afvP+bFn0g4pe8/5sWfSDil7z/mxZ9IOKXvP+bFn0g4pe8/5sWfSDil7z/mxZ9IOKXvPyl6hCjxr+8/5sWfSDil7z/mxZ9IOKXvP+bFn0g4pe8/5sWfSDil7z/mxZ9IOKXvP+bFn0g4pe8/5sWfSDil7z/mxZ9IOKXvP+bFn0g4pe8/5sWfSDil7z/mxZ9IOKXvP+bFn0g4pe8/5sWfSDil7z/mxZ9IOKXvP+bFn0g4pe8/5sWfSDil7z/mxZ9IOKXvP+bFn0g4pe8/5sWfSDil7z/mxZ9IOKXvP+bFn0g4pe8/5sWfSDil7z/mxZ9IOKXvP+bFn0g4pe8/GEmK2n+p7z+JayNhTLLvP+bFn0g4pe8/5sWfSDil7z/mxZ9IOKXvP+bFn0g4pe8/5sWfSDil7z/mxZ9IOKXvP+bFn0g4pe8/5sWfSDil7z/mxZ9IOKXvP+bFn0g4pe8/5sWfSDil7z/mxZ9IOKXvP+bFn0g4pe8/5sWfSDil7z/mxZ9IOKXvP+bFn0g4pe8/5sWfSDil7z/mxZ9IOKXvP+bFn0g4pe8/5sWfSDil7z/mxZ9IOKXvPyP5id9aqe8/5sWfSDil7z/mxZ9IOKXvP+bFn0g4pe8/5sWfSDil7z/mxZ9IOKXvP+bFn0g4pe8/5sWfSDil7z/mxZ9IOKXvP+bFn0g4pe8/5sWfSDil7z/mxZ9IOKXvP+bFn0g4pe8/vFFs1r+q7z/mxZ9IOKXvP+bFn0g4pe8/5sWfSDil7z/mxZ9IOKXvP+bFn0g4pe8/5sWfSDil7z/mxZ9IOKXvP+bFn0g4pe8/5sWfSDil7z/mxZ9IOKXvP+bFn0g4pe8/5sWfSDil7z/mxZ9IOKXvP+bFn0g4pe8/wYDVD6el7z/mxZ9IOKXvP+bFn0g4pe8/5sWfSDil7z/mxZ9IOKXvP+bFn0g4pe8/5sWfSDil7z/mxZ9IOKXvP+bFn0g4pe8/5sWfSDil7z/mxZ9IOKXvP+bFn0g4pe8/5sWfSDil7z/mxZ9IOKXvP+bFn0g4pe8/5sWfSDil7z/mxZ9IOKXvP+bFn0g4pe8/5sWfSDil7z/mxZ9IOKXvP+bFn0g4pe8/5sWfSDil7z/mxZ9IOKXvP+bFn0g4pe8/4x84samr7z/mxZ9IOKXvP+bFn0g4pe8/5sWfSDil7z/mxZ9IOKXvP+bFn0g4pe8/5sWfSDil7z/mxZ9IOKXvP+bFn0g4pe8/5sWfSDil7z/mxZ9IOKXvP+bFn0g4pe8/5sWfSDil7z/mxZ9IOKXvP+bFn0g4pe8/5sWfSDil7z/mxZ9IOKXvP+bFn0g4pe8/5sWfSDil7z/mxZ9IOKXvP+bFn0g4pe8/5sWfSDil7z9odzcZTK3vP+bFn0g4pe8/5sWfSDil7z9au5fsVazvP+bFn0g4pe8/F/CpgA6o7z/mxZ9IOKXvP+bFn0g4pe8/5sWfSDil7z/mxZ9IOKXvP3Nlo2L4qO8/gqM+t2So7z/mxZ9IOKXvP+bFn0g4pe8/5sWfSDil7z/mxZ9IOKXvP+bFn0g4pe8/5sWfSDil7z/mxZ9IOKXvP+bFn0g4pe8/5sWfSDil7z/mxZ9IOKXvP+bFn0g4pe8/5sWfSDil7z/mxZ9IOKXvP+bFn0g4pe8/5sWfSDil7z82LSa2P6jvP+bFn0g4pe8/5sWfSDil7z/mxZ9IOKXvP+bFn0g4pe8/8tMuBnGo7z/mxZ9IOKXvP+bFn0g4pe8/5sWfSDil7z/mxZ9IOKXvP+bFn0g4pe8/5sWfSDil7z/mxZ9IOKXvP+bFn0g4pe8/5sWfSDil7z/mxZ9IOKXvP+bFn0g4pe8/5sWfSDil7z/mxZ9IOKXvP+bFn0g4pe8/g10JPUKp7z9odzcZTK3vP+bFn0g4pe8/5sWfSDil7z/mxZ9IOKXvP+bFn0g4pe8/5sWfSDil7z/mxZ9IOKXvP+bFn0g4pe8/5sWfSDil7z/mxZ9IOKXvP+bFn0g4pe8/5sWfSDil7z/mxZ9IOKXvP+bFn0g4pe8/5sWfSDil7z/mxZ9IOKXvP+bFn0g4pe8/IjbIlkmn7z/mxZ9IOKXvP+bFn0g4pe8/5sWfSDil7z/mxZ9IOKXvP3KTUY+zqu8/Qjw7qAmr7z/mxZ9IOKXvP+bFn0g4pe8/39u5IMyq7z/mxZ9IOKXvP+bFn0g4pe8/5sWfSDil7z/mxZ9IOKXvP+bFn0g4pe8/5sWfSDil7z/mxZ9IOKXvP+bFn0g4pe8/5sWfSDil7z/mxZ9IOKXvPyAZKP41qe8/5sWfSDil7z/mxZ9IOKXvP+bFn0g4pe8/5sWfSDil7z/mxZ9IOKXvP+bFn0g4pe8/5sWfSDil7z/mxZ9IOKXvP+bFn0g4pe8/5sWfSDil7z/mxZ9IOKXvP+bFn0g4pe8/5sWfSDil7z+bJWGJU6vvP+bFn0g4pe8/5sWfSDil7z/mxZ9IOKXvP+bFn0g4pe8/5sWfSDil7z/mxZ9IOKXvP+bFn0g4pe8/5sWfSDil7z/mxZ9IOKXvP+bFn0g4pe8/5sWfSDil7z/mxZ9IOKXvP+bFn0g4pe8/5sWfSDil7z/mxZ9IOKXvP+bFn0g4pe8/RmNATXim7z/mxZ9IOKXvP2pPlUHdp+8/5sWfSDil7z/mxZ9IOKXvP0E+tCoMrO8/YZBY11qp7z/mxZ9IOKXvP+bFn0g4pe8/5sWfSDil7z/mxZ9IOKXvP+bFn0g4pe8/5sWfSDil7z/mxZ9IOKXvP+bFn0g4pe8/5sWfSDil7z/mxZ9IOKXvP+bFn0g4pe8/5sWfSDil7z/mxZ9IOKXvP+bFn0g4pe8/5sWfSDil7z/mxZ9IOKXvP+bFn0g4pe8/5sWfSDil7z/mxZ9IOKXvP5Zyr5Dpp+8/MbzgdXOp7z9/bFf6/6vvP+bFn0g4pe8/5sWfSDil7z/mxZ9IOKXvP+bFn0g4pe8/5sWfSDil7z/mxZ9IOKXvP+bFn0g4pe8/EVKpYfio7z/mxZ9IOKXvP+bFn0g4pe8/5sWfSDil7z/mxZ9IOKXvP+bFn0g4pe8/5sWfSDil7z/LnRXfuqjvP+bFn0g4pe8/5sWfSDil7z/mxZ9IOKXvP+bFn0g4pe8/5sWfSDil7z/mxZ9IOKXvP+bFn0g4pe8/5sWfSDil7z/mxZ9IOKXvP+bFn0g4pe8/5sWfSDil7z/mxZ9IOKXvP+bFn0g4pe8/5sWfSDil7z/mxZ9IOKXvP+bFn0g4pe8/5sWfSDil7z/mxZ9IOKXvP+bFn0g4pe8/5sWfSDil7z/mxZ9IOKXvP+bFn0g4pe8/HVGAegKt7z/mxZ9IOKXvP+bFn0g4pe8/5sWfSDil7z/mxZ9IOKXvP8aQGH1up+8/5sWfSDil7z/mxZ9IOKXvP+bFn0g4pe8/5sWfSDil7z/mxZ9IOKXvP+bFn0g4pe8/5sWfSDil7z/mxZ9IOKXvP+bFn0g4pe8/5sWfSDil7z/mxZ9IOKXvP+bFn0g4pe8/5sWfSDil7z/mxZ9IOKXvP+bFn0g4pe8/5sWfSDil7z/zbP8Sp6XvP+bFn0g4pe8/5sWfSDil7z/mxZ9IOKXvP+bFn0g4pe8/5sWfSDil7z/mxZ9IOKXvP+bFn0g4pe8/5sWfSDil7z/mxZ9IOKXvP+bFn0g4pe8/5sWfSDil7z/mxZ9IOKXvP+bFn0g4pe8/U2iLkQ6o7z/mxZ9IOKXvP+bFn0g4pe8/5sWfSDil7z/mxZ9IOKXvP+bFn0g4pe8/5sWfSDil7z/Xg4fEf6nvP+bFn0g4pe8/5sWfSDil7z/mxZ9IOKXvP+bFn0g4pe8/5sWfSDil7z/mxZ9IOKXvP+bFn0g4pe8/5sWfSDil7z/mxZ9IOKXvP+bFn0g4pe8/5sWfSDil7z/mxZ9IOKXvP+bFn0g4pe8/5sWfSDil7z/mxZ9IOKXvP+bFn0g4pe8/5sWfSDil7z/mxZ9IOKXvP+bFn0g4pe8/5sWfSDil7z/mxZ9IOKXvP+bFn0g4pe8/5sWfSDil7z/mxZ9IOKXvP7uGDdBEqu8/5sWfSDil7z/mxZ9IOKXvP+bFn0g4pe8/5sWfSDil7z/mxZ9IOKXvP+bFn0g4pe8/5sWfSDil7z/mxZ9IOKXvP+bFn0g4pe8/5sWfSDil7z/mxZ9IOKXvP+bFn0g4pe8/5sWfSDil7z/mxZ9IOKXvP+bFn0g4pe8/5sWfSDil7z/mxZ9IOKXvP+bFn0g4pe8/mL2xw3+p7z/mxZ9IOKXvP+bFn0g4pe8/5sWfSDil7z/mxZ9IOKXvP+bFn0g4pe8/5sWfSDil7z+6xc/6darvP+bFn0g4pe8/eNp4hHir7z/mxZ9IOKXvP+bFn0g4pe8/WdX/U32o7z/mxZ9IOKXvP+bFn0g4pe8/5sWfSDil7z/mxZ9IOKXvP+bFn0g4pe8/5sWfSDil7z/mxZ9IOKXvP+bFn0g4pe8/5sWfSDil7z8Z2JFduKfvP+bFn0g4pe8/5sWfSDil7z/mxZ9IOKXvP+bFn0g4pe8/5sWfSDil7z/mxZ9IOKXvP+bFn0g4pe8/5sWfSDil7z/mxZ9IOKXvP+bFn0g4pe8/5sWfSDil7z/mxZ9IOKXvP+bFn0g4pe8/5sWfSDil7z/mxZ9IOKXvP+bFn0g4pe8/5sWfSDil7z/mxZ9IOKXvP+bFn0g4pe8/5sWfSDil7z/mxZ9IOKXvP4NdCT1Cqe8/5sWfSDil7z/mxZ9IOKXvP+bFn0g4pe8/5sWfSDil7z/mxZ9IOKXvP+bFn0g4pe8/5sWfSDil7z/mxZ9IOKXvP+bFn0g4pe8/5sWfSDil7z/mxZ9IOKXvP+bFn0g4pe8/5sWfSDil7z/mxZ9IOKXvP+bFn0g4pe8/5sWfSDil7z/mxZ9IOKXvP+bFn0g4pe8/5sWfSDil7z/mxZ9IOKXvP+bFn0g4pe8/5sWfSDil7z/mxZ9IOKXvP+bFn0g4pe8/5sWfSDil7z/mxZ9IOKXvP+bFn0g4pe8/5sWfSDil7z/mxZ9IOKXvP+bFn0g4pe8/5sWfSDil7z/mxZ9IOKXvP+bFn0g4pe8/5sWfSDil7z/mxZ9IOKXvP75ynTDsqO8/5sWfSDil7z/mxZ9IOKXvP+bFn0g4pe8/5sWfSDil7z/mxZ9IOKXvP+bFn0g4pe8/5sWfSDil7z/mxZ9IOKXvP+bFn0g4pe8/5sWfSDil7z/mxZ9IOKXvP+bFn0g4pe8/5sWfSDil7z/mxZ9IOKXvPzQvgzgMrO8/5sWfSDil7z/mxZ9IOKXvP+bFn0g4pe8/5sWfSDil7z/mxZ9IOKXvP+bFn0g4pe8/5sWfSDil7z/mxZ9IOKXvP+bFn0g4pe8/5sWfSDil7z/mxZ9IOKXvP+bFn0g4pe8/5sWfSDil7z/mxZ9IOKXvP+bFn0g4pe8/5sWfSDil7z/mxZ9IOKXvP+bFn0g4pe8/5sWfSDil7z/mxZ9IOKXvPzF8vNK/qu8/5sWfSDil7z/mxZ9IOKXvP+bFn0g4pe8/5sWfSDil7z/mxZ9IOKXvP+bFn0g4pe8/5sWfSDil7z/mxZ9IOKXvP+bFn0g4pe8/5sWfSDil7z/mxZ9IOKXvP+bFn0g4pe8/5sWfSDil7z/mxZ9IOKXvP+bFn0g4pe8/5sWfSDil7z/mxZ9IOKXvP+bFn0g4pe8/5sWfSDil7z/mxZ9IOKXvP+bFn0g4pe8/5sWfSDil7z/mxZ9IOKXvP+bFn0g4pe8/5sWfSDil7z/mxZ9IOKXvP+bFn0g4pe8/5sWfSDil7z/mxZ9IOKXvP+bFn0g4pe8/5sWfSDil7z/mxZ9IOKXvP+bFn0g4pe8/5sWfSDil7z/mxZ9IOKXvPxPruE9dqu8/5sWfSDil7z/mxZ9IOKXvP+bFn0g4pe8/5sWfSDil7z/mxZ9IOKXvP+bFn0g4pe8/5sWfSDil7z/mxZ9IOKXvP+bFn0g4pe8/5sWfSDil7z/mxZ9IOKXvP+bFn0g4pe8/5sWfSDil7z/mxZ9IOKXvP+bFn0g4pe8/5sWfSDil7z/mxZ9IOKXvP+bFn0g4pe8/5sWfSDil7z/mxZ9IOKXvP+bFn0g4pe8/JV8lxASu7z/mxZ9IOKXvP+bFn0g4pe8/5sWfSDil7z/mxZ9IOKXvP+bFn0g4pe8/5sWfSDil7z/mxZ9IOKXvP+bFn0g4pe8/5sWfSDil7z/mxZ9IOKXvP+bFn0g4pe8/5sWfSDil7z/mxZ9IOKXvP+bFn0g4pe8/5sWfSDil7z/mxZ9IOKXvP+bFn0g4pe8/5sWfSDil7z/mxZ9IOKXvP+bFn0g4pe8/5sWfSDil7z/mxZ9IOKXvP+bFn0g4pe8/5sWfSDil7z/mxZ9IOKXvP84ES0GiqO8/5sWfSDil7z/mxZ9IOKXvP+bFn0g4pe8/5sWfSDil7z/mxZ9IOKXvP+bFn0g4pe8/5sWfSDil7z/mxZ9IOKXvP+bFn0g4pe8/5sWfSDil7z/mxZ9IOKXvP+bFn0g4pe8/5sWfSDil7z/mxZ9IOKXvP+bFn0g4pe8/5sWfSDil7z/mxZ9IOKXvP0MpejeiqO8/5sWfSDil7z/mxZ9IOKXvP+bFn0g4pe8/5sWfSDil7z/mxZ9IOKXvP+bFn0g4pe8/5sWfSDil7z/mxZ9IOKXvP+bFn0g4pe8/5sWfSDil7z/mxZ9IOKXvP+bFn0g4pe8/5sWfSDil7z/mxZ9IOKXvP+bFn0g4pe8/5sWfSDil7z+PxS/2lajvP+bFn0g4pe8/5sWfSDil7z/mxZ9IOKXvP+bFn0g4pe8/5sWfSDil7z/mxZ9IOKXvP+bFn0g4pe8/5sWfSDil7z/mxZ9IOKXvP+bFn0g4pe8/5sWfSDil7z/mxZ9IOKXvP+bFn0g4pe8/5sWfSDil7z/mxZ9IOKXvP+bFn0g4pe8/5sWfSDil7z/mxZ9IOKXvP+bFn0g4pe8/5sWfSDil7z/mxZ9IOKXvP+bFn0g4pe8/5sWfSDil7z/mxZ9IOKXvP+bFn0g4pe8/5sWfSDil7z/HGX98zqbvP+bFn0g4pe8/5sWfSDil7z/mxZ9IOKXvP+bFn0g4pe8/5sWfSDil7z/mxZ9IOKXvP+bFn0g4pe8/5sWfSDil7z/mxZ9IOKXvP+bFn0g4pe8/5sWfSDil7z/mxZ9IOKXvP+bFn0g4pe8/5sWfSDil7z/mxZ9IOKXvP+bFn0g4pe8/5sWfSDil7z/mxZ9IOKXvP+bFn0g4pe8/5sWfSDil7z/mxZ9IOKXvP+bFn0g4pe8/5sWfSDil7z/mxZ9IOKXvP+bFn0g4pe8/5sWfSDil7z/mxZ9IOKXvP+bFn0g4pe8/5sWfSDil7z/mxZ9IOKXvP+bFn0g4pe8/5sWfSDil7z/mxZ9IOKXvP+bFn0g4pe8/5sWfSDil7z/mxZ9IOKXvPwaU92lYqO8/5sWfSDil7z/mxZ9IOKXvP+bFn0g4pe8/5sWfSDil7z/mxZ9IOKXvP+bFn0g4pe8/5sWfSDil7z/mxZ9IOKXvP+bFn0g4pe8/5sWfSDil7z8UOVJe+KjvP+bFn0g4pe8/5sWfSDil7z/mxZ9IOKXvP+bFn0g4pe8/5sWfSDil7z/mxZ9IOKXvP+bFn0g4pe8/5sWfSDil7z/mxZ9IOKXvP+bFn0g4pe8/5sWfSDil7z/mxZ9IOKXvP+bFn0g4pe8/5sWfSDil7z/mxZ9IOKXvP+bFn0g4pe8/5sWfSDil7z/mxZ9IOKXvP+bFn0g4pe8/5sWfSDil7z/mxZ9IOKXvP+bFn0g4pe8/wYDVD6el7z/mxZ9IOKXvP+bFn0g4pe8/5sWfSDil7z/mxZ9IOKXvP+bFn0g4pe8/5sWfSDil7z/mxZ9IOKXvP+17WsU/qO8/5sWfSDil7z/mxZ9IOKXvP+bFn0g4pe8/5sWfSDil7z/mxZ9IOKXvP+bFn0g4pe8/5sWfSDil7z/mxZ9IOKXvP+bFn0g4pe8/5sWfSDil7z/mxZ9IOKXvP+bFn0g4pe8/5sWfSDil7z/mxZ9IOKXvP+bFn0g4pe8/5sWfSDil7z/mxZ9IOKXvP+bFn0g4pe8/5sWfSDil7z/mxZ9IOKXvP+bFn0g4pe8/5sWfSDil7z/mxZ9IOKXvP+bFn0g4pe8/5sWfSDil7z/mxZ9IOKXvP+bFn0g4pe8/5sWfSDil7z/mxZ9IOKXvP55JRN9Vp+8/5sWfSDil7z/mxZ9IOKXvP+bFn0g4pe8/5sWfSDil7z/mxZ9IOKXvP+bFn0g4pe8/5sWfSDil7z/mxZ9IOKXvP+bFn0g4pe8/5sWfSDil7z/hdVSBE6rvP+bFn0g4pe8/5sWfSDil7z/mxZ9IOKXvP+bFn0g4pe8/5sWfSDil7z/mxZ9IOKXvP+bFn0g4pe8/5sWfSDil7z/mxZ9IOKXvP+bFn0g4pe8/5sWfSDil7z/mxZ9IOKXvP+bFn0g4pe8/5sWfSDil7z/mxZ9IOKXvP+bFn0g4pe8/5sWfSDil7z/mxZ9IOKXvP+bFn0g4pe8/5sWfSDil7z/mxZ9IOKXvP+bFn0g4pe8/5sWfSDil7z+eQkHj+qnvP+bFn0g4pe8/5sWfSDil7z/mxZ9IOKXvP+bFn0g4pe8/5sWfSDil7z/mxZ9IOKXvP+bFn0g4pe8/5sWfSDil7z/mxZ9IOKXvP+bFn0g4pe8/5sWfSDil7z/mxZ9IOKXvP+bFn0g4pe8/5sWfSDil7z/mxZ9IOKXvP+bFn0g4pe8/5sWfSDil7z/mxZ9IOKXvP+bFn0g4pe8/5sWfSDil7z/mxZ9IOKXvP+bFn0g4pe8/ZDyIMaeq7z/mxZ9IOKXvP+bFn0g4pe8/5sWfSDil7z/mxZ9IOKXvP+bFn0g4pe8/5sWfSDil7z/mxZ9IOKXvP+bFn0g4pe8/5sWfSDil7z/mxZ9IOKXvP+bFn0g4pe8/5sWfSDil7z/mxZ9IOKXvP+bFn0g4pe8/5sWfSDil7z/mxZ9IOKXvP+bFn0g4pe8/5sWfSDil7z/mxZ9IOKXvP+bFn0g4pe8/5sWfSDil7z/mxZ9IOKXvP+bFn0g4pe8/wYDVD6el7z+LszsBEanvP+bFn0g4pe8/5sWfSDil7z/mxZ9IOKXvP+bFn0g4pe8/5sWfSDil7z/mxZ9IOKXvP+bFn0g4pe8/rSq6r7+l7z/mxZ9IOKXvP+bFn0g4pe8/5sWfSDil7z/mxZ9IOKXvP+bFn0g4pe8/5sWfSDil7z/mxZ9IOKXvP+bFn0g4pe8/5sWfSDil7z/mxZ9IOKXvP+bFn0g4pe8/5sWfSDil7z/mxZ9IOKXvP+bFn0g4pe8/5sWfSDil7z8ZUEBpjK7vP+bFn0g4pe8/5sWfSDil7z/mxZ9IOKXvP+bFn0g4pe8/5sWfSDil7z/mxZ9IOKXvP+bFn0g4pe8/5sWfSDil7z/mxZ9IOKXvP+bFn0g4pe8/5sWfSDil7z/mxZ9IOKXvP+bFn0g4pe8/5sWfSDil7z/mxZ9IOKXvP+bFn0g4pe8/5sWfSDil7z/mxZ9IOKXvP+bFn0g4pe8/5sWfSDil7z/mxZ9IOKXvP+bFn0g4pe8/8xzh+YSw7z/mxZ9IOKXvP+bFn0g4pe8/IyGrEGyr7z/mxZ9IOKXvP+bFn0g4pe8/5sWfSDil7z/mxZ9IOKXvP+bFn0g4pe8/5sWfSDil7z/mxZ9IOKXvP+bFn0g4pe8/5sWfSDil7z/mxZ9IOKXvP+bFn0g4pe8/5sWfSDil7z/mxZ9IOKXvP+bFn0g4pe8/5sWfSDil7z/mxZ9IOKXvP+bFn0g4pe8/5sWfSDil7z/mxZ9IOKXvP+bFn0g4pe8/5sWfSDil7z+CWLfIpKnvP76boFdYqO8/OqawUJip7z/mxZ9IOKXvP+bFn0g4pe8/5sWfSDil7z/mxZ9IOKXvP+bFn0g4pe8/5sWfSDil7z/mxZ9IOKXvP+bFn0g4pe8/5sWfSDil7z/mxZ9IOKXvP+bFn0g4pe8/5sWfSDil7z/mxZ9IOKXvP+bFn0g4pe8/5sWfSDil7z95FoQsYqfvP+bFn0g4pe8/5sWfSDil7z/mxZ9IOKXvP+bFn0g4pe8/KMxf45Wo7z87bfue6afvP+bFn0g4pe8/5sWfSDil7z/mxZ9IOKXvP+bFn0g4pe8/5sWfSDil7z/mxZ9IOKXvP+bFn0g4pe8/5sWfSDil7z/mxZ9IOKXvP+bFn0g4pe8/5sWfSDil7z9UcwJqmKnvP+bFn0g4pe8/5sWfSDil7z/mxZ9IOKXvP+bFn0g4pe8/5sWfSDil7z/mxZ9IOKXvP+bFn0g4pe8/5sWfSDil7z/mxZ9IOKXvP05RdbWfp+8/A/9fBH637z+j0PdSXarvP+bFn0g4pe8/5sWfSDil7z/mxZ9IOKXvP+bFn0g4pe8/5sWfSDil7z/mxZ9IOKXvP+bFn0g4pe8/5sWfSDil7z/mxZ9IOKXvP+bFn0g4pe8/5sWfSDil7z/mxZ9IOKXvP+bFn0g4pe8/5sWfSDil7z/mxZ9IOKXvP+bFn0g4pe8/5sWfSDil7z/mxZ9IOKXvP+bFn0g4pe8/5sWfSDil7z/mxZ9IOKXvP+bFn0g4pe8/qeEv8Im87z9/cYU6MbbvP36HDYyuqO8/5sWfSDil7z/mxZ9IOKXvP+bFn0g4pe8/5sWfSDil7z/mxZ9IOKXvP+bFn0g4pe8/5sWfSDil7z/mxZ9IOKXvP+bFn0g4pe8/5sWfSDil7z/mxZ9IOKXvP+bFn0g4pe8/5sWfSDil7z/mxZ9IOKXvP+bFn0g4pe8/5sWfSDil7z/mxZ9IOKXvP+bFn0g4pe8/5sWfSDil7z/mxZ9IOKXvP0CDXxKxqe8/q986xviy7z9S0+qKp7TvP+bFn0g4pe8/5sWfSDil7z/mxZ9IOKXvP+bFn0g4pe8/5sWfSDil7z/mxZ9IOKXvP+bFn0g4pe8/5sWfSDil7z/mxZ9IOKXvP+bFn0g4pe8/5sWfSDil7z/mxZ9IOKXvP+bFn0g4pe8/5sWfSDil7z/mxZ9IOKXvP+bFn0g4pe8/5sWfSDil7z/mxZ9IOKXvP+bFn0g4pe8/5sWfSDil7z/mxZ9IOKXvPwuSgEGnqu8/Zy7DSoPN7z8tVMUNtLTvP2+/XAnxqu8/5sWfSDil7z/mxZ9IOKXvP+bFn0g4pe8/5sWfSDil7z/mxZ9IOKXvP+bFn0g4pe8/5sWfSDil7z/mxZ9IOKXvP+bFn0g4pe8/5sWfSDil7z/mxZ9IOKXvP+bFn0g4pe8/5sWfSDil7z/mxZ9IOKXvP+bFn0g4pe8/5sWfSDil7z/mxZ9IOKXvP+bFn0g4pe8/5sWfSDil7z9fCpFv2KrvP3KpHyvFtu8/FYzqjkHu7z/o6KENctrvP9D+P7Sxve8/5sWfSDil7z/mxZ9IOKXvP+bFn0g4pe8/5sWfSDil7z/mxZ9IOKXvP+bFn0g4pe8/5sWfSDil7z/mxZ9IOKXvP+bFn0g4pe8/5sWfSDil7z/mxZ9IOKXvP+bFn0g4pe8/5sWfSDil7z/mxZ9IOKXvP+bFn0g4pe8/5sWfSDil7z/mxZ9IOKXvP+bFn0g4pe8/5sWfSDil7z/lLm+0yanvP+xbSou9s+8/q60GQKTf7z9eqRB4LuvvP/vtgHG4rO8/5sWfSDil7z/mxZ9IOKXvP+bFn0g4pe8/ff5a+hWr7z/mxZ9IOKXvP+bFn0g4pe8/5sWfSDil7z/mxZ9IOKXvP+bFn0g4pe8/5sWfSDil7z/mxZ9IOKXvP+bFn0g4pe8/5sWfSDil7z/mxZ9IOKXvP+bFn0g4pe8/5sWfSDil7z/mxZ9IOKXvP+bFn0g4pe8/5sWfSDil7z8o64Ga6afvPz6c+L2Hu+8/0MmQQ6Hj7z9pWx0lY8/vP80WiLd5ye8/5sWfSDil7z/mxZ9IOKXvP+bFn0g4pe8/5sWfSDil7z/mxZ9IOKXvP+bFn0g4pe8/5sWfSDil7z/mxZ9IOKXvP+bFn0g4pe8/5sWfSDil7z/mxZ9IOKXvP+bFn0g4pe8/5sWfSDil7z/mxZ9IOKXvP+bFn0g4pe8/5sWfSDil7z/mxZ9IOKXvP+bFn0g4pe8/5sWfSDil7z8TZ8ASQLLvPzJC/Lj4t+8/AAAAAAAA8D82eQvWA+7vP7dJNSzUvO8/5sWfSDil7z/mxZ9IOKXvP+bFn0g4pe8/5sWfSDil7z/mxZ9IOKXvP+bFn0g4pe8/5sWfSDil7z/mxZ9IOKXvP+bFn0g4pe8/iAmUePOr7z/mxZ9IOKXvP+bFn0g4pe8/5sWfSDil7z/mxZ9IOKXvP+bFn0g4pe8/5sWfSDil7z/mxZ9IOKXvP+bFn0g4pe8/5sWfSDil7z8uuZvXTrPvP7JIb9Pl4e8/AAAAAAAA8D8AAAAAAADwP+pLGGNSze8/5sWfSDil7z/mxZ9IOKXvP2CNmgWRq+8/5sWfSDil7z/u8+yCbqfvP+bFn0g4pe8/5sWfSDil7z/mxZ9IOKXvP+bFn0g4pe8/5sWfSDil7z/mxZ9IOKXvP+bFn0g4pe8/5sWfSDil7z/mxZ9IOKXvP+bFn0g4pe8/5sWfSDil7z/mxZ9IOKXvP+bFn0g4pe8/5sWfSDil7z+3wUBCR6vvPxwUFRfr2e8/AwrYSzj07z8AAAAAAADwP3z8oEgL2O8/5sWfSDil7z/mxZ9IOKXvP4V+XlN9qO8/Ve+gKGep7z/mxZ9IOKXvP+bFn0g4pe8/7pftE0em7z/mxZ9IOKXvP6mvpqzzq+8/5sWfSDil7z/mxZ9IOKXvP+bFn0g4pe8/5sWfSDil7z/mxZ9IOKXvP+bFn0g4pe8/5sWfSDil7z/mxZ9IOKXvP+bFn0g4pe8/2CAYiT2x7z/mxZ9IOKXvP4TT7ucN9+8/AAAAAAAA8D8AAAAAAADwP7gAJQrryu8/f4X0KGKn7z/mxZ9IOKXvP+bFn0g4pe8/5sWfSDil7z/mxZ9IOKXvP+bFn0g4pe8/5sWfSDil7z/mxZ9IOKXvP+bFn0g4pe8/5sWfSDil7z/mxZ9IOKXvP8+vUUxdqu8/5sWfSDil7z/mxZ9IOKXvP+bFn0g4pe8/5sWfSDil7z/mxZ9IOKXvP+bFn0g4pe8/5sWfSDil7z8zjddo2KrvP7hWrhAQ3+8/AAAAAAAA8D8AAAAAAADwP+RJTpAh4e8/in7PIACx7z/mxZ9IOKXvP+bFn0g4pe8/VbHtS92n7z/mxZ9IOKXvP+bFn0g4pe8/5sWfSDil7z/mxZ9IOKXvP8gKS7NkqO8/5sWfSDil7z/mxZ9IOKXvP+bFn0g4pe8/5sWfSDil7z/mxZ9IOKXvP+bFn0g4pe8/5sWfSDil7z/mxZ9IOKXvP+bFn0g4pe8/5sWfSDil7z+stRWaLqvvPw29LUV0ve8/AAAAAAAA8D8AAAAAAADwP38AJwHb6+8/N6i2T+yt7z/mxZ9IOKXvP+bFn0g4pe8/5sWfSDil7z/mxZ9IOKXvPwtapQ1MqO8/5sWfSDil7z/mxZ9IOKXvP75ynTDsqO8/1yryITGs7z/mxZ9IOKXvP+bFn0g4pe8/5sWfSDil7z/mxZ9IOKXvP+bFn0g4pe8/5sWfSDil7z/mxZ9IOKXvP+bFn0g4pe8/5sWfSDil7z/x5G6BHa7vPwhcUHY15O8/AAAAAAAA8D8AAAAAAADwP8upBSDLzO8/1QzAOseo7z/zMzYYTKjvPxQWuLWpq+8/LjQZdnOp7z/mxZ9IOKXvP9Vz5pFTq+8/5sWfSDil7z/mxZ9IOKXvP4TdCCsnqO8/5sWfSDil7z/mxZ9IOKXvP+bFn0g4pe8/5sWfSDil7z/mxZ9IOKXvP+bFn0g4pe8/5sWfSDil7z/mxZ9IOKXvP+bFn0g4pe8/5sWfSDil7z8B9L0bFLnvP0duGzwO7e8/AAAAAAAA8D8AAAAAAADwPztax4cO8u8/b8R/0D+o7z8mQA/jpK7vP+bFn0g4pe8/5sWfSDil7z/mxZ9IOKXvP+bFn0g4pe8/5sWfSDil7z/tUA/NuqjvP3fddza9qe8/5sWfSDil7z/mxZ9IOKXvP+bFn0g4pe8/5sWfSDil7z/mxZ9IOKXvP+bFn0g4pe8/5sWfSDil7z/mxZ9IOKXvP+bFn0g4pe8/5sWfSDil7z+vuFnqLrXvP0luuH+eye8/AAAAAAAA8D8AAAAAAADwP3A9dNmN6u8/EdrF0z+t7z+ube+S6afvP+bFn0g4pe8/cAUR3bWm7z8iGxc+nabvP3RpO7dkqO8/5sWfSDil7z/mxZ9IOKXvP+bFn0g4pe8/iqeyoCmp7z/mxZ9IOKXvP+bFn0g4pe8/5sWfSDil7z/mxZ9IOKXvP+bFn0g4pe8/5sWfSDil7z/mxZ9IOKXvP+bFn0g4pe8/5sWfSDil7z/eqhYCQK3vP/eCfoGgwO8/AAAAAAAA8D8AAAAAAADwPz7eOxik1e8//+XMlY++7z+ube+S6afvP+bFn0g4pe8/mD+G9TCn7z/aUIUfjKnvP+bFn0g4pe8/sw8NC7ar7z/mxZ9IOKXvP+bFn0g4pe8/5sWfSDil7z/mxZ9IOKXvP+bFn0g4pe8/5sWfSDil7z/mxZ9IOKXvP+bFn0g4pe8/5sWfSDil7z/mxZ9IOKXvP+bFn0g4pe8/5sWfSDil7z/mxZ9IOKXvPzkdq+Rt5+8/AAAAAAAA8D8AAAAAAADwP0Ke6d/ix+8/XUbsJhnF7z8RF8xBoqjvP+bFn0g4pe8/5sWfSDil7z99xHNdmKnvP+bFn0g4pe8/5sWfSDil7z/mxZ9IOKXvP+bFn0g4pe8/5sWfSDil7z/mxZ9IOKXvP+bFn0g4pe8/5sWfSDil7z/mxZ9IOKXvP+bFn0g4pe8/5sWfSDil7z/mxZ9IOKXvP+bFn0g4pe8/5sWfSDil7z/mxZ9IOKXvP/smRG2Pze8/AAAAAAAA8D8AAAAAAADwP24JAf1RyO8/RaLl4C617z/ZAvTMya7vP+bFn0g4pe8/5sWfSDil7z/mxZ9IOKXvP9QjaTSRsO8/9zPgxZ+n7z/mxZ9IOKXvP+bFn0g4pe8/5sWfSDil7z/mxZ9IOKXvP+bFn0g4pe8/5sWfSDil7z/mxZ9IOKXvP+bFn0g4pe8/5sWfSDil7z/mxZ9IOKXvP+bFn0g4pe8/5sWfSDil7z/5RVVhgqrvP73UhE3lvu8/AAAAAAAA8D8AAAAAAADwP6wt95Dt0O8/Mp6w6Fqp7z/6dYbY+qnvP+bFn0g4pe8/mVXcPQKo7z/mxZ9IOKXvP20Hx+aVqO8/5sWfSDil7z/mxZ9IOKXvP+bFn0g4pe8/5sWfSDil7z8+zq/bGqjvP+bFn0g4pe8/5sWfSDil7z/mxZ9IOKXvP+bFn0g4pe8/5sWfSDil7z/mxZ9IOKXvP+bFn0g4pe8/5sWfSDil7z/u1OYZwK/vP+bFn0g4pe8/Fw+QY4bn7z8AAAAAAADwP4dUP2zis+8/4tI8wgmw7z8PJxO3n6fvP+bFn0g4pe8/9wMqjq6o7z/mxZ9IOKXvP+bFn0g4pe8/5sWfSDil7z/mxZ9IOKXvP+bFn0g4pe8/5sWfSDil7z/mxZ9IOKXvP+bFn0g4pe8/5sWfSDil7z/mxZ9IOKXvP+bFn0g4pe8/5sWfSDil7z/mxZ9IOKXvP+bFn0g4pe8/5sWfSDil7z/mxZ9IOKXvP7JeQGhRue8/4RGQW5P27z/FcRAKuOfvP4dUP2zis+8/bdienw6t7z/d+PQKcajvP+bFn0g4pe8/5sWfSDil7z/mxZ9IOKXvP2asdXWTp+8/LHwHNCyq7z/mxZ9IOKXvP+bFn0g4pe8/5sWfSDil7z/mxZ9IOKXvP+bFn0g4pe8/5sWfSDil7z/mxZ9IOKXvP+bFn0g4pe8/5sWfSDil7z/mxZ9IOKXvP+bFn0g4pe8/5sWfSDil7z/mxZ9IOKXvPwoaUgEbre8/cddifkjn7z8vlvFj9PrvP3LUC5aJqO8/5sWfSDil7z/BMC8G9LXvP+bFn0g4pe8/5sWfSDil7z8wVPzkmqrvPyl/PxSxqe8/RMJOosSn7z/mxZ9IOKXvP+bFn0g4pe8/5sWfSDil7z/4evZVuKfvP+bFn0g4pe8/5sWfSDil7z/mxZ9IOKXvP+bFn0g4pe8/5sWfSDil7z/mxZ9IOKXvP+bFn0g4pe8/5sWfSDil7z/mxZ9IOKXvP+bFn0g4pe8/hAIf4c/x7z9jLvmRy9vvP+kfsajEp+8/5sWfSDil7z/mxZ9IOKXvP+bFn0g4pe8/BHJ8PkKp7z/mxZ9IOKXvP+bFn0g4pe8/5sWfSDil7z/mxZ9IOKXvP+bFn0g4pe8/5sWfSDil7z/mxZ9IOKXvP+bFn0g4pe8/5sWfSDil7z/mxZ9IOKXvP+bFn0g4pe8/5sWfSDil7z/mxZ9IOKXvP+bFn0g4pe8/5sWfSDil7z/mxZ9IOKXvP+o3H3R9re8/1g2MuezB7z+kfrRTucDvP+bFn0g4pe8/QbzD/XOz7z/mxZ9IOKXvP+bFn0g4pe8/5sWfSDil7z/mxZ9IOKXvP+bFn0g4pe8/9zPgxZ+n7z/mxZ9IOKXvP+bFn0g4pe8/5sWfSDil7z/mxZ9IOKXvP1etk7Rpqu8/5sWfSDil7z/mxZ9IOKXvP+bFn0g4pe8/5sWfSDil7z/mxZ9IOKXvP+bFn0g4pe8/5sWfSDil7z/mxZ9IOKXvP+bFn0g4pe8/65f5UY3M7z+2ugXJ07zvPyUDTisHqu8/5sWfSDil7z/mxZ9IOKXvP+bFn0g4pe8/5sWfSDil7z/mxZ9IOKXvP+bFn0g4pe8/nGGYZVOm7z/mxZ9IOKXvP+bFn0g4pe8/5sWfSDil7z/mxZ9IOKXvP+bFn0g4pe8/5sWfSDil7z/mxZ9IOKXvP+bFn0g4pe8/5sWfSDil7z/mxZ9IOKXvP+bFn0g4pe8/5sWfSDil7z/mxZ9IOKXvP+bFn0g4pe8/wtw7wxi27z9Affo1Ua/vP+bFn0g4pe8/4Yeqmemn7z9p/c/Tf6nvP+bFn0g4pe8/5sWfSDil7z/mxZ9IOKXvP+bFn0g4pe8/5sWfSDil7z/mxZ9IOKXvP+bFn0g4pe8/5sWfSDil7z/mxZ9IOKXvP+bFn0g4pe8/5sWfSDil7z/mxZ9IOKXvP+bFn0g4pe8/5sWfSDil7z/mxZ9IOKXvP+bFn0g4pe8/5sWfSDil7z/mxZ9IOKXvP+bFn0g4pe8/HKjF2H+u7z/HGfvk2qvvP+bFn0g4pe8/mEuzlE6p7z/mxZ9IOKXvP+bFn0g4pe8/5sWfSDil7z/mxZ9IOKXvP+bFn0g4pe8/5sWfSDil7z/mxZ9IOKXvP+bFn0g4pe8/5sWfSDil7z/mxZ9IOKXvP3wztHYupu8/5sWfSDil7z/mxZ9IOKXvP+bFn0g4pe8/5sWfSDil7z/mxZ9IOKXvP+bFn0g4pe8/5sWfSDil7z/mxZ9IOKXvP+bFn0g4pe8/p0kPIeem7z/mxZ9IOKXvP+bFn0g4pe8/4U7FmQmr7z/mxZ9IOKXvP+bFn0g4pe8/5sWfSDil7z/mxZ9IOKXvP+bFn0g4pe8/5sWfSDil7z/mxZ9IOKXvP+bFn0g4pe8/5sWfSDil7z/mxZ9IOKXvP+bFn0g4pe8/5sWfSDil7z/mxZ9IOKXvP+bFn0g4pe8/5sWfSDil7z/mxZ9IOKXvP+bFn0g4pe8/5sWfSDil7z/mxZ9IOKXvP+bFn0g4pe8/0pIafNOo7z/mxZ9IOKXvP+bFn0g4pe8/5sWfSDil7z/mxZ9IOKXvP+bFn0g4pe8/5sWfSDil7z/mxZ9IOKXvP+bFn0g4pe8/5sWfSDil7z/mxZ9IOKXvP+bFn0g4pe8/5sWfSDil7z/mxZ9IOKXvP+bFn0g4pe8/5UQK9zCn7z/mxZ9IOKXvP+bFn0g4pe8/5sWfSDil7z/mxZ9IOKXvP+bFn0g4pe8/5sWfSDil7z/mxZ9IOKXvP+bFn0g4pe8/5sWfSDil7z/mxZ9IOKXvP+bFn0g4pe8/5sWfSDil7z/mxZ9IOKXvP+bFn0g4pe8/5sWfSDil7z/mxZ9IOKXvP+bFn0g4pe8/5sWfSDil7z/mxZ9IOKXvP+bFn0g4pe8/5sWfSDil7z/mxZ9IOKXvP9p+T0x9qO8/","dtype":"float64","order":"little","shape":[94,24]}]},"selected":{"id":"24979"},"selection_policy":{"id":"24978"}},"id":"24705","type":"ColumnDataSource"},{"attributes":{},"id":"24675","type":"LinearScale"},{"attributes":{},"id":"24690","type":"SaveTool"},{"attributes":{"end":6266.51513569899,"start":6225.11081679484},"id":"24671","type":"Range1d"},{"attributes":{"end":1.0259024,"start":0.8786016},"id":"24673","type":"Range1d"},{"attributes":{"color_mapper":{"id":"24710"},"dh":{"value":0.14730080000000012},"dw":{"value":41.40431890415039},"global_alpha":{"value":0.1},"image":{"field":"image"},"x":{"value":6225.11081679484},"y":{"value":0.8786016}},"id":"24709","type":"Image"},{"attributes":{"color_mapper":{"id":"24707"},"dh":{"value":0.14730080000000012},"dw":{"value":41.40431890415039},"image":{"field":"image"},"x":{"value":6225.11081679484},"y":{"value":0.8786016}},"id":"24706","type":"Image"},{"attributes":{"palette":["#ffffff","#fffffd","#fffffb","#fffff9","#fffff7","#fffff4","#fffff3","#fffff1","#ffffef","#ffffed","#ffffeb","#ffffe9","#ffffe6","#ffffe4","#ffffe3","#ffffe1","#ffffdf","#ffffdd","#ffffdb","#ffffd9","#ffffd7","#ffffd4","#ffffd3","#ffffd1","#ffffcf","#ffffcd","#ffffcb","#ffffc9","#ffffc6","#ffffc4","#ffffc3","#ffffc1","#ffffbf","#ffffbd","#ffffbb","#ffffb9","#ffffb7","#ffffb5","#ffffb3","#ffffb1","#ffffaf","#ffffad","#ffffab","#ffffa8","#ffffa6","#ffffa4","#ffffa3","#ffffa1","#ffff9f","#ffff9d","#ffff9b","#ffff99","#ffff97","#ffff95","#ffff93","#ffff91","#ffff8f","#ffff8d","#ffff8b","#ffff88","#ffff86","#ffff84","#ffff83","#ffff81","#fffe7f","#fffc7d","#fffa7b","#fff879","#fff677","#fff475","#fff272","#fff071","#ffee6f","#ffec6d","#ffea6b","#ffe868","#ffe666","#ffe464","#ffe262","#ffe061","#ffde5f","#ffdc5d","#ffda5b","#ffd859","#ffd657","#ffd455","#ffd252","#ffd051","#ffce4f","#ffcc4d","#ffca4b","#ffc848","#ffc646","#ffc444","#ffc242","#ffc041","#ffbe3f","#ffbc3d","#ffba3b","#ffb839","#ffb637","#ffb435","#ffb232","#ffb030","#ffae2f","#ffac2d","#ffaa2b","#ffa828","#ffa626","#ffa424","#ffa222","#ffa020","#ff9e1f","#ff9c1d","#ff9a1b","#ff9819","#ff9617","#ff9415","#ff9212","#ff9010","#ff8e0f","#ff8c0d","#ff8a0b","#ff8808","#ff8606","#ff8404","#ff8202","#ff8000","#fe7e00","#fc7c00","#fa7a00","#f87800","#f67600","#f37400","#f27200","#f07000","#ee6e00","#ec6c00","#ea6a00","#e86800","#e56600","#e36400","#e26200","#e06000","#de5e00","#dc5c00","#da5a00","#d85800","#d65600","#d35400","#d25200","#d05000","#ce4e00","#cc4c00","#ca4a00","#c84800","#c54600","#c34400","#c24200","#c04000","#be3e00","#bc3c00","#ba3a00","#b83800","#b63600","#b33400","#b23200","#b03000","#ae2e00","#ac2c00","#aa2a00","#a82800","#a52600","#a32400","#a22200","#a02000","#9e1e00","#9c1c00","#9a1a00","#981800","#961600","#931400","#921200","#901000","#8e0e00","#8c0c00","#8a0a00","#880800","#850600","#830400","#820200","#800000","#7e0000","#7c0000","#7a0000","#780000","#760000","#730000","#710000","#700000","#6e0000","#6c0000","#6a0000","#680000","#650000","#630000","#610000","#600000","#5e0000","#5c0000","#5a0000","#580000","#560000","#530000","#510000","#500000","#4e0000","#4c0000","#4a0000","#480000","#450000","#430000","#410000","#400000","#3e0000","#3c0000","#3a0000","#380000","#360000","#330000","#310000","#300000","#2e0000","#2c0000","#2a0000","#280000","#250000","#230000","#210000","#200000","#1e0000","#1c0000","#1a0000","#180000","#160000","#130000","#110000","#100000","#0e0000","#0c0000","#0a0000","#080000","#050000","#030000","#010000","#000000"]},"id":"24710","type":"LinearColorMapper"},{"attributes":{},"id":"24692","type":"HelpTool"},{"attributes":{},"id":"24691","type":"ResetTool"},{"attributes":{"align":"center","coordinates":null,"group":null,"text":"Title","text_font_size":"16pt"},"id":"24701","type":"Title"},{"attributes":{"palette":["#ffffff","#fffffd","#fffffb","#fffff9","#fffff7","#fffff4","#fffff3","#fffff1","#ffffef","#ffffed","#ffffeb","#ffffe9","#ffffe6","#ffffe4","#ffffe3","#ffffe1","#ffffdf","#ffffdd","#ffffdb","#ffffd9","#ffffd7","#ffffd4","#ffffd3","#ffffd1","#ffffcf","#ffffcd","#ffffcb","#ffffc9","#ffffc6","#ffffc4","#ffffc3","#ffffc1","#ffffbf","#ffffbd","#ffffbb","#ffffb9","#ffffb7","#ffffb5","#ffffb3","#ffffb1","#ffffaf","#ffffad","#ffffab","#ffffa8","#ffffa6","#ffffa4","#ffffa3","#ffffa1","#ffff9f","#ffff9d","#ffff9b","#ffff99","#ffff97","#ffff95","#ffff93","#ffff91","#ffff8f","#ffff8d","#ffff8b","#ffff88","#ffff86","#ffff84","#ffff83","#ffff81","#fffe7f","#fffc7d","#fffa7b","#fff879","#fff677","#fff475","#fff272","#fff071","#ffee6f","#ffec6d","#ffea6b","#ffe868","#ffe666","#ffe464","#ffe262","#ffe061","#ffde5f","#ffdc5d","#ffda5b","#ffd859","#ffd657","#ffd455","#ffd252","#ffd051","#ffce4f","#ffcc4d","#ffca4b","#ffc848","#ffc646","#ffc444","#ffc242","#ffc041","#ffbe3f","#ffbc3d","#ffba3b","#ffb839","#ffb637","#ffb435","#ffb232","#ffb030","#ffae2f","#ffac2d","#ffaa2b","#ffa828","#ffa626","#ffa424","#ffa222","#ffa020","#ff9e1f","#ff9c1d","#ff9a1b","#ff9819","#ff9617","#ff9415","#ff9212","#ff9010","#ff8e0f","#ff8c0d","#ff8a0b","#ff8808","#ff8606","#ff8404","#ff8202","#ff8000","#fe7e00","#fc7c00","#fa7a00","#f87800","#f67600","#f37400","#f27200","#f07000","#ee6e00","#ec6c00","#ea6a00","#e86800","#e56600","#e36400","#e26200","#e06000","#de5e00","#dc5c00","#da5a00","#d85800","#d65600","#d35400","#d25200","#d05000","#ce4e00","#cc4c00","#ca4a00","#c84800","#c54600","#c34400","#c24200","#c04000","#be3e00","#bc3c00","#ba3a00","#b83800","#b63600","#b33400","#b23200","#b03000","#ae2e00","#ac2c00","#aa2a00","#a82800","#a52600","#a32400","#a22200","#a02000","#9e1e00","#9c1c00","#9a1a00","#981800","#961600","#931400","#921200","#901000","#8e0e00","#8c0c00","#8a0a00","#880800","#850600","#830400","#820200","#800000","#7e0000","#7c0000","#7a0000","#780000","#760000","#730000","#710000","#700000","#6e0000","#6c0000","#6a0000","#680000","#650000","#630000","#610000","#600000","#5e0000","#5c0000","#5a0000","#580000","#560000","#530000","#510000","#500000","#4e0000","#4c0000","#4a0000","#480000","#450000","#430000","#410000","#400000","#3e0000","#3c0000","#3a0000","#380000","#360000","#330000","#310000","#300000","#2e0000","#2c0000","#2a0000","#280000","#250000","#230000","#210000","#200000","#1e0000","#1c0000","#1a0000","#180000","#160000","#130000","#110000","#100000","#0e0000","#0c0000","#0a0000","#080000","#050000","#030000","#010000","#000000"]},"id":"24707","type":"LinearColorMapper"},{"attributes":{"overlay":{"id":"24693"}},"id":"24689","type":"BoxZoomTool"},{"attributes":{},"id":"24979","type":"Selection"},{"attributes":{"bottom_units":"screen","coordinates":null,"fill_alpha":0.5,"fill_color":"lightgrey","group":null,"left_units":"screen","level":"overlay","line_alpha":1.0,"line_color":"black","line_dash":[4,4],"line_width":2,"right_units":"screen","syncable":false,"top_units":"screen"},"id":"24693","type":"BoxAnnotation"},{"attributes":{"source":{"id":"24705"}},"id":"24716","type":"CDSView"},{"attributes":{"color_mapper":{"id":"24713"},"dh":{"value":0.14730080000000012},"dw":{"value":41.40431890415039},"global_alpha":{"value":0.2},"image":{"field":"image"},"x":{"value":6225.11081679484},"y":{"value":0.8786016}},"id":"24712","type":"Image"},{"attributes":{"axis_label":"Ion mobility (1/K0)","coordinates":null,"formatter":{"id":"24973"},"group":null,"major_label_policy":{"id":"24974"},"ticker":{"id":"24684"}},"id":"24683","type":"LinearAxis"},{"attributes":{"tools":[{"id":"24687"},{"id":"24688"},{"id":"24689"},{"id":"24690"},{"id":"24691"},{"id":"24692"},{"id":"24717"},{"id":"24669"}]},"id":"24694","type":"Toolbar"},{"attributes":{"palette":["#ffffff","#fffffd","#fffffb","#fffff9","#fffff7","#fffff4","#fffff3","#fffff1","#ffffef","#ffffed","#ffffeb","#ffffe9","#ffffe6","#ffffe4","#ffffe3","#ffffe1","#ffffdf","#ffffdd","#ffffdb","#ffffd9","#ffffd7","#ffffd4","#ffffd3","#ffffd1","#ffffcf","#ffffcd","#ffffcb","#ffffc9","#ffffc6","#ffffc4","#ffffc3","#ffffc1","#ffffbf","#ffffbd","#ffffbb","#ffffb9","#ffffb7","#ffffb5","#ffffb3","#ffffb1","#ffffaf","#ffffad","#ffffab","#ffffa8","#ffffa6","#ffffa4","#ffffa3","#ffffa1","#ffff9f","#ffff9d","#ffff9b","#ffff99","#ffff97","#ffff95","#ffff93","#ffff91","#ffff8f","#ffff8d","#ffff8b","#ffff88","#ffff86","#ffff84","#ffff83","#ffff81","#fffe7f","#fffc7d","#fffa7b","#fff879","#fff677","#fff475","#fff272","#fff071","#ffee6f","#ffec6d","#ffea6b","#ffe868","#ffe666","#ffe464","#ffe262","#ffe061","#ffde5f","#ffdc5d","#ffda5b","#ffd859","#ffd657","#ffd455","#ffd252","#ffd051","#ffce4f","#ffcc4d","#ffca4b","#ffc848","#ffc646","#ffc444","#ffc242","#ffc041","#ffbe3f","#ffbc3d","#ffba3b","#ffb839","#ffb637","#ffb435","#ffb232","#ffb030","#ffae2f","#ffac2d","#ffaa2b","#ffa828","#ffa626","#ffa424","#ffa222","#ffa020","#ff9e1f","#ff9c1d","#ff9a1b","#ff9819","#ff9617","#ff9415","#ff9212","#ff9010","#ff8e0f","#ff8c0d","#ff8a0b","#ff8808","#ff8606","#ff8404","#ff8202","#ff8000","#fe7e00","#fc7c00","#fa7a00","#f87800","#f67600","#f37400","#f27200","#f07000","#ee6e00","#ec6c00","#ea6a00","#e86800","#e56600","#e36400","#e26200","#e06000","#de5e00","#dc5c00","#da5a00","#d85800","#d65600","#d35400","#d25200","#d05000","#ce4e00","#cc4c00","#ca4a00","#c84800","#c54600","#c34400","#c24200","#c04000","#be3e00","#bc3c00","#ba3a00","#b83800","#b63600","#b33400","#b23200","#b03000","#ae2e00","#ac2c00","#aa2a00","#a82800","#a52600","#a32400","#a22200","#a02000","#9e1e00","#9c1c00","#9a1a00","#981800","#961600","#931400","#921200","#901000","#8e0e00","#8c0c00","#8a0a00","#880800","#850600","#830400","#820200","#800000","#7e0000","#7c0000","#7a0000","#780000","#760000","#730000","#710000","#700000","#6e0000","#6c0000","#6a0000","#680000","#650000","#630000","#610000","#600000","#5e0000","#5c0000","#5a0000","#580000","#560000","#530000","#510000","#500000","#4e0000","#4c0000","#4a0000","#480000","#450000","#430000","#410000","#400000","#3e0000","#3c0000","#3a0000","#380000","#360000","#330000","#310000","#300000","#2e0000","#2c0000","#2a0000","#280000","#250000","#230000","#210000","#200000","#1e0000","#1c0000","#1a0000","#180000","#160000","#130000","#110000","#100000","#0e0000","#0c0000","#0a0000","#080000","#050000","#030000","#010000","#000000"]},"id":"24713","type":"LinearColorMapper"},{"attributes":{"axis":{"id":"24683"},"coordinates":null,"dimension":1,"group":null,"ticker":null,"visible":false},"id":"24686","type":"Grid"},{"attributes":{"coordinates":null,"data_source":{"id":"24705"},"glyph":{"id":"24706"},"group":null,"hover_glyph":null,"muted_glyph":{"id":"24712"},"nonselection_glyph":{"id":"24709"},"view":{"id":"24716"}},"id":"24715","type":"GlyphRenderer"}],"root_ids":["24670"]},"title":"Bokeh Application","version":"2.4.3"}}
    </script>
    <script type="text/javascript">
      (function() {
        const fn = function() {
          Bokeh.safely(function() {
            (function(root) {
              function embed_document(root) {
              const docs_json = document.getElementById('25113').textContent;
              const render_items = [{"docid":"4e5973e3-423a-44ee-ac62-e028eaf2e5bd","root_ids":["24670"],"roots":{"24670":"53b18951-33f8-4d58-8111-7bd70205215d"}}];
              root.Bokeh.embed.embed_items(docs_json, render_items);
              }
              if (root.Bokeh !== undefined) {
                embed_document(root);
              } else {
                let attempts = 0;
                const timer = setInterval(function(root) {
                  if (root.Bokeh !== undefined) {
                    clearInterval(timer);
                    embed_document(root);
                  } else {
                    attempts++;
                    if (attempts > 100) {
                      clearInterval(timer);
                      console.log("Bokeh: ERROR: Unable to run BokehJS code because BokehJS library is missing");
                    }
                  }
                }, 10, root)
              }
            })(window);
          });
        };
        if (document.readyState != "loading") fn();
        else document.addEventListener("DOMContentLoaded", fn);
      })();
    </script>
  </body>
</html>