<!DOCTYPE html>
<html lang="en">
  <head>
    <meta charset="utf-8">
    <title>Bokeh Application</title>
    <script type="text/javascript" src="https://cdn.bokeh.org/bokeh/release/bokeh-2.4.3.min.js"></script>
    <script type="text/javascript">
        Bokeh.set_log_level("info");
    </script>
  </head>
  <body>
    <div class="bk-root" id="298ca4ed-2d70-41b4-81b8-a3a670758ad1" data-root-id="23780"></div>
  
    <script type="application/json" id="24223">
      {"80e3d891-0f46-45cf-b96b-a9052bdd1b8d":{"defs":[],"roots":{"references":[{"attributes":{},"id":"23797","type":"PanTool"},{"attributes":{},"id":"23802","type":"HelpTool"},{"attributes":{},"id":"23794","type":"BasicTicker"},{"attributes":{"end":1.0259024,"start":0.8786016},"id":"23783","type":"Range1d"},{"attributes":{"overlay":{"id":"23803"}},"id":"23799","type":"BoxZoomTool"},{"attributes":{},"id":"24088","type":"UnionRenderers"},{"attributes":{},"id":"24083","type":"BasicTickFormatter"},{"attributes":{"color_mapper":{"id":"23820"},"dh":{"value":0.14730080000000012},"dw":{"value":41.40431890415039},"global_alpha":{"value":0.1},"image":{"field":"image"},"x":{"value":6225.11081679484},"y":{"value":0.8786016}},"id":"23819","type":"Image"},{"attributes":{"color_mapper":{"id":"23823"},"dh":{"value":0.14730080000000012},"dw":{"value":41.40431890415039},"global_alpha":{"value":0.2},"image":{"field":"image"},"x":{"value":6225.11081679484},"y":{"value":0.8786016}},"id":"23822","type":"Image"},{"attributes":{},"id":"23801","type":"ResetTool"},{"attributes":{},"id":"24089","type":"Selection"},{"attributes":{"palette":["#ffffff","#fffffd","#fffffb","#fffff9","#fffff7","#fffff4","#fffff3","#fffff1","#ffffef","#ffffed","#ffffeb","#ffffe9","#ffffe6","#ffffe4","#ffffe3","#ffffe1","#ffffdf","#ffffdd","#ffffdb","#ffffd9","#ffffd7","#ffffd4","#ffffd3","#ffffd1","#ffffcf","#ffffcd","#ffffcb","#ffffc9","#ffffc6","#ffffc4","#ffffc3","#ffffc1","#ffffbf","#ffffbd","#ffffbb","#ffffb9","#ffffb7","#ffffb5","#ffffb3","#ffffb1","#ffffaf","#ffffad","#ffffab","#ffffa8","#ffffa6","#ffffa4","#ffffa3","#ffffa1","#ffff9f","#ffff9d","#ffff9b","#ffff99","#ffff97","#ffff95","#ffff93","#ffff91","#ffff8f","#ffff8d","#ffff8b","#ffff88","#ffff86","#ffff84","#ffff83","#ffff81","#fffe7f","#fffc7d","#fffa7b","#fff879","#fff677","#fff475","#fff272","#fff071","#ffee6f","#ffec6d","#ffea6b","#ffe868","#ffe666","#ffe464","#ffe262","#ffe061","#ffde5f","#ffdc5d","#ffda5b","#ffd859","#ffd657","#ffd455","#ffd252","#ffd051","#ffce4f","#ffcc4d","#ffca4b","#ffc848","#ffc646","#ffc444","#ffc242","#ffc041","#ffbe3f","#ffbc3d","#ffba3b","#ffb839","#ffb637","#ffb435","#ffb232","#ffb030","#ffae2f","#ffac2d","#ffaa2b","#ffa828","#ffa626","#ffa424","#ffa222","#ffa020","#ff9e1f","#ff9c1d","#ff9a1b","#ff9819","#ff9617","#ff9415","#ff9212","#ff9010","#ff8e0f","#ff8c0d","#ff8a0b","#ff8808","#ff8606","#ff8404","#ff8202","#ff8000","#fe7e00","#fc7c00","#fa7a00","#f87800","#f67600","#f37400","#f27200","#f07000","#ee6e00","#ec6c00","#ea6a00","#e86800","#e56600","#e36400","#e26200","#e06000","#de5e00","#dc5c00","#da5a00","#d85800","#d65600","#d35400","#d25200","#d05000","#ce4e00","#cc4c00","#ca4a00","#c84800","#c54600","#c34400","#c24200","#c04000","#be3e00","#bc3c00","#ba3a00","#b83800","#b63600","#b33400","#b23200","#b03000","#ae2e00","#ac2c00","#aa2a00","#a82800","#a52600","#a32400","#a22200","#a02000","#9e1e00","#9c1c00","#9a1a00","#981800","#961600","#931400","#921200","#901000","#8e0e00","#8c0c00","#8a0a00","#880800","#850600","#830400","#820200","#800000","#7e0000","#7c0000","#7a0000","#780000","#760000","#730000","#710000","#700000","#6e0000","#6c0000","#6a0000","#680000","#650000","#630000","#610000","#600000","#5e0000","#5c0000","#5a0000","#580000","#560000","#530000","#510000","#500000","#4e0000","#4c0000","#4a0000","#480000","#450000","#430000","#410000","#400000","#3e0000","#3c0000","#3a0000","#380000","#360000","#330000","#310000","#300000","#2e0000","#2c0000","#2a0000","#280000","#250000","#230000","#210000","#200000","#1e0000","#1c0000","#1a0000","#180000","#160000","#130000","#110000","#100000","#0e0000","#0c0000","#0a0000","#080000","#050000","#030000","#010000","#000000"]},"id":"23820","type":"LinearColorMapper"},{"attributes":{},"id":"24086","type":"BasicTickFormatter"},{"attributes":{"axis":{"id":"23789"},"coordinates":null,"group":null,"ticker":null,"visible":false},"id":"23792","type":"Grid"},{"attributes":{},"id":"23800","type":"SaveTool"},{"attributes":{"align":"center","coordinates":null,"group":null,"text":"Title","text_font_size":"16pt"},"id":"23811","type":"Title"},{"attributes":{"callback":null,"renderers":[{"id":"23825"}],"tooltips":[["Value","@image"]]},"id":"23827","type":"HoverTool"},{"attributes":{"data":{"image":[{"__ndarray__":"AAAAAAAAAAAAAAAAAAAAAAAAAAAAAAAAAAAAAAAAAADyDBr6JwBlQIhjXdxGoGhAAAAAAAAAAAAAAAAAAAAAAF6gpMACgElAAAAAAAAAAAAAAAAAAAAAAAAAAAAAAAAAAAAAAAAAAAAAAAAAAAAAAAAAAAAAAAAAAAAAAAAAAAAAAAAAAAAAAAAAAAAAAAAAGf8+48J/TkAAAAAAAAAAAAAAAAAAAAAAAAAAAAAAAAAAAAAAAAAAAAAAAAAAAAAAAAAAAAAAAAAAAAAAAAAAAAAAAAAAAAAAAAAAAAAAAAAAAAAAAAAAAAAAAAAAAAAAAAAAAAAAAAAAAAAAAAAAAAAAAAAAAAAAAAAAAAAAAAAAAAAAAAAAAAAAAAAAAAAAAAAAAAAAAAAAAAAAAAAAAAAAAAAAAAAAAAAAAAAAAAAAAAAAAAAAAAAAAAAAAAAActwpHax/XEAAAAAAAAAAAAAAAAAAAAAAAAAAAAAAAAAAAAAAAAAAAAAAAAAAAAAAAAAAAAAAAAAAAAAAAAAAAAAAAAAAAAAAAAAAAAAAAAAAAAAAAAAAAAAAAAAAAAAAAAAAAAAAAAAAAAAAAAAAAAAAAAAAAAAAAAAAAAAAAAAAAAAAAAAAAAAAAAAAAAAAmGn7V1aAUkAAAAAAAAAAAAAAAAAAAAAAAAAAAAAAAAAAAAAAAAAAAAAAAAAAAAAAAAAAAAAAAAAAAAAAAAAAAMDsnjwsAF5AAAAAAAAAAAAAAAAAAAAAAAAAAAAAAAAAAAAAAAAAAAAAAAAAAAAAAAAAAAAAAAAAAAAAAAAAAAAAAAAAAAAAAAAAAAAAAAAAAAAAAAAAAAAAAAAAAAAAAAAAAAAAAAAAAAAAAAAAAAAAAAAAAAAAAAAAAAAAAAAAAAAAAAAAAAAAAAAAAAAAAAAAAAAAAAAAAAAAAAAAAAAAAAAAAAAAAAAAAAAAAAAAAAAAAAAAAAAAAAAAAAAAAMdGIF7Xf0tAAAAAAAAAAAC1w1+TNQBWQAAAAAAAAAAAAAAAAAAAAAAAAAAAAAAAAAAAAAAAAAAAAAAAAAAAAAAAAAAAAAAAAAAAAAAAAAAAAAAAAAAAAAAAAAAAAAAAAAAAAAAAAAAAAAAAAAAAAAAAAAAAAAAAAAAAAAAAAAAAAAAAAAAAAAD1EI3uIEBWQAAAAAAAAAAAAAAAAAAAAAD4pX7eVIBNQAAAAAAAAAAAAAAAAAAAAAAAAAAAAAAAAAAAAAAAAAAAAAAAAAAAAAAAAAAAAAAAAAAAAAAAAAAAAAAAAAAAAAAAAAAAAAAAAAAAAAAAAAAAAAAAAAAAAAAAAAAAAAAAAAAAAAAAAAAAAAAAAAAAAAAAAAAAAAAAAAAAAAAAAAAAAAAAAAAAAAAAAAAAAAAAAAAAAAAAAAAAAAAAAAAAAAAAAAAAAAAAAAAAAAAAAAAAHXdKB+t/TEAAAAAAAAAAAAAAAAAAAAAAAAAAAAAAAAAAAAAAAAAAAAAAAAAAAAAAAAAAAAAAAAAAAAAAAAAAAAAAAAAAAAAAAAAAAAAAAAAAAAAAAAAAAAAAAAAAAAAAAAAAAAAAAAAAAAAAAAAAAAAAAAAAAAAAAAAAAAAAAAAAAAAAAAAAAAAAAAAAAAAA68n8o2+ATUAAAAAAAAAAAAAAAAAAAAAAAAAAAAAAAAAAAAAAAAAAAAAAAAAAAAAA98lRgCgAT0AAAAAAAAAAAAAAAAAAAAAAAAAAAAAAAAAAAAAAAAAAAAAAAAAAAAAAAAAAAAAAAAAAAAAAAAAAAAAAAAAAAAAAAAAAAAAAAAAAAAAAAAAAAAAAAAAAAAAAAAAAAAAAAAAAAAAAAAAAAAAAAAAAAAAAAAAAAAAAAAAAAAAAAAAAAAAAAAAAAAAAAAAAAAAAAAAAAAAAAAAAAAAAAAAAAAAAAAAAAAAAAAAAAAAAAAAAAAAAAAAAAAAAAAAAAAAAAAAAAAAAAAAAAAAAAAAAAAAAYFrUJ7n/OkAAAAAAAAAAAAAAAAAAAAAAAAAAAAAAAAAAAAAAAAAAAAAAAAAAAAAAAAAAAAAAAAAAAAAAAAAAAAAAAAAAAAAA+GwdHOx/SEAAAAAAAAAAAAAAAAAAAAAAAAAAAAAAAAAAAAAAAAAAAAAAAAAAAAAAAAAAAAAAAAAAAAAAAAAAAAAAAAAAAAAAAAAAAAAAAAAAAAAAAAAAAAAAAAAAAAAAAAAAAAAAAAAAAAAAAAAAAAAAAAAAAAAAAAAAAAAAAAAAAAAAAAAAAH3LnC6Lv1ZAAAAAAAAAAAAAAAAAAAAAAAAAAAAAAAAAAAAAAAAAAAAAAAAAAAAAAAAAAAAAAAAAAAAAAAAAAAAAAAAAAAAAAAAAAAAAAAAAAAAAAAAAAAAAAAAAAAAAAAAAAAAAAAAAvD/eq1bAXkAAAAAAAAAAAAAAAAAAAAAAAAAAAAAAAAAAAAAAAAAAAAAAAAAAAAAAAAAAAAAAAABnJ4Oj5D9hQFX2XRH8P1VAAAAAAAAAAAAAAAAAAAAAAAAAAAAAAAAAAAAAAAAAAAAAAAAAAAAAAAAAAAAAAAAAAAAAAAAAAAAAAAAAAAAAAAAAAAAAAAAAAAAAAAAAAAAAAAAAAAAAAAAAAAAAAAAAAAAAAAAAAAAAAAAAAAAAAAAAAAAAAAAAQE0tW+t/U0AAAAAAAAAAAAAAAAAAAAAAAAAAAAAAAAAAAAAAAAAAAAAAAAAAAAAAAAAAAAAAAAAAAAAAAAAAAAAAAAAAAAAAAAAAAAAAAAAAAAAAAAAAAAAAAAAAAAAAAAAAAAAAAAAAAAAAAAAAAAAAAAAAAAAAAAAAAAAAAAAAAAAAAAAAAAAAAAAAAAAAt5c0Ruu/YkAAAAAAAAAAAAAAAAAAAAAAAAAAAAAAAAAAAAAAAAAAAAAAAAAAAAAAAAAAAAAAAAAAAAAAAAAAAAAAAAAAAAAAAAAAAAAAAAAAAAAAAAAAAAAAAAAAAAAAAAAAAAAAAAAAAAAAAAAAAAAAAAAAAAAAAAAAAAAAAAAAAAAAAAAAAAAAAAAAAAAAAAAAAAAAAAAAAAAAAAAAAAAAAAAAAAAAAAAAAAAAAAAAAAAAAAAAAAAAAAAAAAAAAAAAAAAAAAAAAAAAAAAAAAAAAAAAAAAAAAAAAAAAAACHqMKf4f9eQAAAAAAAAAAAAAAAAAAAAADV6NUApf9YQAAAAAAAAAAAumsJ+aD/aUAAAAAAAAAAAAAAAAAAAAAAAAAAAAAAAAAAAAAAAAAAAAAAAAAAAAAAAAAAAAAAAAAAAAAAAAAAAAAAAAAAAAAAAAAAAAAAAAAAAAAAAAAAAAAAAAAAAAAAAAAAAAAAAAAAAAAAAAAAAAAAAAAAAAAAAAAAAAAAAAAAAAAAAAAAAAAAAAAAAAAAAAAAAAAAAAAAAAAAAAAAAAAAAAAAAAAAAAAAAAAAAAAAAAAAAAAAAAAAAAAAAAAAAwmKH2PAVUAAAAAAAAAAAAAAAAAAAAAAAAAAAAAAAAAAAAAAAAAAAHqobcMogERAQKTfvg4AVUAAAAAAAAAAAAAAAAAAAAAAAAAAAAAAAAAAAAAAAAAAAAAAAAAAAAAAAAAAAAAAAAAAAAAAAAAAAAAAAAAAAAAAAAAAAAAAAAAAAAAAAAAAAAAAAAAAAAAAAAAAAAAAAAAAAAAAAAAAAAAAAAAAAAAAAAAAAAAAAAAAAAAAAAAAAAAAAAAAAAAAAAAAAAAAAAAAAAAAAAAAAAAAAAAAAAAAAAAAAAAAAAAAAAAAAAAAAAAAAAAAAAAAAAAAAAAAAAAAAAAAAAAAANUEUfcBgFRAAAAAAAAAAAAAAAAAAAAAAAAAAAAAAAAAAAAAAAAAAAAAAAAAAAAAAAAAAAAAAAAAAAAAAAAAAAAAAAAAAAAAAAAAAAAAAAAAAAAAAAAAAAAAAAAAAAAAAAAAAAAAAAAApFNXPst/UUAAAAAAAAAAAAAAAAAAAAAAAAAAAAAAAAAAAAAAAAAAAAAAAAAAAAAAAAAAAAAAAAAAAAAAAAAAAET67evAf1pAAAAAAAAAAAAAAAAAAAAAAAAAAAAAAAAAAAAAAAAAAAAAAAAAAAAAAAAAAAAAAAAAAAAAAAAAAAAAAAAAAAAAAAAAAAAAAAAAAAAAAAAAAAAAAAAAAAAAAAAAAAAAAAAAAAAAAAAAAAAAAAAAAAAAAAAAAAAAAAAAAAAAAAAAAAAAAAAAAAAAAAAAAAAAAAAAAAAAAAAAAAAAAAAAAAAAAAAAAAAAAAAAAAAAAAAAAAAAAAAAAAAAAAAAAAAAAAAAzvxqDhBAX0AAAAAAAAAAAAAAAAAAAAAAAAAAAAAAAADW4lMAjH9dQAAAAAAAAAAAAAAAAAAAAADQKjOl9f83QAAAAAAAAAAAAAAAAAAAAAAAAAAAAAAAAAAAAAAAAAAAAAAAAAAAAAAAAAAAAAAAAAAAAAAAAAAAAAAAAAAAAAAAAAAAAAAAAAAAAAAAAAAAAAAAAAAAAAAAAAAAAAAAAAAAAAAAAAAAAAAAAAAAAADrc7UV+/9BQAAAAAAAAAAAAAAAAAAAAAAAAAAAAAAAAAAAAAAAAAAAAAAAAAAAAAAAAAAAAAAAAAAAAAAAAAAAAAAAAAAAAAAAAAAAAAAAAAAAAAAAAAAAAAAAAAAAAAAPuRluwH9GQAAAAAAAAAAAAAAAAAAAAAAAAAAAAAAAABkEVg4tgFFAAAAAAAAAAAAAAAAAAAAAAAAAAAAAAAAAAAAAAAAAAAAAAAAAAAAAAAAAAAAAAAAAAAAAAAAAAAAAAAAAAAAAAAAAAAAAAAAAAAAAAAAAAAAAAAAAAAAAAGowDcNHgExAAAAAAAAAAAAAAAAAAAAAAAAAAAAAAAAAAAAAAAAAAAAAAAAAAAAAAN8zEqERwFhAAAAAAAAAAAAAAAAAAAAAAAAAAAAAAAAAAAAAAAAAAAAAAAAAAAAAAAAAAAAAAAAAAAAAAAAAAAAAAAAAAAAAAAAAAAAAAAAAAAAAAAAAAAAAAAAAAAAAAAAAAAAAAAAAAAAAAAAAAAAAAAAAAAAAAPUtc7osAFNAAAAAAAAAAAAAAAAAAAAAAJpEveDTAD5AAAAAAAAAAAAAAAAAAAAAAAAAAAAAAAAAAAAAAAAAAAAAAAAAAAAAAAAAAAAAAAAAAAAAAAAAAAAAAAAAAAAAAAAAAAAAAAAAAAAAAAAAAAAAAAAAAAAAAAAAAAAAAAAAAAAAAAAAAAAAAAAAAAAAAAAAAAAAAAAAAAAAAAAAAAAAAAAAAAAAAHuEmiFVAE9AAAAAAAAAAAAAAAAAAAAAAAAAAAAAAAAAAAAAAAAAAAAAAAAAAAAAAAAAAAAAAAAAAAAAAAAAAAAAAAAAAAAAAAAAAAAAAAAAAAAAAAAAAAAAAAAAAAAAAAAAAAAAAAAAAAAAAAAAAAAAAAAAAAAAAGMoJ9pVgFdAAAAAAAAAAAAAAAAAAAAAAAAAAAAAAAAAAAAAAAAAAAAAAAAAAAAAAAAAAAAAAAAAAAAAAAAAAAAAAAAAAAAAAAAAAAAAAAAAAAAAAAAAAAAAAAAAAAAAAAAAAAAAAAAAAAAAAAAAAAAAAAAAAAAAAAAAAAAAAAAAAAAAAAAAAADNPSR87/9GQAAAAAAAAAAAAAAAAAAAAAAAAAAAAAAAAAAAAAAAAAAAAAAAAAAAAAAAAAAAAAAAAKgd/pqsP1dAAAAAAAAAAAAAAAAAAAAAAAAAAAAAAAAAAAAAAAAAAAAAAAAAAAAAAAAAAAAAAAAAAAAAAAAAAAAAAAAAAAAAAAAAAAAAAAAAAAAAAAAAAAAAAAAAAAAAAAAAAAAAAAAArvVFQlvAWkAAAAAAAAAAAAAAAAAAAAAAAAAAAAAAAAA1KQXdXoBMQAAAAAAAAAAAAAAAAAAAAAAAAAAAAAAAAAAAAAAAAAAAAAAAAAAAAAAAAAAAAAAAAKn26XjM32tAAAAAAAAAAAAAAAAAAAAAAAAAAAAAAAAAAAAAAAAAAAAAAAAAAAAAAAAAAAAAAAAAAAAAAAAAAAAAAAAAAAAAAAAAAAAAAAAAAAAAAAAAAAAAAAAAAAAAAAAAAAAAAAAAAAAAAAAAAAAAAAAAAAAAAAAAAAAAAAAAAAAAAAAAAAAAAAAAAAAAAAAAAAAAAAAAAAAAAAAAAAAAAAAAAAAAAAAAAAAAAAAAAAAAAAAAAAAAAAAAAAAAAAAAAAAAAAAASdxj6UNAVkB+b9Of/f9wQAAAAAAAAAAAAAAAAAAAAAAAAAAAAAAAAAAAAAAAAAAAAAAAAAAAAAAAAAAAAAAAAAAAAAAAAAAAAAAAAAAAAAAAAAAAAAAAAAAAAAAAAAAAAAAAAAAAAAAAAAAAAAAAAAAAAAAAAAAAAAAAAAAAAAAAAAAAAAAAAAAAAAAAAAAAAAAAAAAAAAAAAAAAAAAAAAAAAAAAAAAAAAAAAAAAAAAAAAAAAAAAAPW52or9f1VAAAAAAAAAAAAAAAAAAAAAAAAAAAAAAAAAAAAAAAAAAAAAAAAAAAAAAAAAAAAAAAAAAAAAAAAAAAAAAAAAAAAAAAAAAAAAAAAAAAAAAAAAAAAAAAAAAAAAAAAAAAAAAAAAklz+Q/q/XEAAAAAAAAAAAAAAAAAAAAAAAAAAAAAAAAAAAAAAAAAAAAAAAAAAAAAAAAAAAAAAAAAAAAAAAAAAAAAAAAAAAAAAAAAAAAAAAAAAAAAAAAAAAAAAAAAAAAAAAAAAAAAAAAAAAAAAAAAAAAAAAAAAAAAAZ7lsdM7/IUAAAAAAAAAAAAAAAAAAAAAAAAAAAAAAAAAAAAAAAAAAAAAAAAAAAAAAAAAAAAAAAAAAAAAAAAAAAAAAAAAAAAAAAAAAAAAAAAAAAAAAAAAAAAAAAAAAAAAAAAAAAAAAAAAAAAAAAAAAAAAAAAAAAAAAAAAAAAAAAAAAAAAAAAAAAAAAAAAAAAAAAAAAAAAAAAAAAAAAAAAAAAAAAAAAAAAAAAAAAAAAAAAAAAAAAAAAAAAAAAAAAAAAgKDctu+/YEAAAAAAAAAAAAAAAAAAAAAAAAAAAAAAAAAAAAAAAAAAAAAAAAAAAAAAAAAAAAAAAAAAAAAAAAAAAAAAAAAAAAAAAAAAAAAAAAAAAAAAAAAAAAAAAAAAAAAAAAAAAAAAAAAAAAAAAAAAAAAAAAAAAAAAAAAAAAAAAAAAAAAAAAAAAAAAAAAAAAAAAAAAAAAAAAAAAAAAAAAAAAAAAAAAAAAAAAAAAAAAAACGyVTBqP9kQAAAAAAAAAAAAAAAAAAAAADEzhQ6r39iQAAAAAAAAAAA6+I2GsB/TUAAAAAAAAAAAAAAAAAAAAAAAAAAAAAAAAAAAAAAAAAAAOc1donqf1NAlghU/yCAUEAAAAAAAAAAAAAAAAAAAAAAAAAAAAAAAAAAAAAAAAAAAAAAAAAAAAAAAAAAAAAAAAAAAAAAAAAAAAAAAAAAAAAAAAAAAAAAAAAAAAAAAAAAAAAAAAAAAAAAAAAAAAAAAAAAAAAAAAAAAAAAAAAAAAAAAAAAAAAAAAB2bATidX9PQAAAAAAAAAAAAAAAAAAAAAAAAAAAAAAAAAAAAAAAAAAAAtnr3R/AUEAAAAAAAAAAAAAAAAAAAAAAAAAAAAAAAAAAAAAAAAAAAAAAAAAAAAAAAAAAAAAAAAAAAAAAAAAAAAAAAAAAAAAAAAAAAAAAAAAAAAAAAAAAAAAAAAAAAAAAAAAAAAAAAAAAAAAAAAAAAAAAAAAAAAAAuRluwOf/VECGyVTBqP9kQAAAAAAAAAAAAAAAAAAAAAAAAAAAAAAAAAAAAAAAAAAAAAAAAAAAAAAAAAAAAAAAAAAAAAAAAAAAAAAAAAAAAAAAAAAAAAAAAAAAAAAAAAAAAAAAAAAAAAAAAAAAAAAAAAAAAAAAAAAAAAAAAAAAAAAAAAAAAAAAAAAAAAAAAAAAdjbknxmARUAAAAAAAAAAAAAAAAAAAAAAAAAAAAAAAAAAAAAAAAAAANC4cCAkgFxADwpK0co/XkAAAAAAAAAAAAAAAAAAAAAA4PPDCOH/XEAAAAAAAAAAAAAAAAAAAAAAAAAAAAAAAAAAAAAAAAAAAAAAAAAAAAAAAAAAAAAAAAAAAAAAAAAAAAAAAAAAAAAAAAAAAAAAAAAAAAAAAAAAABefAmA8wFRAAAAAAAAAAAAAAAAAAAAAAAAAAAAAAAAAAAAAAAAAAAAAAAAAAAAAAAAAAAAAAAAAAAAAAAAAAAAAAAAAAAAAAAAAAAAAAAAAAAAAAAAAAAAAAAAAAAAAAAAAAAAAAAAAAAAAAAAAAACO6nQg679fQAAAAAAAAAAAAAAAAAAAAAAAAAAAAAAAAAAAAAAAAAAAAAAAAAAAAAAAAAAAAAAAAAAAAAAAAAAAAAAAAAAAAAAAAAAAAAAAAAAAAAAAAAAAAAAAAAAAAAAAAAAAAAAAAAAAAAAAAAAAAAAAAAAAAAAAAAAAAAAAAAAAAAAAAAAAOkAwR4//OUAAAAAAAAAAABakGYumf0tAAAAAAAAAAAAAAAAAAAAAAPbQPlbwv2FA5/up8dJ/VUAAAAAAAAAAAAAAAAAAAAAAAAAAAAAAAAAAAAAAAAAAAAAAAAAAAAAAAAAAAAAAAAAAAAAAAAAAAAAAAAAAAAAAAAAAAAAAAAAAAAAAAAAAAAAAAAAAAAAAAAAAAAAAAAAAAAAAAAAAAAAAAAAAAAAAAAAAAAAAAAAAAAAAAAAAAAAAAAAAAAAAAAAAAAAAAAAAAAAAAAAAAEBrfvyl/0tAZOlDF9T/VUBKXp1jQKBhQAAAAAAAAAAAAAAAAAAAAAAAAAAAAAAAAAAAAAAAAAAAAAAAAAAAAAAAAAAAAAAAAAAAAAAAAAAAwD46deV/U0AAAAAAAAAAAAAAAAAAAAAAAAAAAAAAAAAAAAAAAAAAAAAAAAAAAAAAAAAAAAAAAAAHX5hMFUBSQAAAAAAAAAAAAAAAAAAAAAAAAAAAAAAAAAAAAAAAAAAAAAAAAAAAAAAAAAAAAAAAAAAAAAAAAAAAAAAAAAAAAAAAAAAAAAAAAAAAAAAAAAAAAAAAAAAAAAAAAAAAAAAAAAAAAAAAAAAAAAAAAAAAAAAAAAAAAAAAAAAAAAAAAAAAAAAAAAAAAAAAAAAAAAAAAAAAAAAAAAAAAAAAAAAAAAAAAAAAAAAAAAAAAAAAAAAAYOrnTUVAZEAAAAAAAAAAAAAAAAAAAAAAAAAAAAAAAAAAAAAAAAAAAO9UwD3P/0ZAAAAAAAAAAAAAAAAAAAAAAAAAAAAAAAAAAAAAAAAAAAAAAAAAAAAAAAAAAAAAAAAAAAAAAAAAAAAAAAAAAAAAAAAAAAAAAAAAAAAAAAAAAAAAAAAAAAAAAAAAAAAAAAAAAAAAAAAAAAAAAAAAAAAAAAAAAAAAAAAAAAAAAAAAAAD6DRMNUgAiQAAAAAAAAAAAAAAAAAAAAAAAAAAAAAAAAAAAAAAAAAAAAAAAAAAAAAAAAAAAAAAAAAAAAAAAAAAAAAAAAAAAAAAAAAAAAAAAAAAAAAAAAAAAAAAAAAAAAAAAAAAAAAAAAAAAAAAAAAAA68n8o2+ATUAAAAAAAAAAAAAAAAAAAAAAAAAAAAAAAAAAAAAAAAAAAAAAAAAAAAAAAAAAAAAAAABHOC140T9WQAAAAAAAAAAAAAAAAAAAAAAAAAAAAAAAAAAAAAAAAAAAAAAAAAAAAAAAAAAAAAAAAAAAAAAAAAAAAAAAAAAAAAAAAAAAAAAAAAAAAAAAAAAAAAAAAAAAAAAAAAAAAAAAAAAAAAAAAAAAAAAAAAAAAAAAAAAAAAAAAAAAAAAAAAAAAAAAAAAAAAAAAAAAAAAAAAAAAAAAAAAAAAAAAAAAAAAAAAAAAAAAAAAAAAAAAAAAAAAAAAAAAAAAAAAAAAAAAAtFup9TQFpAAAAAAAAAAAAAAAAAAAAAAAAAAAAAAAAAAAAAAAAAAAAAAAAAAAAAAAAAAAAAAAAAAAAAAAAAAAAAAAAAAAAAAAAAAAAAAAAAAAAAAAAAAAAAAAAAAAAAAAAAAAAAAAAAAAAAAAAAAAAAAAAAAAAAAAAAAAAAAAAAAAAAAAAAAAAAAAAAAAAAAAAAAAAAAAAA8KKvIM0/VkAAAAAAAAAAAAAAAAAAAAAAAAAAAAAAAAAAAAAAAAAAAAAAAAAAAAAAAAAAAAAAAACU3je+9j9bQAAAAAAAAAAAF0hQ/BhAYEAAAAAAAAAAAAAAAAAAAAAAjpJX5xgAUUAAAAAAAAAAAAAAAAAAAAAAAAAAAAAAAAAAAAAAAAAAAAAAAAAAAAAAAAAAAAAAAAAAAAAAAAAAAAAAAAAAAAAAAAAAAAAAAADAlezYCABKQAAAAAAAAAAAAAAAAAAAAAAAAAAAAAAAAAAAAAAAAAAAAAAAAAAAAAAAAAAAAAAAAAAAAAAAAAAAAAAAAAAAAAAAAAAAAAAAAAAAAAAAAAAAAAAAAAAAAAAAAAAAAAAAAAAAAAAAAAAAAAAAAAAAAAAAAAAAAAAAAAAAAAAAAAAAAAAAAAAAAAAAAAAAAAAAAAAAAAAAAAAAAAAAAAAAAAAAAAAAAAAAALkZbsDn/1RAAAAAAAAAAAAAAAAAAAAAAAAAAAAAAAAAAAAAAAAAAAAAAAAAAAAAAAAAAAAAAAAAAAAAAAAAAAAAAAAAAAAAAAAAAAAAAAAAAAAAAAAAAAAAAAAAAAAAAAAAAAAAAAAAAAAAAAAAAAAAAAAAAAAAAAAAAAAAAAAAAAAAAAAAAAAAAAAAAAAAAAAAAAAAAAAAAAAAAAAAAAAAAAAAAAAAAAAAAAAAAAAAAAAAAAAAAAAAAAAAAAAAAAAAAAAAAAAAAAAAAAAAAAAAAAAAAAAAAAAAAAAAAAAAAAAAAAAAAAAAAAAAAAAAAAAAAAAAAAAAAAAAAAAAAAAAAAAAAAAAAAAAAAAAAAAAAAAAAAAAAAAAAAAAAAAAAJpfzQGCQFNAAAAAAAAAAAAAAAAAAAAAAAAAAAAAAAAAAAAAAAAAAAAAAAAAAAAAAAAAAAAAAAAAAAAAAAAAAAAAAAAAAAAAAAAAAAAAAAAAAAAAAAAAAAAAAAAAAAAAAAAAAAAAAAAAAAAAAAAAAAAAAAAAAAAAABMn9zsUwGFAAAAAAAAAAAAAAAAAAAAAAAAAAAAAAAAAAAAAAAAAAAAAAAAAAAAAAAAAAAAAAAAAAAAAAAAAAAAAAAAAAAAAAAAAAAAAAAAAAAAAAAAAAAAAAAAAAAAAAAAAAAAAAAAAAAAAAAAAAAAAAAAAAAAAAAAAAAAAAAAAAAAAAAAAAAAAAAAAAAAAAAAAAAAAAAAAAAAAAAAAAAAAAAAAAAAAAHJtqBjnv1xAAAAAAAAAAAAAAAAAAAAAAAAAAAAAAAAAAAAAAAAAAAAAAAAAAAAAAAAAAAAAAAAAAAAAAAAAAAAAAAAAAAAAAAAAAAAAAAAAAAAAAAAAAAAAAAAAAAAAAAAAAAAAAAAAAAAAAAAAAAAAAAAAAAAAAAAAAAAAAAAAAAAAAAAAAAAAAAAAAAAAAAAAAAAAAAAAAAAAAAAAAAAAAAAAAAAAAAAAAAAAAAAAAAAAAAAAAAAAAAAAAAAAAAAAAAAAAAAAAAAAAAAAAAAAAAAAAAAAAAAAAAAAAAAAAAAAAAAAAAAAAAAAAAAAAAAAAAAAAAAAAAAAAAAAAAAAAAAAAAAAAAAAAAAAAAAAAAAAAAAAAAAAAAAAAAAAAOvFUE60v1pAAAAAAAAAAAAAAAAAAAAAAAAAAAAAAAAAAAAAAAAAAAAAAAAAAAAAAAAAAAAAAAAAAAAAAAAAAAAAAAAAAAAAAAAAAAAAAAAAAAAAAAAAAAAAAAAAAAAAAAAAAAAAAAAAAAAAAAAAAAAAAAAAAAAAAAAAAAAAAAAAAAAAAAAAAAAAAAAAAAAAAAAAAAAAAAAAAAAAAAAAAAAAAAAAAAAAAAAAAAAAAAAAZK93f7zfZkAAAAAAAAAAAAAAAAAAAAAAAAAAAAAAAAAAAAAAAAAAAAAAAAAAAAAAAAAAAAAAAAAAAAAAAAAAAAAAAAAAAAAAAAAAAAAAAAAAAAAAAAAAAAAAAAAAAAAAAAAAAAAAAAAAAAAAAAAAAAAAAAAAAAAAAAAAAAAAAAAAAAAAAAAAAAAAAAAAAAAAAAAAAAAAAAAAAAAAAAAAAAAAAAAAAAAAAAAAAAAAAAAAAAAAAAAAAAAAAAAAAAAAAAAAAAAAAAAAAAAAAAAAAKzFpwAYwFFAAAAAAAAAAAAAAAAAAAAAAAAAAAAAAAAAAAAAAAAAAAAAAAAAAAAAAAAAAAAAAAAAAAAAAAAAAAAAAAAAAAAAAAAAAAAAAAAAAAAAAAAAAAAAAAAAAAAAAAAAAAAAAAAAAAAAAAAAAAAAAAAAAAAAAAAAAAAAAAAAAAAAAAAAAAAAAAAAAAAAAIv9Zffkv1FAAAAAAAAAAAAAAAAAAAAAAAAAAAAAAAAAAAAAAAAAAAAAAAAAAAAAAAAAAAAAAAAAAAAAAAAAAAAAAAAAAAAAAAAAAAAAAAAAAAAAAAAAAAAAAAAAAAAAAAAAAAAAAAAAAAAAAAAAAAAAAAAAAAAAAAAAAAAAAAAAAAAAAAAAAAAZBFYOLYBRQAAAAAAAAAAAAAAAAAAAAAAAAAAAAAAAAAAAAAAAAAAAAAAAAAAAAAAAAAAAAAAAAAAAAAAAAAAAAAAAAAAAAAAAAAAAAAAAAAAAAAAAAAAAAAAAAAAAAAAAAAAAAAAAAAAAAAAAAAAAAAAAAAAAAAAAAAAAAAAAAAAAAAAAAAAAAAAAAAAAAAAAAAAAAAAAAAAAAAAAAAAAAAAAAAAAAAAAAAAAAAAAAAAAAAAAAAAAAAAAAAAAAAAAAAAAAAAAAAAAAAAAAAAAAAAAAAAAAACiX1s//X9AQAAAAAAAAAAAAAAAAAAAAAAAAAAAAAAAAAAAAAAAAAAAAAAAAAAAAAAAAAAAAAAAAAAAAAAAAAAAAAAAAAAAAAAAAAAAAAAAAAAAAAAAAAAAAAAAAAAAAAAAAAAAAAAAAAAAAAAAAAAAAAAAAAAAAAAAAAAAAAAAAAAAAAAAAAAAAAAAAAAAAAAAAAAAAAAAAAAAAAAAAAAAAAAAAAAAAAAAAAAAAAAAAAAAAAAAAAAAAAAAAAAAAAAAAAAAAAAAAAAAAAAAAAAAAAAAAAAAAAAAAAAAAAAAAAAAAAAAAAAAAAAAAAAAAAAAAAAAAAAAAAAAAAAAAAAAAAAAAAAAAAAAAAAAAAAAAAAAAAAAAAAAAAAAAAAAAAAAAAAAAAAAACApIsMqQFBAAAAAAAAAAAAAAAAAAAAAAAAAAAAAAAAAAAAAAAAAAAAAAAAAAAAAAAAAAAAAAAAAAAAAAAAAAAAAAAAAAAAAAAAAAAAAAAAAAAAAAAAAAABk6UMX1H9TQAAAAAAAAAAAAAAAAAAAAAAAAAAAAAAAAAAAAAAAAAAAAAAAAAAAAAAAAAAAAAAAAAAAAAAAAAAAAAAAAAAAAAAAAAAAAAAAAAAAAAAAAAAAAAAAAAAAAAAAAAAAAAAAAAAAAAAAAAAAAAAAAAAAAAAAAAAAAAAAAAAAAAAAAAAAAAAAAAAAAAAAAAAAAAAAAAAAAAAAAAAAAAAAAAAAAAAAAAAAAAAAAAAAAAAAAAAAZ7lsdM7/IUAAAAAAAAAAAAAAAAAAAAAAAAAAAAAAAAAAAAAAAAAAAAAAAAAAAAAAAAAAAAAAAAAAAAAAAAAAAHkGDf0TgE9AAAAAAAAAAAAAAAAAAAAAAAAAAAAAAAAAAAAAAAAAAAAAAAAAAAAAAAAAAAAAAAAAAAAAAAAAAAAAAAAAAAAAAAAAAAAAAAAAAAAAAAAAAAAAAAAAAAAAAAAAAAAAAAAAAAAAAAAAAAAAAAAAAAAAAAAAAAAAAAAAAAAAAAAAAAAAAAAAAAAAAAAAAAAAAAAAAAAAAAAAAAAAAAAAAAAAAAAAAAAAAAAAAAAAAAAAAAAAAAAAAAAAAAAAAAAAAAAAAAAAAAAAAAAAAAAAAAAAAAAAAAAAAAAAAAAAAAAAAAAAAAAAAAAAAHZUNUHU/0VAAAAAAAAAAAAAAAAAAAAAAAAAAAAAAAAAAAAAAAAAAAAAAAAAAAAAAAAAAAAAAAAAAAAAAAAAAAAAAAAAAAAAAAAAAAAAAAAAAAAAAAAAAACOO6WD9T9ZQAAAAAAAAAAAAAAAAAAAAAAAAAAAAAAAAAAAAAAAAAAAAAAAAAAAAAAAAAAAAAAAAAAAAAAAAAAAAAAAAAAAAAAAAAAAAAAAAAAAAAAAAAAAAAAAAAAAAAAAAAAAAAAAAAAAAAAAAAAAAAAAAAAAAAAAAAAAAAAAAAAAAAAAAAAAAAAAAAAAAAAAAAAAAAAAAAAAAAAAAAAAAAAAAAAAAAAAAAAAAAAAAAAAAAAAAAAAAAAAAAAAAACU3je+9r9YQAAAAAAAAAAAAAAAAAAAAAAAAAAAAAAAAAAAAAAAAAAAAAAAAAAAAAAAAAAAAAAAAAAAAAAAAAAAAAAAAAAAAAAAAAAAAAAAAAAAAAAAAAAAAAAAAAAAAAAAAAAAAAAAAAAAAAAAAAAAAAAAAAAAAAAAAAAAAAAAAAAAAAAAAAAAAAAAAAAAAAAAAAAAAAAAAAAAAAAAAAAAAAAAAAAAAAAAAAAAAAAAAAAAAAAAAAAA325JDtg/XEAAAAAAAAAAAAAAAAAAAAAAAAAAAAAAAAAAAAAAAAAAAAAAAAAAAAAAAAAAAAAAAAAAAAAAAAAAAAAAAAAAAAAAAAAAAAAAAAAAAAAAAAAAAAAAAAAAAAAAAAAAAAAAAAAAAAAAAAAAAAAAAAAAAAAAAAAAAAAAAAAAAAAAAAAAAAAAAAAAAAAAAAAAAAAAAAAAAAAAAAAAAAAAAAAAAAAAAAAAAAAAAAAAAAAAAAAAAAAAAAAAAAAAZ7lsdM7/IUCH+fIC7P9TQAAAAAAAAAAAAAAAAAAAAAAAAAAAAAAAAAAAAAAAAAAAAAAAAAAAAAAAAAAAAAAAAAAAAAAAAAAAsOO/QBAAJkAAAAAAAAAAAAAAAAAAAAAAAAAAAAAAAAAAAAAAAAAAAAAAAAAAAAAAAAAAAAAAAAAAAAAAAAAAAAAAAAAAAAAAAAAAAAAAAAAAAAAAAAAAAAAAAAAAAAAAAAAAAAAAAAAAAAAAAAAAAAAAAAAAAAAAAAAAAAAAAAAivhOzXkBoQAAAAAAAAAAAAAAAAAAAAAAAAAAAAAAAAAAAAAAAAAAAAAAAAAAAAAAAAAAAAAAAAAAAAAAAAAAAAAAAAAAAAAAAAAAAAAAAAAAAAAAAAAAAAAAAAAAAAAAAAAAAAAAAAAAAAAAAAAAAAAAAAAAAAAAAAAAAAAAAAAAAAAAAAAAAAAAAAAAAAAAAAAAAAAAAAAAAAAAAAAAAAAAAAAAAAAAAAAAAAAAAAAAAAAAAAAAAtKuQ8hNgbUAAAAAAAAAAAAAAAAAAAAAANpNvtrkfYEAAAAAAAAAAAAAAAAAAAAAAAAAAAAAAAAAAAAAAAAAAAAAAAAAAAAAAAAAAAAAAAAAAAAAAAAAAAAAAAAAAAAAAAAAAAAAAAAAAAAAAAAAAAAAAAAAAAAAAAAAAAAAAAAAAAAAAAAAAAAAAAAAAAAAAAAAAAAAAAAAAAAAAAAAAAAAAAAAAAAAAAAAAAAAAAAAAAAAAAAAAAAAAAAAAAAAAAAAAAAAAAABYxRuZRwBXQLa+SGjLP1BASFD8GHO/VkAAAAAAAAAAAAAAAAAAAAAAAAAAAAAAAAAAAAAAAAAAAAAAAAAAAAAAAAAAAAAAAAAAAAAAAAAAAAAAAAAAAAAAAAAAAAAAAAAAAAAAAAAAAAAAAAAAAAAAAAAAAAAAAAAAAAAAAAAAAAAAAAAAAAAAAAAAAAAAAAAPuRluwH9GQAAAAAAAAAAAAAAAAAAAAAAAAAAAAAAAAAAAAAAAAAAApFNXPst/UUDcupunOgBMQAAAAAAAAAAAAAAAAAAAAAAAAAAAAAAAAAAAAAAAAAAAAAAAAAAAAAAAAAAAAAAAAAAAAAAAAAAAAAAAAAAAAAAAAAAAAAAAAAAAAAAAAAAAAAAAAAAAAACU3je+9r9WQAAAAAAAAAAAAAAAAAAAAAAAAAAAAAAAAAAAAAAAAAAAAAAAAAAAAAAAAAAAAAAAAAAAAAAAAAAAAAAAAAAAAAAAAAAAAAAAAI9wWvCi/0hAotEdxE7Ad0AS2nIuxb9aQAAAAAAAAAAAAAAAAAAAAAAAAAAAAAAAAAAAAAAAAAAAAAAAAAAAAAAAAAAAAAAAAAAAAAAAAAAAAAAAAAAAAAAAAAAAAAAAAAAAAAAAAAAAAAAAAAAAAAAAAAAAAAAAAAAAAAAAAAAAAAAAAAAAAAAAAAAAAAAAAAAAAAAAAAAAAAAAAAAAAAAAAAAAAAAAAAAAAAAAAAAAAAAAAAAAAAAAAAAAAAAAAAAAAAAAAAAAxNMrZZlPfkDMs5JWvA92QHztmSUBAFJAAAAAAAAAAAAAAAAAAAAAAAAAAAAAAAAAAAAAAAAAAAAAAAAAAAAAAAAAAAAAAAAAAAAAAAAAAAAAAAAAAAAAAAAAAAAAAAAAAAAAAAAAAAAAAAAAAAAAAAAAAAAAAAAAAAAAAAAAAAAAAAAAAAAAAAAAAAAAAAAAAAAAAAAAAAAAAAAAAAAAAAAAAAAAAAAAAAAAAAAAAAAAAAAAAAAAALpJDAIrQFdAIoeImxPgcUA75Ga4ARB0QAAAAAAAAAAAAAAAAAAAAAAAAAAAAAAAAAAAAAAAAAAAAAAAAAAAAAAAAAAAAAAAAAAAAAAAAAAAAAAAAAAAAAAAAAAAAAAAAAAAAAAAAAAAAAAAAAAAAAAAAAAAAAAAAAAAAAAAAAAAAAAAAAAAAAAAAAAAAAAAAAAAAAAAAAAAAAAAAAAAAAAAAAAAAAAAAAAAAAAAAAAAAAAAAAAAAAAAAAAAAAAAAEP/BBcrQFxAoPgx5u4vikCQ+1brRCB0QIi85erHv11AAAAAAAAAAAAAAAAAAAAAAAAAAAAAAAAAAAAAAAAAAAAAAAAAAAAAAAAAAAAAAAAAAAAAAAAAAAAAAAAAAAAAAAAAAAAAAAAAAAAAAAAAAAAAAAAAAAAAAAAAAAAAAAAAAAAAAAAAAAAAAAAAAAAAAAAAAAAAAAAAAAAAAAAAAAAAAAAAAAAAAAAAAAAAAAAAAAAAAAAAAAAuxVVl3z9dQK4q+64I0HZA6spned67l0D3zJIA1UuRQKyowTQM0H9AAAAAAAAAAAAAAAAAAAAAAAAAAAAAAAAAAAAAAAAAAAAAAAAAAAAAAAAAAAAAAAAAAAAAAAAAAAAAAAAAAAAAAAAAAAAAAAAAAAAAAAAAAAAAAAAAAAAAAAAAAAAAAAAAAAAAAAAAAAAAAAAAAAAAAAAAAAAAAAAAAAAAAAAAAAAAAAAAAAAAAAAAAAAAAAAAAAAAAAAAAAD+DkWBPsBXQAiPNo7Y33JAiBbZzhf8kkBVn6utGLyWQIXsvI3Nf2NAAAAAAAAAAAAAAAAAAAAAAAAAAAAAAAAAZ9ZSQNp/XkAAAAAAAAAAAAAAAAAAAAAAAAAAAAAAAAAAAAAAAAAAAAAAAAAAAAAAAAAAAAAAAAAAAAAAAAAAAAAAAAAAAAAAAAAAAAAAAAAAAAAAAAAAAAAAAAAAAAAAAAAAAAAAAAAAAAAAAAAAAAAAAAAAAAAAAAAAAAAAAAAj88gfDABMQMmOjUD8/3xAnRGlveFHlEC7YduizGeLQK7wLhcxkIdAAAAAAAAAAAAAAAAAAAAAAAAAAAAAAAAAAAAAAAAAAAAAAAAAAAAAAAAAAAAAAAAAAAAAAAAAAAAAAAAAAAAAAAAAAAAAAAAAAAAAAAAAAAAAAAAAAAAAAAAAAAAAAAAAAAAAAAAAAAAAAAAAAAAAAAAAAAAAAAAAAAAAAAAAAAAAAAAAAAAAAAAAAAAAAAAAAAAAAAAAAADRr62f/u9wQCCA1CbOX3hA0xOWeAD0nUDl8h/Sz6eXQAA6zJcXsH5AAAAAAAAAAAAAAAAAAAAAAAAAAAAAAAAAAAAAAAAAAAAAAAAAAAAAAAAAAAAAAAAAAAAAAAAAAAAAAAAAAAAAAAAAAAAAAAAAiIVa07x/YUAAAAAAAAAAAAAAAAAAAAAAAAAAAAAAAAAAAAAAAAAAAAAAAAAAAAAAAAAAAAAAAAAAAAAAAAAAAAAAAAAAAAAAAAAAAAAAAACSrpl8809yQIwtBDnIt5NAHT1+bwOKqUD7y+7JAwCjQAfr/xwmEIpAAAAAAAAAAAAAAAAAAAAAAPCiryDNf2BAAAAAAAAAAAChFK3cCwBHQAAAAAAAAAAAAAAAAAAAAAAAAAAAAAAAAAAAAAAAAAAAAAAAAAAAAAAAAAAAAAAAAAAAAAAAAAAAAAAAAAAAAAAAAAAAAAAAAAAAAAAAAAAAAAAAAAAAAAAAAAAAAAAAAAAAAAAAAAAAAAAAAAAAAAByFYvfFIBfQLO0U3P5H5FAGqiMf/+rmUCDhv4JDlqjQDAS2nIOhJBAAAAAAAAAAAAAAAAAAAAAACs1e6AVAFFAF7fRAN6/VUAAAAAAAAAAAAAAAAAAAAAAggLv5NP/NUAAAAAAAAAAAKhXyjJEgGFAAAAAAAAAAAAAAAAAAAAAAAAAAAAAAAAAAAAAAAAAAAAAAAAAAAAAAAAAAAAAAAAAAAAAAAAAAAAAAAAAAAAAAAAAAAAAAAAAyeU/pN8/b0AAAAAAAAAAAEex3NLKl5pAECOER/t/rUCCkCxgEmymQBkhPNo4gIhAXTP5Zpt/RkAAAAAAAAAAAAAAAAAAAAAAAAAAAAAAAAAAAAAAAAAAAAAAAAAAAAAAAAAAAAAAAAAAAAAAAAAAAAAAAAAAAAAAAAAAAAAAAAAAAAAAAAAAAGuad5yiv1pAAAAAAAAAAAAAAAAAAAAAAAAAAAAAAAAAAAAAAAAAAAAAAAAAAAAAAAAAAAAAAAAAAAAAAAAAAADEt7BuvD9dQHxhMlXwy5JApI0j1gJSrEA2yCQj5wGoQKN1VDUBeJNAstmR6jugbkAAAAAAAAAAAAAAAAAAAAAAFHXmHhKAS0AAAAAAAAAAAAAAAAAAAAAAAAAAAAAAAAAAAAAAAAAAAEfJq3MMgFBAAAAAAAAAAAAAAAAAAAAAAAAAAAAAAAAAAAAAAAAAAAAAAAAAAAAAAAAAAAAAAAAAAAAAAAAAAAAAAAAAAAAAAAAAAAAAAAAAAAAAAAAAAACHqMKf4f9eQL2pSIUxgH9AeVioNf3DpkBk5CzsCTqoQO9yEd8p9JZACBueXimgZkAAAAAAAAAAAAAAAAAAAAAAAAAAAAAAAAAAAAAAAAAAANOjqZ7M/09AAAAAAAAAAAAAAAAAAAAAAJpfzQGCQFNAomKcvwkgYkAAAAAAAAAAAAAAAAAAAAAAAAAAAAAAAAAAAAAAAAAAAAAAAAAAAAAAAAAAAAAAAAAAAAAAAAAAAAAAAAAAAAAAAAAAAAAAAAAFwHgGDSBnQGBZaVIKeJRArHMMyP7Lq0DmszwP/p2mQPlrskY9uIlAmGn7V1aAUkDlJ9U+HQBQQA5KmGn7v2BA4NbdPNX/VUAAAAAAAAAAAO7O2m0XwF9AAAAAAAAAAAAAAAAAAAAAAKvOaoE9gE5AAAAAAAAAAAAAAAAAAAAAAAAAAAAAAAAAAAAAAAAAAAAAAAAAAAAAAAAAAAAAAAAAAAAAAAAAAAAAAAAAAAAAAAAAAAAAAAAAAAAAAAAAAAAIG55eKdB5QBCSBUwAWJdAaeOItQj0pUDMejGUI/KiQBNhw9ML+JhAMrCO44eAT0AeGavN/39oQAAAAAAAAAAAAAAAAAAAAAAAAAAAAAAAAAAAAAAAAAAAAAAAAAAAAABPIy2Vtz9SQFdD4h5Lf1dAAAAAAAAAAAAAAAAAAAAAAAAAAAAAAAAAAAAAAAAAAAAAAAAAAAAAAAAAAAAAAAAAAAAAAAAAAAAAAAAAAAAAAAAAAAAAAAAAAAAAAAAAAAD4/DBC+L90QMo329wYqIdAsdzSaggApkAIWoEh64OrQE6XxcTmh5ZAIPDAAMLfZEBevvVhvf9LQAAAAAAAAAAAaFvNOuP/PkDyQc9m1f88QPUQje4ggFBAAAAAAAAAAAAAAAAAAAAAAAAAAAAAAAAAeHsQAvJ/VEAAAAAAAAAAAAAAAAAAAAAAAAAAAAAAAAAAAAAAAAAAAAAAAAAAAAAAAAAAAAAAAAAAAAAAAAAAAAAAAAAAAAAAAAAAAAAAAABBmrFoOuBkQKMG0zD8z4FARYE+kbcDqUChZ7Pq48WmQD2Dhv5JeI9ABBxClTp4gEBevvVhvf9LQAAAAAAAAAAAegCL/Pp/REDDgvsBD4BWQAAAAAAAAAAA3EYDeAvgYEAAAAAAAAAAAAAAAAAAAAAAAAAAAAAAAAAAAAAAAAAAAAAAAAAAAAAAAAAAAAAAAAAAAAAAAAAAAAAAAAAAAAAAAAAAAAAAAAAAAAAAAAAAAAAAAAAAAAAAAAAAAAAAAAAAAAAAAAAAAP/KSpPyg5VAJgFqajkIqEBO0ZFc7v+gQCY2H9fGh4ZAbAcj9um3hEDJdr6fGsBRQAAAAAAAAAAAAAAAAAAAAABos+pztb9WQAAAAAAAAAAAAAAAAAAAAAAAAAAAAAAAAAAAAAAAAAAAAAAAAAAAAAAAAAAAAAAAAAAAAAAAAAAAAAAAAAAAAAAAAAAAAAAAAAAAAAAAAAAAAAAAAAAAAAAAAAAAAAAAAAAAAAAAAAAAAAAAAAAAAAAAAAAAAAAAAPTDCOHRN4pAU7MHWgGYnUBeukkMwl+oQIfe4uH9z4ZAw552+Ou/dEDhe3+D9t9oQAAAAAAAAAAAAAAAAAAAAAAAAAAAAAAAADqNtFTef21A6j4AqU0ASUAAAAAAAAAAAAAAAAAAAAAAAAAAAAAAAAAAAAAAAAAAAAAAAAAAAAAAAAAAAAAAAAAAAAAAAAAAAAAAAAAAAAAAAAAAAAAAAAAAAAAAAAAAAAAAAAAAAAAAAAAAAAAAAACRfvs6cIBbQPOrOUDwr4BA3+ALkwkWoUC8rl+w61ejQOIjYkokaIxAufscHy2AVUBv9Zz0vr9YQAAAAAAAAAAAXMmOjUAATUAAAAAAAAAAACR/MPDcf1FAAAAAAAAAAAAAAAAAAAAAAAAAAAAAAAAAAAAAAAAAAAAFTraBOwBOQAAAAAAAAAAAAAAAAAAAAAAAAAAAAAAAAAAAAAAAAAAAAAAAAAAAAAAAAAAAAAAAAAAAAAAAAAAAAAAAAAAAAABaR1UTRGBrQAAAAAAAAAAAPGu3XeiLlUB5HtydBfaiQGTMXUvID3NAdAtdicAfbEAVjbW/s/9IQAAAAAAAAAAAI/PIHwwAUkAAAAAAAAAAAAAAAAAAAAAAAAAAAAAAAAAAAAAAAAAAAAAAAAAAAAAAAAAAAAAAAAAAAAAAAAAAAAAAAAAAAAAAAAAAAAAAAAAAAAAAAAAAAAAAAAAAAAAAAAAAAAAAAAAAAAAAAAAAAAAAAAAAAAAAAAAAAAAAAAAAAAAAAAAAACEFTyHXH3pAIjfDDfhvmkDRP8HFCpyVQGTMXUvID3NADvPlBdhfZEAHtkqwOMBQQAAAAAAAAAAAAAAAAAAAAAAAAAAAAAAAAFzJjo1AgEhAfNXKhF/AWUAAAAAAAAAAAAAAAAAAAAAAAAAAAAAAAAAAAAAAAAAAAAAAAAAAAAAAAAAAAAAAAAAAAAAAAAAAAAAAAAAAAAAAAAAAAAAAAAAAAAAAAAAAAAAAAAAAAAAAAAAAAAAAAAAAAAAAAAAAAD1EozsIgGRAfPKwUMt3lUCT+x2KQtybQKuVCb/UP1FAAAAAAAAAAAC/K4L/LcB1QAAAAAAAAAAAAAAAAAAAAADSqSuf5f9bQFysqME0QFdACaUvhJx/SkAAAAAAAAAAAAAAAAAAAAAAAAAAAAAAAAAGD9O+uf9JQAAAAAAAAAAAAAAAAAAAAAAAAAAAAAAAAAAAAAAAAAAAAAAAAAAAAAAAAAAAAAAAAAAAAAAAAAAAAAAAAAAAAAAAAAAAAAAAAAAAAAAAAAAAbqgY56/jmECzmNh8HLyRQPmDgefef0pAAAAAAAAAAAAAAAAAAAAAAAAAAAAAAAAA61bPSe//VEAAAAAAAAAAAAAAAAAAAAAAAAAAAAAAAAAAAAAAAAAAAAAAAAAAAAAAAAAAAAAAAAAAAAAAAAAAAAAAAAAAAAAAAAAAAAAAAAAAAAAAAAAAAAAAAAAAAAAAAAAAAAAAAAAAAAAAAAAAAAAAAAAAAAAAAAAAAAAAAAAAAAAAAAAAAGRA9nr3f2VAAYdQpeangkCOAdnrHeCBQAAAAAAAAAAADYl7LD2AckAAAAAAAAAAAAAAAAAAAAAAAAAAAAAAAAAAAAAAAAAAAAAAAAAAAAAA6j4AqU0ASUAAAAAAAAAAAAAAAAAAAAAAAAAAAAAAAAAAAAAAAAAAACP5SiAlAFtAAAAAAAAAAAAAAAAAAAAAAAAAAAAAAAAAAAAAAAAAAAAAAAAAAAAAAAAAAAAAAAAAAAAAAAAAAAAAAAAAAAAAAAAAAAAAAAAAGJrrNBKQiUBC0NGqlq9+QGsOEMzR/1hAAAAAAAAAAAAAAAAAAAAAAAAAAAAAAAAAAAAAAAAAAAAAAAAAAAAAAAAAAAAAAAAA2PFfIAgAN0AAAAAAAAAAAAAAAAAAAAAAAAAAAAAAAAAAAAAAAAAAAAAAAAAAAAAAAAAAAAAAAAAAAAAAAAAAAAAAAAAAAAAAAAAAAAAAAAAAAAAAAAAAAAAAAAAAAAAAAAAAAAAAAAAAAAAAAAAAAAAAAAAAAAAAsmMjEO/vdUC6u86G/D9qQAAAAAAAAAAA1dAGYAMATED1EI3uIEBWQAAAAAAAAAAAAAAAAAAAAAAAAAAAAAAAAAAAAAAAAAAAAAAAAAAAAAAAAAAAAAAAAAAAAAAAAAAAAAAAAAAAAAAAAAAAAAAAAAAAAAAAAAAAAAAAAAAAAAAAAAAAAAAAAAAAAAAAAAAAAAAAAAAAAAAAAAAAAAAAAAAAAAAAAAAAAAAAAAAAAAAAAAAAAAAAAAAAAAAAAAAAqbwd4bQfaEBWn6ut2D9hQAAAAAAAAAAAeQYN/RNAVUAAAAAAAAAAAAAAAAAAAAAAAAAAAAAAAAAAAAAAAAAAAAAAAAAAAAAAAAAAAAAAAAAAAAAAAAAAAAAAAAAAAAAAAAAAAAAAAAAAAAAAAAAAABe6EoHq/zNAAAAAAAAAAAAAAAAAAAAAAAAAAAAAAAAAAAAAAAAAAAAAAAAAAAAAAAAAAAAAAAAAAAAAAAAAAAAAAAAAAAAAAAAAAAAAAAAAY+5aQj6AQUAAAAAAAAAAAAAAAAAAAAAAGM+goX8/XkAAAAAAAAAAAAAAAAAAAAAAAAAAAAAAAAAAAAAAAAAAAAAAAAAAAAAAAAAAAAAAAAAAAAAAAAAAAAAAAAAAAAAAAAAAAAAAAAAAAAAAAAAAAAAAAAAAAAAAAAAAAAAAAAAAAAAAAAAAAAAAAAAAAAAAAAAAAAAAAAAAAAAAAAAAAAAAAAAAAAAAAAAAAAAAAAAAAAAAAAAAAAAAAAAAAAAALjnulA7AUkAAAAAAAAAAAAAAAAAAAAAAAAAAAAAAAAAAAAAAAAAAAAAAAAAAAAAAAAAAAAAAAAAAAAAAAAAAAAAAAAAAAAAAAAAAAAAAAAAAAAAAAAAAAAAAAAAAAAAAAAAAAAAAAAAAAAAAAAAAAAAAAAAAAAAA9aJ2vwqAREAAAAAAAAAAAAAAAAAAAAAAAAAAAAAAAAAAAAAAAAAAAAAAAAAAAAAAAAAAAAAAAAAAAAAAAAAAAAAAAAAAAAAAAAAAAAAAAAAAAAAAAAAAAAAAAAAAAAAAAAAAAAAAAAAAAAAAAAAAAAAAAAAAAAAAAAAAAAAAAAAAAAAAAAAAAAAAAAAAAAAAAAAAAAAAAAAAAAAAAAAAAAAAAAAAAAAAAAAAAAAAAAAAAAAAAAAAAJ2FPe3w/1BA","dtype":"float64","order":"little","shape":[94,24]}]},"selected":{"id":"24089"},"selection_policy":{"id":"24088"}},"id":"23815","type":"ColumnDataSource"},{"attributes":{"palette":["#ffffff","#fffffd","#fffffb","#fffff9","#fffff7","#fffff4","#fffff3","#fffff1","#ffffef","#ffffed","#ffffeb","#ffffe9","#ffffe6","#ffffe4","#ffffe3","#ffffe1","#ffffdf","#ffffdd","#ffffdb","#ffffd9","#ffffd7","#ffffd4","#ffffd3","#ffffd1","#ffffcf","#ffffcd","#ffffcb","#ffffc9","#ffffc6","#ffffc4","#ffffc3","#ffffc1","#ffffbf","#ffffbd","#ffffbb","#ffffb9","#ffffb7","#ffffb5","#ffffb3","#ffffb1","#ffffaf","#ffffad","#ffffab","#ffffa8","#ffffa6","#ffffa4","#ffffa3","#ffffa1","#ffff9f","#ffff9d","#ffff9b","#ffff99","#ffff97","#ffff95","#ffff93","#ffff91","#ffff8f","#ffff8d","#ffff8b","#ffff88","#ffff86","#ffff84","#ffff83","#ffff81","#fffe7f","#fffc7d","#fffa7b","#fff879","#fff677","#fff475","#fff272","#fff071","#ffee6f","#ffec6d","#ffea6b","#ffe868","#ffe666","#ffe464","#ffe262","#ffe061","#ffde5f","#ffdc5d","#ffda5b","#ffd859","#ffd657","#ffd455","#ffd252","#ffd051","#ffce4f","#ffcc4d","#ffca4b","#ffc848","#ffc646","#ffc444","#ffc242","#ffc041","#ffbe3f","#ffbc3d","#ffba3b","#ffb839","#ffb637","#ffb435","#ffb232","#ffb030","#ffae2f","#ffac2d","#ffaa2b","#ffa828","#ffa626","#ffa424","#ffa222","#ffa020","#ff9e1f","#ff9c1d","#ff9a1b","#ff9819","#ff9617","#ff9415","#ff9212","#ff9010","#ff8e0f","#ff8c0d","#ff8a0b","#ff8808","#ff8606","#ff8404","#ff8202","#ff8000","#fe7e00","#fc7c00","#fa7a00","#f87800","#f67600","#f37400","#f27200","#f07000","#ee6e00","#ec6c00","#ea6a00","#e86800","#e56600","#e36400","#e26200","#e06000","#de5e00","#dc5c00","#da5a00","#d85800","#d65600","#d35400","#d25200","#d05000","#ce4e00","#cc4c00","#ca4a00","#c84800","#c54600","#c34400","#c24200","#c04000","#be3e00","#bc3c00","#ba3a00","#b83800","#b63600","#b33400","#b23200","#b03000","#ae2e00","#ac2c00","#aa2a00","#a82800","#a52600","#a32400","#a22200","#a02000","#9e1e00","#9c1c00","#9a1a00","#981800","#961600","#931400","#921200","#901000","#8e0e00","#8c0c00","#8a0a00","#880800","#850600","#830400","#820200","#800000","#7e0000","#7c0000","#7a0000","#780000","#760000","#730000","#710000","#700000","#6e0000","#6c0000","#6a0000","#680000","#650000","#630000","#610000","#600000","#5e0000","#5c0000","#5a0000","#580000","#560000","#530000","#510000","#500000","#4e0000","#4c0000","#4a0000","#480000","#450000","#430000","#410000","#400000","#3e0000","#3c0000","#3a0000","#380000","#360000","#330000","#310000","#300000","#2e0000","#2c0000","#2a0000","#280000","#250000","#230000","#210000","#200000","#1e0000","#1c0000","#1a0000","#180000","#160000","#130000","#110000","#100000","#0e0000","#0c0000","#0a0000","#080000","#050000","#030000","#010000","#000000"]},"id":"23817","type":"LinearColorMapper"},{"attributes":{"axis":{"id":"23793"},"coordinates":null,"dimension":1,"group":null,"ticker":null,"visible":false},"id":"23796","type":"Grid"},{"attributes":{},"id":"23798","type":"WheelZoomTool"},{"attributes":{"coordinates":null,"group":null,"text":"Subtitle | MS2 | y4^1 | 504.2664 m/z","text_font_style":"italic"},"id":"23814","type":"Title"},{"attributes":{},"id":"23785","type":"LinearScale"},{"attributes":{},"id":"23779","type":"CrosshairTool"},{"attributes":{},"id":"24087","type":"AllLabels"},{"attributes":{"axis_label":"Retention time (s)","coordinates":null,"formatter":{"id":"24086"},"group":null,"major_label_policy":{"id":"24087"},"ticker":{"id":"23790"}},"id":"23789","type":"LinearAxis"},{"attributes":{"source":{"id":"23815"}},"id":"23826","type":"CDSView"},{"attributes":{"palette":["#ffffff","#fffffd","#fffffb","#fffff9","#fffff7","#fffff4","#fffff3","#fffff1","#ffffef","#ffffed","#ffffeb","#ffffe9","#ffffe6","#ffffe4","#ffffe3","#ffffe1","#ffffdf","#ffffdd","#ffffdb","#ffffd9","#ffffd7","#ffffd4","#ffffd3","#ffffd1","#ffffcf","#ffffcd","#ffffcb","#ffffc9","#ffffc6","#ffffc4","#ffffc3","#ffffc1","#ffffbf","#ffffbd","#ffffbb","#ffffb9","#ffffb7","#ffffb5","#ffffb3","#ffffb1","#ffffaf","#ffffad","#ffffab","#ffffa8","#ffffa6","#ffffa4","#ffffa3","#ffffa1","#ffff9f","#ffff9d","#ffff9b","#ffff99","#ffff97","#ffff95","#ffff93","#ffff91","#ffff8f","#ffff8d","#ffff8b","#ffff88","#ffff86","#ffff84","#ffff83","#ffff81","#fffe7f","#fffc7d","#fffa7b","#fff879","#fff677","#fff475","#fff272","#fff071","#ffee6f","#ffec6d","#ffea6b","#ffe868","#ffe666","#ffe464","#ffe262","#ffe061","#ffde5f","#ffdc5d","#ffda5b","#ffd859","#ffd657","#ffd455","#ffd252","#ffd051","#ffce4f","#ffcc4d","#ffca4b","#ffc848","#ffc646","#ffc444","#ffc242","#ffc041","#ffbe3f","#ffbc3d","#ffba3b","#ffb839","#ffb637","#ffb435","#ffb232","#ffb030","#ffae2f","#ffac2d","#ffaa2b","#ffa828","#ffa626","#ffa424","#ffa222","#ffa020","#ff9e1f","#ff9c1d","#ff9a1b","#ff9819","#ff9617","#ff9415","#ff9212","#ff9010","#ff8e0f","#ff8c0d","#ff8a0b","#ff8808","#ff8606","#ff8404","#ff8202","#ff8000","#fe7e00","#fc7c00","#fa7a00","#f87800","#f67600","#f37400","#f27200","#f07000","#ee6e00","#ec6c00","#ea6a00","#e86800","#e56600","#e36400","#e26200","#e06000","#de5e00","#dc5c00","#da5a00","#d85800","#d65600","#d35400","#d25200","#d05000","#ce4e00","#cc4c00","#ca4a00","#c84800","#c54600","#c34400","#c24200","#c04000","#be3e00","#bc3c00","#ba3a00","#b83800","#b63600","#b33400","#b23200","#b03000","#ae2e00","#ac2c00","#aa2a00","#a82800","#a52600","#a32400","#a22200","#a02000","#9e1e00","#9c1c00","#9a1a00","#981800","#961600","#931400","#921200","#901000","#8e0e00","#8c0c00","#8a0a00","#880800","#850600","#830400","#820200","#800000","#7e0000","#7c0000","#7a0000","#780000","#760000","#730000","#710000","#700000","#6e0000","#6c0000","#6a0000","#680000","#650000","#630000","#610000","#600000","#5e0000","#5c0000","#5a0000","#580000","#560000","#530000","#510000","#500000","#4e0000","#4c0000","#4a0000","#480000","#450000","#430000","#410000","#400000","#3e0000","#3c0000","#3a0000","#380000","#360000","#330000","#310000","#300000","#2e0000","#2c0000","#2a0000","#280000","#250000","#230000","#210000","#200000","#1e0000","#1c0000","#1a0000","#180000","#160000","#130000","#110000","#100000","#0e0000","#0c0000","#0a0000","#080000","#050000","#030000","#010000","#000000"]},"id":"23823","type":"LinearColorMapper"},{"attributes":{"coordinates":null,"data_source":{"id":"23815"},"glyph":{"id":"23816"},"group":null,"hover_glyph":null,"muted_glyph":{"id":"23822"},"nonselection_glyph":{"id":"23819"},"view":{"id":"23826"}},"id":"23825","type":"GlyphRenderer"},{"attributes":{"color_mapper":{"id":"23817"},"dh":{"value":0.14730080000000012},"dw":{"value":41.40431890415039},"image":{"field":"image"},"x":{"value":6225.11081679484},"y":{"value":0.8786016}},"id":"23816","type":"Image"},{"attributes":{"above":[{"id":"23814"}],"below":[{"id":"23789"}],"center":[{"id":"23792"},{"id":"23796"}],"left":[{"id":"23793"}],"renderers":[{"id":"23825"}],"title":{"id":"23811"},"toolbar":{"id":"23804"},"x_range":{"id":"23781"},"x_scale":{"id":"23785"},"y_range":{"id":"23783"},"y_scale":{"id":"23787"}},"id":"23780","subtype":"Figure","type":"Plot"},{"attributes":{},"id":"23790","type":"BasicTicker"},{"attributes":{"tools":[{"id":"23797"},{"id":"23798"},{"id":"23799"},{"id":"23800"},{"id":"23801"},{"id":"23802"},{"id":"23827"},{"id":"23779"}]},"id":"23804","type":"Toolbar"},{"attributes":{},"id":"24084","type":"AllLabels"},{"attributes":{"end":6266.51513569899,"start":6225.11081679484},"id":"23781","type":"Range1d"},{"attributes":{"bottom_units":"screen","coordinates":null,"fill_alpha":0.5,"fill_color":"lightgrey","group":null,"left_units":"screen","level":"overlay","line_alpha":1.0,"line_color":"black","line_dash":[4,4],"line_width":2,"right_units":"screen","syncable":false,"top_units":"screen"},"id":"23803","type":"BoxAnnotation"},{"attributes":{},"id":"23787","type":"LinearScale"},{"attributes":{"axis_label":"Ion mobility (1/K0)","coordinates":null,"formatter":{"id":"24083"},"group":null,"major_label_policy":{"id":"24084"},"ticker":{"id":"23794"}},"id":"23793","type":"LinearAxis"}],"root_ids":["23780"]},"title":"Bokeh Application","version":"2.4.3"}}
    </script>
    <script type="text/javascript">
      (function() {
        const fn = function() {
          Bokeh.safely(function() {
            (function(root) {
              function embed_document(root) {
              const docs_json = document.getElementById('24223').textContent;
              const render_items = [{"docid":"80e3d891-0f46-45cf-b96b-a9052bdd1b8d","root_ids":["23780"],"roots":{"23780":"298ca4ed-2d70-41b4-81b8-a3a670758ad1"}}];
              root.Bokeh.embed.embed_items(docs_json, render_items);
              }
              if (root.Bokeh !== undefined) {
                embed_document(root);
              } else {
                let attempts = 0;
                const timer = setInterval(function(root) {
                  if (root.Bokeh !== undefined) {
                    clearInterval(timer);
                    embed_document(root);
                  } else {
                    attempts++;
                    if (attempts > 100) {
                      clearInterval(timer);
                      console.log("Bokeh: ERROR: Unable to run BokehJS code because BokehJS library is missing");
                    }
                  }
                }, 10, root)
              }
            })(window);
          });
        };
        if (document.readyState != "loading") fn();
        else document.addEventListener("DOMContentLoaded", fn);
      })();
    </script>
  </body>
</html>