<!DOCTYPE html>
<html lang="en">
  <head>
    <meta charset="utf-8">
    <title>Bokeh Application</title>
    <style>
      html, body {
        box-sizing: border-box;
        display: flow-root;
        height: 100%;
        margin: 0;
        padding: 0;
      }
    </style>
    <script type="text/javascript" src="https://cdn.bokeh.org/bokeh/release/bokeh-3.6.0.min.js"></script>
    <script type="text/javascript">
        Bokeh.set_log_level("info");
    </script>
  </head>
  <body>
    <div id="a8c2ef36-fd26-4729-9ec1-add50fbb7a6c" data-root-id="p10404" style="display: contents;"></div>
  
    <script type="application/json" id="b46de261-b741-48e3-ae47-905e2ad54515">
      {"31c4a1a0-3b48-4d13-a170-92e72ad7a29a":{"version":"3.6.0","title":"Bokeh Application","roots":[{"type":"object","name":"Figure","id":"p10404","attributes":{"x_range":{"type":"object","name":"Range1d","id":"p10413","attributes":{"start":6225.11081679484,"end":6266.51513569899}},"y_range":{"type":"object","name":"Range1d","id":"p10414","attributes":{"start":504.2620113387057,"end":504.26904141258376}},"x_scale":{"type":"object","name":"LinearScale","id":"p10415"},"y_scale":{"type":"object","name":"LinearScale","id":"p10416"},"title":{"type":"object","name":"Title","id":"p10411","attributes":{"text":"Title","text_font_size":"16pt","align":"center"}},"renderers":[{"type":"object","name":"GlyphRenderer","id":"p10453","attributes":{"data_source":{"type":"object","name":"ColumnDataSource","id":"p10441","attributes":{"selected":{"type":"object","name":"Selection","id":"p10442","attributes":{"indices":[],"line_indices":[]}},"selection_policy":{"type":"object","name":"UnionRenderers","id":"p10443"},"data":{"type":"map","entries":[["image",[{"type":"ndarray","array":{"type":"bytes","data":"PLWmsG/j7z9p52DNEuPvP2nnYM0S4+8/aedgzRLj7z9p52DNEuPvP2nnYM0S4+8/aedgzRLj7z9p52DNEuPvP2nnYM0S4+8/aedgzRLj7z9p52DNEuPvP2nnYM0S4+8/aedgzRLj7z9p52DNEuPvP2nnYM0S4+8/aedgzRLj7z9p52DNEuPvP2nnYM0S4+8/aedgzRLj7z9p52DNEuPvP2nnYM0S4+8/aedgzRLj7z9p52DNEuPvP2nnYM0S4+8/aedgzRLj7z9p52DNEuPvP2nnYM0S4+8/aedgzRLj7z9p52DNEuPvP2nnYM0S4+8/aedgzRLj7z9p52DNEuPvP2nnYM0S4+8/aedgzRLj7z9p52DNEuPvP2nnYM0S4+8/aedgzRLj7z9p52DNEuPvP2nnYM0S4+8/aedgzRLj7z9p52DNEuPvP2nnYM0S4+8/aedgzRLj7z9p52DNEuPvP2nnYM0S4+8/dCtXFNLj7z9p52DNEuPvP2nnYM0S4+8/aedgzRLj7z9p52DNEuPvP2nnYM0S4+8/aedgzRLj7z9p52DNEuPvP2nnYM0S4+8/aedgzRLj7z9p52DNEuPvP2nnYM0S4+8/aedgzRLj7z9p52DNEuPvP2nnYM0S4+8/aedgzRLj7z9p52DNEuPvP2nnYM0S4+8/aedgzRLj7z9p52DNEuPvP2nnYM0S4+8/aedgzRLj7z9p52DNEuPvP2nnYM0S4+8/aedgzRLj7z8Wp5wg1ePvP2nnYM0S4+8/aedgzRLj7z9p52DNEuPvP2nnYM0S4+8/aedgzRLj7z9p52DNEuPvP2nnYM0S4+8/aedgzRLj7z9p52DNEuPvP2nnYM0S4+8/aedgzRLj7z9p52DNEuPvP2nnYM0S4+8/aedgzRLj7z9p52DNEuPvP2nnYM0S4+8/aedgzRLj7z9p52DNEuPvP2nnYM0S4+8/aedgzRLj7z9p52DNEuPvP3mOzJMD5O8/aedgzRLj7z9p52DNEuPvP2nnYM0S4+8/aedgzRLj7z9p52DNEuPvP2nnYM0S4+8/aedgzRLj7z9p52DNEuPvPzhN+0uR4+8/aedgzRLj7z9p52DNEuPvP2nnYM0S4+8/aedgzRLj7z9p52DNEuPvP2nnYM0S4+8/aedgzRLj7z9p52DNEuPvP2nnYM0S4+8/aedgzRLj7z9p52DNEuPvP2nnYM0S4+8/aedgzRLj7z9p52DNEuPvP2nnYM0S4+8/aedgzRLj7z9p52DNEuPvP2nnYM0S4+8/aedgzRLj7z9p52DNEuPvP2nnYM0S4+8/sNaLsCLj7z9p52DNEuPvP2nnYM0S4+8/aedgzRLj7z9p52DNEuPvP2nnYM0S4+8/aedgzRLj7z9p52DNEuPvP2nnYM0S4+8/aedgzRLj7z9p52DNEuPvP2nnYM0S4+8/aedgzRLj7z9p52DNEuPvP2nnYM0S4+8/aedgzRLj7z9p52DNEuPvP2nnYM0S4+8/aedgzRLj7z9p52DNEuPvP2nnYM0S4+8/aedgzRLj7z9p52DNEuPvP2nnYM0S4+8/aedgzRLj7z8u6wV3sOPvP2nnYM0S4+8/aedgzRLj7z9p52DNEuPvP2nnYM0S4+8/aedgzRLj7z9p52DNEuPvP2nnYM0S4+8/aedgzRLj7z9p52DNEuPvP2nnYM0S4+8/aedgzRLj7z9p52DNEuPvP2nnYM0S4+8/aedgzRLj7z9p52DNEuPvP2nnYM0S4+8/aedgzRLj7z9p52DNEuPvP2nnYM0S4+8/aedgzRLj7z9p52DNEuPvP2nnYM0S4+8/aedgzRLj7z9p52DNEuPvP2nnYM0S4+8/aedgzRLj7z9p52DNEuPvP2nnYM0S4+8/aedgzRLj7z9p52DNEuPvP2nnYM0S4+8/aedgzRLj7z9p52DNEuPvP2nnYM0S4+8/aedgzRLj7z9p52DNEuPvP2nnYM0S4+8/aedgzRLj7z9p52DNEuPvP2nnYM0S4+8/aedgzRLj7z9p52DNEuPvP/RHhmlV4+8/aedgzRLj7z9p52DNEuPvP2nnYM0S4+8/aedgzRLj7z9p52DNEuPvP2nnYM0S4+8/aedgzRLj7z9p52DNEuPvP2nnYM0S4+8/aedgzRLj7z8AAAAAAADwP2nnYM0S4+8/aedgzRLj7z9p52DNEuPvP2nnYM0S4+8/aedgzRLj7z9p52DNEuPvP2nnYM0S4+8/aedgzRLj7z9p52DNEuPvP2nnYM0S4+8/aedgzRLj7z9p52DNEuPvP2nnYM0S4+8/aedgzRLj7z9p52DNEuPvP2nnYM0S4+8/aedgzRLj7z9p52DNEuPvP2nnYM0S4+8/aedgzRLj7z9p52DNEuPvP2nnYM0S4+8/aedgzRLj7z9p52DNEuPvP0iiga6i9e8/aedgzRLj7z9p52DNEuPvP2nnYM0S4+8/aedgzRLj7z9p52DNEuPvP2nnYM0S4+8/aedgzRLj7z9p52DNEuPvP2nnYM0S4+8/aedgzRLj7z9p52DNEuPvP2nnYM0S4+8/aedgzRLj7z9p52DNEuPvP2nnYM0S4+8/aedgzRLj7z9p52DNEuPvP2nnYM0S4+8/aedgzRLj7z9p52DNEuPvP2nnYM0S4+8/AAAAAAAA8D9p52DNEuPvP2nnYM0S4+8/aedgzRLj7z9p52DNEuPvP2nnYM0S4+8/aedgzRLj7z9p52DNEuPvP2nnYM0S4+8/aedgzRLj7z9p52DNEuPvP2nnYM0S4+8/aedgzRLj7z9p52DNEuPvP2nnYM0S4+8/aedgzRLj7z9p52DNEuPvP2nnYM0S4+8/aedgzRLj7z9p52DNEuPvP2nnYM0S4+8/aedgzRLj7z9p52DNEuPvP2jS1ttH7u8/aedgzRLj7z9p52DNEuPvP2nnYM0S4+8/aedgzRLj7z9p52DNEuPvP2nnYM0S4+8/aedgzRLj7z9p52DNEuPvP2nnYM0S4+8/aedgzRLj7z9p52DNEuPvP2nnYM0S4+8/aedgzRLj7z9p52DNEuPvP2nnYM0S4+8/aedgzRLj7z9p52DNEuPvP2nnYM0S4+8/aedgzRLj7z9p52DNEuPvP2nnYM0S4+8/aedgzRLj7z+lvv47IubvP2nnYM0S4+8/aedgzRLj7z9p52DNEuPvP2nnYM0S4+8/aedgzRLj7z9p52DNEuPvP2nnYM0S4+8/aedgzRLj7z9p52DNEuPvP2nnYM0S4+8/aedgzRLj7z9p52DNEuPvP2nnYM0S4+8/aedgzRLj7z9p52DNEuPvP2nnYM0S4+8/aedgzRLj7z9p52DNEuPvP2nnYM0S4+8/aedgzRLj7z9p52DNEuPvP2nnYM0S4+8/2/8SzXXj7z9p52DNEuPvP2nnYM0S4+8/aedgzRLj7z9p52DNEuPvP2nnYM0S4+8/aedgzRLj7z9p52DNEuPvP2nnYM0S4+8/aedgzRLj7z9p52DNEuPvP2nnYM0S4+8/aedgzRLj7z9p52DNEuPvP2nnYM0S4+8/aedgzRLj7z9p52DNEuPvP2nnYM0S4+8/aedgzRLj7z9p52DNEuPvP2nnYM0S4+8/aedgzRLj7z9p52DNEuPvP2nnYM0S4+8/aedgzRLj7z9p52DNEuPvP2nnYM0S4+8/aedgzRLj7z9p52DNEuPvP2nnYM0S4+8/aedgzRLj7z9p52DNEuPvP2nnYM0S4+8/aedgzRLj7z9p52DNEuPvP2nnYM0S4+8/jM7LZrXk7z9p52DNEuPvP2nnYM0S4+8/aedgzRLj7z9p52DNEuPvP2nnYM0S4+8/aedgzRLj7z9p52DNEuPvP2nnYM0S4+8/aedgzRLj7z9p52DNEuPvP2nnYM0S4+8/aedgzRLj7z9p52DNEuPvP2nnYM0S4+8/aedgzRLj7z9p52DNEuPvP2nnYM0S4+8/aedgzRLj7z9p52DNEuPvP2nnYM0S4+8/aedgzRLj7z/TzLMt+ePvP2nnYM0S4+8/aedgzRLj7z9p52DNEuPvP2nnYM0S4+8/aedgzRLj7z9p52DNEuPvP2nnYM0S4+8/aedgzRLj7z9p52DNEuPvP2nnYM0S4+8/aedgzRLj7z9p52DNEuPvP2nnYM0S4+8/aedgzRLj7z9p52DNEuPvP2nnYM0S4+8/aedgzRLj7z9p52DNEuPvP2nnYM0S4+8/aedgzRLj7z9p52DNEuPvP2nnYM0S4+8/aedgzRLj7z9p52DNEuPvPwlU5BA15O8/aedgzRLj7z9p52DNEuPvP2nnYM0S4+8/aedgzRLj7z9p52DNEuPvP2nnYM0S4+8/aedgzRLj7z9p52DNEuPvP2nnYM0S4+8/aedgzRLj7z9p52DNEuPvP2nnYM0S4+8/aedgzRLj7z9p52DNEuPvP2nnYM0S4+8/aedgzRLj7z9p52DNEuPvP2nnYM0S4+8/aedgzRLj7z9p52DNEuPvP5cjf1s84+8/aedgzRLj7z9p52DNEuPvP2nnYM0S4+8/aedgzRLj7z9p52DNEuPvP2nnYM0S4+8/aedgzRLj7z9p52DNEuPvP2nnYM0S4+8/aedgzRLj7z9p52DNEuPvP2nnYM0S4+8/aedgzRLj7z9p52DNEuPvP2nnYM0S4+8/aedgzRLj7z9p52DNEuPvP2nnYM0S4+8/aedgzRLj7z9p52DNEuPvP2nnYM0S4+8/aedgzRLj7z9FAdvaVOTvP2nnYM0S4+8/aedgzRLj7z9p52DNEuPvP2nnYM0S4+8/aedgzRLj7z9p52DNEuPvP2nnYM0S4+8/aedgzRLj7z9p52DNEuPvP2nnYM0S4+8/aedgzRLj7z9p52DNEuPvP2nnYM0S4+8/aedgzRLj7z9p52DNEuPvP2nnYM0S4+8/aedgzRLj7z9p52DNEuPvP2nnYM0S4+8/aedgzRLj7z9p52DNEuPvP2nnYM0S4+8/aedgzRLj7z9p52DNEuPvP2nnYM0S4+8/ZtGwS//j7z9p52DNEuPvP2nnYM0S4+8/aedgzRLj7z9p52DNEuPvP2nnYM0S4+8/aedgzRLj7z9p52DNEuPvP2nnYM0S4+8/aedgzRLj7z9p52DNEuPvP2nnYM0S4+8/aedgzRLj7z9p52DNEuPvP2nnYM0S4+8/aedgzRLj7z9p52DNEuPvP2nnYM0S4+8/aedgzRLj7z9p52DNEuPvP2nnYM0S4+8/K2OOUdvl7z9p52DNEuPvP2nnYM0S4+8/aedgzRLj7z9p52DNEuPvP2nnYM0S4+8/aedgzRLj7z9p52DNEuPvP2nnYM0S4+8/aedgzRLj7z9p52DNEuPvP2nnYM0S4+8/aedgzRLj7z9p52DNEuPvP2nnYM0S4+8/aedgzRLj7z9p52DNEuPvP2nnYM0S4+8/aedgzRLj7z9p52DNEuPvP2nnYM0S4+8/aedgzRLj7z9p52DNEuPvP2nnYM0S4+8/aedgzRLj7z9p52DNEuPvP2nnYM0S4+8/aedgzRLj7z9p52DNEuPvP2nnYM0S4+8/aedgzRLj7z9p52DNEuPvP2nnYM0S4+8/lZbdPObj7z9p52DNEuPvP2nnYM0S4+8/aedgzRLj7z9p52DNEuPvP2nnYM0S4+8/aedgzRLj7z9p52DNEuPvP2nnYM0S4+8/aedgzRLj7z9p52DNEuPvP2nnYM0S4+8/aedgzRLj7z9p52DNEuPvP2nnYM0S4+8/aedgzRLj7z9p52DNEuPvP2nnYM0S4+8/aedgzRLj7z9p52DNEuPvP2nnYM0S4+8/aedgzRLj7z9p52DNEuPvP+GS+WhS5O8/aedgzRLj7z9p52DNEuPvP2nnYM0S4+8/aedgzRLj7z9p52DNEuPvP2nnYM0S4+8/aedgzRLj7z9p52DNEuPvP8ErQ3QT5O8/aedgzRLj7z9p52DNEuPvP2nnYM0S4+8/aedgzRLj7z9p52DNEuPvP2nnYM0S4+8/aedgzRLj7z9p52DNEuPvP2nnYM0S4+8/aedgzRLj7z9p52DNEuPvP2nnYM0S4+8/aedgzRLj7z9p52DNEuPvP2nnYM0S4+8/aedgzRLj7z9p52DNEuPvP2nnYM0S4+8/aedgzRLj7z9p52DNEuPvP2nnYM0S4+8/aedgzRLj7z9p52DNEuPvP2nnYM0S4+8/aedgzRLj7z9p52DNEuPvP2nnYM0S4+8/aedgzRLj7z9p52DNEuPvP2nnYM0S4+8/aedgzRLj7z9p52DNEuPvP2nnYM0S4+8/aedgzRLj7z9p52DNEuPvP2nnYM0S4+8/aedgzRLj7z9p52DNEuPvP2nnYM0S4+8/aedgzRLj7z9p52DNEuPvP6Auai+W4+8/aedgzRLj7z9p52DNEuPvP2nnYM0S4+8/aedgzRLj7z9p52DNEuPvP2nnYM0S4+8/aedgzRLj7z9p52DNEuPvP2nnYM0S4+8/AAAAAAAA8D9p52DNEuPvP2nnYM0S4+8/aedgzRLj7z9p52DNEuPvP2nnYM0S4+8/aedgzRLj7z9p52DNEuPvP2nnYM0S4+8/aedgzRLj7z9p52DNEuPvP2nnYM0S4+8/aedgzRLj7z9p52DNEuPvP2nnYM0S4+8/aedgzRLj7z9p52DNEuPvP2nnYM0S4+8/aedgzRLj7z9p52DNEuPvP2nnYM0S4+8/aedgzRLj7z/fTv0dxOXvP2nnYM0S4+8/aedgzRLj7z9p52DNEuPvP2nnYM0S4+8/aedgzRLj7z9p52DNEuPvP2nnYM0S4+8/aedgzRLj7z9p52DNEuPvP2nnYM0S4+8/aedgzRLj7z9p52DNEuPvP2nnYM0S4+8/aedgzRLj7z9p52DNEuPvP2nnYM0S4+8/aedgzRLj7z9p52DNEuPvP2nnYM0S4+8/aedgzRLj7z9p52DNEuPvP2nnYM0S4+8/aedgzRLj7z9p52DNEuPvP85yKe0S9O8/aedgzRLj7z9p52DNEuPvP2nnYM0S4+8/aedgzRLj7z9p52DNEuPvP2nnYM0S4+8/aedgzRLj7z9p52DNEuPvP2nnYM0S4+8/aedgzRLj7z9p52DNEuPvP2nnYM0S4+8/aedgzRLj7z9p52DNEuPvP2nnYM0S4+8/aedgzRLj7z9p52DNEuPvP2nnYM0S4+8/aedgzRLj7z9p52DNEuPvP2nnYM0S4+8/aedgzRLj7z9p52DNEuPvP2nnYM0S4+8/aedgzRLj7z8AAAAAAADwP2nnYM0S4+8/aedgzRLj7z9p52DNEuPvP2nnYM0S4+8/aedgzRLj7z9p52DNEuPvP2nnYM0S4+8/aedgzRLj7z9p52DNEuPvP2nnYM0S4+8/aedgzRLj7z9p52DNEuPvP2nnYM0S4+8/aedgzRLj7z9p52DNEuPvP2nnYM0S4+8/aedgzRLj7z9p52DNEuPvP2nnYM0S4+8/aedgzRLj7z9p52DNEuPvP2nnYM0S4+8/aedgzRLj7z9p52DNEuPvP8DbEgHU8e8/aedgzRLj7z9p52DNEuPvP2nnYM0S4+8/aedgzRLj7z9p52DNEuPvP2nnYM0S4+8/aedgzRLj7z9p52DNEuPvP2nnYM0S4+8/aedgzRLj7z9p52DNEuPvP2nnYM0S4+8/aedgzRLj7z9p52DNEuPvP2nnYM0S4+8/aedgzRLj7z9p52DNEuPvP2nnYM0S4+8/wP98TE/j7z9p52DNEuPvP2nnYM0S4+8/aedgzRLj7z9p52DNEuPvP2nnYM0S4+8/aedgzRLj7z9p52DNEuPvP2nnYM0S4+8/aedgzRLj7z9p52DNEuPvP2nnYM0S4+8/aedgzRLj7z9p52DNEuPvP2nnYM0S4+8/aedgzRLj7z9p52DNEuPvP2nnYM0S4+8/aedgzRLj7z9p52DNEuPvP2nnYM0S4+8/aedgzRLj7z9p52DNEuPvP2nnYM0S4+8/aedgzRLj7z9p52DNEuPvP2nnYM0S4+8/aedgzRLj7z9p52DNEuPvP2nnYM0S4+8/aedgzRLj7z9p52DNEuPvP2nnYM0S4+8/aOr09bXj7z9p52DNEuPvP2nnYM0S4+8/aedgzRLj7z9p52DNEuPvP2nnYM0S4+8/aedgzRLj7z9p52DNEuPvP2nnYM0S4+8/aedgzRLj7z9p52DNEuPvP2nnYM0S4+8/aedgzRLj7z9p52DNEuPvP2nnYM0S4+8/aedgzRLj7z9p52DNEuPvP2nnYM0S4+8/aedgzRLj7z9p52DNEuPvP2nnYM0S4+8/aedgzRLj7z9p52DNEuPvP2nnYM0S4+8/aedgzRLj7z9p52DNEuPvP+FmYHcI5O8/aedgzRLj7z9p52DNEuPvP2nnYM0S4+8/aedgzRLj7z9p52DNEuPvP2nnYM0S4+8/aedgzRLj7z9p52DNEuPvP2nnYM0S4+8/aedgzRLj7z9p52DNEuPvP2nnYM0S4+8/aedgzRLj7z9p52DNEuPvP2nnYM0S4+8/aedgzRLj7z9p52DNEuPvP2nnYM0S4+8/aedgzRLj7z+lgTQ8oeTvP2nnYM0S4+8/aedgzRLj7z9p52DNEuPvP2nnYM0S4+8/aedgzRLj7z9p52DNEuPvP2nnYM0S4+8/aedgzRLj7z9p52DNEuPvP2nnYM0S4+8/aedgzRLj7z9p52DNEuPvP2nnYM0S4+8/aedgzRLj7z9p52DNEuPvP2nnYM0S4+8/aedgzRLj7z9p52DNEuPvP2nnYM0S4+8/aedgzRLj7z9p52DNEuPvP2nnYM0S4+8/aedgzRLj7z9p52DNEuPvP8LE6ZOK4+8/aedgzRLj7z9p52DNEuPvP2nnYM0S4+8/aedgzRLj7z9p52DNEuPvP2nnYM0S4+8/aedgzRLj7z9p52DNEuPvP2nnYM0S4+8/aedgzRLj7z9p52DNEuPvP2nnYM0S4+8/aedgzRLj7z9p52DNEuPvP2nnYM0S4+8/aedgzRLj7z9p52DNEuPvP2nnYM0S4+8/aedgzRLj7z9p52DNEuPvP2nnYM0S4+8/aedgzRLj7z9p52DNEuPvP2nnYM0S4+8/aedgzRLj7z9p52DNEuPvP2nnYM0S4+8/pj/g27rj7z9p52DNEuPvP2nnYM0S4+8/aedgzRLj7z9p52DNEuPvP2nnYM0S4+8/aedgzRLj7z9p52DNEuPvP2nnYM0S4+8/aedgzRLj7z9p52DNEuPvP2nnYM0S4+8/aedgzRLj7z9p52DNEuPvP2nnYM0S4+8/aedgzRLj7z9p52DNEuPvP2nnYM0S4+8/aedgzRLj7z9p52DNEuPvP2nnYM0S4+8/aedgzRLj7z+gD2qwm+PvP2nnYM0S4+8/aedgzRLj7z9p52DNEuPvP2nnYM0S4+8/aedgzRLj7z9p52DNEuPvP2nnYM0S4+8/aedgzRLj7z9p52DNEuPvP2nnYM0S4+8/aedgzRLj7z9p52DNEuPvP2nnYM0S4+8/aedgzRLj7z9p52DNEuPvP2nnYM0S4+8/aedgzRLj7z9p52DNEuPvP2nnYM0S4+8/CUGMtsnn7z9p52DNEuPvP2nnYM0S4+8/aedgzRLj7z9p52DNEuPvP2nnYM0S4+8/aedgzRLj7z9p52DNEuPvP2nnYM0S4+8/aedgzRLj7z9p52DNEuPvP2nnYM0S4+8/aedgzRLj7z9p52DNEuPvPw6fGGlr4+8/aedgzRLj7z9p52DNEuPvP2nnYM0S4+8/aedgzRLj7z9p52DNEuPvP2nnYM0S4+8/aedgzRLj7z9p52DNEuPvP2nnYM0S4+8/aedgzRLj7z9p52DNEuPvP2nnYM0S4+8/aedgzRLj7z9p52DNEuPvP2nnYM0S4+8/aedgzRLj7z9p52DNEuPvP2nnYM0S4+8/aedgzRLj7z9p52DNEuPvP2nnYM0S4+8/aedgzRLj7z9p52DNEuPvP2nnYM0S4+8/aedgzRLj7z9p52DNEuPvP2nnYM0S4+8/aedgzRLj7z9p52DNEuPvP2nnYM0S4+8/aedgzRLj7z9p52DNEuPvP2nnYM0S4+8/aedgzRLj7z9p52DNEuPvP2nnYM0S4+8/aedgzRLj7z9p52DNEuPvP2nnYM0S4+8/aedgzRLj7z9p52DNEuPvP6TvlXbG4+8/aedgzRLj7z9p52DNEuPvP2nnYM0S4+8/aedgzRLj7z9p52DNEuPvP2nnYM0S4+8/aedgzRLj7z9p52DNEuPvP2nnYM0S4+8/aedgzRLj7z9p52DNEuPvP2nnYM0S4+8/aedgzRLj7z9p52DNEuPvP2nnYM0S4+8/aedgzRLj7z9p52DNEuPvP2nnYM0S4+8/aedgzRLj7z9p52DNEuPvP2nnYM0S4+8/aedgzRLj7z9p52DNEuPvP2nnYM0S4+8/aedgzRLj7z+fiVD3tePvP2nnYM0S4+8/aedgzRLj7z+CLel3IePvP2nnYM0S4+8/aedgzRLj7z9p52DNEuPvP2nnYM0S4+8/aedgzRLj7z9p52DNEuPvP2nnYM0S4+8/aedgzRLj7z9p52DNEuPvP2nnYM0S4+8/aedgzRLj7z9p52DNEuPvP2nnYM0S4+8/aedgzRLj7z9p52DNEuPvP2nnYM0S4+8/aedgzRLj7z9p52DNEuPvP2nnYM0S4+8/aedgzRLj7z9p52DNEuPvP2nnYM0S4+8/aedgzRLj7z9p52DNEuPvP2nnYM0S4+8/aedgzRLj7z9p52DNEuPvP2nnYM0S4+8/aedgzRLj7z9p52DNEuPvP2nnYM0S4+8/aedgzRLj7z9p52DNEuPvP2nnYM0S4+8/aedgzRLj7z9p52DNEuPvP2nnYM0S4+8/aedgzRLj7z9p52DNEuPvP2nnYM0S4+8/aedgzRLj7z8hibaEh+PvP2nnYM0S4+8/aedgzRLj7z9p52DNEuPvP2nnYM0S4+8/aedgzRLj7z9p52DNEuPvP2nnYM0S4+8/aedgzRLj7z9p52DNEuPvP+g4jqPE4+8/aedgzRLj7z9p52DNEuPvP2nnYM0S4+8/aedgzRLj7z9p52DNEuPvP2nnYM0S4+8/aedgzRLj7z9p52DNEuPvP2nnYM0S4+8/aedgzRLj7z9p52DNEuPvP2nnYM0S4+8/aedgzRLj7z9p52DNEuPvP2nnYM0S4+8/aedgzRLj7z9p52DNEuPvP2nnYM0S4+8/aedgzRLj7z9p52DNEuPvP2nnYM0S4+8/nFdsaIzj7z9p52DNEuPvP2nnYM0S4+8/aedgzRLj7z9p52DNEuPvP2nnYM0S4+8/aedgzRLj7z9p52DNEuPvP2nnYM0S4+8/aedgzRLj7z9p52DNEuPvP2nnYM0S4+8/aedgzRLj7z9p52DNEuPvP2nnYM0S4+8/aedgzRLj7z9p52DNEuPvP2nnYM0S4+8/aedgzRLj7z9p52DNEuPvP2nnYM0S4+8/aedgzRLj7z9p52DNEuPvP2nnYM0S4+8/aedgzRLj7z9p52DNEuPvP2nnYM0S4+8/aedgzRLj7z9p52DNEuPvP2nnYM0S4+8/aedgzRLj7z9p52DNEuPvP2nnYM0S4+8/aedgzRLj7z9p52DNEuPvP2nnYM0S4+8/aedgzRLj7z9p52DNEuPvP2nnYM0S4+8/aedgzRLj7z9p52DNEuPvP2nnYM0S4+8/aedgzRLj7z9p52DNEuPvP0125JNI4+8/aedgzRLj7z9p52DNEuPvP2nnYM0S4+8/aedgzRLj7z9p52DNEuPvP2nnYM0S4+8/aedgzRLj7z9p52DNEuPvP6FE0KAz7O8/aedgzRLj7z9p52DNEuPvP2nnYM0S4+8/aedgzRLj7z9p52DNEuPvP2nnYM0S4+8/aedgzRLj7z9p52DNEuPvP2nnYM0S4+8/aedgzRLj7z9p52DNEuPvP2nnYM0S4+8/aedgzRLj7z9p52DNEuPvP2nnYM0S4+8/aedgzRLj7z9p52DNEuPvP2nnYM0S4+8/aedgzRLj7z9p52DNEuPvP2nnYM0S4+8/aedgzRLj7z9p52DNEuPvP2nnYM0S4+8/AAAAAAAA8D9p52DNEuPvP2nnYM0S4+8/aedgzRLj7z9p52DNEuPvP2nnYM0S4+8/aedgzRLj7z9p52DNEuPvP2nnYM0S4+8/aedgzRLj7z9p52DNEuPvP2nnYM0S4+8/aedgzRLj7z9p52DNEuPvP2nnYM0S4+8/aedgzRLj7z9p52DNEuPvP2nnYM0S4+8/aedgzRLj7z9p52DNEuPvP2nnYM0S4+8/aedgzRLj7z+/sKxx1uXvP2nnYM0S4+8/aedgzRLj7z9p52DNEuPvP2nnYM0S4+8/aedgzRLj7z9p52DNEuPvP2nnYM0S4+8/aedgzRLj7z9p52DNEuPvP2nnYM0S4+8/aedgzRLj7z9p52DNEuPvP2nnYM0S4+8/aedgzRLj7z9p52DNEuPvP2nnYM0S4+8/aedgzRLj7z9p52DNEuPvP2nnYM0S4+8/aedgzRLj7z9p52DNEuPvP2nnYM0S4+8/aedgzRLj7z9p52DNEuPvP2nnYM0S4+8/aedgzRLj7z9p52DNEuPvP4wB1KFg5+8/aedgzRLj7z9p52DNEuPvP2nnYM0S4+8/aedgzRLj7z9p52DNEuPvP2nnYM0S4+8/aedgzRLj7z9p52DNEuPvP2nnYM0S4+8/aedgzRLj7z9p52DNEuPvP2nnYM0S4+8/aedgzRLj7z9p52DNEuPvP2nnYM0S4+8/aedgzRLj7z9p52DNEuPvP2nnYM0S4+8/aedgzRLj7z9p52DNEuPvP2nnYM0S4+8/aedgzRLj7z8HwosRyvvvP2nnYM0S4+8/aedgzRLj7z9p52DNEuPvP2nnYM0S4+8/aedgzRLj7z9p52DNEuPvP2nnYM0S4+8/aedgzRLj7z9p52DNEuPvP2nnYM0S4+8/aedgzRLj7z9p52DNEuPvP2nnYM0S4+8/aedgzRLj7z9p52DNEuPvP2nnYM0S4+8/aedgzRLj7z9p52DNEuPvP2nnYM0S4+8/021yg/Xj7z9p52DNEuPvP2nnYM0S4+8/aedgzRLj7z9p52DNEuPvP2nnYM0S4+8/aedgzRLj7z9p52DNEuPvP2nnYM0S4+8/aedgzRLj7z9p52DNEuPvP2nnYM0S4+8/aedgzRLj7z9p52DNEuPvP2nnYM0S4+8/aedgzRLj7z9p52DNEuPvP2nnYM0S4+8/aedgzRLj7z9p52DNEuPvP2nnYM0S4+8/aedgzRLj7z9p52DNEuPvP2nnYM0S4+8/aedgzRLj7z9p52DNEuPvP2nnYM0S4+8/aedgzRLj7z9p52DNEuPvP2nnYM0S4+8/aedgzRLj7z9p52DNEuPvP1GgcdmO4+8/aedgzRLj7z9p52DNEuPvP2nnYM0S4+8/aedgzRLj7z9p52DNEuPvP2nnYM0S4+8/aedgzRLj7z9p52DNEuPvP2nnYM0S4+8/aedgzRLj7z9p52DNEuPvP2nnYM0S4+8/aedgzRLj7z9p52DNEuPvP2nnYM0S4+8/aedgzRLj7z9p52DNEuPvP2nnYM0S4+8/aedgzRLj7z9p52DNEuPvP2nnYM0S4+8/aedgzRLj7z9p52DNEuPvP2nnYM0S4+8/aedgzRLj7z8pUBUwSePvP2nnYM0S4+8/aedgzRLj7z9p52DNEuPvP2nnYM0S4+8/aedgzRLj7z9p52DNEuPvP2nnYM0S4+8/aedgzRLj7z9p52DNEuPvP2nnYM0S4+8/aedgzRLj7z9p52DNEuPvP2nnYM0S4+8/aedgzRLj7z9p52DNEuPvP2nnYM0S4+8/aedgzRLj7z9p52DNEuPvP2nnYM0S4+8/aedgzRLj7z/7u4QTkOPvP2nnYM0S4+8/aedgzRLj7z9p52DNEuPvP2nnYM0S4+8/aedgzRLj7z9p52DNEuPvP2nnYM0S4+8/aedgzRLj7z9p52DNEuPvP2nnYM0S4+8/aedgzRLj7z9p52DNEuPvP2nnYM0S4+8/aedgzRLj7z9p52DNEuPvP2nnYM0S4+8/aedgzRLj7z9p52DNEuPvP2nnYM0S4+8/aedgzRLj7z9p52DNEuPvP2nnYM0S4+8/aedgzRLj7z9p52DNEuPvP2nnYM0S4+8/aedgzRLj7z9p52DNEuPvP2nnYM0S4+8/XfVDSvTj7z9p52DNEuPvP2nnYM0S4+8/aedgzRLj7z9p52DNEuPvP2nnYM0S4+8/aedgzRLj7z9p52DNEuPvP2nnYM0S4+8/aedgzRLj7z9p52DNEuPvP2nnYM0S4+8/aedgzRLj7z9p52DNEuPvP2nnYM0S4+8/aedgzRLj7z9p52DNEuPvP2nnYM0S4+8/aedgzRLj7z9p52DNEuPvP2nnYM0S4+8/aedgzRLj7z9p52DNEuPvPy8zeD784+8/aedgzRLj7z9p52DNEuPvP2nnYM0S4+8/aedgzRLj7z9p52DNEuPvP2nnYM0S4+8/aedgzRLj7z9p52DNEuPvP2nnYM0S4+8/aedgzRLj7z9p52DNEuPvP2nnYM0S4+8/aedgzRLj7z9p52DNEuPvP2nnYM0S4+8/aedgzRLj7z9p52DNEuPvP2nnYM0S4+8/aedgzRLj7z9p52DNEuPvP2nnYM0S4+8/RtuQWqrj7z9p52DNEuPvP2nnYM0S4+8/aedgzRLj7z9p52DNEuPvP2nnYM0S4+8/aedgzRLj7z9p52DNEuPvP2nnYM0S4+8/aedgzRLj7z9p52DNEuPvP2nnYM0S4+8/aedgzRLj7z9p52DNEuPvP2nnYM0S4+8/aedgzRLj7z9p52DNEuPvP2nnYM0S4+8/aedgzRLj7z9p52DNEuPvP2nnYM0S4+8/HRiXFEjl7z9p52DNEuPvP2nnYM0S4+8/aedgzRLj7z9p52DNEuPvP2nnYM0S4+8/aedgzRLj7z9p52DNEuPvP2nnYM0S4+8/aedgzRLj7z9p52DNEuPvP2nnYM0S4+8/"},"shape":[59,24],"dtype":"float64","order":"little"}]]]}}},"view":{"type":"object","name":"CDSView","id":"p10454","attributes":{"filter":{"type":"object","name":"AllIndices","id":"p10455"}}},"glyph":{"type":"object","name":"Image","id":"p10444","attributes":{"x":{"type":"value","value":6225.11081679484},"y":{"type":"value","value":504.2620113387057},"dw":{"type":"value","value":41.40431890415039},"dh":{"type":"value","value":0.007030073878070198},"image":{"type":"field","field":"image"},"color_mapper":{"type":"object","name":"LinearColorMapper","id":"p10445","attributes":{"palette":["#ffffff","#fffffd","#fffffb","#fffff9","#fffff7","#fffff4","#fffff3","#fffff1","#ffffef","#ffffed","#ffffeb","#ffffe9","#ffffe6","#ffffe4","#ffffe3","#ffffe1","#ffffdf","#ffffdd","#ffffdb","#ffffd9","#ffffd7","#ffffd4","#ffffd3","#ffffd1","#ffffcf","#ffffcd","#ffffcb","#ffffc9","#ffffc6","#ffffc4","#ffffc3","#ffffc1","#ffffbf","#ffffbd","#ffffbb","#ffffb9","#ffffb7","#ffffb5","#ffffb3","#ffffb1","#ffffaf","#ffffad","#ffffab","#ffffa8","#ffffa6","#ffffa4","#ffffa3","#ffffa1","#ffff9f","#ffff9d","#ffff9b","#ffff99","#ffff97","#ffff95","#ffff93","#ffff91","#ffff8f","#ffff8d","#ffff8b","#ffff88","#ffff86","#ffff84","#ffff83","#ffff81","#fffe7f","#fffc7d","#fffa7b","#fff879","#fff677","#fff475","#fff272","#fff071","#ffee6f","#ffec6d","#ffea6b","#ffe868","#ffe666","#ffe464","#ffe262","#ffe061","#ffde5f","#ffdc5d","#ffda5b","#ffd859","#ffd657","#ffd455","#ffd252","#ffd051","#ffce4f","#ffcc4d","#ffca4b","#ffc848","#ffc646","#ffc444","#ffc242","#ffc041","#ffbe3f","#ffbc3d","#ffba3b","#ffb839","#ffb637","#ffb435","#ffb232","#ffb030","#ffae2f","#ffac2d","#ffaa2b","#ffa828","#ffa626","#ffa424","#ffa222","#ffa020","#ff9e1f","#ff9c1d","#ff9a1b","#ff9819","#ff9617","#ff9415","#ff9212","#ff9010","#ff8e0f","#ff8c0d","#ff8a0b","#ff8808","#ff8606","#ff8404","#ff8202","#ff8000","#fe7e00","#fc7c00","#fa7a00","#f87800","#f67600","#f37400","#f27200","#f07000","#ee6e00","#ec6c00","#ea6a00","#e86800","#e56600","#e36400","#e26200","#e06000","#de5e00","#dc5c00","#da5a00","#d85800","#d65600","#d35400","#d25200","#d05000","#ce4e00","#cc4c00","#ca4a00","#c84800","#c54600","#c34400","#c24200","#c04000","#be3e00","#bc3c00","#ba3a00","#b83800","#b63600","#b33400","#b23200","#b03000","#ae2e00","#ac2c00","#aa2a00","#a82800","#a52600","#a32400","#a22200","#a02000","#9e1e00","#9c1c00","#9a1a00","#981800","#961600","#931400","#921200","#901000","#8e0e00","#8c0c00","#8a0a00","#880800","#850600","#830400","#820200","#800000","#7e0000","#7c0000","#7a0000","#780000","#760000","#730000","#710000","#700000","#6e0000","#6c0000","#6a0000","#680000","#650000","#630000","#610000","#600000","#5e0000","#5c0000","#5a0000","#580000","#560000","#530000","#510000","#500000","#4e0000","#4c0000","#4a0000","#480000","#450000","#430000","#410000","#400000","#3e0000","#3c0000","#3a0000","#380000","#360000","#330000","#310000","#300000","#2e0000","#2c0000","#2a0000","#280000","#250000","#230000","#210000","#200000","#1e0000","#1c0000","#1a0000","#180000","#160000","#130000","#110000","#100000","#0e0000","#0c0000","#0a0000","#080000","#050000","#030000","#010000","#000000"]}}}},"nonselection_glyph":{"type":"object","name":"Image","id":"p10447","attributes":{"x":{"type":"value","value":6225.11081679484},"y":{"type":"value","value":504.2620113387057},"dw":{"type":"value","value":41.40431890415039},"dh":{"type":"value","value":0.007030073878070198},"global_alpha":{"type":"value","value":0.1},"image":{"type":"field","field":"image"},"color_mapper":{"type":"object","name":"LinearColorMapper","id":"p10448","attributes":{"palette":["#ffffff","#fffffd","#fffffb","#fffff9","#fffff7","#fffff4","#fffff3","#fffff1","#ffffef","#ffffed","#ffffeb","#ffffe9","#ffffe6","#ffffe4","#ffffe3","#ffffe1","#ffffdf","#ffffdd","#ffffdb","#ffffd9","#ffffd7","#ffffd4","#ffffd3","#ffffd1","#ffffcf","#ffffcd","#ffffcb","#ffffc9","#ffffc6","#ffffc4","#ffffc3","#ffffc1","#ffffbf","#ffffbd","#ffffbb","#ffffb9","#ffffb7","#ffffb5","#ffffb3","#ffffb1","#ffffaf","#ffffad","#ffffab","#ffffa8","#ffffa6","#ffffa4","#ffffa3","#ffffa1","#ffff9f","#ffff9d","#ffff9b","#ffff99","#ffff97","#ffff95","#ffff93","#ffff91","#ffff8f","#ffff8d","#ffff8b","#ffff88","#ffff86","#ffff84","#ffff83","#ffff81","#fffe7f","#fffc7d","#fffa7b","#fff879","#fff677","#fff475","#fff272","#fff071","#ffee6f","#ffec6d","#ffea6b","#ffe868","#ffe666","#ffe464","#ffe262","#ffe061","#ffde5f","#ffdc5d","#ffda5b","#ffd859","#ffd657","#ffd455","#ffd252","#ffd051","#ffce4f","#ffcc4d","#ffca4b","#ffc848","#ffc646","#ffc444","#ffc242","#ffc041","#ffbe3f","#ffbc3d","#ffba3b","#ffb839","#ffb637","#ffb435","#ffb232","#ffb030","#ffae2f","#ffac2d","#ffaa2b","#ffa828","#ffa626","#ffa424","#ffa222","#ffa020","#ff9e1f","#ff9c1d","#ff9a1b","#ff9819","#ff9617","#ff9415","#ff9212","#ff9010","#ff8e0f","#ff8c0d","#ff8a0b","#ff8808","#ff8606","#ff8404","#ff8202","#ff8000","#fe7e00","#fc7c00","#fa7a00","#f87800","#f67600","#f37400","#f27200","#f07000","#ee6e00","#ec6c00","#ea6a00","#e86800","#e56600","#e36400","#e26200","#e06000","#de5e00","#dc5c00","#da5a00","#d85800","#d65600","#d35400","#d25200","#d05000","#ce4e00","#cc4c00","#ca4a00","#c84800","#c54600","#c34400","#c24200","#c04000","#be3e00","#bc3c00","#ba3a00","#b83800","#b63600","#b33400","#b23200","#b03000","#ae2e00","#ac2c00","#aa2a00","#a82800","#a52600","#a32400","#a22200","#a02000","#9e1e00","#9c1c00","#9a1a00","#981800","#961600","#931400","#921200","#901000","#8e0e00","#8c0c00","#8a0a00","#880800","#850600","#830400","#820200","#800000","#7e0000","#7c0000","#7a0000","#780000","#760000","#730000","#710000","#700000","#6e0000","#6c0000","#6a0000","#680000","#650000","#630000","#610000","#600000","#5e0000","#5c0000","#5a0000","#580000","#560000","#530000","#510000","#500000","#4e0000","#4c0000","#4a0000","#480000","#450000","#430000","#410000","#400000","#3e0000","#3c0000","#3a0000","#380000","#360000","#330000","#310000","#300000","#2e0000","#2c0000","#2a0000","#280000","#250000","#230000","#210000","#200000","#1e0000","#1c0000","#1a0000","#180000","#160000","#130000","#110000","#100000","#0e0000","#0c0000","#0a0000","#080000","#050000","#030000","#010000","#000000"]}}}},"muted_glyph":{"type":"object","name":"Image","id":"p10450","attributes":{"x":{"type":"value","value":6225.11081679484},"y":{"type":"value","value":504.2620113387057},"dw":{"type":"value","value":41.40431890415039},"dh":{"type":"value","value":0.007030073878070198},"global_alpha":{"type":"value","value":0.2},"image":{"type":"field","field":"image"},"color_mapper":{"type":"object","name":"LinearColorMapper","id":"p10451","attributes":{"palette":["#ffffff","#fffffd","#fffffb","#fffff9","#fffff7","#fffff4","#fffff3","#fffff1","#ffffef","#ffffed","#ffffeb","#ffffe9","#ffffe6","#ffffe4","#ffffe3","#ffffe1","#ffffdf","#ffffdd","#ffffdb","#ffffd9","#ffffd7","#ffffd4","#ffffd3","#ffffd1","#ffffcf","#ffffcd","#ffffcb","#ffffc9","#ffffc6","#ffffc4","#ffffc3","#ffffc1","#ffffbf","#ffffbd","#ffffbb","#ffffb9","#ffffb7","#ffffb5","#ffffb3","#ffffb1","#ffffaf","#ffffad","#ffffab","#ffffa8","#ffffa6","#ffffa4","#ffffa3","#ffffa1","#ffff9f","#ffff9d","#ffff9b","#ffff99","#ffff97","#ffff95","#ffff93","#ffff91","#ffff8f","#ffff8d","#ffff8b","#ffff88","#ffff86","#ffff84","#ffff83","#ffff81","#fffe7f","#fffc7d","#fffa7b","#fff879","#fff677","#fff475","#fff272","#fff071","#ffee6f","#ffec6d","#ffea6b","#ffe868","#ffe666","#ffe464","#ffe262","#ffe061","#ffde5f","#ffdc5d","#ffda5b","#ffd859","#ffd657","#ffd455","#ffd252","#ffd051","#ffce4f","#ffcc4d","#ffca4b","#ffc848","#ffc646","#ffc444","#ffc242","#ffc041","#ffbe3f","#ffbc3d","#ffba3b","#ffb839","#ffb637","#ffb435","#ffb232","#ffb030","#ffae2f","#ffac2d","#ffaa2b","#ffa828","#ffa626","#ffa424","#ffa222","#ffa020","#ff9e1f","#ff9c1d","#ff9a1b","#ff9819","#ff9617","#ff9415","#ff9212","#ff9010","#ff8e0f","#ff8c0d","#ff8a0b","#ff8808","#ff8606","#ff8404","#ff8202","#ff8000","#fe7e00","#fc7c00","#fa7a00","#f87800","#f67600","#f37400","#f27200","#f07000","#ee6e00","#ec6c00","#ea6a00","#e86800","#e56600","#e36400","#e26200","#e06000","#de5e00","#dc5c00","#da5a00","#d85800","#d65600","#d35400","#d25200","#d05000","#ce4e00","#cc4c00","#ca4a00","#c84800","#c54600","#c34400","#c24200","#c04000","#be3e00","#bc3c00","#ba3a00","#b83800","#b63600","#b33400","#b23200","#b03000","#ae2e00","#ac2c00","#aa2a00","#a82800","#a52600","#a32400","#a22200","#a02000","#9e1e00","#9c1c00","#9a1a00","#981800","#961600","#931400","#921200","#901000","#8e0e00","#8c0c00","#8a0a00","#880800","#850600","#830400","#820200","#800000","#7e0000","#7c0000","#7a0000","#780000","#760000","#730000","#710000","#700000","#6e0000","#6c0000","#6a0000","#680000","#650000","#630000","#610000","#600000","#5e0000","#5c0000","#5a0000","#580000","#560000","#530000","#510000","#500000","#4e0000","#4c0000","#4a0000","#480000","#450000","#430000","#410000","#400000","#3e0000","#3c0000","#3a0000","#380000","#360000","#330000","#310000","#300000","#2e0000","#2c0000","#2a0000","#280000","#250000","#230000","#210000","#200000","#1e0000","#1c0000","#1a0000","#180000","#160000","#130000","#110000","#100000","#0e0000","#0c0000","#0a0000","#080000","#050000","#030000","#010000","#000000"]}}}}}}],"toolbar":{"type":"object","name":"Toolbar","id":"p10412","attributes":{"tools":[{"type":"object","name":"PanTool","id":"p10427"},{"type":"object","name":"WheelZoomTool","id":"p10428","attributes":{"renderers":"auto"}},{"type":"object","name":"BoxZoomTool","id":"p10429","attributes":{"overlay":{"type":"object","name":"BoxAnnotation","id":"p10430","attributes":{"syncable":false,"line_color":"black","line_alpha":1.0,"line_width":2,"line_dash":[4,4],"fill_color":"lightgrey","fill_alpha":0.5,"level":"overlay","visible":false,"left":{"type":"number","value":"nan"},"right":{"type":"number","value":"nan"},"top":{"type":"number","value":"nan"},"bottom":{"type":"number","value":"nan"},"left_units":"canvas","right_units":"canvas","top_units":"canvas","bottom_units":"canvas","handles":{"type":"object","name":"BoxInteractionHandles","id":"p10436","attributes":{"all":{"type":"object","name":"AreaVisuals","id":"p10435","attributes":{"fill_color":"white","hover_fill_color":"lightgray"}}}}}}}},{"type":"object","name":"SaveTool","id":"p10437"},{"type":"object","name":"ResetTool","id":"p10438"},{"type":"object","name":"HelpTool","id":"p10439"},{"type":"object","name":"HoverTool","id":"p10456","attributes":{"renderers":[{"id":"p10453"}],"tooltips":[["Value","@image"]]}},{"type":"object","name":"CrosshairTool","id":"p10403"}]}},"left":[{"type":"object","name":"LinearAxis","id":"p10422","attributes":{"ticker":{"type":"object","name":"BasicTicker","id":"p10423","attributes":{"mantissas":[1,2,5]}},"formatter":{"type":"object","name":"BasicTickFormatter","id":"p10424"},"axis_label":"m/z","major_label_policy":{"type":"object","name":"AllLabels","id":"p10425"}}}],"above":[{"type":"object","name":"Title","id":"p10440","attributes":{"text":"Subtitle | MS2 | y4^1 | 504.2664 m/z","text_font_style":"italic"}}],"below":[{"type":"object","name":"LinearAxis","id":"p10417","attributes":{"ticker":{"type":"object","name":"BasicTicker","id":"p10418","attributes":{"mantissas":[1,2,5]}},"formatter":{"type":"object","name":"BasicTickFormatter","id":"p10419"},"axis_label":"Retention time (s)","major_label_policy":{"type":"object","name":"AllLabels","id":"p10420"}}}],"center":[{"type":"object","name":"Grid","id":"p10421","attributes":{"visible":false,"axis":{"id":"p10417"}}},{"type":"object","name":"Grid","id":"p10426","attributes":{"visible":false,"dimension":1,"axis":{"id":"p10422"}}}]}}]}}
    </script>
    <script type="text/javascript">
      (function() {
        const fn = function() {
          Bokeh.safely(function() {
            (function(root) {
              function embed_document(root) {
              const docs_json = document.getElementById('b46de261-b741-48e3-ae47-905e2ad54515').textContent;
              const render_items = [{"docid":"31c4a1a0-3b48-4d13-a170-92e72ad7a29a","roots":{"p10404":"a8c2ef36-fd26-4729-9ec1-add50fbb7a6c"},"root_ids":["p10404"]}];
              root.Bokeh.embed.embed_items(docs_json, render_items);
              }
              if (root.Bokeh !== undefined) {
                embed_document(root);
              } else {
                let attempts = 0;
                const timer = setInterval(function(root) {
                  if (root.Bokeh !== undefined) {
                    clearInterval(timer);
                    embed_document(root);
                  } else {
                    attempts++;
                    if (attempts > 100) {
                      clearInterval(timer);
                      console.log("Bokeh: ERROR: Unable to run BokehJS code because BokehJS library is missing");
                    }
                  }
                }, 10, root)
              }
            })(window);
          });
        };
        if (document.readyState != "loading") fn();
        else document.addEventListener("DOMContentLoaded", fn);
      })();
    </script>
  </body>
</html>