<!DOCTYPE html>
<html lang="en">
  <head>
    <meta charset="utf-8">
    <title>Bokeh Application</title>
    <script type="text/javascript" src="https://cdn.bokeh.org/bokeh/release/bokeh-2.4.3.min.js"></script>
    <script type="text/javascript">
        Bokeh.set_log_level("info");
    </script>
  </head>
  <body>
    <div class="bk-root" id="0bad7660-8e7f-47e8-94fe-a957335db867" data-root-id="21110"></div>
  
    <script type="application/json" id="21553">
      {"b5ecd76e-207b-4b80-b0cb-4a4a0d842da2":{"defs":[],"roots":{"references":[{"attributes":{"overlay":{"id":"21133"}},"id":"21129","type":"BoxZoomTool"},{"attributes":{},"id":"21416","type":"BasicTickFormatter"},{"attributes":{},"id":"21131","type":"ResetTool"},{"attributes":{},"id":"21117","type":"LinearScale"},{"attributes":{"tools":[{"id":"21127"},{"id":"21128"},{"id":"21129"},{"id":"21130"},{"id":"21131"},{"id":"21132"},{"id":"21157"},{"id":"21109"}]},"id":"21134","type":"Toolbar"},{"attributes":{"above":[{"id":"21144"}],"below":[{"id":"21119"}],"center":[{"id":"21122"},{"id":"21126"}],"left":[{"id":"21123"}],"renderers":[{"id":"21155"}],"title":{"id":"21141"},"toolbar":{"id":"21134"},"x_range":{"id":"21111"},"x_scale":{"id":"21115"},"y_range":{"id":"21113"},"y_scale":{"id":"21117"}},"id":"21110","subtype":"Figure","type":"Plot"},{"attributes":{"axis":{"id":"21123"},"coordinates":null,"dimension":1,"group":null,"ticker":null,"visible":false},"id":"21126","type":"Grid"},{"attributes":{"end":504.26904141258376,"start":504.2620113387057},"id":"21113","type":"Range1d"},{"attributes":{"coordinates":null,"group":null,"text":"Subtitle | MS2 | y4^1 | 504.2664 m/z","text_font_style":"italic"},"id":"21144","type":"Title"},{"attributes":{},"id":"21115","type":"LinearScale"},{"attributes":{},"id":"21109","type":"CrosshairTool"},{"attributes":{"callback":null,"renderers":[{"id":"21155"}],"tooltips":[["Value","@image"]]},"id":"21157","type":"HoverTool"},{"attributes":{"palette":["#ffffff","#fffffd","#fffffb","#fffff9","#fffff7","#fffff4","#fffff3","#fffff1","#ffffef","#ffffed","#ffffeb","#ffffe9","#ffffe6","#ffffe4","#ffffe3","#ffffe1","#ffffdf","#ffffdd","#ffffdb","#ffffd9","#ffffd7","#ffffd4","#ffffd3","#ffffd1","#ffffcf","#ffffcd","#ffffcb","#ffffc9","#ffffc6","#ffffc4","#ffffc3","#ffffc1","#ffffbf","#ffffbd","#ffffbb","#ffffb9","#ffffb7","#ffffb5","#ffffb3","#ffffb1","#ffffaf","#ffffad","#ffffab","#ffffa8","#ffffa6","#ffffa4","#ffffa3","#ffffa1","#ffff9f","#ffff9d","#ffff9b","#ffff99","#ffff97","#ffff95","#ffff93","#ffff91","#ffff8f","#ffff8d","#ffff8b","#ffff88","#ffff86","#ffff84","#ffff83","#ffff81","#fffe7f","#fffc7d","#fffa7b","#fff879","#fff677","#fff475","#fff272","#fff071","#ffee6f","#ffec6d","#ffea6b","#ffe868","#ffe666","#ffe464","#ffe262","#ffe061","#ffde5f","#ffdc5d","#ffda5b","#ffd859","#ffd657","#ffd455","#ffd252","#ffd051","#ffce4f","#ffcc4d","#ffca4b","#ffc848","#ffc646","#ffc444","#ffc242","#ffc041","#ffbe3f","#ffbc3d","#ffba3b","#ffb839","#ffb637","#ffb435","#ffb232","#ffb030","#ffae2f","#ffac2d","#ffaa2b","#ffa828","#ffa626","#ffa424","#ffa222","#ffa020","#ff9e1f","#ff9c1d","#ff9a1b","#ff9819","#ff9617","#ff9415","#ff9212","#ff9010","#ff8e0f","#ff8c0d","#ff8a0b","#ff8808","#ff8606","#ff8404","#ff8202","#ff8000","#fe7e00","#fc7c00","#fa7a00","#f87800","#f67600","#f37400","#f27200","#f07000","#ee6e00","#ec6c00","#ea6a00","#e86800","#e56600","#e36400","#e26200","#e06000","#de5e00","#dc5c00","#da5a00","#d85800","#d65600","#d35400","#d25200","#d05000","#ce4e00","#cc4c00","#ca4a00","#c84800","#c54600","#c34400","#c24200","#c04000","#be3e00","#bc3c00","#ba3a00","#b83800","#b63600","#b33400","#b23200","#b03000","#ae2e00","#ac2c00","#aa2a00","#a82800","#a52600","#a32400","#a22200","#a02000","#9e1e00","#9c1c00","#9a1a00","#981800","#961600","#931400","#921200","#901000","#8e0e00","#8c0c00","#8a0a00","#880800","#850600","#830400","#820200","#800000","#7e0000","#7c0000","#7a0000","#780000","#760000","#730000","#710000","#700000","#6e0000","#6c0000","#6a0000","#680000","#650000","#630000","#610000","#600000","#5e0000","#5c0000","#5a0000","#580000","#560000","#530000","#510000","#500000","#4e0000","#4c0000","#4a0000","#480000","#450000","#430000","#410000","#400000","#3e0000","#3c0000","#3a0000","#380000","#360000","#330000","#310000","#300000","#2e0000","#2c0000","#2a0000","#280000","#250000","#230000","#210000","#200000","#1e0000","#1c0000","#1a0000","#180000","#160000","#130000","#110000","#100000","#0e0000","#0c0000","#0a0000","#080000","#050000","#030000","#010000","#000000"]},"id":"21147","type":"LinearColorMapper"},{"attributes":{"source":{"id":"21145"}},"id":"21156","type":"CDSView"},{"attributes":{"axis":{"id":"21119"},"coordinates":null,"group":null,"ticker":null,"visible":false},"id":"21122","type":"Grid"},{"attributes":{"data":{"image":[{"__ndarray__":"PLWmsG/j7z9p52DNEuPvP2nnYM0S4+8/aedgzRLj7z9p52DNEuPvP2nnYM0S4+8/aedgzRLj7z9p52DNEuPvP2nnYM0S4+8/aedgzRLj7z9p52DNEuPvP2nnYM0S4+8/aedgzRLj7z9p52DNEuPvP2nnYM0S4+8/aedgzRLj7z9p52DNEuPvP2nnYM0S4+8/aedgzRLj7z9p52DNEuPvP2nnYM0S4+8/aedgzRLj7z9p52DNEuPvP2nnYM0S4+8/aedgzRLj7z9p52DNEuPvP2nnYM0S4+8/aedgzRLj7z9p52DNEuPvP2nnYM0S4+8/aedgzRLj7z9p52DNEuPvP2nnYM0S4+8/aedgzRLj7z9p52DNEuPvP2nnYM0S4+8/aedgzRLj7z9p52DNEuPvP2nnYM0S4+8/aedgzRLj7z9p52DNEuPvP2nnYM0S4+8/aedgzRLj7z9p52DNEuPvP2nnYM0S4+8/dCtXFNLj7z9p52DNEuPvP2nnYM0S4+8/aedgzRLj7z9p52DNEuPvP2nnYM0S4+8/aedgzRLj7z9p52DNEuPvP2nnYM0S4+8/aedgzRLj7z9p52DNEuPvP2nnYM0S4+8/aedgzRLj7z9p52DNEuPvP2nnYM0S4+8/aedgzRLj7z9p52DNEuPvP2nnYM0S4+8/aedgzRLj7z9p52DNEuPvP2nnYM0S4+8/aedgzRLj7z9p52DNEuPvP2nnYM0S4+8/aedgzRLj7z8Wp5wg1ePvP2nnYM0S4+8/aedgzRLj7z9p52DNEuPvP2nnYM0S4+8/aedgzRLj7z9p52DNEuPvP2nnYM0S4+8/aedgzRLj7z9p52DNEuPvP2nnYM0S4+8/aedgzRLj7z9p52DNEuPvP2nnYM0S4+8/aedgzRLj7z9p52DNEuPvP2nnYM0S4+8/aedgzRLj7z9p52DNEuPvP2nnYM0S4+8/aedgzRLj7z9p52DNEuPvP3mOzJMD5O8/aedgzRLj7z9p52DNEuPvP2nnYM0S4+8/aedgzRLj7z9p52DNEuPvP2nnYM0S4+8/aedgzRLj7z9p52DNEuPvPzhN+0uR4+8/aedgzRLj7z9p52DNEuPvP2nnYM0S4+8/aedgzRLj7z9p52DNEuPvP2nnYM0S4+8/aedgzRLj7z9p52DNEuPvP2nnYM0S4+8/aedgzRLj7z9p52DNEuPvP2nnYM0S4+8/aedgzRLj7z9p52DNEuPvP2nnYM0S4+8/aedgzRLj7z9p52DNEuPvP2nnYM0S4+8/aedgzRLj7z9p52DNEuPvP2nnYM0S4+8/sNaLsCLj7z9p52DNEuPvP2nnYM0S4+8/aedgzRLj7z9p52DNEuPvP2nnYM0S4+8/aedgzRLj7z9p52DNEuPvP2nnYM0S4+8/aedgzRLj7z9p52DNEuPvP2nnYM0S4+8/aedgzRLj7z9p52DNEuPvP2nnYM0S4+8/aedgzRLj7z9p52DNEuPvP2nnYM0S4+8/aedgzRLj7z9p52DNEuPvP2nnYM0S4+8/aedgzRLj7z9p52DNEuPvP2nnYM0S4+8/aedgzRLj7z8u6wV3sOPvP2nnYM0S4+8/aedgzRLj7z9p52DNEuPvP2nnYM0S4+8/aedgzRLj7z9p52DNEuPvP2nnYM0S4+8/aedgzRLj7z9p52DNEuPvP2nnYM0S4+8/aedgzRLj7z9p52DNEuPvP2nnYM0S4+8/aedgzRLj7z9p52DNEuPvP2nnYM0S4+8/aedgzRLj7z9p52DNEuPvP2nnYM0S4+8/aedgzRLj7z9p52DNEuPvP2nnYM0S4+8/aedgzRLj7z9p52DNEuPvP2nnYM0S4+8/aedgzRLj7z9p52DNEuPvP2nnYM0S4+8/aedgzRLj7z9p52DNEuPvP2nnYM0S4+8/aedgzRLj7z9p52DNEuPvP2nnYM0S4+8/aedgzRLj7z9p52DNEuPvP2nnYM0S4+8/aedgzRLj7z9p52DNEuPvP2nnYM0S4+8/aedgzRLj7z9p52DNEuPvP/RHhmlV4+8/aedgzRLj7z9p52DNEuPvP2nnYM0S4+8/aedgzRLj7z9p52DNEuPvP2nnYM0S4+8/aedgzRLj7z9p52DNEuPvP2nnYM0S4+8/aedgzRLj7z8AAAAAAADwP2nnYM0S4+8/aedgzRLj7z9p52DNEuPvP2nnYM0S4+8/aedgzRLj7z9p52DNEuPvP2nnYM0S4+8/aedgzRLj7z9p52DNEuPvP2nnYM0S4+8/aedgzRLj7z9p52DNEuPvP2nnYM0S4+8/aedgzRLj7z9p52DNEuPvP2nnYM0S4+8/aedgzRLj7z9p52DNEuPvP2nnYM0S4+8/aedgzRLj7z9p52DNEuPvP2nnYM0S4+8/aedgzRLj7z9p52DNEuPvP0iiga6i9e8/aedgzRLj7z9p52DNEuPvP2nnYM0S4+8/aedgzRLj7z9p52DNEuPvP2nnYM0S4+8/aedgzRLj7z9p52DNEuPvP2nnYM0S4+8/aedgzRLj7z9p52DNEuPvP2nnYM0S4+8/aedgzRLj7z9p52DNEuPvP2nnYM0S4+8/aedgzRLj7z9p52DNEuPvP2nnYM0S4+8/aedgzRLj7z9p52DNEuPvP2nnYM0S4+8/AAAAAAAA8D9p52DNEuPvP2nnYM0S4+8/aedgzRLj7z9p52DNEuPvP2nnYM0S4+8/aedgzRLj7z9p52DNEuPvP2nnYM0S4+8/aedgzRLj7z9p52DNEuPvP2nnYM0S4+8/aedgzRLj7z9p52DNEuPvP2nnYM0S4+8/aedgzRLj7z9p52DNEuPvP2nnYM0S4+8/aedgzRLj7z9p52DNEuPvP2nnYM0S4+8/aedgzRLj7z9p52DNEuPvP2jS1ttH7u8/aedgzRLj7z9p52DNEuPvP2nnYM0S4+8/aedgzRLj7z9p52DNEuPvP2nnYM0S4+8/aedgzRLj7z9p52DNEuPvP2nnYM0S4+8/aedgzRLj7z9p52DNEuPvP2nnYM0S4+8/aedgzRLj7z9p52DNEuPvP2nnYM0S4+8/aedgzRLj7z9p52DNEuPvP2nnYM0S4+8/aedgzRLj7z9p52DNEuPvP2nnYM0S4+8/aedgzRLj7z+lvv47IubvP2nnYM0S4+8/aedgzRLj7z9p52DNEuPvP2nnYM0S4+8/aedgzRLj7z9p52DNEuPvP2nnYM0S4+8/aedgzRLj7z9p52DNEuPvP2nnYM0S4+8/aedgzRLj7z9p52DNEuPvP2nnYM0S4+8/aedgzRLj7z9p52DNEuPvP2nnYM0S4+8/aedgzRLj7z9p52DNEuPvP2nnYM0S4+8/aedgzRLj7z9p52DNEuPvP2nnYM0S4+8/2/8SzXXj7z9p52DNEuPvP2nnYM0S4+8/aedgzRLj7z9p52DNEuPvP2nnYM0S4+8/aedgzRLj7z9p52DNEuPvP2nnYM0S4+8/aedgzRLj7z9p52DNEuPvP2nnYM0S4+8/aedgzRLj7z9p52DNEuPvP2nnYM0S4+8/aedgzRLj7z9p52DNEuPvP2nnYM0S4+8/aedgzRLj7z9p52DNEuPvP2nnYM0S4+8/aedgzRLj7z9p52DNEuPvP2nnYM0S4+8/aedgzRLj7z9p52DNEuPvP2nnYM0S4+8/aedgzRLj7z9p52DNEuPvP2nnYM0S4+8/aedgzRLj7z9p52DNEuPvP2nnYM0S4+8/aedgzRLj7z9p52DNEuPvP2nnYM0S4+8/jM7LZrXk7z9p52DNEuPvP2nnYM0S4+8/aedgzRLj7z9p52DNEuPvP2nnYM0S4+8/aedgzRLj7z9p52DNEuPvP2nnYM0S4+8/aedgzRLj7z9p52DNEuPvP2nnYM0S4+8/aedgzRLj7z9p52DNEuPvP2nnYM0S4+8/aedgzRLj7z9p52DNEuPvP2nnYM0S4+8/aedgzRLj7z9p52DNEuPvP2nnYM0S4+8/aedgzRLj7z/TzLMt+ePvP2nnYM0S4+8/aedgzRLj7z9p52DNEuPvP2nnYM0S4+8/aedgzRLj7z9p52DNEuPvP2nnYM0S4+8/aedgzRLj7z9p52DNEuPvP2nnYM0S4+8/aedgzRLj7z9p52DNEuPvP2nnYM0S4+8/aedgzRLj7z9p52DNEuPvP2nnYM0S4+8/aedgzRLj7z9p52DNEuPvP2nnYM0S4+8/aedgzRLj7z9p52DNEuPvP2nnYM0S4+8/aedgzRLj7z9p52DNEuPvPwlU5BA15O8/aedgzRLj7z9p52DNEuPvP2nnYM0S4+8/aedgzRLj7z9p52DNEuPvP2nnYM0S4+8/aedgzRLj7z9p52DNEuPvP2nnYM0S4+8/aedgzRLj7z9p52DNEuPvP2nnYM0S4+8/aedgzRLj7z9p52DNEuPvP2nnYM0S4+8/aedgzRLj7z9p52DNEuPvP2nnYM0S4+8/aedgzRLj7z9p52DNEuPvP5cjf1s84+8/aedgzRLj7z9p52DNEuPvP2nnYM0S4+8/aedgzRLj7z9p52DNEuPvP2nnYM0S4+8/aedgzRLj7z9p52DNEuPvP2nnYM0S4+8/aedgzRLj7z9p52DNEuPvP2nnYM0S4+8/aedgzRLj7z9p52DNEuPvP2nnYM0S4+8/aedgzRLj7z9p52DNEuPvP2nnYM0S4+8/aedgzRLj7z9p52DNEuPvP2nnYM0S4+8/aedgzRLj7z9FAdvaVOTvP2nnYM0S4+8/aedgzRLj7z9p52DNEuPvP2nnYM0S4+8/aedgzRLj7z9p52DNEuPvP2nnYM0S4+8/aedgzRLj7z9p52DNEuPvP2nnYM0S4+8/aedgzRLj7z9p52DNEuPvP2nnYM0S4+8/aedgzRLj7z9p52DNEuPvP2nnYM0S4+8/aedgzRLj7z9p52DNEuPvP2nnYM0S4+8/aedgzRLj7z9p52DNEuPvP2nnYM0S4+8/aedgzRLj7z9p52DNEuPvP2nnYM0S4+8/ZtGwS//j7z9p52DNEuPvP2nnYM0S4+8/aedgzRLj7z9p52DNEuPvP2nnYM0S4+8/aedgzRLj7z9p52DNEuPvP2nnYM0S4+8/aedgzRLj7z9p52DNEuPvP2nnYM0S4+8/aedgzRLj7z9p52DNEuPvP2nnYM0S4+8/aedgzRLj7z9p52DNEuPvP2nnYM0S4+8/aedgzRLj7z9p52DNEuPvP2nnYM0S4+8/K2OOUdvl7z9p52DNEuPvP2nnYM0S4+8/aedgzRLj7z9p52DNEuPvP2nnYM0S4+8/aedgzRLj7z9p52DNEuPvP2nnYM0S4+8/aedgzRLj7z9p52DNEuPvP2nnYM0S4+8/aedgzRLj7z9p52DNEuPvP2nnYM0S4+8/aedgzRLj7z9p52DNEuPvP2nnYM0S4+8/aedgzRLj7z9p52DNEuPvP2nnYM0S4+8/aedgzRLj7z9p52DNEuPvP2nnYM0S4+8/aedgzRLj7z9p52DNEuPvP2nnYM0S4+8/aedgzRLj7z9p52DNEuPvP2nnYM0S4+8/aedgzRLj7z9p52DNEuPvP2nnYM0S4+8/lZbdPObj7z9p52DNEuPvP2nnYM0S4+8/aedgzRLj7z9p52DNEuPvP2nnYM0S4+8/aedgzRLj7z9p52DNEuPvP2nnYM0S4+8/aedgzRLj7z9p52DNEuPvP2nnYM0S4+8/aedgzRLj7z9p52DNEuPvP2nnYM0S4+8/aedgzRLj7z9p52DNEuPvP2nnYM0S4+8/aedgzRLj7z9p52DNEuPvP2nnYM0S4+8/aedgzRLj7z9p52DNEuPvP+GS+WhS5O8/aedgzRLj7z9p52DNEuPvP2nnYM0S4+8/aedgzRLj7z9p52DNEuPvP2nnYM0S4+8/aedgzRLj7z9p52DNEuPvP8ErQ3QT5O8/aedgzRLj7z9p52DNEuPvP2nnYM0S4+8/aedgzRLj7z9p52DNEuPvP2nnYM0S4+8/aedgzRLj7z9p52DNEuPvP2nnYM0S4+8/aedgzRLj7z9p52DNEuPvP2nnYM0S4+8/aedgzRLj7z9p52DNEuPvP2nnYM0S4+8/aedgzRLj7z9p52DNEuPvP2nnYM0S4+8/aedgzRLj7z9p52DNEuPvP2nnYM0S4+8/aedgzRLj7z9p52DNEuPvP2nnYM0S4+8/aedgzRLj7z9p52DNEuPvP2nnYM0S4+8/aedgzRLj7z9p52DNEuPvP2nnYM0S4+8/aedgzRLj7z9p52DNEuPvP2nnYM0S4+8/aedgzRLj7z9p52DNEuPvP2nnYM0S4+8/aedgzRLj7z9p52DNEuPvP2nnYM0S4+8/aedgzRLj7z9p52DNEuPvP6Auai+W4+8/aedgzRLj7z9p52DNEuPvP2nnYM0S4+8/aedgzRLj7z9p52DNEuPvP2nnYM0S4+8/aedgzRLj7z9p52DNEuPvP2nnYM0S4+8/AAAAAAAA8D9p52DNEuPvP2nnYM0S4+8/aedgzRLj7z9p52DNEuPvP2nnYM0S4+8/aedgzRLj7z9p52DNEuPvP2nnYM0S4+8/aedgzRLj7z9p52DNEuPvP2nnYM0S4+8/aedgzRLj7z9p52DNEuPvP2nnYM0S4+8/aedgzRLj7z9p52DNEuPvP2nnYM0S4+8/aedgzRLj7z9p52DNEuPvP2nnYM0S4+8/aedgzRLj7z/fTv0dxOXvP2nnYM0S4+8/aedgzRLj7z9p52DNEuPvP2nnYM0S4+8/aedgzRLj7z9p52DNEuPvP2nnYM0S4+8/aedgzRLj7z9p52DNEuPvP2nnYM0S4+8/aedgzRLj7z9p52DNEuPvP2nnYM0S4+8/aedgzRLj7z9p52DNEuPvP2nnYM0S4+8/aedgzRLj7z9p52DNEuPvP2nnYM0S4+8/aedgzRLj7z9p52DNEuPvP2nnYM0S4+8/aedgzRLj7z9p52DNEuPvP85yKe0S9O8/aedgzRLj7z9p52DNEuPvP2nnYM0S4+8/aedgzRLj7z9p52DNEuPvP2nnYM0S4+8/aedgzRLj7z9p52DNEuPvP2nnYM0S4+8/aedgzRLj7z9p52DNEuPvP2nnYM0S4+8/aedgzRLj7z9p52DNEuPvP2nnYM0S4+8/aedgzRLj7z9p52DNEuPvP2nnYM0S4+8/aedgzRLj7z9p52DNEuPvP2nnYM0S4+8/aedgzRLj7z9p52DNEuPvP2nnYM0S4+8/aedgzRLj7z8AAAAAAADwP2nnYM0S4+8/aedgzRLj7z9p52DNEuPvP2nnYM0S4+8/aedgzRLj7z9p52DNEuPvP2nnYM0S4+8/aedgzRLj7z9p52DNEuPvP2nnYM0S4+8/aedgzRLj7z9p52DNEuPvP2nnYM0S4+8/aedgzRLj7z9p52DNEuPvP2nnYM0S4+8/aedgzRLj7z9p52DNEuPvP2nnYM0S4+8/aedgzRLj7z9p52DNEuPvP2nnYM0S4+8/aedgzRLj7z9p52DNEuPvP8DbEgHU8e8/aedgzRLj7z9p52DNEuPvP2nnYM0S4+8/aedgzRLj7z9p52DNEuPvP2nnYM0S4+8/aedgzRLj7z9p52DNEuPvP2nnYM0S4+8/aedgzRLj7z9p52DNEuPvP2nnYM0S4+8/aedgzRLj7z9p52DNEuPvP2nnYM0S4+8/aedgzRLj7z9p52DNEuPvP2nnYM0S4+8/wP98TE/j7z9p52DNEuPvP2nnYM0S4+8/aedgzRLj7z9p52DNEuPvP2nnYM0S4+8/aedgzRLj7z9p52DNEuPvP2nnYM0S4+8/aedgzRLj7z9p52DNEuPvP2nnYM0S4+8/aedgzRLj7z9p52DNEuPvP2nnYM0S4+8/aedgzRLj7z9p52DNEuPvP2nnYM0S4+8/aedgzRLj7z9p52DNEuPvP2nnYM0S4+8/aedgzRLj7z9p52DNEuPvP2nnYM0S4+8/aedgzRLj7z9p52DNEuPvP2nnYM0S4+8/aedgzRLj7z9p52DNEuPvP2nnYM0S4+8/aedgzRLj7z9p52DNEuPvP2nnYM0S4+8/aOr09bXj7z9p52DNEuPvP2nnYM0S4+8/aedgzRLj7z9p52DNEuPvP2nnYM0S4+8/aedgzRLj7z9p52DNEuPvP2nnYM0S4+8/aedgzRLj7z9p52DNEuPvP2nnYM0S4+8/aedgzRLj7z9p52DNEuPvP2nnYM0S4+8/aedgzRLj7z9p52DNEuPvP2nnYM0S4+8/aedgzRLj7z9p52DNEuPvP2nnYM0S4+8/aedgzRLj7z9p52DNEuPvP2nnYM0S4+8/aedgzRLj7z9p52DNEuPvP+FmYHcI5O8/aedgzRLj7z9p52DNEuPvP2nnYM0S4+8/aedgzRLj7z9p52DNEuPvP2nnYM0S4+8/aedgzRLj7z9p52DNEuPvP2nnYM0S4+8/aedgzRLj7z9p52DNEuPvP2nnYM0S4+8/aedgzRLj7z9p52DNEuPvP2nnYM0S4+8/aedgzRLj7z9p52DNEuPvP2nnYM0S4+8/aedgzRLj7z+lgTQ8oeTvP2nnYM0S4+8/aedgzRLj7z9p52DNEuPvP2nnYM0S4+8/aedgzRLj7z9p52DNEuPvP2nnYM0S4+8/aedgzRLj7z9p52DNEuPvP2nnYM0S4+8/aedgzRLj7z9p52DNEuPvP2nnYM0S4+8/aedgzRLj7z9p52DNEuPvP2nnYM0S4+8/aedgzRLj7z9p52DNEuPvP2nnYM0S4+8/aedgzRLj7z9p52DNEuPvP2nnYM0S4+8/aedgzRLj7z9p52DNEuPvP8LE6ZOK4+8/aedgzRLj7z9p52DNEuPvP2nnYM0S4+8/aedgzRLj7z9p52DNEuPvP2nnYM0S4+8/aedgzRLj7z9p52DNEuPvP2nnYM0S4+8/aedgzRLj7z9p52DNEuPvP2nnYM0S4+8/aedgzRLj7z9p52DNEuPvP2nnYM0S4+8/aedgzRLj7z9p52DNEuPvP2nnYM0S4+8/aedgzRLj7z9p52DNEuPvP2nnYM0S4+8/aedgzRLj7z9p52DNEuPvP2nnYM0S4+8/aedgzRLj7z9p52DNEuPvP2nnYM0S4+8/pj/g27rj7z9p52DNEuPvP2nnYM0S4+8/aedgzRLj7z9p52DNEuPvP2nnYM0S4+8/aedgzRLj7z9p52DNEuPvP2nnYM0S4+8/aedgzRLj7z9p52DNEuPvP2nnYM0S4+8/aedgzRLj7z9p52DNEuPvP2nnYM0S4+8/aedgzRLj7z9p52DNEuPvP2nnYM0S4+8/aedgzRLj7z9p52DNEuPvP2nnYM0S4+8/aedgzRLj7z+gD2qwm+PvP2nnYM0S4+8/aedgzRLj7z9p52DNEuPvP2nnYM0S4+8/aedgzRLj7z9p52DNEuPvP2nnYM0S4+8/aedgzRLj7z9p52DNEuPvP2nnYM0S4+8/aedgzRLj7z9p52DNEuPvP2nnYM0S4+8/aedgzRLj7z9p52DNEuPvP2nnYM0S4+8/aedgzRLj7z9p52DNEuPvP2nnYM0S4+8/CUGMtsnn7z9p52DNEuPvP2nnYM0S4+8/aedgzRLj7z9p52DNEuPvP2nnYM0S4+8/aedgzRLj7z9p52DNEuPvP2nnYM0S4+8/aedgzRLj7z9p52DNEuPvP2nnYM0S4+8/aedgzRLj7z9p52DNEuPvPw6fGGlr4+8/aedgzRLj7z9p52DNEuPvP2nnYM0S4+8/aedgzRLj7z9p52DNEuPvP2nnYM0S4+8/aedgzRLj7z9p52DNEuPvP2nnYM0S4+8/aedgzRLj7z9p52DNEuPvP2nnYM0S4+8/aedgzRLj7z9p52DNEuPvP2nnYM0S4+8/aedgzRLj7z9p52DNEuPvP2nnYM0S4+8/aedgzRLj7z9p52DNEuPvP2nnYM0S4+8/aedgzRLj7z9p52DNEuPvP2nnYM0S4+8/aedgzRLj7z9p52DNEuPvP2nnYM0S4+8/aedgzRLj7z9p52DNEuPvP2nnYM0S4+8/aedgzRLj7z9p52DNEuPvP2nnYM0S4+8/aedgzRLj7z9p52DNEuPvP2nnYM0S4+8/aedgzRLj7z9p52DNEuPvP2nnYM0S4+8/aedgzRLj7z9p52DNEuPvP6TvlXbG4+8/aedgzRLj7z9p52DNEuPvP2nnYM0S4+8/aedgzRLj7z9p52DNEuPvP2nnYM0S4+8/aedgzRLj7z9p52DNEuPvP2nnYM0S4+8/aedgzRLj7z9p52DNEuPvP2nnYM0S4+8/aedgzRLj7z9p52DNEuPvP2nnYM0S4+8/aedgzRLj7z9p52DNEuPvP2nnYM0S4+8/aedgzRLj7z9p52DNEuPvP2nnYM0S4+8/aedgzRLj7z9p52DNEuPvP2nnYM0S4+8/aedgzRLj7z+fiVD3tePvP2nnYM0S4+8/aedgzRLj7z+CLel3IePvP2nnYM0S4+8/aedgzRLj7z9p52DNEuPvP2nnYM0S4+8/aedgzRLj7z9p52DNEuPvP2nnYM0S4+8/aedgzRLj7z9p52DNEuPvP2nnYM0S4+8/aedgzRLj7z9p52DNEuPvP2nnYM0S4+8/aedgzRLj7z9p52DNEuPvP2nnYM0S4+8/aedgzRLj7z9p52DNEuPvP2nnYM0S4+8/aedgzRLj7z9p52DNEuPvP2nnYM0S4+8/aedgzRLj7z9p52DNEuPvP2nnYM0S4+8/aedgzRLj7z9p52DNEuPvP2nnYM0S4+8/aedgzRLj7z9p52DNEuPvP2nnYM0S4+8/aedgzRLj7z9p52DNEuPvP2nnYM0S4+8/aedgzRLj7z9p52DNEuPvP2nnYM0S4+8/aedgzRLj7z9p52DNEuPvP2nnYM0S4+8/aedgzRLj7z8hibaEh+PvP2nnYM0S4+8/aedgzRLj7z9p52DNEuPvP2nnYM0S4+8/aedgzRLj7z9p52DNEuPvP2nnYM0S4+8/aedgzRLj7z9p52DNEuPvP+g4jqPE4+8/aedgzRLj7z9p52DNEuPvP2nnYM0S4+8/aedgzRLj7z9p52DNEuPvP2nnYM0S4+8/aedgzRLj7z9p52DNEuPvP2nnYM0S4+8/aedgzRLj7z9p52DNEuPvP2nnYM0S4+8/aedgzRLj7z9p52DNEuPvP2nnYM0S4+8/aedgzRLj7z9p52DNEuPvP2nnYM0S4+8/aedgzRLj7z9p52DNEuPvP2nnYM0S4+8/nFdsaIzj7z9p52DNEuPvP2nnYM0S4+8/aedgzRLj7z9p52DNEuPvP2nnYM0S4+8/aedgzRLj7z9p52DNEuPvP2nnYM0S4+8/aedgzRLj7z9p52DNEuPvP2nnYM0S4+8/aedgzRLj7z9p52DNEuPvP2nnYM0S4+8/aedgzRLj7z9p52DNEuPvP2nnYM0S4+8/aedgzRLj7z9p52DNEuPvP2nnYM0S4+8/aedgzRLj7z9p52DNEuPvP2nnYM0S4+8/aedgzRLj7z9p52DNEuPvP2nnYM0S4+8/aedgzRLj7z9p52DNEuPvP2nnYM0S4+8/aedgzRLj7z9p52DNEuPvP2nnYM0S4+8/aedgzRLj7z9p52DNEuPvP2nnYM0S4+8/aedgzRLj7z9p52DNEuPvP2nnYM0S4+8/aedgzRLj7z9p52DNEuPvP2nnYM0S4+8/aedgzRLj7z9p52DNEuPvP0125JNI4+8/aedgzRLj7z9p52DNEuPvP2nnYM0S4+8/aedgzRLj7z9p52DNEuPvP2nnYM0S4+8/aedgzRLj7z9p52DNEuPvP6FE0KAz7O8/aedgzRLj7z9p52DNEuPvP2nnYM0S4+8/aedgzRLj7z9p52DNEuPvP2nnYM0S4+8/aedgzRLj7z9p52DNEuPvP2nnYM0S4+8/aedgzRLj7z9p52DNEuPvP2nnYM0S4+8/aedgzRLj7z9p52DNEuPvP2nnYM0S4+8/aedgzRLj7z9p52DNEuPvP2nnYM0S4+8/aedgzRLj7z9p52DNEuPvP2nnYM0S4+8/aedgzRLj7z9p52DNEuPvP2nnYM0S4+8/AAAAAAAA8D9p52DNEuPvP2nnYM0S4+8/aedgzRLj7z9p52DNEuPvP2nnYM0S4+8/aedgzRLj7z9p52DNEuPvP2nnYM0S4+8/aedgzRLj7z9p52DNEuPvP2nnYM0S4+8/aedgzRLj7z9p52DNEuPvP2nnYM0S4+8/aedgzRLj7z9p52DNEuPvP2nnYM0S4+8/aedgzRLj7z9p52DNEuPvP2nnYM0S4+8/aedgzRLj7z+/sKxx1uXvP2nnYM0S4+8/aedgzRLj7z9p52DNEuPvP2nnYM0S4+8/aedgzRLj7z9p52DNEuPvP2nnYM0S4+8/aedgzRLj7z9p52DNEuPvP2nnYM0S4+8/aedgzRLj7z9p52DNEuPvP2nnYM0S4+8/aedgzRLj7z9p52DNEuPvP2nnYM0S4+8/aedgzRLj7z9p52DNEuPvP2nnYM0S4+8/aedgzRLj7z9p52DNEuPvP2nnYM0S4+8/aedgzRLj7z9p52DNEuPvP2nnYM0S4+8/aedgzRLj7z9p52DNEuPvP4wB1KFg5+8/aedgzRLj7z9p52DNEuPvP2nnYM0S4+8/aedgzRLj7z9p52DNEuPvP2nnYM0S4+8/aedgzRLj7z9p52DNEuPvP2nnYM0S4+8/aedgzRLj7z9p52DNEuPvP2nnYM0S4+8/aedgzRLj7z9p52DNEuPvP2nnYM0S4+8/aedgzRLj7z9p52DNEuPvP2nnYM0S4+8/aedgzRLj7z9p52DNEuPvP2nnYM0S4+8/aedgzRLj7z8HwosRyvvvP2nnYM0S4+8/aedgzRLj7z9p52DNEuPvP2nnYM0S4+8/aedgzRLj7z9p52DNEuPvP2nnYM0S4+8/aedgzRLj7z9p52DNEuPvP2nnYM0S4+8/aedgzRLj7z9p52DNEuPvP2nnYM0S4+8/aedgzRLj7z9p52DNEuPvP2nnYM0S4+8/aedgzRLj7z9p52DNEuPvP2nnYM0S4+8/021yg/Xj7z9p52DNEuPvP2nnYM0S4+8/aedgzRLj7z9p52DNEuPvP2nnYM0S4+8/aedgzRLj7z9p52DNEuPvP2nnYM0S4+8/aedgzRLj7z9p52DNEuPvP2nnYM0S4+8/aedgzRLj7z9p52DNEuPvP2nnYM0S4+8/aedgzRLj7z9p52DNEuPvP2nnYM0S4+8/aedgzRLj7z9p52DNEuPvP2nnYM0S4+8/aedgzRLj7z9p52DNEuPvP2nnYM0S4+8/aedgzRLj7z9p52DNEuPvP2nnYM0S4+8/aedgzRLj7z9p52DNEuPvP2nnYM0S4+8/aedgzRLj7z9p52DNEuPvP1GgcdmO4+8/aedgzRLj7z9p52DNEuPvP2nnYM0S4+8/aedgzRLj7z9p52DNEuPvP2nnYM0S4+8/aedgzRLj7z9p52DNEuPvP2nnYM0S4+8/aedgzRLj7z9p52DNEuPvP2nnYM0S4+8/aedgzRLj7z9p52DNEuPvP2nnYM0S4+8/aedgzRLj7z9p52DNEuPvP2nnYM0S4+8/aedgzRLj7z9p52DNEuPvP2nnYM0S4+8/aedgzRLj7z9p52DNEuPvP2nnYM0S4+8/aedgzRLj7z8pUBUwSePvP2nnYM0S4+8/aedgzRLj7z9p52DNEuPvP2nnYM0S4+8/aedgzRLj7z9p52DNEuPvP2nnYM0S4+8/aedgzRLj7z9p52DNEuPvP2nnYM0S4+8/aedgzRLj7z9p52DNEuPvP2nnYM0S4+8/aedgzRLj7z9p52DNEuPvP2nnYM0S4+8/aedgzRLj7z9p52DNEuPvP2nnYM0S4+8/aedgzRLj7z/7u4QTkOPvP2nnYM0S4+8/aedgzRLj7z9p52DNEuPvP2nnYM0S4+8/aedgzRLj7z9p52DNEuPvP2nnYM0S4+8/aedgzRLj7z9p52DNEuPvP2nnYM0S4+8/aedgzRLj7z9p52DNEuPvP2nnYM0S4+8/aedgzRLj7z9p52DNEuPvP2nnYM0S4+8/aedgzRLj7z9p52DNEuPvP2nnYM0S4+8/aedgzRLj7z9p52DNEuPvP2nnYM0S4+8/aedgzRLj7z9p52DNEuPvP2nnYM0S4+8/aedgzRLj7z9p52DNEuPvP2nnYM0S4+8/XfVDSvTj7z9p52DNEuPvP2nnYM0S4+8/aedgzRLj7z9p52DNEuPvP2nnYM0S4+8/aedgzRLj7z9p52DNEuPvP2nnYM0S4+8/aedgzRLj7z9p52DNEuPvP2nnYM0S4+8/aedgzRLj7z9p52DNEuPvP2nnYM0S4+8/aedgzRLj7z9p52DNEuPvP2nnYM0S4+8/aedgzRLj7z9p52DNEuPvP2nnYM0S4+8/aedgzRLj7z9p52DNEuPvPy8zeD784+8/aedgzRLj7z9p52DNEuPvP2nnYM0S4+8/aedgzRLj7z9p52DNEuPvP2nnYM0S4+8/aedgzRLj7z9p52DNEuPvP2nnYM0S4+8/aedgzRLj7z9p52DNEuPvP2nnYM0S4+8/aedgzRLj7z9p52DNEuPvP2nnYM0S4+8/aedgzRLj7z9p52DNEuPvP2nnYM0S4+8/aedgzRLj7z9p52DNEuPvP2nnYM0S4+8/RtuQWqrj7z9p52DNEuPvP2nnYM0S4+8/aedgzRLj7z9p52DNEuPvP2nnYM0S4+8/aedgzRLj7z9p52DNEuPvP2nnYM0S4+8/aedgzRLj7z9p52DNEuPvP2nnYM0S4+8/aedgzRLj7z9p52DNEuPvP2nnYM0S4+8/aedgzRLj7z9p52DNEuPvP2nnYM0S4+8/aedgzRLj7z9p52DNEuPvP2nnYM0S4+8/HRiXFEjl7z9p52DNEuPvP2nnYM0S4+8/aedgzRLj7z9p52DNEuPvP2nnYM0S4+8/aedgzRLj7z9p52DNEuPvP2nnYM0S4+8/aedgzRLj7z9p52DNEuPvP2nnYM0S4+8/","dtype":"float64","order":"little","shape":[59,24]}]},"selected":{"id":"21419"},"selection_policy":{"id":"21418"}},"id":"21145","type":"ColumnDataSource"},{"attributes":{},"id":"21418","type":"UnionRenderers"},{"attributes":{"color_mapper":{"id":"21150"},"dh":{"value":0.007030073878070198},"dw":{"value":41.40431890415039},"global_alpha":{"value":0.1},"image":{"field":"image"},"x":{"value":6225.11081679484},"y":{"value":504.2620113387057}},"id":"21149","type":"Image"},{"attributes":{"align":"center","coordinates":null,"group":null,"text":"Title","text_font_size":"16pt"},"id":"21141","type":"Title"},{"attributes":{},"id":"21120","type":"BasicTicker"},{"attributes":{"end":6266.51513569899,"start":6225.11081679484},"id":"21111","type":"Range1d"},{"attributes":{},"id":"21124","type":"BasicTicker"},{"attributes":{},"id":"21414","type":"AllLabels"},{"attributes":{"coordinates":null,"data_source":{"id":"21145"},"glyph":{"id":"21146"},"group":null,"hover_glyph":null,"muted_glyph":{"id":"21152"},"nonselection_glyph":{"id":"21149"},"view":{"id":"21156"}},"id":"21155","type":"GlyphRenderer"},{"attributes":{},"id":"21127","type":"PanTool"},{"attributes":{},"id":"21419","type":"Selection"},{"attributes":{"bottom_units":"screen","coordinates":null,"fill_alpha":0.5,"fill_color":"lightgrey","group":null,"left_units":"screen","level":"overlay","line_alpha":1.0,"line_color":"black","line_dash":[4,4],"line_width":2,"right_units":"screen","syncable":false,"top_units":"screen"},"id":"21133","type":"BoxAnnotation"},{"attributes":{"axis_label":"Retention time (s)","coordinates":null,"formatter":{"id":"21416"},"group":null,"major_label_policy":{"id":"21417"},"ticker":{"id":"21120"}},"id":"21119","type":"LinearAxis"},{"attributes":{"color_mapper":{"id":"21147"},"dh":{"value":0.007030073878070198},"dw":{"value":41.40431890415039},"image":{"field":"image"},"x":{"value":6225.11081679484},"y":{"value":504.2620113387057}},"id":"21146","type":"Image"},{"attributes":{},"id":"21128","type":"WheelZoomTool"},{"attributes":{"palette":["#ffffff","#fffffd","#fffffb","#fffff9","#fffff7","#fffff4","#fffff3","#fffff1","#ffffef","#ffffed","#ffffeb","#ffffe9","#ffffe6","#ffffe4","#ffffe3","#ffffe1","#ffffdf","#ffffdd","#ffffdb","#ffffd9","#ffffd7","#ffffd4","#ffffd3","#ffffd1","#ffffcf","#ffffcd","#ffffcb","#ffffc9","#ffffc6","#ffffc4","#ffffc3","#ffffc1","#ffffbf","#ffffbd","#ffffbb","#ffffb9","#ffffb7","#ffffb5","#ffffb3","#ffffb1","#ffffaf","#ffffad","#ffffab","#ffffa8","#ffffa6","#ffffa4","#ffffa3","#ffffa1","#ffff9f","#ffff9d","#ffff9b","#ffff99","#ffff97","#ffff95","#ffff93","#ffff91","#ffff8f","#ffff8d","#ffff8b","#ffff88","#ffff86","#ffff84","#ffff83","#ffff81","#fffe7f","#fffc7d","#fffa7b","#fff879","#fff677","#fff475","#fff272","#fff071","#ffee6f","#ffec6d","#ffea6b","#ffe868","#ffe666","#ffe464","#ffe262","#ffe061","#ffde5f","#ffdc5d","#ffda5b","#ffd859","#ffd657","#ffd455","#ffd252","#ffd051","#ffce4f","#ffcc4d","#ffca4b","#ffc848","#ffc646","#ffc444","#ffc242","#ffc041","#ffbe3f","#ffbc3d","#ffba3b","#ffb839","#ffb637","#ffb435","#ffb232","#ffb030","#ffae2f","#ffac2d","#ffaa2b","#ffa828","#ffa626","#ffa424","#ffa222","#ffa020","#ff9e1f","#ff9c1d","#ff9a1b","#ff9819","#ff9617","#ff9415","#ff9212","#ff9010","#ff8e0f","#ff8c0d","#ff8a0b","#ff8808","#ff8606","#ff8404","#ff8202","#ff8000","#fe7e00","#fc7c00","#fa7a00","#f87800","#f67600","#f37400","#f27200","#f07000","#ee6e00","#ec6c00","#ea6a00","#e86800","#e56600","#e36400","#e26200","#e06000","#de5e00","#dc5c00","#da5a00","#d85800","#d65600","#d35400","#d25200","#d05000","#ce4e00","#cc4c00","#ca4a00","#c84800","#c54600","#c34400","#c24200","#c04000","#be3e00","#bc3c00","#ba3a00","#b83800","#b63600","#b33400","#b23200","#b03000","#ae2e00","#ac2c00","#aa2a00","#a82800","#a52600","#a32400","#a22200","#a02000","#9e1e00","#9c1c00","#9a1a00","#981800","#961600","#931400","#921200","#901000","#8e0e00","#8c0c00","#8a0a00","#880800","#850600","#830400","#820200","#800000","#7e0000","#7c0000","#7a0000","#780000","#760000","#730000","#710000","#700000","#6e0000","#6c0000","#6a0000","#680000","#650000","#630000","#610000","#600000","#5e0000","#5c0000","#5a0000","#580000","#560000","#530000","#510000","#500000","#4e0000","#4c0000","#4a0000","#480000","#450000","#430000","#410000","#400000","#3e0000","#3c0000","#3a0000","#380000","#360000","#330000","#310000","#300000","#2e0000","#2c0000","#2a0000","#280000","#250000","#230000","#210000","#200000","#1e0000","#1c0000","#1a0000","#180000","#160000","#130000","#110000","#100000","#0e0000","#0c0000","#0a0000","#080000","#050000","#030000","#010000","#000000"]},"id":"21153","type":"LinearColorMapper"},{"attributes":{},"id":"21413","type":"BasicTickFormatter"},{"attributes":{"axis_label":"m/z","coordinates":null,"formatter":{"id":"21413"},"group":null,"major_label_policy":{"id":"21414"},"ticker":{"id":"21124"}},"id":"21123","type":"LinearAxis"},{"attributes":{},"id":"21132","type":"HelpTool"},{"attributes":{},"id":"21130","type":"SaveTool"},{"attributes":{},"id":"21417","type":"AllLabels"},{"attributes":{"color_mapper":{"id":"21153"},"dh":{"value":0.007030073878070198},"dw":{"value":41.40431890415039},"global_alpha":{"value":0.2},"image":{"field":"image"},"x":{"value":6225.11081679484},"y":{"value":504.2620113387057}},"id":"21152","type":"Image"},{"attributes":{"palette":["#ffffff","#fffffd","#fffffb","#fffff9","#fffff7","#fffff4","#fffff3","#fffff1","#ffffef","#ffffed","#ffffeb","#ffffe9","#ffffe6","#ffffe4","#ffffe3","#ffffe1","#ffffdf","#ffffdd","#ffffdb","#ffffd9","#ffffd7","#ffffd4","#ffffd3","#ffffd1","#ffffcf","#ffffcd","#ffffcb","#ffffc9","#ffffc6","#ffffc4","#ffffc3","#ffffc1","#ffffbf","#ffffbd","#ffffbb","#ffffb9","#ffffb7","#ffffb5","#ffffb3","#ffffb1","#ffffaf","#ffffad","#ffffab","#ffffa8","#ffffa6","#ffffa4","#ffffa3","#ffffa1","#ffff9f","#ffff9d","#ffff9b","#ffff99","#ffff97","#ffff95","#ffff93","#ffff91","#ffff8f","#ffff8d","#ffff8b","#ffff88","#ffff86","#ffff84","#ffff83","#ffff81","#fffe7f","#fffc7d","#fffa7b","#fff879","#fff677","#fff475","#fff272","#fff071","#ffee6f","#ffec6d","#ffea6b","#ffe868","#ffe666","#ffe464","#ffe262","#ffe061","#ffde5f","#ffdc5d","#ffda5b","#ffd859","#ffd657","#ffd455","#ffd252","#ffd051","#ffce4f","#ffcc4d","#ffca4b","#ffc848","#ffc646","#ffc444","#ffc242","#ffc041","#ffbe3f","#ffbc3d","#ffba3b","#ffb839","#ffb637","#ffb435","#ffb232","#ffb030","#ffae2f","#ffac2d","#ffaa2b","#ffa828","#ffa626","#ffa424","#ffa222","#ffa020","#ff9e1f","#ff9c1d","#ff9a1b","#ff9819","#ff9617","#ff9415","#ff9212","#ff9010","#ff8e0f","#ff8c0d","#ff8a0b","#ff8808","#ff8606","#ff8404","#ff8202","#ff8000","#fe7e00","#fc7c00","#fa7a00","#f87800","#f67600","#f37400","#f27200","#f07000","#ee6e00","#ec6c00","#ea6a00","#e86800","#e56600","#e36400","#e26200","#e06000","#de5e00","#dc5c00","#da5a00","#d85800","#d65600","#d35400","#d25200","#d05000","#ce4e00","#cc4c00","#ca4a00","#c84800","#c54600","#c34400","#c24200","#c04000","#be3e00","#bc3c00","#ba3a00","#b83800","#b63600","#b33400","#b23200","#b03000","#ae2e00","#ac2c00","#aa2a00","#a82800","#a52600","#a32400","#a22200","#a02000","#9e1e00","#9c1c00","#9a1a00","#981800","#961600","#931400","#921200","#901000","#8e0e00","#8c0c00","#8a0a00","#880800","#850600","#830400","#820200","#800000","#7e0000","#7c0000","#7a0000","#780000","#760000","#730000","#710000","#700000","#6e0000","#6c0000","#6a0000","#680000","#650000","#630000","#610000","#600000","#5e0000","#5c0000","#5a0000","#580000","#560000","#530000","#510000","#500000","#4e0000","#4c0000","#4a0000","#480000","#450000","#430000","#410000","#400000","#3e0000","#3c0000","#3a0000","#380000","#360000","#330000","#310000","#300000","#2e0000","#2c0000","#2a0000","#280000","#250000","#230000","#210000","#200000","#1e0000","#1c0000","#1a0000","#180000","#160000","#130000","#110000","#100000","#0e0000","#0c0000","#0a0000","#080000","#050000","#030000","#010000","#000000"]},"id":"21150","type":"LinearColorMapper"}],"root_ids":["21110"]},"title":"Bokeh Application","version":"2.4.3"}}
    </script>
    <script type="text/javascript">
      (function() {
        const fn = function() {
          Bokeh.safely(function() {
            (function(root) {
              function embed_document(root) {
              const docs_json = document.getElementById('21553').textContent;
              const render_items = [{"docid":"b5ecd76e-207b-4b80-b0cb-4a4a0d842da2","root_ids":["21110"],"roots":{"21110":"0bad7660-8e7f-47e8-94fe-a957335db867"}}];
              root.Bokeh.embed.embed_items(docs_json, render_items);
              }
              if (root.Bokeh !== undefined) {
                embed_document(root);
              } else {
                let attempts = 0;
                const timer = setInterval(function(root) {
                  if (root.Bokeh !== undefined) {
                    clearInterval(timer);
                    embed_document(root);
                  } else {
                    attempts++;
                    if (attempts > 100) {
                      clearInterval(timer);
                      console.log("Bokeh: ERROR: Unable to run BokehJS code because BokehJS library is missing");
                    }
                  }
                }, 10, root)
              }
            })(window);
          });
        };
        if (document.readyState != "loading") fn();
        else document.addEventListener("DOMContentLoaded", fn);
      })();
    </script>
  </body>
</html>