<!DOCTYPE html>
<html lang="en">
  <head>
    <meta charset="utf-8">
    <title>Bokeh Application</title>
    <style>
      html, body {
        box-sizing: border-box;
        display: flow-root;
        height: 100%;
        margin: 0;
        padding: 0;
      }
    </style>
    <script type="text/javascript" src="https://cdn.bokeh.org/bokeh/release/bokeh-3.6.0.min.js"></script>
    <script type="text/javascript">
        Bokeh.set_log_level("info");
    </script>
  </head>
  <body>
    <div id="fe927c14-e1b5-4c44-af7e-df815e0f8404" data-root-id="p9764" style="display: contents;"></div>
  
    <script type="application/json" id="c9bdc628-725c-43f7-9663-686bf72d7f8e">
      {"28cf5466-605d-469e-aba3-d7fb37c6b571":{"version":"3.6.0","title":"Bokeh Application","roots":[{"type":"object","name":"Figure","id":"p9764","attributes":{"x_range":{"type":"object","name":"Range1d","id":"p9773","attributes":{"start":6225.11081679484,"end":6266.51513569899}},"y_range":{"type":"object","name":"Range1d","id":"p9774","attributes":{"start":504.2620113387057,"end":504.26904141258376}},"x_scale":{"type":"object","name":"LinearScale","id":"p9775"},"y_scale":{"type":"object","name":"LinearScale","id":"p9776"},"title":{"type":"object","name":"Title","id":"p9771","attributes":{"text":"Title","text_font_size":"16pt","align":"center"}},"renderers":[{"type":"object","name":"GlyphRenderer","id":"p9813","attributes":{"data_source":{"type":"object","name":"ColumnDataSource","id":"p9801","attributes":{"selected":{"type":"object","name":"Selection","id":"p9802","attributes":{"indices":[],"line_indices":[]}},"selection_policy":{"type":"object","name":"UnionRenderers","id":"p9803"},"data":{"type":"map","entries":[["image",[{"type":"ndarray","array":{"type":"bytes","data":"on+CixUAY0AAAAAAAAAAAAAAAAAAAAAAAAAAAAAAAAAAAAAAAAAAAAAAAAAAAAAAAAAAAAAAAAAAAAAAAAAAAAAAAAAAAAAAAAAAAAAAAAAAAAAAAAAAAAAAAAAAAAAAAAAAAAAAAAAAAAAAAAAAAAAAAAAAAAAAAAAAAAAAAAAAAAAAAAAAAAAAAAAAAAAAAAAAAAAAAAAAAAAAAAAAAAAAAAAAAAAAAAAAAAAAAAAAAAAAAAAAAAAAAAAAAAAAAAAAAAAAAAAAAAAAAAAAAAAAAAAAAAAAAAAAAAAAAAAAAAAAAAAAAAAAAAAAAAAAAAAAAAAAAAAAAAAAAAAAAAAAAAAAAAAAAAAAAAAAAAAAAAAAAAAAAAAAAAAAAAAAAAAAAAAAAAAAAAAAAAAAAAAAAAAAAAAAAAAAAAAAAAAAAAAAAAAAAAAAAAAAAAAAAAAAAAAAAAAAAAAAAAAAAAAAAAAAAAAAkKSkhyGQc0AAAAAAAAAAAAAAAAAAAAAAAAAAAAAAAAAAAAAAAAAAAAAAAAAAAAAAAAAAAAAAAAAAAAAAAAAAAAAAAAAAAAAAAAAAAAAAAAAAAAAAAAAAAAAAAAAAAAAAAAAAAAAAAAAAAAAAAAAAAAAAAAAAAAAAAAAAAAAAAAAAAAAAAAAAAAAAAAAAAAAAAAAAAAAAAAAAAAAAAAAAAAAAAAAAAAAAAAAAAAAAAAAAAAAAAAAAAAAAAAAAAAAAAAAAAAAAAABEFf4M799zQAAAAAAAAAAAAAAAAAAAAAAAAAAAAAAAAAAAAAAAAAAAAAAAAAAAAAAAAAAAAAAAAAAAAAAAAAAAAAAAAAAAAAAAAAAAAAAAAAAAAAAAAAAAAAAAAAAAAAAAAAAAAAAAAAAAAAAAAAAAAAAAAAAAAAAAAAAAAAAAAAAAAAAAAAAAAAAAAAAAAAAAAAAAAAAAAAAAAAAAAAAAAAAAAAAAAAAAAAAAAAAAAA9iZwodoHhAAAAAAAAAAAAAAAAAAAAAAAAAAAAAAAAAAAAAAAAAAAAAAAAAAAAAAAAAAAAAAAAAAAAAAAAAAAAAAAAAAAAAADxrt13o32lAAAAAAAAAAAAAAAAAAAAAAAAAAAAAAAAAAAAAAAAAAAAAAAAAAAAAAAAAAAAAAAAAAAAAAAAAAAAAAAAAAAAAAAAAAAAAAAAAAAAAAAAAAAAAAAAAAAAAAAAAAAAAAAAAAAAAAAAAAAAAAAAAAAAAAAAAAAAAAAAAAAAAAAAAAAAAAAAAAAAAAAAAAAAAAAAAAAAAAAAAAAAAAAAAAAAAAAAAAAAAAAAAOkAwR4//OUAAAAAAAAAAAAAAAAAAAAAAAAAAAAAAAAAAAAAAAAAAAAAAAAAAAAAAAAAAAAAAAAAAAAAAAAAAAAAAAAAAAAAAAAAAAAAAAAAAAAAAAAAAAAAAAAAAAAAAAAAAAAAAAAAAAAAAAAAAAAAAAAAAAAAAAAAAAAAAAAAAAAAAAAAAAAAAAAAAAAAAAAAAAAAAAAAAAAAAAAAAAAAAAAAAAAAAAAAAAAAAAAAAAAAAAAAAAAAAAAAAAAAAAAAAAAAAAAC9dJMYBCBwQAAAAAAAAAAAAAAAAAAAAAAAAAAAAAAAAAAAAAAAAAAAAAAAAAAAAAAAAAAAAAAAAAAAAAAAAAAAAAAAAAAAAAAAAAAAAAAAAAAAAAAAAAAAAAAAAAAAAAAAAAAAAAAAAAAAAAAAAAAAAAAAAAAAAAAAAAAAAAAAAAAAAAAAAAAAAAAAAAAAAAAAAAAAAAAAAAAAAAAAAAAAAAAAAAAAAAAAAAAAAAAAAAAAAAAAAAAAAAAAAAAAAAAAAAAAAAAAAAAAAAAAAAAAAAAAAAAAAAAAAAAAAAAAAAAAAAAAAAAAAAAAAAAAAAAAAAAAAAAAAAAAAAAAAAAAAAAAAAAAAAAAAAAAAAAAAAAAAAAAAAAAAAAAAAAAAAAAAAAAAAAAAAAAAAAAAAAAAAAAAAAAAAAAAAAAAAAAAAAAAAAAAAAAAAAAAAAAAAAAAAAAAAAAAFvTvOMUQFtAAAAAAAAAAAAAAAAAAAAAAAAAAAAAAAAAAAAAAAAAAAAAAAAAAAAAAAAAAAAAAAAAAAAAAAAAAAAAAAAAAAAAAAAAAAAAAAAAAAAAAAAAAABz2lNy8sfOQAAAAAAAAAAAAAAAAAAAAAAAAAAAAAAAAAAAAAAAAAAAAAAAAAAAAAAAAAAAAAAAAAAAAAAAAAAAAAAAAAAAAAAAAAAAAAAAAAAAAAAAAAAAAAAAAAAAAAAAAAAAAAAAAAAAAAAAAAAAAAAAAAAAAAAAAAAAAAAAAAAAAAAAAAAAAAAAAAAAAAAAAAAAAAAAAAAAAAAAAAAAAAAAAAAAAAAAAAAAAAAAAAAAAAAAAAAAAAAAAAAAAAAAAAAAAAAAAF0WE5sHYL5AAAAAAAAAAAAAAAAAAAAAAAAAAAAAAAAAAAAAAAAAAAAAAAAAAAAAAAAAAAAAAAAAAAAAAAAAAAAAAAAAAAAAAAAAAAAAAAAAAAAAAAAAAAAAAAAAAAAAAAAAAAAAAAAAAAAAAAAAAAAAAAAAAAAAAAAAAAAAAAAAAAAAAAAAAAAAAAAAAAAAAAAAAAAAAAAAAAAAAAAAAAAAAAAAAAAAAAAAAAAAAAAAQS/cuXoNzEAAAAAAAAAAAAAAAAAAAAAAAAAAAAAAAAAAAAAAAAAAAAAAAAAAAAAAAAAAAAAAAAAAAAAAAAAAAAAAAAAAAAAAAAAAAAAAAAAAAAAAAAAAAAAAAAAAAAAAAAAAAAAAAAAAAAAAAAAAAAAAAAAAAAAAAAAAAAAAAAAAAAAAAAAAAAAAAAAAAAAAAAAAAAAAAAAAAAAAAAAAAAAAAAAAAAAAAAAAAAAAAAAAAAAAAAAAACR/MPD0VrJAAAAAAAAAAAAAAAAAAAAAAAAAAAAAAAAAAAAAAAAAAAAAAAAAAAAAAAAAAAAAAAAAAAAAAAAAAAAAAAAAAAAAAAAAAAAAAAAAAAAAAAAAAAAAAAAAAAAAAAAAAAAAAAAAAAAAAAAAAAAAAAAAAAAAAAAAAAAAAAAAAAAAAAAAAAAAAAAAAAAAAAAAAAAAAAAAAAAAAAAAAAAAAAAAAAAAAAAAAAAAAAAAAAAAAAAAAACQSrGjEQiUQAAAAAAAAAAAAAAAAAAAAAAAAAAAAAAAAAAAAAAAAAAAAAAAAAAAAAAAAAAAAAAAAAAAAAAAAAAAAAAAAAAAAAAAAAAAAAAAAAAAAAAAAAAAAAAAAAAAAAAAAAAAAAAAAAAAAAAAAAAAAAAAAAAAAAAAAAAAAAAAAAAAAAAAAAAAAAAAAAAAAAAAAAAAAAAAAAAAAAAAAAAAAAAAAAAAAAAAAAAAAAAAAAAAAAAAAAAAbH2R0BZAZEAAAAAAAAAAAAAAAAAAAAAAAAAAAAAAAAAAAAAAAAAAAAAAAAAAAAAAAAAAAAAAAAAAAAAAAAAAAAAAAAAAAAAAAAAAAAAAAAAAAAAAAAAAAAAAAAAAAAAAAAAAAAAAAAAAAAAAAAAAAAAAAAAAAAAAAAAAAAAAAAAAAAAAAAAAAAAAAAAAAAAAAAAAAAAAAAAAAAAAAAAAAAAAAAAAAAAAAAAAAAAAAAAAAAAAAAAAAAAAAAAAAAAAAAAAAAAAAAAAAAAAAAAAAAAAAAAAAAAAAAAAAAAAAAAAAAAAAAAAAAAAAAAAAAAAAAAAAAAAAAAAAAAAAAAAAAAAAAAAAAAAAAAAAAAAAAAAAAAAAAAAAAAAAAAAAAAAJy1cVgFohUAAAAAAAAAAAAAAAAAAAAAAAAAAAAAAAAAAAAAAAAAAAAAAAAAAAAAAAAAAAAAAAAAAAAAAAAAAAAAAAAAAAAAAAAAAAAAAAAAAAAAAAAAAAAAAAAAAAAAAAAAAAAAAAAAAAAAAAAAAAAAAAAAAAAAAAAAAAAAAAAAAAAAAAAAAAAAAAAAAAAAAAAAAAAAAAAAAAAAAAAAAAAAAAAAAAAAAAAAAAAAAAACA2T152I93QAAAAAAAAAAAAAAAAAAAAAAAAAAAAAAAAAAAAAAAAAAAAAAAAAAAAAAAAAAAAAAAAAAAAAAAAAAAAAAAAAAAAAAAAAAAAAAAAAAAAAAAAAAAAAAAAAAAAAAAAAAAAAAAAAAAAAAAAAAAAAAAAAAAAAAAAAAAAAAAAAAAAAAAAAAAAAAAAAAAAAAAAAAAAAAAAAAAAAAAAAAAAAAAAAAAAAAAAAAAAAAAAAAAAAAAAAAAAAAAAAAAAAAAAAAAAAAAAFoomZzar31AAAAAAAAAAAAAAAAAAAAAAAAAAAAAAAAAAAAAAAAAAAAAAAAAAAAAAAAAAAAAAAAAAAAAAAAAAAAAAAAAAAAAAAAAAAAAAAAAAAAAAAAAAAAAAAAAAAAAAAAAAAAAAAAAAAAAAAAAAAAAAAAAAAAAAAAAAAAAAAAAAAAAAAAAAAAAAAAAAAAAAAAAAAAAAAAAAAAAAAAAAAAAAAAAAAAAACs1e6AVAFFAAAAAAAAAAAAAAAAAAAAAAAAAAAAAAAAAAAAAAAAAAAAAAAAAAAAAAAAAAAAAAAAAAAAAAAAAAAAAAAAAAAAAAAAAAAAAAAAAAAAAAAAAAAAAAAAAAAAAAAAAAAAAAAAAAAAAAAAAAAAAAAAAAAAAAAAAAAAAAAAAAAAAAAAAAAAAAAAAAAAAAAAAAAAAAAAAAAAAAAAAAAAAAAAAAAAAAAAAAAAAAAAAAAAAAAAAAABsJAnCFXiAQAAAAAAAAAAAAAAAAAAAAAAAAAAAAAAAAAAAAAAAAAAAAAAAAAAAAAAAAAAAAAAAAAAAAAAAAAAAAAAAAAAAAAAAAAAAAAAAAAAAAAAAAAAAAAAAAAAAAAAAAAAAAAAAAAAAAAAAAAAAAAAAAAAAAAAAAAAAAAAAAAAAAAAAAAAAAAAAAAAAAAAAAAAAAAAAAAAAAAAAAAAAAAAAAAAAAAAAAAAAAAAAAAAAAAAAAAAAAAAAAAAAAAAAAAAAAAAAAAAAAAAAAAAAnYTSFwIweEAAAAAAAAAAAAAAAAAAAAAAAAAAAAAAAAAAAAAAAAAAAAAAAAAAAAAAAAAAAAAAAAAAAAAAAAAAAAAAAAAAAAAAAAAAAAAAAAAAAAAAAAAAAAAAAAAAAAAAAAAAAAAAAAAAAAAAAAAAAAAAAAAAAAAAAAAAAAAAAAAAAAAAAAAAAAAAAAAAAAAAAAAAAAAAAAAAAAAAAAAAAAAAAAAAAAAAi415HeE3kkAAAAAAAAAAAAAAAAAAAAAAAAAAAAAAAAAAAAAAAAAAAAAAAAAAAAAAAAAAAAAAAAAAAAAAAAAAAAAAAAAAAAAAAAAAAAAAAAAAAAAAAAAAAAAAAAAAAAAAAAAAAAAAAAAAAAAAAAAAAAAAAAAAAAAAAAAAAAAAAAAAAAAAAAAAAAAAAAAAAAAAAAAAAAAAAAAAAAAAAAAAAAAAAAAAAAAAAAAAAAAAAAAAAAAAAAAAAAAAAAAAAAAAAAAAAAAAAAAAAAAAAAAAAAAAAAAAAAAAAAAAAAAAAAAAAAAAAAAAAAAAAAAAAAAAAAAAAAAAAAAAAAAAAAAAAAAAAAAAAAAAnwd3Z+2fdUAAAAAAAAAAAAAAAAAAAAAAAAAAAAAAAAAAAAAAAAAAAAAAAAAAAAAAAAAAAAAAAAAAAAAAAAAAAAAAAAAAAAAAAAAAAAAAAAAAAAAAAAAAAAAAAAAAAAAAAAAAAAAAAAAAAAAAAAAAAAAAAAAAAAAAAAAAAAAAAAAAAAAAAAAAAAAAAAAAAAAAAAAAAAAAAAAAAAAAAAAAAAAAAAAAAAAAAAAAAAAAAAAAAAAAAAAAAO2ePCwUWIBAAAAAAAAAAAAAAAAAAAAAAAAAAAAAAAAAAAAAAAAAAAAAAAAAAAAAAAAAAAAAAAAAAAAAAAAAAAAAAAAAAAAAAL2rHjDPP3pAAAAAAAAAAAAAAAAAAAAAAAAAAAAAAAAAAAAAAAAAAAAAAAAAAAAAAAAAAAAAAAAAAAAAAAAAAAAAAAAAAAAAAAAAAAAAAAAAAAAAAAAAAAAAAAAAAAAAAAAAAAAAAAAAAAAAAAAAAAAAAAAAAAAAAAAAAAAAAAAAAAAAAAAAAAAAAAAAAAAAAAAAAAAAAAAAAAAAAAAAAAAAAAAAAAAAAAAAAAAAAAAAAAAAAAAAAAAAAAAAAAAAAAAAAAAAAAAAAAAAAAAAAAAAAAAAAAAAAAAAAAAAAAAAAAAAAAAAAAAAAAAAAAAAAAAAAAAAAAAAAAAAAAAAAAAAAAAAAAAAAAAAAAAAAAAAAAAAAAAAAAAAAAAAAAAAAAAAAAAAAAAAAAAAAAAAAAAAAAAAAAAAAAAAAAAAAAAAAAAAAAAAAAAAAAAAAAAAAMdJYd7j32pAAAAAAAAAAAAAAAAAAAAAAAAAAAAAAAAAAAAAAAAAAAAAAAAAAAAAAAAAAAAAAAAAAAAAAAAAAAAAAAAAAAAAAAAAAAAAAAAAUPutnfmq10AAAAAAAAAAAAAAAAAAAAAAAAAAAAAAAAAAAAAAAAAAAAAAAAAAAAAAAAAAAAAAAAAAAAAAAAAAAAAAAAAAAAAAAAAAAAAAAAAAAAAAAAAAAAAAAAAAAAAAAAAAAAAAAAAAAAAAAAAAAAAAAAAAAAAAAAAAAAAAAAAAAAAAAAAAAAAAAAAAAAAAAAAAAAAAAAAAAAAAAAAAAAAAAAAAAAAAAAAAAAAAAABCYOXQAqCRQAAAAAAAAAAAAAAAAAAAAAAAAAAAAAAAAAAAAAAAAAAAAAAAAAAAAAAAAAAAAAAAAAAAAAAAAAAAAAAAAAAAAAAAAAAAAAAAAAAAAAAAAAAAAAAAAAAAAAAAAAAAAAAAAAAAAAAAAAAAAAAAAAAAAAAAAAAAAAAAAAAAAAAAAAAAAAAAAAAAAAAAAAAAAAAAAAAAAAAAAAAAAAAAAAAAAAAAAAAAAAAAAAAAAAAAAAAAAAAAAAAAAAAAAAAAAAAAALiVXpvd0btAAAAAAAAAAAAAAAAAAAAAAAAAAAAAAAAAAAAAAAAAAAAAAAAAAAAAAAAAAAAAAAAAAAAAAAAAAAAAAAAAAAAAAAAAAAAAAAAAAAAAAAAAAAAAAAAAAAAAAAAAAAAAAAAAAAAAAAAAAAAAAAAAAAAAAAAAAAAAAAAAAAAAAAAAAAAAAAAAAAAAAAAAAAAAAAAAAAAAAAAAAAAAAAAAAAAAAAAAAAAAAAAAAAAAAAAAAAAAAAAAAAAAAAAAAAAAAAAAAAAAAAAAAADn5EUmekDWQAAAAAAAAAAAAAAAAAAAAAAAAAAAAAAAAAAAAAAAAAAAAAAAAAAAAAAAAAAAAAAAAAAAAAAAAAAAAAAAAAAAAAAAAAAAAAAAAAAAAAAAAAAAAAAAAAAAAAAAAAAAAAAAAAAAAAAAAAAAAAAAAAAAAAAAAAAAAAAAAAAAAAAAAAAAAAAAAAAAAAAAAAAAAAAAAAAAAAAAAAAAAAAAAAAAAAAAAAAAAAAAAAAAAAAAAAAAAAAAAAAAAAAAAAAAAAAAAIocIm4OJbhAAAAAAAAAAAAAAAAAAAAAAAAAAAAAAAAAAAAAAAAAAAAAAAAAAAAAAAAAAAAAAAAAAAAAAAAAAAAAAAAAAAAAAAAAAAAAAAAAAAAAAAAAAAAAAAAAAAAAAAAAAAAAAAAAAAAAAAAAAAAAAAAAAAAAAAAAAAAAAAAAAAAAAAAAAAAAAAAAAAAAAAAAAAAAAAAAj+TyH9K/WEAAAAAAAAAAAAAAAAAAAAAAAAAAAAAAAAAAAAAAAAAAAAAAAAAAAAAAAAAAAAAAAAAAAAAAAAAAAAAAAAAAAAAAAAAAAAAAAAAAAAAAAAAAAAAAAAAAAAAAAAAAAAAAAAAAAAAAAAAAAAAAAAAAAAAAAAAAAAAAAAAAAAAAAAAAAAAAAAAAAAAAAAAAAAAAAAAAAAAAAAAAAAAAAAAAAAAAAAAAAAAAAAAAAAAAAAAAAAAAAAAAAAAAAAAAAAAAAAAAAAAAAAAAAAAAAAAAAAAAAAAAAAAAAAAAAAAAAAAAAAAAAAAAAAAAAAAAAAAAAAAAAAAAAAAAAAAAAAAAAAAANXo1QOmvcEAAAAAAAAAAAAAAAAAAAAAAAAAAAAAAAAAAAAAAAAAAAAAAAAAAAAAAAAAAAAAAAAAAAAAAAAAAAAAAAAAAAAAAAAAAAAAAAAAAAAAAAAAAAAAAAAAAAAAAAAAAAAAAAAAAAAAAAAAAAAAAAAAAAAAAAAAAAAAAAAAAAAAAAAAAAAAAAAAAAAAAAAAAAAAAAAAAAAAAAAAAAAAAAAAAAAAAAAAAAAAAAAAAAAAAAAAAAAAAAAAAAAAAAAAAAAAAAAAAAAAAAAAAAFw+kpIeIHlAAAAAAAAAAAAAAAAAAAAAAAAAAAAAAAAAAAAAAAAAAAAAAAAAAAAAAAAAAAAAAAAAAAAAAAAAAAAAAAAAAAAAAAAAAAAAAAAAAAAAAAAAAAAAAAAAAAAAAAAAAAAAAAAAAAAAAAAAAAAAAAAAAAAAAAAAAAAAAAAAAAAAAAAAAAAAAAAAAAAAAAAAAAAAAAAAAAAAAAAAAAC9qrNaAGCEQAAAAAAAAAAAAAAAAAAAAAAAAAAAAAAAAAAAAAAAAAAAAAAAAAAAAAAAAAAAAAAAAAAAAAAAAAAAAAAAAAAAAAAAAAAAAAAAAAAAAAAAAAAAAAAAAAAAAAAAAAAAAAAAAAAAAAAAAAAAAAAAAAAAAAAAAAAAAAAAAAAAAAAAAAAAAAAAAAAAAAAAAAAAAAAAAAAAAAAAAAAAAAAAAAAAAAAAAAAAAAAAAAAAAAAAAAAAAAAAAAAAAAAAAAAAAAAAAC7r/rEQgGhAAAAAAAAAAAAAAAAAAAAAAAAAAAAAAAAAAAAAAAAAAAAAAAAAAAAAAAAAAAAAAAAAAAAAAAAAAAAAAAAAAAAAAAAAAAAAAAAAAAAAAAAAAAAAAAAAAAAAAAAAAAAAAAAAAAAAAAAAAAAAAAAAAAAAAAAAAAAAAAAAAAAAAAAAAAAAAAAAAAAAAAAAAAAAAAAAAAAAAAAAAAAAAAAAAAAAAAAAAAAAAAAAAAAAAAAAAAAAAAAAAAAAAAAAAAAAAAAAAAAAAAAAAAAAAAAAAAAAAAAAAAAAAAAAxa2CGCgwcUAAAAAAAAAAAAAAAAAAAAAAAAAAAAAAAAAAAAAAAAAAAAAAAAAAAAAAAAAAAAAAAAAAAAAAAAAAAAAAAAAAAAAAAAAAAAAAAAAAAAAAAAAAAAAAAAAAAAAAAAAAAAAAAAAAAAAAAAAAAAAAAAAAAAAAAAAAAAAAAAAAAAAAAAAAAAAAAAAAAAAAAAAAAAAAAAAAAAAAAAAAAAAAAAAAAAAAAAAAAAAAAABGmKJcGgBsQAAAAAAAAAAAAAAAAAAAAAAAAAAAAAAAAAAAAAAAAAAAAAAAAAAAAAAAAAAAAAAAAAAAAAAAAAAAAAAAAAAAAAAAAAAAAAAAAAAAAAAAAAAAAAAAAAAAAAAAAAAAAAAAAAAAAAAAAAAAAAAAAAAAAAAAAAAAAAAAAAAAAAAAAAAAAAAAAAAAAAAAAAAAAAAAAAAAAAAAAAAAhIJStALcnkAAAAAAAAAAAAAAAAAAAAAAAAAAAAAAAAAAAAAAAAAAAAAAAAAAAAAAAAAAAAAAAAAAAAAAAAAAAAAAAAAAAAAAAAAAAAAAAAAAAAAAAAAAAAAAAAAAAAAAAAAAAAAAAAAAAAAAAAAAACsv+Z/8H2JAAAAAAAAAAAAAAAAAAAAAAAAAAAAAAAAAAAAAAAAAAAAAAAAAAAAAAAAAAAAAAAAAAAAAAAAAAAAAAAAAAAAAAAAAAAAAAAAAAAAAAAAAAAAAAAAAAAAAAAAAAAAAAAAAAAAAAAAAAAAAAAAAAAAAAAAAAAAAAAAAAAAAAAAAAAAAAAAAAAAAAAAAAAAAAAAAAAAAAAAAAAAAAAAAAAAAAAAAAAAAAAAAAAAAAAAAAAAAAAAAAAAAAAAAAAAAAAAAAAAAAAAAAAAAAAAAAAAAAAAAAAAAAAAAAAAAAAAAAAAAAAAAAAAAAAAAAAAAAAAAAAAAAAAAAAAAAAAAAAAAAAAAAAAAAAAAAAAAAAAAAAAAAAAAAAAAAAAAAAAAAAAAAAAAAAAAAAAAAAAAAAAAAAAAAAAAAAAAAAAAAAAAAAAAAAAAAAAAANWVz/L8X3JAAAAAAAAAAAAAAAAAAAAAAAAAAAAAAAAAAAAAAAAAAAAAAAAAAAAAAAAAAAAAAAAAAAAAAAAAAAAAAAAAAAAAAAAAAAAAAAAAAAAAAAAAAAAAAAAAAAAAAAAAAAAAAAAAAAAAAAAAAAAAAAAAAAAAAAAAAAAAAAAAAAAAAAAAAAAAAAAAAAAAAAAAAAAAAAAAAAAAAAAAAAAAAAAAAAAAAAAAAAAAAAAAAAAAAAAAAAAAAAAAAAAAAAAAAAAAAAAAAAAAAAAAAABHPNnNDLBwQAAAAAAAAAAAAAAAAAAAAADQKjOl9f83QAAAAAAAAAAAAAAAAAAAAAAAAAAAAAAAAAAAAAAAAAAAAAAAAAAAAAAAAAAAAAAAAAAAAAAAAAAAAAAAAAAAAAAAAAAAAAAAAAAAAAAAAAAAAAAAAAAAAAAAAAAAAAAAAAAAAAAAAAAAAAAAAAAAAAAAAAAAAAAAAAAAAAAAAAAAAAAAAAAAAAAAAAAAAAAAAAAAAAAAAAAAAAAAAAAAAAAAAAAAAAAAAAAAAAAAAAAAAAAAAAAAAAAAAAAAAAAAAAAAAAAAAAAAAAAAAAAAAAAAAAAAAAAAAAAAAAAAAAAAAAAAAAAAAAAAAAAAAAAAAAAAAAAAAAAAAAAAAAAAAAAAAAAAAAAAAAAAAAAAAAAAAAAAAAAAAAAAAAAAAAAAAAAAAAAAAAAAAAAAAAAAAAAAAAAAAAAAAAAAAAAAAAAAAAAAAAAAAADRsYNK3N9nQAAAAAAAAAAAAAAAAAAAAAAAAAAAAAAAAAAAAAAAAAAAAAAAAAAAAAAAAAAAAAAAAAAAAAAAAAAAAAAAAAAAAAAAAAAAAAAAAN17uOQ4MHJAAAAAAAAAAAAAAAAAAAAAAAAAAAAAAAAAAAAAAAAAAAAAAAAAAAAAAAAAAAAAAAAAAAAAAAAAAAAAAAAAAAAAAAAAAAAAAAAAAAAAAAAAAAAAAAAAAAAAAAAAAAAAAAAAAAAAAAAAAAAAAAAAAAAAAAAAAAAAAAAAAAAAAAAAAAAAAAAAAAAAAAAAAAAAAAAAAAAAAAAAAAAAAAAAAAAAAAAAAAAAAAAA9fI7TebfaEAAAAAAAAAAAAAAAAAAAAAAAAAAAAAAAAAAAAAAAAAAAAAAAAAAAAAAAAAAAAAAAAAAAAAAAAAAAAAAAAAAAAAAAAAAAAAAAAAAAAAAAAAAAAAAAAAAAAAAAAAAAAAAAAAAAAAAAAAAAAAAAAAAAAAAAAAAAAAAAAAAAAAAAAAAAAAAAAAAAAAAAAAAAAAAAAAAAAAAAAAAAAAAAAAAAAAAAAAAAAAAAAAAAAAAAAAAAAAAAAAAAAAAAAAAAAAAAAAAAAAAAAAAAAAAAAAAAAAAAAAAAAAAAAAAAAAAAAAAAAAAAAAAAAAAAAAAAAAAAAAAAAAAAAAAAAAAAAAAAAAAAAAAAAAAAAAAAAAAAAAAAAAAAAAAAAAAAAAAAAAAAAAAAAAAAAAAAAAAAAAAAAAAAAAAAAAAAAAAAAAAAAAAAAAAAAAAAAAAAAAAAAAAAAAAAAAAAAAAACM0go3r/1VAAAAAAAAAAAAAAAAAAAAAAAAAAAAAAAAAAAAAAAAAAAAAAAAAAAAAAAAAAAAAAAAAAAAAAAAAAAAAAAAAAAAAAMU2qWgE4K1AAAAAAAAAAAAAAAAAAAAAAAAAAAAAAAAAAAAAAAAAAAAAAAAAAAAAAAAAAAAAAAAAAAAAAAAAAAAAAAAAAAAAAAAAAAAAAAAAAAAAAAAAAAAAAAAAAAAAAAAAAAAAAAAAAAAAAAAAAAAAAAAAAAAAAAAAAAAAAAAAAAAAAAAAAAAAAAAAAAAAAAAAAAAAAAAAAAAAAAAAAAAAAAAAAAAAAAAAAAAAAAAAAAAAAAAAAAAAAAAAAAAAAAAAAAAAAAAATkUqjPckykAAAAAAAAAAAAAAAAAAAAAAAAAAAAAAAAAAAAAAAAAAAAAAAAAAAAAAAAAAAAAAAAAAAAAAAAAAAAAAAAAAAAAAAAAAAAAAAAAAAAAAAAAAAAAAAAAAAAAAAAAAAAAAAAAAAAAAAAAAAAAAAAAAAAAAAAAAAAAAAAAAAAAAAAAAAAAAAAAAAAAAAAAAAAAAAAAAAAAAAAAAAAAAAAAAAAAAAAAAAAAAAADwv5Xs+BeSQAAAAAAAAAAAAAAAAAAAAAAAAAAAAAAAAAAAAAAAAAAAAAAAAAAAAAAAAAAAAAAAAAAAAAAAAAAAAAAAAAAAAAAAAAAAAAAAAAAAAAAAAAAAAAAAAAAAAAAAAAAAAAAAAAAAAAAAAAAAAAAAAAAAAAAAAAAAAAAAAAAAAAAAAAAAAAAAAAAAAAAAAAAAAAAAAAAAAAAAAAAAAAAAAAAAAAAAAAAAAAAAAAAAAAAAAAAAAAAAAAAAAAAAAAAAAAAAAAAAAAAAAAAAAAAAAAAAAAAAAAAAAAAAAApI+x8wLJxAAAAAAAAAAAAAAAAAAAAAAAAAAAAAAAAAAAAAAAAAAAAAAAAAAAAAAAAAAAAAAAAAAAAAAAAAAAAAAAAAAAAAAAAAAAAAAAAAAAAAAAAAAAAAAAAAAAAAAAAAAAAAAAAAAAAAAAAAAAAAAAAAAAAAAAAAAAAAAAAAAAAAAAAAAAAAAAAAAAAAAAAAAAAAAAAAAAAAAAAAAAAAAAAAAAAAAAAAAAAAAAAAAAAAAAAAAABOQBNhATnEQAAAAAAAAAAAAAAAAAAAAAAAAAAAAAAAAAAAAAAAAAAAAAAAAAAAAAAAAAAAAAAAAAAAAAAAAAAAAAAAAAAAAAAAAAAAAAAAAAAAAAAAAAAAAAAAAAAAAAAAAAAAAAAAAAAAAAAAAAAAAAAAAAAAAAAAAAAAAAAAAAAAAAAAAAAAAAAAAAAAAAAAAAAAAAAAAAAAAAAAAAAAaHVyhuIvd0AAAAAAAAAAAAAAAAAAAAAAAAAAAAAAAAAAAAAAAAAAAAAAAAAAAAAAAAAAAAAAAAAAAAAAAAAAAAAAAAAAAAAAAAAAAAAAAAAAAAAAAAAAAAAAAAAAAAAAAAAAAAAAAAAAAAAAAAAAAAAAAAAAAAAAAAAAAAAAAAAAAAAAAAAAAAAAAAAAAAAAAAAAAAAAAAAAAAAAAAAAAAAAAAAAAAAAAAAAAAAAAAAAAAAAAAAAAAAAAAAAAAAAAAAAAAAAAAAAAAAAAAAAAAAAAAAAAAAAAAAAAAAAAAAAAAAAAAAAAAAAAAAAAAAAAAAAAAAAAAAAAAAAAAAAALahYpy/X2lAAAAAAAAAAAAAAAAAAAAAAAAAAAAAAAAAAAAAAAAAAAAAAAAAAAAAAAAAAAAAAAAAAAAAAAAAAAAAAAAAAAAAAAAAAAAAAAAAAAAAAAAAAAAAAAAAAAAAAAAAAAAAAAAAAAAAAAAAAAAAAAAAAAAAAAAAAAAAAAAAAAAAAAAAAAAAAAAAAAAAAAAAAAAAAAAAAAAAAAAAAAAAAAAAAAAAAAAAAAAAAAAAAAAAAAAAAAAAAAAAAAAAAAAAAAAAAAAAAAAAAAAAAABHOC140T9WQAAAAAAAAAAAAAAAAAAAAAAAAAAAAAAAAAAAAAAAAAAAAAAAAAAAAAAAAAAAAAAAAAAAAAAAAAAAAAAAAAAAAAAAAAAAAAAAAAAAAAAAAAAAAAAAAAAAAAAAAAAAAAAAAAAAAAAAAAAAAAAAAAAAAAAAAAAAAAAAAAAAAAAAAAAAAAAAAAAAAAAAAAAAAAAAAAAAAAAAAAAAAAAAAAAAAABUqG4u/p9pQAAAAAAAAAAAAAAAAAAAAAAAAAAAAAAAAAAAAAAAAAAAAAAAAAAAAAAAAAAAAAAAAAAAAAAAAAAAAAAAAAAAAAAAAAAAAAAAAAAAAAAAAAAAAAAAAAAAAAAAAAAAAAAAAAAAAAAAAAAAAAAAAAAAAAAAAAAAAAAAAAAAAAAAAAAAAAAAAAAAAAAAAAAAAAAAAAAAAAAAAAAAAAAAAAAAAAAAAAAAAAAAAAAAAAAAAAAAAAAAAAAAAAAAAAAAAAAAAAAAAAAAAAAAAAAAAAAAAAAAAAAAAAAAAAAAAAAAAAAAyXa+n9oPd0AAAAAAAAAAAAAAAAAAAAAAAAAAAAAAAAAAAAAAAAAAAAAAAAAAAAAAAAAAAAAAAAAAAAAAAAAAAAAAAAAAAAAAAAAAAAAAAAAAAAAAAAAAAAAAAAAAAAAAAAAAAAAAAAAAAAAAAAAAAAAAAAAAAAAAAAAAAAAAAAAAAAAAAAAAAAAAAAAAAAAAAAAAAAAAAAAAAAAAAAAAAAAAAAAAAAAAAAAAAAAAAAAAAAAAAAAAAKRskbQb4HdAAAAAAAAAAAAAAAAAAAAAAAAAAAAAAAAAAAAAAAAAAAAAAAAAAAAAAAAAAAAAAAAAAAAAAAAAAAAAAAAAAAAAAAAAAAAAAAAAAAAAAAAAAAAAAAAAAAAAAAAAAAAAAAAAAAAAAAAAAAAAAAAAAAAAAAAAAAAAAAAAAAAAAAAAAAAAAAAAAAAAAAAAAAAAAAAAAAAAAAAAAAAAAAAAAAAAAAAAAAAAAAAA4DDRIAUAb0AAAAAAAAAAAAAAAAAAAAAAAAAAAAAAAAAAAAAAAAAAAAAAAAAAAAAAAAAAAAAAAAAAAAAAAAAAAAAAAAAAAAAAAAAAAAAAAAAAAAAAAAAAAAAAAAAAAAAAAAAAAAAAAAAAAAAAAAAAAAAAAAAAAAAAAAAAAAAAAAAAAAAAAAAAAAAAAAAAAAAAAAAAAAAAAAAAAAAAAAAAAAAAAAAAAAAAWp2coTjojEAAAAAAAAAAAAAAAAAAAAAAAAAAAAAAAAAAAAAAAAAAAAAAAAAAAAAAAAAAAAAAAAAAAAAAAAAAAAAAAAAAAAAAAAAAAAAAAAAAAAAAAAAAAAAAAAAAAAAA"},"shape":[59,24],"dtype":"float64","order":"little"}]]]}}},"view":{"type":"object","name":"CDSView","id":"p9814","attributes":{"filter":{"type":"object","name":"AllIndices","id":"p9815"}}},"glyph":{"type":"object","name":"Image","id":"p9804","attributes":{"x":{"type":"value","value":6225.11081679484},"y":{"type":"value","value":504.2620113387057},"dw":{"type":"value","value":41.40431890415039},"dh":{"type":"value","value":0.007030073878070198},"image":{"type":"field","field":"image"},"color_mapper":{"type":"object","name":"LinearColorMapper","id":"p9805","attributes":{"palette":["#ffffff","#fffffd","#fffffb","#fffff9","#fffff7","#fffff4","#fffff3","#fffff1","#ffffef","#ffffed","#ffffeb","#ffffe9","#ffffe6","#ffffe4","#ffffe3","#ffffe1","#ffffdf","#ffffdd","#ffffdb","#ffffd9","#ffffd7","#ffffd4","#ffffd3","#ffffd1","#ffffcf","#ffffcd","#ffffcb","#ffffc9","#ffffc6","#ffffc4","#ffffc3","#ffffc1","#ffffbf","#ffffbd","#ffffbb","#ffffb9","#ffffb7","#ffffb5","#ffffb3","#ffffb1","#ffffaf","#ffffad","#ffffab","#ffffa8","#ffffa6","#ffffa4","#ffffa3","#ffffa1","#ffff9f","#ffff9d","#ffff9b","#ffff99","#ffff97","#ffff95","#ffff93","#ffff91","#ffff8f","#ffff8d","#ffff8b","#ffff88","#ffff86","#ffff84","#ffff83","#ffff81","#fffe7f","#fffc7d","#fffa7b","#fff879","#fff677","#fff475","#fff272","#fff071","#ffee6f","#ffec6d","#ffea6b","#ffe868","#ffe666","#ffe464","#ffe262","#ffe061","#ffde5f","#ffdc5d","#ffda5b","#ffd859","#ffd657","#ffd455","#ffd252","#ffd051","#ffce4f","#ffcc4d","#ffca4b","#ffc848","#ffc646","#ffc444","#ffc242","#ffc041","#ffbe3f","#ffbc3d","#ffba3b","#ffb839","#ffb637","#ffb435","#ffb232","#ffb030","#ffae2f","#ffac2d","#ffaa2b","#ffa828","#ffa626","#ffa424","#ffa222","#ffa020","#ff9e1f","#ff9c1d","#ff9a1b","#ff9819","#ff9617","#ff9415","#ff9212","#ff9010","#ff8e0f","#ff8c0d","#ff8a0b","#ff8808","#ff8606","#ff8404","#ff8202","#ff8000","#fe7e00","#fc7c00","#fa7a00","#f87800","#f67600","#f37400","#f27200","#f07000","#ee6e00","#ec6c00","#ea6a00","#e86800","#e56600","#e36400","#e26200","#e06000","#de5e00","#dc5c00","#da5a00","#d85800","#d65600","#d35400","#d25200","#d05000","#ce4e00","#cc4c00","#ca4a00","#c84800","#c54600","#c34400","#c24200","#c04000","#be3e00","#bc3c00","#ba3a00","#b83800","#b63600","#b33400","#b23200","#b03000","#ae2e00","#ac2c00","#aa2a00","#a82800","#a52600","#a32400","#a22200","#a02000","#9e1e00","#9c1c00","#9a1a00","#981800","#961600","#931400","#921200","#901000","#8e0e00","#8c0c00","#8a0a00","#880800","#850600","#830400","#820200","#800000","#7e0000","#7c0000","#7a0000","#780000","#760000","#730000","#710000","#700000","#6e0000","#6c0000","#6a0000","#680000","#650000","#630000","#610000","#600000","#5e0000","#5c0000","#5a0000","#580000","#560000","#530000","#510000","#500000","#4e0000","#4c0000","#4a0000","#480000","#450000","#430000","#410000","#400000","#3e0000","#3c0000","#3a0000","#380000","#360000","#330000","#310000","#300000","#2e0000","#2c0000","#2a0000","#280000","#250000","#230000","#210000","#200000","#1e0000","#1c0000","#1a0000","#180000","#160000","#130000","#110000","#100000","#0e0000","#0c0000","#0a0000","#080000","#050000","#030000","#010000","#000000"]}}}},"nonselection_glyph":{"type":"object","name":"Image","id":"p9807","attributes":{"x":{"type":"value","value":6225.11081679484},"y":{"type":"value","value":504.2620113387057},"dw":{"type":"value","value":41.40431890415039},"dh":{"type":"value","value":0.007030073878070198},"global_alpha":{"type":"value","value":0.1},"image":{"type":"field","field":"image"},"color_mapper":{"type":"object","name":"LinearColorMapper","id":"p9808","attributes":{"palette":["#ffffff","#fffffd","#fffffb","#fffff9","#fffff7","#fffff4","#fffff3","#fffff1","#ffffef","#ffffed","#ffffeb","#ffffe9","#ffffe6","#ffffe4","#ffffe3","#ffffe1","#ffffdf","#ffffdd","#ffffdb","#ffffd9","#ffffd7","#ffffd4","#ffffd3","#ffffd1","#ffffcf","#ffffcd","#ffffcb","#ffffc9","#ffffc6","#ffffc4","#ffffc3","#ffffc1","#ffffbf","#ffffbd","#ffffbb","#ffffb9","#ffffb7","#ffffb5","#ffffb3","#ffffb1","#ffffaf","#ffffad","#ffffab","#ffffa8","#ffffa6","#ffffa4","#ffffa3","#ffffa1","#ffff9f","#ffff9d","#ffff9b","#ffff99","#ffff97","#ffff95","#ffff93","#ffff91","#ffff8f","#ffff8d","#ffff8b","#ffff88","#ffff86","#ffff84","#ffff83","#ffff81","#fffe7f","#fffc7d","#fffa7b","#fff879","#fff677","#fff475","#fff272","#fff071","#ffee6f","#ffec6d","#ffea6b","#ffe868","#ffe666","#ffe464","#ffe262","#ffe061","#ffde5f","#ffdc5d","#ffda5b","#ffd859","#ffd657","#ffd455","#ffd252","#ffd051","#ffce4f","#ffcc4d","#ffca4b","#ffc848","#ffc646","#ffc444","#ffc242","#ffc041","#ffbe3f","#ffbc3d","#ffba3b","#ffb839","#ffb637","#ffb435","#ffb232","#ffb030","#ffae2f","#ffac2d","#ffaa2b","#ffa828","#ffa626","#ffa424","#ffa222","#ffa020","#ff9e1f","#ff9c1d","#ff9a1b","#ff9819","#ff9617","#ff9415","#ff9212","#ff9010","#ff8e0f","#ff8c0d","#ff8a0b","#ff8808","#ff8606","#ff8404","#ff8202","#ff8000","#fe7e00","#fc7c00","#fa7a00","#f87800","#f67600","#f37400","#f27200","#f07000","#ee6e00","#ec6c00","#ea6a00","#e86800","#e56600","#e36400","#e26200","#e06000","#de5e00","#dc5c00","#da5a00","#d85800","#d65600","#d35400","#d25200","#d05000","#ce4e00","#cc4c00","#ca4a00","#c84800","#c54600","#c34400","#c24200","#c04000","#be3e00","#bc3c00","#ba3a00","#b83800","#b63600","#b33400","#b23200","#b03000","#ae2e00","#ac2c00","#aa2a00","#a82800","#a52600","#a32400","#a22200","#a02000","#9e1e00","#9c1c00","#9a1a00","#981800","#961600","#931400","#921200","#901000","#8e0e00","#8c0c00","#8a0a00","#880800","#850600","#830400","#820200","#800000","#7e0000","#7c0000","#7a0000","#780000","#760000","#730000","#710000","#700000","#6e0000","#6c0000","#6a0000","#680000","#650000","#630000","#610000","#600000","#5e0000","#5c0000","#5a0000","#580000","#560000","#530000","#510000","#500000","#4e0000","#4c0000","#4a0000","#480000","#450000","#430000","#410000","#400000","#3e0000","#3c0000","#3a0000","#380000","#360000","#330000","#310000","#300000","#2e0000","#2c0000","#2a0000","#280000","#250000","#230000","#210000","#200000","#1e0000","#1c0000","#1a0000","#180000","#160000","#130000","#110000","#100000","#0e0000","#0c0000","#0a0000","#080000","#050000","#030000","#010000","#000000"]}}}},"muted_glyph":{"type":"object","name":"Image","id":"p9810","attributes":{"x":{"type":"value","value":6225.11081679484},"y":{"type":"value","value":504.2620113387057},"dw":{"type":"value","value":41.40431890415039},"dh":{"type":"value","value":0.007030073878070198},"global_alpha":{"type":"value","value":0.2},"image":{"type":"field","field":"image"},"color_mapper":{"type":"object","name":"LinearColorMapper","id":"p9811","attributes":{"palette":["#ffffff","#fffffd","#fffffb","#fffff9","#fffff7","#fffff4","#fffff3","#fffff1","#ffffef","#ffffed","#ffffeb","#ffffe9","#ffffe6","#ffffe4","#ffffe3","#ffffe1","#ffffdf","#ffffdd","#ffffdb","#ffffd9","#ffffd7","#ffffd4","#ffffd3","#ffffd1","#ffffcf","#ffffcd","#ffffcb","#ffffc9","#ffffc6","#ffffc4","#ffffc3","#ffffc1","#ffffbf","#ffffbd","#ffffbb","#ffffb9","#ffffb7","#ffffb5","#ffffb3","#ffffb1","#ffffaf","#ffffad","#ffffab","#ffffa8","#ffffa6","#ffffa4","#ffffa3","#ffffa1","#ffff9f","#ffff9d","#ffff9b","#ffff99","#ffff97","#ffff95","#ffff93","#ffff91","#ffff8f","#ffff8d","#ffff8b","#ffff88","#ffff86","#ffff84","#ffff83","#ffff81","#fffe7f","#fffc7d","#fffa7b","#fff879","#fff677","#fff475","#fff272","#fff071","#ffee6f","#ffec6d","#ffea6b","#ffe868","#ffe666","#ffe464","#ffe262","#ffe061","#ffde5f","#ffdc5d","#ffda5b","#ffd859","#ffd657","#ffd455","#ffd252","#ffd051","#ffce4f","#ffcc4d","#ffca4b","#ffc848","#ffc646","#ffc444","#ffc242","#ffc041","#ffbe3f","#ffbc3d","#ffba3b","#ffb839","#ffb637","#ffb435","#ffb232","#ffb030","#ffae2f","#ffac2d","#ffaa2b","#ffa828","#ffa626","#ffa424","#ffa222","#ffa020","#ff9e1f","#ff9c1d","#ff9a1b","#ff9819","#ff9617","#ff9415","#ff9212","#ff9010","#ff8e0f","#ff8c0d","#ff8a0b","#ff8808","#ff8606","#ff8404","#ff8202","#ff8000","#fe7e00","#fc7c00","#fa7a00","#f87800","#f67600","#f37400","#f27200","#f07000","#ee6e00","#ec6c00","#ea6a00","#e86800","#e56600","#e36400","#e26200","#e06000","#de5e00","#dc5c00","#da5a00","#d85800","#d65600","#d35400","#d25200","#d05000","#ce4e00","#cc4c00","#ca4a00","#c84800","#c54600","#c34400","#c24200","#c04000","#be3e00","#bc3c00","#ba3a00","#b83800","#b63600","#b33400","#b23200","#b03000","#ae2e00","#ac2c00","#aa2a00","#a82800","#a52600","#a32400","#a22200","#a02000","#9e1e00","#9c1c00","#9a1a00","#981800","#961600","#931400","#921200","#901000","#8e0e00","#8c0c00","#8a0a00","#880800","#850600","#830400","#820200","#800000","#7e0000","#7c0000","#7a0000","#780000","#760000","#730000","#710000","#700000","#6e0000","#6c0000","#6a0000","#680000","#650000","#630000","#610000","#600000","#5e0000","#5c0000","#5a0000","#580000","#560000","#530000","#510000","#500000","#4e0000","#4c0000","#4a0000","#480000","#450000","#430000","#410000","#400000","#3e0000","#3c0000","#3a0000","#380000","#360000","#330000","#310000","#300000","#2e0000","#2c0000","#2a0000","#280000","#250000","#230000","#210000","#200000","#1e0000","#1c0000","#1a0000","#180000","#160000","#130000","#110000","#100000","#0e0000","#0c0000","#0a0000","#080000","#050000","#030000","#010000","#000000"]}}}}}}],"toolbar":{"type":"object","name":"Toolbar","id":"p9772","attributes":{"tools":[{"type":"object","name":"PanTool","id":"p9787"},{"type":"object","name":"WheelZoomTool","id":"p9788","attributes":{"renderers":"auto"}},{"type":"object","name":"BoxZoomTool","id":"p9789","attributes":{"overlay":{"type":"object","name":"BoxAnnotation","id":"p9790","attributes":{"syncable":false,"line_color":"black","line_alpha":1.0,"line_width":2,"line_dash":[4,4],"fill_color":"lightgrey","fill_alpha":0.5,"level":"overlay","visible":false,"left":{"type":"number","value":"nan"},"right":{"type":"number","value":"nan"},"top":{"type":"number","value":"nan"},"bottom":{"type":"number","value":"nan"},"left_units":"canvas","right_units":"canvas","top_units":"canvas","bottom_units":"canvas","handles":{"type":"object","name":"BoxInteractionHandles","id":"p9796","attributes":{"all":{"type":"object","name":"AreaVisuals","id":"p9795","attributes":{"fill_color":"white","hover_fill_color":"lightgray"}}}}}}}},{"type":"object","name":"SaveTool","id":"p9797"},{"type":"object","name":"ResetTool","id":"p9798"},{"type":"object","name":"HelpTool","id":"p9799"},{"type":"object","name":"HoverTool","id":"p9816","attributes":{"renderers":[{"id":"p9813"}],"tooltips":[["Value","@image"]]}},{"type":"object","name":"CrosshairTool","id":"p9763"}]}},"left":[{"type":"object","name":"LinearAxis","id":"p9782","attributes":{"ticker":{"type":"object","name":"BasicTicker","id":"p9783","attributes":{"mantissas":[1,2,5]}},"formatter":{"type":"object","name":"BasicTickFormatter","id":"p9784"},"axis_label":"m/z","major_label_policy":{"type":"object","name":"AllLabels","id":"p9785"}}}],"above":[{"type":"object","name":"Title","id":"p9800","attributes":{"text":"Subtitle | MS2 | y4^1 | 504.2664 m/z","text_font_style":"italic"}}],"below":[{"type":"object","name":"LinearAxis","id":"p9777","attributes":{"ticker":{"type":"object","name":"BasicTicker","id":"p9778","attributes":{"mantissas":[1,2,5]}},"formatter":{"type":"object","name":"BasicTickFormatter","id":"p9779"},"axis_label":"Retention time (s)","major_label_policy":{"type":"object","name":"AllLabels","id":"p9780"}}}],"center":[{"type":"object","name":"Grid","id":"p9781","attributes":{"visible":false,"axis":{"id":"p9777"}}},{"type":"object","name":"Grid","id":"p9786","attributes":{"visible":false,"dimension":1,"axis":{"id":"p9782"}}}]}}]}}
    </script>
    <script type="text/javascript">
      (function() {
        const fn = function() {
          Bokeh.safely(function() {
            (function(root) {
              function embed_document(root) {
              const docs_json = document.getElementById('c9bdc628-725c-43f7-9663-686bf72d7f8e').textContent;
              const render_items = [{"docid":"28cf5466-605d-469e-aba3-d7fb37c6b571","roots":{"p9764":"fe927c14-e1b5-4c44-af7e-df815e0f8404"},"root_ids":["p9764"]}];
              root.Bokeh.embed.embed_items(docs_json, render_items);
              }
              if (root.Bokeh !== undefined) {
                embed_document(root);
              } else {
                let attempts = 0;
                const timer = setInterval(function(root) {
                  if (root.Bokeh !== undefined) {
                    clearInterval(timer);
                    embed_document(root);
                  } else {
                    attempts++;
                    if (attempts > 100) {
                      clearInterval(timer);
                      console.log("Bokeh: ERROR: Unable to run BokehJS code because BokehJS library is missing");
                    }
                  }
                }, 10, root)
              }
            })(window);
          });
        };
        if (document.readyState != "loading") fn();
        else document.addEventListener("DOMContentLoaded", fn);
      })();
    </script>
  </body>
</html>