# serializer version: 1
# name: test_get_spectra_rt_list
  array([6225.00510572, 6225.11081679, 6226.79294987, 6226.89773809,
         6228.58093243, 6228.68570364, 6230.36718894, 6230.47519996,
         6232.15643628, 6232.26158461, 6233.94503701, 6234.05347881,
         6235.73636055, 6235.84861018, 6237.52955912, 6237.64613564,
         6239.32257002, 6239.43720522, 6241.11678499, 6241.24574655,
         6242.92556385, 6243.03476927, 6244.714715  , 6244.82797253,
         6246.5069831 , 6246.62867474, 6248.30696891, 6248.42832918,
         6250.10570723, 6250.22954839, 6251.90983957, 6252.03127199,
         6253.71197694, 6253.83602161, 6255.51902593, 6255.64580925,
         6257.32368641, 6257.45004012, 6259.12679414, 6259.29275457,
         6260.96995081, 6261.10140645, 6262.77919124, 6262.90909502,
         6264.5863851 , 6264.71157343, 6266.3903799 , 6266.5151357 ,
         6268.1971333 , 6268.33268181])
# ---
# name: test_get_target_ms_level_indices[mslevel0]
  array([ 0,  1,  2,  3,  4,  5,  6,  7,  8,  9, 10, 11, 12, 13, 14, 15, 16,
         17, 18, 19, 20, 21, 22, 23, 24, 25, 26, 27, 28, 29, 30, 31, 32, 33,
         34, 35, 36, 37, 38, 39, 40, 41, 42, 43, 44, 45, 46, 47, 48, 49])
# ---
# name: test_get_target_ms_level_indices[mslevel1]
  array([ 0,  2,  4,  6,  8, 10, 12, 14, 16, 18, 20, 22, 24, 26, 28, 30, 32,
         34, 36, 38, 40, 42, 44, 46, 48])
# ---
# name: test_get_target_ms_level_indices[mslevel2]
  array([ 1,  3,  5,  7,  9, 11, 13, 15, 17, 19, 21, 23, 25, 27, 29, 31, 33,
         35, 37, 39, 41, 43, 45, 47, 49])
# ---
