<!DOCTYPE html>
<html lang="en">
  <head>
    <meta charset="utf-8">
    <title>Bokeh Application</title>
    <script type="text/javascript" src="https://cdn.bokeh.org/bokeh/release/bokeh-2.4.3.min.js"></script>
    <script type="text/javascript">
        Bokeh.set_log_level("info");
    </script>
  </head>
  <body>
    <div class="bk-root" id="0fad02c6-e893-426f-8374-f9d215d9d9e8" data-root-id="4212"></div>
  
    <script type="application/json" id="4431">
      {"09905037-492e-4126-bd57-5ac9e294751e":{"defs":[],"roots":{"references":[{"attributes":{"coordinates":null,"data_source":{"id":"4246"},"glyph":{"id":"4248"},"group":null,"hover_glyph":null,"muted_glyph":{"id":"4250"},"nonselection_glyph":{"id":"4249"},"view":{"id":"4252"}},"id":"4251","type":"GlyphRenderer"},{"attributes":{"line_alpha":0.1,"line_dash":[6],"line_width":2,"x":{"field":"x"},"y":{"field":"y"}},"id":"4249","type":"Line"},{"attributes":{"below":[{"id":"4221"}],"center":[{"id":"4224"},{"id":"4228"}],"height":400,"left":[{"id":"4225"}],"renderers":[{"id":"4251"},{"id":"4258"}],"right":[{"id":"4245"}],"sizing_mode":"scale_width","title":{"id":"4262"},"toolbar":{"id":"4237"},"toolbar_location":"above","width":800,"x_range":{"id":"4213"},"x_scale":{"id":"4217"},"y_range":{"id":"4215"},"y_scale":{"id":"4219"}},"id":"4212","subtype":"Figure","type":"Plot"},{"attributes":{"tools":[{"id":"4229"},{"id":"4230"},{"id":"4231"},{"id":"4232"},{"id":"4233"},{"id":"4234"},{"id":"4236"}]},"id":"4237","type":"Toolbar"},{"attributes":{},"id":"4266","type":"AllLabels"},{"attributes":{"line_alpha":0.5,"line_dash":[6],"line_width":2,"x":{"field":"x"},"y":{"field":"y"}},"id":"4248","type":"Line"},{"attributes":{"axis":{"id":"4225"},"coordinates":null,"dimension":1,"group":null,"ticker":null},"id":"4228","type":"Grid"},{"attributes":{},"id":"4270","type":"UnionRenderers"},{"attributes":{"click_policy":"mute","coordinates":null,"group":null,"items":[{"id":"4260"},{"id":"4261"}],"label_text_font_size":"10pt","location":"top_left","title":"Transition"},"id":"4245","type":"Legend"},{"attributes":{"line_alpha":0.5,"line_color":"#1f77b4","line_width":2,"x":{"field":"x"},"y":{"field":"y"}},"id":"4255","type":"Line"},{"attributes":{},"id":"4230","type":"WheelZoomTool"},{"attributes":{},"id":"4273","type":"Selection"},{"attributes":{"line_alpha":0.2,"line_dash":[6],"line_width":2,"x":{"field":"x"},"y":{"field":"y"}},"id":"4250","type":"Line"},{"attributes":{},"id":"4213","type":"DataRange1d"},{"attributes":{"axis_label":"Intensity","coordinates":null,"formatter":{"id":"4265"},"group":null,"major_label_policy":{"id":"4266"},"ticker":{"id":"4226"}},"id":"4225","type":"LinearAxis"},{"attributes":{"axis_label":"Retention Time","coordinates":null,"formatter":{"id":"4268"},"group":null,"major_label_policy":{"id":"4269"},"ticker":{"id":"4222"}},"id":"4221","type":"LinearAxis"},{"attributes":{},"id":"4269","type":"AllLabels"},{"attributes":{"overlay":{"id":"4235"}},"id":"4231","type":"BoxZoomTool"},{"attributes":{},"id":"4215","type":"DataRange1d"},{"attributes":{},"id":"4226","type":"BasicTicker"},{"attributes":{"line_alpha":0.2,"line_color":"#1f77b4","line_width":2,"x":{"field":"x"},"y":{"field":"y"}},"id":"4257","type":"Line"},{"attributes":{"coordinates":null,"group":null},"id":"4262","type":"Title"},{"attributes":{},"id":"4222","type":"BasicTicker"},{"attributes":{"label":{"value":"b3^1"},"renderers":[{"id":"4258"}]},"id":"4261","type":"LegendItem"},{"attributes":{},"id":"4234","type":"HelpTool"},{"attributes":{},"id":"4217","type":"LinearScale"},{"attributes":{},"id":"4229","type":"PanTool"},{"attributes":{"callback":null,"tooltips":[["index","$index"],["(rt,int)","(@x{0.00}, @y)"]]},"id":"4236","type":"HoverTool"},{"attributes":{"source":{"id":"4253"}},"id":"4259","type":"CDSView"},{"attributes":{"source":{"id":"4246"}},"id":"4252","type":"CDSView"},{"attributes":{"label":{"value":"prec"},"renderers":[{"id":"4251"}]},"id":"4260","type":"LegendItem"},{"attributes":{},"id":"4265","type":"BasicTickFormatter"},{"attributes":{"axis":{"id":"4221"},"coordinates":null,"group":null,"ticker":null},"id":"4224","type":"Grid"},{"attributes":{},"id":"4268","type":"BasicTickFormatter"},{"attributes":{"bottom_units":"screen","coordinates":null,"fill_alpha":0.5,"fill_color":"lightgrey","group":null,"left_units":"screen","level":"overlay","line_alpha":1.0,"line_color":"black","line_dash":[4,4],"line_width":2,"right_units":"screen","syncable":false,"top_units":"screen"},"id":"4235","type":"BoxAnnotation"},{"attributes":{"coordinates":null,"data_source":{"id":"4253"},"glyph":{"id":"4255"},"group":null,"hover_glyph":null,"muted_glyph":{"id":"4257"},"nonselection_glyph":{"id":"4256"},"view":{"id":"4259"}},"id":"4258","type":"GlyphRenderer"},{"attributes":{},"id":"4271","type":"Selection"},{"attributes":{},"id":"4272","type":"UnionRenderers"},{"attributes":{"line_alpha":0.1,"line_color":"#1f77b4","line_width":2,"x":{"field":"x"},"y":{"field":"y"}},"id":"4256","type":"Line"},{"attributes":{"data":{"precursor_mz":[null,null,null,null,null,null,null,null,null],"product_charge":[null,null,null,null,null,null,null,null,null],"product_mz":[null,null,null,null,null,null,null,null,null],"x":[1,2,3,4,5,6,7,8,9],"y":[5,10,15,20,25,20,15,10,5]},"selected":{"id":"4273"},"selection_policy":{"id":"4272"}},"id":"4253","type":"ColumnDataSource"},{"attributes":{},"id":"4233","type":"ResetTool"},{"attributes":{"data":{"precursor_mz":[null,null,null,null,null,null,null,null,null],"product_charge":[null,null,null,null,null,null,null,null,null],"product_mz":[null,null,null,null,null,null,null,null,null],"x":[1,2,3,4,5,6,7,8,9],"y":[10,20,30,40,50,40,30,20,10]},"selected":{"id":"4271"},"selection_policy":{"id":"4270"}},"id":"4246","type":"ColumnDataSource"},{"attributes":{},"id":"4232","type":"SaveTool"},{"attributes":{},"id":"4219","type":"LinearScale"}],"root_ids":["4212"]},"title":"Bokeh Application","version":"2.4.3"}}
    </script>
    <script type="text/javascript">
      (function() {
        const fn = function() {
          Bokeh.safely(function() {
            (function(root) {
              function embed_document(root) {
              const docs_json = document.getElementById('4431').textContent;
              const render_items = [{"docid":"09905037-492e-4126-bd57-5ac9e294751e","root_ids":["4212"],"roots":{"4212":"0fad02c6-e893-426f-8374-f9d215d9d9e8"}}];
              root.Bokeh.embed.embed_items(docs_json, render_items);
              }
              if (root.Bokeh !== undefined) {
                embed_document(root);
              } else {
                let attempts = 0;
                const timer = setInterval(function(root) {
                  if (root.Bokeh !== undefined) {
                    clearInterval(timer);
                    embed_document(root);
                  } else {
                    attempts++;
                    if (attempts > 100) {
                      clearInterval(timer);
                      console.log("Bokeh: ERROR: Unable to run BokehJS code because BokehJS library is missing");
                    }
                  }
                }, 10, root)
              }
            })(window);
          });
        };
        if (document.readyState != "loading") fn();
        else document.addEventListener("DOMContentLoaded", fn);
      })();
    </script>
  </body>
</html>