<!DOCTYPE html>
<html lang="en">
  <head>
    <meta charset="utf-8">
    <title>Bokeh Application</title>
    <script type="text/javascript" src="https://cdn.bokeh.org/bokeh/release/bokeh-2.4.3.min.js"></script>
    <script type="text/javascript">
        Bokeh.set_log_level("info");
    </script>
  </head>
  <body>
    <div class="bk-root" id="a4b599c3-9cf6-43e4-9be0-3fdc7d14cceb" data-root-id="2412"></div>
  
    <script type="application/json" id="2727">
      {"f27124ae-0a91-4a2a-b34d-f68ff30fe0e5":{"defs":[],"roots":{"references":[{"attributes":{"bottom":{"field":"bottom_int"},"fill_color":{"value":"#1B9E77"},"hatch_color":{"value":"#1B9E77"},"line_color":{"value":"#1B9E77"},"top":{"field":"Intensity"},"width":{"value":0.3},"x":{"field":"leftWidth"}},"id":"2468","type":"VBar"},{"attributes":{"axis_label":"Intensity","axis_label_text_font_size":"11pt","coordinates":null,"formatter":{"id":"2509"},"group":null,"major_label_policy":{"id":"2510"},"major_label_text_font_size":"11pt","ticker":{"id":"2426"}},"id":"2425","type":"LinearAxis"},{"attributes":{"axis":{"id":"2425"},"coordinates":null,"dimension":1,"group":null,"ticker":null},"id":"2428","type":"Grid"},{"attributes":{"bottom":{"field":"bottom_int"},"fill_alpha":{"value":0.2},"fill_color":{"value":"#1B9E77"},"hatch_alpha":{"value":0.2},"hatch_color":{"value":"#1B9E77"},"line_alpha":{"value":0.2},"line_color":{"value":"#1B9E77"},"top":{"field":"Intensity"},"width":{"value":0.3},"x":{"field":"leftWidth"}},"id":"2470","type":"VBar"},{"attributes":{"bottom":{"field":"bottom_int"},"fill_alpha":{"value":0.2},"fill_color":{"value":"#D95F02"},"hatch_alpha":{"value":0.2},"hatch_color":{"value":"#D95F02"},"line_alpha":{"value":0.2},"line_color":{"value":"#D95F02"},"top":{"field":"Intensity"},"width":{"value":0.3},"x":{"field":"leftWidth"}},"id":"2489","type":"VBar"},{"attributes":{"source":{"id":"2485"}},"id":"2497","type":"CDSView"},{"attributes":{"fill_alpha":{"value":0},"fill_color":{"value":"#1f77b4"},"hatch_alpha":{"value":0},"line_alpha":{"value":0},"line_color":{"value":"#1f77b4"},"x":{"field":"leftWidth"},"y":{"field":"Intensity"}},"id":"2480","type":"Circle"},{"attributes":{"bottom":{"field":"bottom_int"},"fill_color":{"value":"#D95F02"},"hatch_color":{"value":"#D95F02"},"line_color":{"value":"#D95F02"},"top":{"field":"Intensity"},"width":{"value":0.3},"x":{"field":"leftWidth"}},"id":"2487","type":"VBar"},{"attributes":{"data":{"Intensity":[1],"bottom_int":[0],"leftWidth":[2],"ms2_mscore":[0.003],"rightWidth":[7]},"selected":{"id":"2519"},"selection_policy":{"id":"2518"}},"id":"2466","type":"ColumnDataSource"},{"attributes":{},"id":"2520","type":"UnionRenderers"},{"attributes":{"callback":null,"tooltips":[["index","$index"],["(rt,int)","(@x{0.00}, @y)"]]},"id":"2436","type":"HoverTool"},{"attributes":{},"id":"2512","type":"BasicTickFormatter"},{"attributes":{"source":{"id":"2450"}},"id":"2456","type":"CDSView"},{"attributes":{},"id":"2426","type":"BasicTicker"},{"attributes":{"align":"center","coordinates":null,"group":null,"text":"Title","text_font_size":"13pt"},"id":"2445","type":"Title"},{"attributes":{"line_alpha":0.1,"line_dash":[6],"line_width":2,"x":{"field":"x"},"y":{"field":"y"}},"id":"2453","type":"Line"},{"attributes":{"data":{"precursor_mz":[null,null,null,null,null,null,null,null,null],"product_charge":[null,null,null,null,null,null,null,null,null],"product_mz":[null,null,null,null,null,null,null,null,null],"x":[1,2,3,4,5,6,7,8,9],"y":{"__ndarray__":"AAAAAAAAAAAAAAAAAADQPwAAAAAAAOA/AAAAAAAA6D8AAAAAAADwPwAAAAAAAOg/AAAAAAAA4D8AAAAAAADQPwAAAAAAAAAA","dtype":"float64","order":"little","shape":[9]}},"selected":{"id":"2517"},"selection_policy":{"id":"2516"}},"id":"2457","type":"ColumnDataSource"},{"attributes":{"source":{"id":"2457"}},"id":"2463","type":"CDSView"},{"attributes":{"line_alpha":0.2,"line_dash":[6],"line_width":2,"x":{"field":"x"},"y":{"field":"y"}},"id":"2454","type":"Line"},{"attributes":{"fill_alpha":{"value":0.1},"fill_color":{"value":"#1f77b4"},"hatch_alpha":{"value":0.1},"line_alpha":{"value":0.1},"line_color":{"value":"#1f77b4"},"x":{"field":"leftWidth"},"y":{"field":"Intensity"}},"id":"2481","type":"Circle"},{"attributes":{"line_alpha":0.5,"line_dash":[6],"line_width":2,"x":{"field":"x"},"y":{"field":"y"}},"id":"2452","type":"Line"},{"attributes":{"source":{"id":"2485"}},"id":"2491","type":"CDSView"},{"attributes":{"overlay":{"id":"2435"}},"id":"2431","type":"BoxZoomTool"},{"attributes":{},"id":"2516","type":"UnionRenderers"},{"attributes":{"coordinates":null,"data_source":{"id":"2466"},"glyph":{"id":"2468"},"group":null,"hover_glyph":null,"muted_glyph":{"id":"2470"},"nonselection_glyph":{"id":"2469"},"view":{"id":"2472"}},"id":"2471","type":"GlyphRenderer"},{"attributes":{"coordinates":null,"data_source":{"id":"2485"},"glyph":{"id":"2487"},"group":null,"hover_glyph":null,"muted_glyph":{"id":"2489"},"nonselection_glyph":{"id":"2488"},"view":{"id":"2491"}},"id":"2490","type":"GlyphRenderer"},{"attributes":{"coordinates":null,"data_source":{"id":"2450"},"glyph":{"id":"2452"},"group":null,"hover_glyph":null,"muted_glyph":{"id":"2454"},"nonselection_glyph":{"id":"2453"},"view":{"id":"2456"}},"id":"2455","type":"GlyphRenderer"},{"attributes":{"source":{"id":"2466"}},"id":"2472","type":"CDSView"},{"attributes":{"fill_alpha":{"value":0.2},"fill_color":{"value":"#1f77b4"},"hatch_alpha":{"value":0.2},"line_alpha":{"value":0.2},"line_color":{"value":"#1f77b4"},"x":{"field":"leftWidth"},"y":{"field":"Intensity"}},"id":"2482","type":"Circle"},{"attributes":{},"id":"2419","type":"LinearScale"},{"attributes":{"label":{"value":"prec"},"renderers":[{"id":"2455"}]},"id":"2464","type":"LegendItem"},{"attributes":{"tools":[{"id":"2429"},{"id":"2430"},{"id":"2431"},{"id":"2432"},{"id":"2433"},{"id":"2434"},{"id":"2436"},{"id":"2504"}]},"id":"2437","type":"Toolbar"},{"attributes":{},"id":"2515","type":"Selection"},{"attributes":{"coordinates":null,"data_source":{"id":"2485"},"glyph":{"id":"2493"},"group":null,"hover_glyph":null,"muted_glyph":{"id":"2495"},"nonselection_glyph":{"id":"2494"},"view":{"id":"2497"}},"id":"2496","type":"GlyphRenderer"},{"attributes":{"label":{"value":"b3^1"},"renderers":[{"id":"2462"}]},"id":"2465","type":"LegendItem"},{"attributes":{},"id":"2413","type":"DataRange1d"},{"attributes":{"coordinates":null,"data_source":{"id":"2485"},"glyph":{"id":"2499"},"group":null,"hover_glyph":null,"muted_glyph":{"id":"2501"},"name":"leftWidth_apex_point","nonselection_glyph":{"id":"2500"},"view":{"id":"2503"}},"id":"2502","type":"GlyphRenderer"},{"attributes":{"axis_label":"Retention Time","axis_label_text_font_size":"11pt","coordinates":null,"formatter":{"id":"2512"},"group":null,"major_label_policy":{"id":"2513"},"major_label_text_font_size":"11pt","ticker":{"id":"2422"}},"id":"2421","type":"LinearAxis"},{"attributes":{"bottom":{"field":"bottom_int"},"fill_color":{"value":"#D95F02"},"hatch_color":{"value":"#D95F02"},"line_color":{"value":"#D95F02"},"top":{"field":"Intensity"},"width":{"value":0.3},"x":{"field":"rightWidth"}},"id":"2493","type":"VBar"},{"attributes":{"fill_alpha":{"value":0.2},"fill_color":{"value":"#1f77b4"},"hatch_alpha":{"value":0.2},"line_alpha":{"value":0.2},"line_color":{"value":"#1f77b4"},"x":{"field":"leftWidth"},"y":{"field":"Intensity"}},"id":"2501","type":"Circle"},{"attributes":{"source":{"id":"2485"}},"id":"2503","type":"CDSView"},{"attributes":{"data":{"Intensity":[1],"bottom_int":[0],"leftWidth":[3],"ms2_mscore":[0.0001],"rightWidth":[6]},"selected":{"id":"2521"},"selection_policy":{"id":"2520"}},"id":"2485","type":"ColumnDataSource"},{"attributes":{},"id":"2429","type":"PanTool"},{"attributes":{},"id":"2417","type":"LinearScale"},{"attributes":{"callback":null,"names":["leftWidth_apex_point"],"tooltips":[["Intensity","@Intensity"],["Left Width","@leftWidth{0.00}"],["Right Width","@rightWidth{0.00}"],["Peak Group Rank","@peakgroup_rank"],["MS2 m-score","@ms2_mscore"]]},"id":"2504","type":"HoverTool"},{"attributes":{},"id":"2422","type":"BasicTicker"},{"attributes":{"coordinates":null,"data_source":{"id":"2466"},"glyph":{"id":"2474"},"group":null,"hover_glyph":null,"muted_glyph":{"id":"2476"},"nonselection_glyph":{"id":"2475"},"view":{"id":"2478"}},"id":"2477","type":"GlyphRenderer"},{"attributes":{"source":{"id":"2466"}},"id":"2478","type":"CDSView"},{"attributes":{},"id":"2432","type":"SaveTool"},{"attributes":{"bottom":{"field":"bottom_int"},"fill_alpha":{"value":0.1},"fill_color":{"value":"#D95F02"},"hatch_alpha":{"value":0.1},"hatch_color":{"value":"#D95F02"},"line_alpha":{"value":0.1},"line_color":{"value":"#D95F02"},"top":{"field":"Intensity"},"width":{"value":0.3},"x":{"field":"rightWidth"}},"id":"2494","type":"VBar"},{"attributes":{"fill_alpha":{"value":0},"fill_color":{"value":"#1f77b4"},"hatch_alpha":{"value":0},"line_alpha":{"value":0},"line_color":{"value":"#1f77b4"},"x":{"field":"leftWidth"},"y":{"field":"Intensity"}},"id":"2499","type":"Circle"},{"attributes":{"line_alpha":0.1,"line_color":"#1f77b4","line_width":2,"x":{"field":"x"},"y":{"field":"y"}},"id":"2460","type":"Line"},{"attributes":{"above":[{"id":"2448"}],"below":[{"id":"2421"}],"center":[{"id":"2424"},{"id":"2428"}],"height":450,"left":[{"id":"2425"}],"renderers":[{"id":"2455"},{"id":"2462"},{"id":"2471"},{"id":"2477"},{"id":"2483"},{"id":"2490"},{"id":"2496"},{"id":"2502"}],"right":[{"id":"2449"}],"sizing_mode":"scale_width","title":{"id":"2445"},"toolbar":{"id":"2437"},"toolbar_location":"above","width":800,"x_range":{"id":"2413"},"x_scale":{"id":"2417"},"y_range":{"id":"2415"},"y_scale":{"id":"2419"}},"id":"2412","subtype":"Figure","type":"Plot"},{"attributes":{"click_policy":"mute","coordinates":null,"group":null,"items":[{"id":"2464"},{"id":"2465"}],"label_text_font_size":"10pt","location":"top_left","title":"Transition"},"id":"2449","type":"Legend"},{"attributes":{},"id":"2433","type":"ResetTool"},{"attributes":{},"id":"2513","type":"AllLabels"},{"attributes":{},"id":"2514","type":"UnionRenderers"},{"attributes":{"bottom":{"field":"bottom_int"},"fill_alpha":{"value":0.1},"fill_color":{"value":"#D95F02"},"hatch_alpha":{"value":0.1},"hatch_color":{"value":"#D95F02"},"line_alpha":{"value":0.1},"line_color":{"value":"#D95F02"},"top":{"field":"Intensity"},"width":{"value":0.3},"x":{"field":"leftWidth"}},"id":"2488","type":"VBar"},{"attributes":{},"id":"2430","type":"WheelZoomTool"},{"attributes":{},"id":"2415","type":"DataRange1d"},{"attributes":{"bottom":{"field":"bottom_int"},"fill_alpha":{"value":0.1},"fill_color":{"value":"#1B9E77"},"hatch_alpha":{"value":0.1},"hatch_color":{"value":"#1B9E77"},"line_alpha":{"value":0.1},"line_color":{"value":"#1B9E77"},"top":{"field":"Intensity"},"width":{"value":0.3},"x":{"field":"leftWidth"}},"id":"2469","type":"VBar"},{"attributes":{"bottom":{"field":"bottom_int"},"fill_alpha":{"value":0.2},"fill_color":{"value":"#D95F02"},"hatch_alpha":{"value":0.2},"hatch_color":{"value":"#D95F02"},"line_alpha":{"value":0.2},"line_color":{"value":"#D95F02"},"top":{"field":"Intensity"},"width":{"value":0.3},"x":{"field":"rightWidth"}},"id":"2495","type":"VBar"},{"attributes":{"line_alpha":0.5,"line_color":"#1f77b4","line_width":2,"x":{"field":"x"},"y":{"field":"y"}},"id":"2459","type":"Line"},{"attributes":{"axis":{"id":"2421"},"coordinates":null,"group":null,"ticker":null},"id":"2424","type":"Grid"},{"attributes":{"bottom":{"field":"bottom_int"},"fill_alpha":{"value":0.2},"fill_color":{"value":"#1B9E77"},"hatch_alpha":{"value":0.2},"hatch_color":{"value":"#1B9E77"},"line_alpha":{"value":0.2},"line_color":{"value":"#1B9E77"},"top":{"field":"Intensity"},"width":{"value":0.3},"x":{"field":"rightWidth"}},"id":"2476","type":"VBar"},{"attributes":{},"id":"2517","type":"Selection"},{"attributes":{"line_alpha":0.2,"line_color":"#1f77b4","line_width":2,"x":{"field":"x"},"y":{"field":"y"}},"id":"2461","type":"Line"},{"attributes":{"bottom":{"field":"bottom_int"},"fill_alpha":{"value":0.1},"fill_color":{"value":"#1B9E77"},"hatch_alpha":{"value":0.1},"hatch_color":{"value":"#1B9E77"},"line_alpha":{"value":0.1},"line_color":{"value":"#1B9E77"},"top":{"field":"Intensity"},"width":{"value":0.3},"x":{"field":"rightWidth"}},"id":"2475","type":"VBar"},{"attributes":{"fill_alpha":{"value":0.1},"fill_color":{"value":"#1f77b4"},"hatch_alpha":{"value":0.1},"line_alpha":{"value":0.1},"line_color":{"value":"#1f77b4"},"x":{"field":"leftWidth"},"y":{"field":"Intensity"}},"id":"2500","type":"Circle"},{"attributes":{},"id":"2509","type":"BasicTickFormatter"},{"attributes":{"bottom":{"field":"bottom_int"},"fill_color":{"value":"#1B9E77"},"hatch_color":{"value":"#1B9E77"},"line_color":{"value":"#1B9E77"},"top":{"field":"Intensity"},"width":{"value":0.3},"x":{"field":"rightWidth"}},"id":"2474","type":"VBar"},{"attributes":{},"id":"2434","type":"HelpTool"},{"attributes":{},"id":"2519","type":"Selection"},{"attributes":{},"id":"2518","type":"UnionRenderers"},{"attributes":{"coordinates":null,"data_source":{"id":"2457"},"glyph":{"id":"2459"},"group":null,"hover_glyph":null,"muted_glyph":{"id":"2461"},"nonselection_glyph":{"id":"2460"},"view":{"id":"2463"}},"id":"2462","type":"GlyphRenderer"},{"attributes":{"coordinates":null,"group":null,"text":"Title","text_font_style":"italic"},"id":"2448","type":"Title"},{"attributes":{},"id":"2521","type":"Selection"},{"attributes":{"bottom_units":"screen","coordinates":null,"fill_alpha":0.5,"fill_color":"lightgrey","group":null,"left_units":"screen","level":"overlay","line_alpha":1.0,"line_color":"black","line_dash":[4,4],"line_width":2,"right_units":"screen","syncable":false,"top_units":"screen"},"id":"2435","type":"BoxAnnotation"},{"attributes":{"data":{"precursor_mz":[null,null,null,null,null,null,null,null,null],"product_charge":[null,null,null,null,null,null,null,null,null],"product_mz":[null,null,null,null,null,null,null,null,null],"x":[1,2,3,4,5,6,7,8,9],"y":{"__ndarray__":"AAAAAAAAAAAAAAAAAADQPwAAAAAAAOA/AAAAAAAA6D8AAAAAAADwPwAAAAAAAOg/AAAAAAAA4D8AAAAAAADQPwAAAAAAAAAA","dtype":"float64","order":"little","shape":[9]}},"selected":{"id":"2515"},"selection_policy":{"id":"2514"}},"id":"2450","type":"ColumnDataSource"},{"attributes":{},"id":"2510","type":"AllLabels"},{"attributes":{"coordinates":null,"data_source":{"id":"2466"},"glyph":{"id":"2480"},"group":null,"hover_glyph":null,"muted_glyph":{"id":"2482"},"name":"leftWidth_apex_point","nonselection_glyph":{"id":"2481"},"view":{"id":"2484"}},"id":"2483","type":"GlyphRenderer"},{"attributes":{"source":{"id":"2466"}},"id":"2484","type":"CDSView"}],"root_ids":["2412"]},"title":"Bokeh Application","version":"2.4.3"}}
    </script>
    <script type="text/javascript">
      (function() {
        const fn = function() {
          Bokeh.safely(function() {
            (function(root) {
              function embed_document(root) {
              const docs_json = document.getElementById('2727').textContent;
              const render_items = [{"docid":"f27124ae-0a91-4a2a-b34d-f68ff30fe0e5","root_ids":["2412"],"roots":{"2412":"a4b599c3-9cf6-43e4-9be0-3fdc7d14cceb"}}];
              root.Bokeh.embed.embed_items(docs_json, render_items);
              }
              if (root.Bokeh !== undefined) {
                embed_document(root);
              } else {
                let attempts = 0;
                const timer = setInterval(function(root) {
                  if (root.Bokeh !== undefined) {
                    clearInterval(timer);
                    embed_document(root);
                  } else {
                    attempts++;
                    if (attempts > 100) {
                      clearInterval(timer);
                      console.log("Bokeh: ERROR: Unable to run BokehJS code because BokehJS library is missing");
                    }
                  }
                }, 10, root)
              }
            })(window);
          });
        };
        if (document.readyState != "loading") fn();
        else document.addEventListener("DOMContentLoaded", fn);
      })();
    </script>
  </body>
</html>