<!DOCTYPE html>
<html lang="en">
  <head>
    <meta charset="utf-8">
    <title>Bokeh Application</title>
    <script type="text/javascript" src="https://cdn.bokeh.org/bokeh/release/bokeh-2.4.3.min.js"></script>
    <script type="text/javascript">
        Bokeh.set_log_level("info");
    </script>
  </head>
  <body>
    <div class="bk-root" id="0769a37e-2906-4695-bfe0-4daccc3ba987" data-root-id="3992"></div>
  
    <script type="application/json" id="4211">
      {"b2b49f66-ab1b-47ec-a030-7df491179cac":{"defs":[],"roots":{"references":[{"attributes":{"overlay":{"id":"4015"}},"id":"4011","type":"BoxZoomTool"},{"attributes":{"bottom":{"field":"y0"},"fill_alpha":{"value":0.1},"fill_color":{"value":"#1f77b4"},"hatch_alpha":{"value":0.1},"hatch_color":{"value":"#1f77b4"},"line_alpha":{"value":0.1},"line_color":{"value":"#1f77b4"},"line_dash":{"value":"solid"},"line_width":{"value":2},"top":{"field":"y"},"width":{"value":0.1},"x":{"field":"x"}},"id":"4036","type":"VBar"},{"attributes":{"click_policy":"mute","coordinates":null,"group":null,"items":[{"id":"4040"},{"id":"4041"}],"label_text_font_size":"10pt","location":"top_left","title":"Transition"},"id":"4025","type":"Legend"},{"attributes":{},"id":"4046","type":"AllLabels"},{"attributes":{"label":{"value":"b5^2"},"renderers":[{"id":"4038"}]},"id":"4041","type":"LegendItem"},{"attributes":{"axis":{"id":"4001"},"coordinates":null,"group":null,"ticker":null},"id":"4004","type":"Grid"},{"attributes":{},"id":"4010","type":"WheelZoomTool"},{"attributes":{"source":{"id":"4026"}},"id":"4032","type":"CDSView"},{"attributes":{"below":[{"id":"4001"}],"center":[{"id":"4004"},{"id":"4008"}],"height":400,"left":[{"id":"4005"}],"renderers":[{"id":"4031"},{"id":"4038"}],"right":[{"id":"4025"}],"sizing_mode":"scale_width","title":{"id":"4042"},"toolbar":{"id":"4017"},"toolbar_location":"above","width":800,"x_range":{"id":"3993"},"x_scale":{"id":"3997"},"y_range":{"id":"3995"},"y_scale":{"id":"3999"}},"id":"3992","subtype":"Figure","type":"Plot"},{"attributes":{"coordinates":null,"data_source":{"id":"4033"},"glyph":{"id":"4035"},"group":null,"hover_glyph":null,"muted_glyph":{"id":"4037"},"nonselection_glyph":{"id":"4036"},"view":{"id":"4039"}},"id":"4038","type":"GlyphRenderer"},{"attributes":{},"id":"4052","type":"UnionRenderers"},{"attributes":{"bottom":{"field":"y0"},"fill_alpha":{"value":0.1},"fill_color":{"value":"black"},"hatch_alpha":{"value":0.1},"line_alpha":{"value":0.1},"line_dash":{"value":"dashed"},"line_width":{"value":2},"top":{"field":"y"},"width":{"value":0.1},"x":{"field":"x"}},"id":"4029","type":"VBar"},{"attributes":{},"id":"3999","type":"LinearScale"},{"attributes":{"data":{"precursor_mz":[null,null,null],"product_charge":[null,null,null],"product_mz":[null,null,null],"x":{"__ndarray__":"mpmZmZn5WEAAAAAAAABZQHE9CtejAFlA","dtype":"float64","order":"little","shape":[3]},"y":[10,20,30],"y0":[0,0,0]},"selected":{"id":"4053"},"selection_policy":{"id":"4052"}},"id":"4033","type":"ColumnDataSource"},{"attributes":{"callback":null,"tooltips":[["index","$index"],["(mz,int)","(@x{0.00}, @y)"]]},"id":"4016","type":"HoverTool"},{"attributes":{},"id":"4045","type":"BasicTickFormatter"},{"attributes":{},"id":"4049","type":"AllLabels"},{"attributes":{},"id":"3997","type":"LinearScale"},{"attributes":{},"id":"3993","type":"DataRange1d"},{"attributes":{"bottom":{"field":"y0"},"fill_color":{"value":"#1f77b4"},"hatch_color":{"value":"#1f77b4"},"line_alpha":{"value":0.5},"line_color":{"value":"#1f77b4"},"line_dash":{"value":"solid"},"line_width":{"value":2},"top":{"field":"y"},"width":{"value":0.1},"x":{"field":"x"}},"id":"4035","type":"VBar"},{"attributes":{"coordinates":null,"data_source":{"id":"4026"},"glyph":{"id":"4028"},"group":null,"hover_glyph":null,"muted_glyph":{"id":"4030"},"nonselection_glyph":{"id":"4029"},"view":{"id":"4032"}},"id":"4031","type":"GlyphRenderer"},{"attributes":{},"id":"3995","type":"DataRange1d"},{"attributes":{},"id":"4002","type":"BasicTicker"},{"attributes":{},"id":"4048","type":"BasicTickFormatter"},{"attributes":{"bottom_units":"screen","coordinates":null,"fill_alpha":0.5,"fill_color":"lightgrey","group":null,"left_units":"screen","level":"overlay","line_alpha":1.0,"line_color":"black","line_dash":[4,4],"line_width":2,"right_units":"screen","syncable":false,"top_units":"screen"},"id":"4015","type":"BoxAnnotation"},{"attributes":{},"id":"4050","type":"UnionRenderers"},{"attributes":{"data":{"precursor_mz":[null,null,null],"product_charge":[null,null,null],"product_mz":[null,null,null],"x":{"__ndarray__":"SOF6FK4/f0AAAAAAAEB/QLgehetRQH9A","dtype":"float64","order":"little","shape":[3]},"y":[5,10,15],"y0":[0,0,0]},"selected":{"id":"4051"},"selection_policy":{"id":"4050"}},"id":"4026","type":"ColumnDataSource"},{"attributes":{},"id":"4012","type":"SaveTool"},{"attributes":{"label":{"value":"prec"},"renderers":[{"id":"4031"}]},"id":"4040","type":"LegendItem"},{"attributes":{"bottom":{"field":"y0"},"fill_color":{"value":"black"},"line_alpha":{"value":0.5},"line_dash":{"value":"dashed"},"line_width":{"value":2},"top":{"field":"y"},"width":{"value":0.1},"x":{"field":"x"}},"id":"4028","type":"VBar"},{"attributes":{},"id":"4013","type":"ResetTool"},{"attributes":{"bottom":{"field":"y0"},"fill_alpha":{"value":0.2},"fill_color":{"value":"#1f77b4"},"hatch_alpha":{"value":0.2},"hatch_color":{"value":"#1f77b4"},"line_alpha":{"value":0.2},"line_color":{"value":"#1f77b4"},"line_dash":{"value":"solid"},"line_width":{"value":2},"top":{"field":"y"},"width":{"value":0.1},"x":{"field":"x"}},"id":"4037","type":"VBar"},{"attributes":{"coordinates":null,"group":null},"id":"4042","type":"Title"},{"attributes":{"source":{"id":"4033"}},"id":"4039","type":"CDSView"},{"attributes":{"bottom":{"field":"y0"},"fill_alpha":{"value":0.2},"fill_color":{"value":"black"},"hatch_alpha":{"value":0.2},"line_alpha":{"value":0.2},"line_dash":{"value":"dashed"},"line_width":{"value":2},"top":{"field":"y"},"width":{"value":0.1},"x":{"field":"x"}},"id":"4030","type":"VBar"},{"attributes":{},"id":"4053","type":"Selection"},{"attributes":{"axis_label":"Intensity","coordinates":null,"formatter":{"id":"4045"},"group":null,"major_label_policy":{"id":"4046"},"ticker":{"id":"4006"}},"id":"4005","type":"LinearAxis"},{"attributes":{"tools":[{"id":"4009"},{"id":"4010"},{"id":"4011"},{"id":"4012"},{"id":"4013"},{"id":"4014"},{"id":"4016"}]},"id":"4017","type":"Toolbar"},{"attributes":{},"id":"4009","type":"PanTool"},{"attributes":{"axis_label":"Retention Time","coordinates":null,"formatter":{"id":"4048"},"group":null,"major_label_policy":{"id":"4049"},"ticker":{"id":"4002"}},"id":"4001","type":"LinearAxis"},{"attributes":{},"id":"4014","type":"HelpTool"},{"attributes":{},"id":"4051","type":"Selection"},{"attributes":{},"id":"4006","type":"BasicTicker"},{"attributes":{"axis":{"id":"4005"},"coordinates":null,"dimension":1,"group":null,"ticker":null},"id":"4008","type":"Grid"}],"root_ids":["3992"]},"title":"Bokeh Application","version":"2.4.3"}}
    </script>
    <script type="text/javascript">
      (function() {
        const fn = function() {
          Bokeh.safely(function() {
            (function(root) {
              function embed_document(root) {
              const docs_json = document.getElementById('4211').textContent;
              const render_items = [{"docid":"b2b49f66-ab1b-47ec-a030-7df491179cac","root_ids":["3992"],"roots":{"3992":"0769a37e-2906-4695-bfe0-4daccc3ba987"}}];
              root.Bokeh.embed.embed_items(docs_json, render_items);
              }
              if (root.Bokeh !== undefined) {
                embed_document(root);
              } else {
                let attempts = 0;
                const timer = setInterval(function(root) {
                  if (root.Bokeh !== undefined) {
                    clearInterval(timer);
                    embed_document(root);
                  } else {
                    attempts++;
                    if (attempts > 100) {
                      clearInterval(timer);
                      console.log("Bokeh: ERROR: Unable to run BokehJS code because BokehJS library is missing");
                    }
                  }
                }, 10, root)
              }
            })(window);
          });
        };
        if (document.readyState != "loading") fn();
        else document.addEventListener("DOMContentLoaded", fn);
      })();
    </script>
  </body>
</html>