<!DOCTYPE html>
<html lang="en">
  <head>
    <meta charset="utf-8">
    <title>Bokeh Application</title>
    <script type="text/javascript" src="https://cdn.bokeh.org/bokeh/release/bokeh-2.4.3.min.js"></script>
    <script type="text/javascript">
        Bokeh.set_log_level("info");
    </script>
  </head>
  <body>
    <div class="bk-root" id="8f1b8c8f-22f3-4b85-889b-e18fef89fcae" data-root-id="1224"></div>
  
    <script type="application/json" id="1501">
      {"097a82b8-19a0-48b3-98df-4b6105715014":{"defs":[],"roots":{"references":[{"attributes":{},"id":"1244","type":"SaveTool"},{"attributes":{},"id":"1231","type":"LinearScale"},{"attributes":{"line_alpha":0.2,"line_dash":[6],"line_width":2,"x":{"field":"x"},"y":{"field":"y"}},"id":"1262","type":"Line"},{"attributes":{},"id":"1309","type":"BasicTickFormatter"},{"attributes":{"line_alpha":0.5,"line_dash":[6],"line_width":2,"x":{"field":"x"},"y":{"field":"y"}},"id":"1260","type":"Line"},{"attributes":{"fill_alpha":{"value":0},"fill_color":{"value":"#1f77b4"},"hatch_alpha":{"value":0},"line_alpha":{"value":0},"line_color":{"value":"#1f77b4"},"x":{"field":"leftWidth"},"y":{"field":"Intensity"}},"id":"1299","type":"Circle"},{"attributes":{},"id":"1246","type":"HelpTool"},{"attributes":{"coordinates":null,"data_source":{"id":"1285"},"glyph":{"id":"1293"},"group":null,"hover_glyph":null,"muted_glyph":{"id":"1295"},"nonselection_glyph":{"id":"1294"},"view":{"id":"1297"}},"id":"1296","type":"GlyphRenderer"},{"attributes":{"line_alpha":0.1,"line_dash":[6],"line_width":2,"x":{"field":"x"},"y":{"field":"y"}},"id":"1261","type":"Line"},{"attributes":{"fill_alpha":{"value":0.2},"fill_color":{"value":"#1f77b4"},"hatch_alpha":{"value":0.2},"line_alpha":{"value":0.2},"line_color":{"value":"#1f77b4"},"x":{"field":"leftWidth"},"y":{"field":"Intensity"}},"id":"1282","type":"Circle"},{"attributes":{"bottom":{"field":"bottom_int"},"fill_color":{"value":"#1B9E77"},"hatch_color":{"value":"#1B9E77"},"line_color":{"value":"#1B9E77"},"top":{"field":"Intensity"},"width":{"value":0.3},"x":{"field":"leftWidth"}},"id":"1268","type":"VBar"},{"attributes":{"source":{"id":"1266"}},"id":"1284","type":"CDSView"},{"attributes":{},"id":"1227","type":"DataRange1d"},{"attributes":{"coordinates":null,"data_source":{"id":"1266"},"glyph":{"id":"1274"},"group":null,"hover_glyph":null,"muted_glyph":{"id":"1276"},"nonselection_glyph":{"id":"1275"},"view":{"id":"1278"}},"id":"1277","type":"GlyphRenderer"},{"attributes":{},"id":"1229","type":"LinearScale"},{"attributes":{"bottom":{"field":"bottom_int"},"fill_alpha":{"value":0.2},"fill_color":{"value":"#D95F02"},"hatch_alpha":{"value":0.2},"hatch_color":{"value":"#D95F02"},"line_alpha":{"value":0.2},"line_color":{"value":"#D95F02"},"top":{"field":"Intensity"},"width":{"value":0.3},"x":{"field":"rightWidth"}},"id":"1295","type":"VBar"},{"attributes":{"bottom":{"field":"bottom_int"},"fill_color":{"value":"#D95F02"},"hatch_color":{"value":"#D95F02"},"line_color":{"value":"#D95F02"},"top":{"field":"Intensity"},"width":{"value":0.3},"x":{"field":"leftWidth"}},"id":"1287","type":"VBar"},{"attributes":{"bottom":{"field":"bottom_int"},"fill_alpha":{"value":0.2},"fill_color":{"value":"#1B9E77"},"hatch_alpha":{"value":0.2},"hatch_color":{"value":"#1B9E77"},"line_alpha":{"value":0.2},"line_color":{"value":"#1B9E77"},"top":{"field":"Intensity"},"width":{"value":0.3},"x":{"field":"rightWidth"}},"id":"1276","type":"VBar"},{"attributes":{},"id":"1318","type":"UnionRenderers"},{"attributes":{"coordinates":null,"data_source":{"id":"1258"},"glyph":{"id":"1260"},"group":null,"hover_glyph":null,"muted_glyph":{"id":"1262"},"nonselection_glyph":{"id":"1261"},"view":{"id":"1264"}},"id":"1263","type":"GlyphRenderer"},{"attributes":{"bottom":{"field":"bottom_int"},"fill_color":{"value":"#1B9E77"},"hatch_color":{"value":"#1B9E77"},"line_color":{"value":"#1B9E77"},"top":{"field":"Intensity"},"width":{"value":0.3},"x":{"field":"rightWidth"}},"id":"1274","type":"VBar"},{"attributes":{},"id":"1316","type":"UnionRenderers"},{"attributes":{"below":[{"id":"1233"}],"center":[{"id":"1236"},{"id":"1240"}],"height":450,"left":[{"id":"1237"}],"renderers":[{"id":"1263"},{"id":"1271"},{"id":"1277"},{"id":"1283"},{"id":"1290"},{"id":"1296"},{"id":"1302"}],"right":[{"id":"1257"}],"sizing_mode":"scale_width","title":{"id":"1306"},"toolbar":{"id":"1249"},"toolbar_location":"above","width":800,"x_range":{"id":"1225"},"x_scale":{"id":"1229"},"y_range":{"id":"1227"},"y_scale":{"id":"1231"}},"id":"1224","subtype":"Figure","type":"Plot"},{"attributes":{"source":{"id":"1266"}},"id":"1278","type":"CDSView"},{"attributes":{"data":{"Intensity":[50],"bottom_int":[0],"leftWidth":[3],"ms2_mscore":[0.0001],"rightWidth":[6]},"selected":{"id":"1319"},"selection_policy":{"id":"1318"}},"id":"1285","type":"ColumnDataSource"},{"attributes":{"bottom_units":"screen","coordinates":null,"fill_alpha":0.5,"fill_color":"lightgrey","group":null,"left_units":"screen","level":"overlay","line_alpha":1.0,"line_color":"black","line_dash":[4,4],"line_width":2,"right_units":"screen","syncable":false,"top_units":"screen"},"id":"1247","type":"BoxAnnotation"},{"attributes":{"source":{"id":"1258"}},"id":"1264","type":"CDSView"},{"attributes":{"fill_alpha":{"value":0},"fill_color":{"value":"#1f77b4"},"hatch_alpha":{"value":0},"line_alpha":{"value":0},"line_color":{"value":"#1f77b4"},"x":{"field":"leftWidth"},"y":{"field":"Intensity"}},"id":"1280","type":"Circle"},{"attributes":{"bottom":{"field":"bottom_int"},"fill_alpha":{"value":0.1},"fill_color":{"value":"#1B9E77"},"hatch_alpha":{"value":0.1},"hatch_color":{"value":"#1B9E77"},"line_alpha":{"value":0.1},"line_color":{"value":"#1B9E77"},"top":{"field":"Intensity"},"width":{"value":0.3},"x":{"field":"rightWidth"}},"id":"1275","type":"VBar"},{"attributes":{},"id":"1319","type":"Selection"},{"attributes":{},"id":"1317","type":"Selection"},{"attributes":{"data":{"precursor_mz":[null,null,null,null,null,null,null,null,null],"product_charge":[null,null,null,null,null,null,null,null,null],"product_mz":[null,null,null,null,null,null,null,null,null],"x":[1,2,3,4,5,6,7,8,9],"y":[10,20,30,40,50,40,30,20,10]},"selected":{"id":"1315"},"selection_policy":{"id":"1314"}},"id":"1258","type":"ColumnDataSource"},{"attributes":{},"id":"1312","type":"BasicTickFormatter"},{"attributes":{"label":{"value":"prec"},"renderers":[{"id":"1263"}]},"id":"1265","type":"LegendItem"},{"attributes":{"coordinates":null,"group":null},"id":"1306","type":"Title"},{"attributes":{"source":{"id":"1285"}},"id":"1303","type":"CDSView"},{"attributes":{},"id":"1234","type":"BasicTicker"},{"attributes":{"tools":[{"id":"1241"},{"id":"1242"},{"id":"1243"},{"id":"1244"},{"id":"1245"},{"id":"1246"},{"id":"1248"},{"id":"1304"}]},"id":"1249","type":"Toolbar"},{"attributes":{"bottom":{"field":"bottom_int"},"fill_color":{"value":"#D95F02"},"hatch_color":{"value":"#D95F02"},"line_color":{"value":"#D95F02"},"top":{"field":"Intensity"},"width":{"value":0.3},"x":{"field":"rightWidth"}},"id":"1293","type":"VBar"},{"attributes":{"coordinates":null,"data_source":{"id":"1285"},"glyph":{"id":"1299"},"group":null,"hover_glyph":null,"muted_glyph":{"id":"1301"},"name":"leftWidth_apex_point","nonselection_glyph":{"id":"1300"},"view":{"id":"1303"}},"id":"1302","type":"GlyphRenderer"},{"attributes":{},"id":"1313","type":"AllLabels"},{"attributes":{"callback":null,"names":["leftWidth_apex_point"],"tooltips":[["Intensity","@Intensity"],["Left Width","@leftWidth{0.00}"],["Right Width","@rightWidth{0.00}"],["Peak Group Rank","@peakgroup_rank"],["MS2 m-score","@ms2_mscore"]]},"id":"1304","type":"HoverTool"},{"attributes":{},"id":"1310","type":"AllLabels"},{"attributes":{"data":{"Intensity":[50],"bottom_int":[0],"leftWidth":[2],"ms2_mscore":[0.003],"rightWidth":[7]},"selected":{"id":"1317"},"selection_policy":{"id":"1316"}},"id":"1266","type":"ColumnDataSource"},{"attributes":{"bottom":{"field":"bottom_int"},"fill_alpha":{"value":0.1},"fill_color":{"value":"#D95F02"},"hatch_alpha":{"value":0.1},"hatch_color":{"value":"#D95F02"},"line_alpha":{"value":0.1},"line_color":{"value":"#D95F02"},"top":{"field":"Intensity"},"width":{"value":0.3},"x":{"field":"leftWidth"}},"id":"1288","type":"VBar"},{"attributes":{},"id":"1245","type":"ResetTool"},{"attributes":{"callback":null,"tooltips":[["index","$index"],["(rt,int)","(@x{0.00}, @y)"]]},"id":"1248","type":"HoverTool"},{"attributes":{"fill_alpha":{"value":0.2},"fill_color":{"value":"#1f77b4"},"hatch_alpha":{"value":0.2},"line_alpha":{"value":0.2},"line_color":{"value":"#1f77b4"},"x":{"field":"leftWidth"},"y":{"field":"Intensity"}},"id":"1301","type":"Circle"},{"attributes":{"axis":{"id":"1233"},"coordinates":null,"group":null,"ticker":null},"id":"1236","type":"Grid"},{"attributes":{"fill_alpha":{"value":0.1},"fill_color":{"value":"#1f77b4"},"hatch_alpha":{"value":0.1},"line_alpha":{"value":0.1},"line_color":{"value":"#1f77b4"},"x":{"field":"leftWidth"},"y":{"field":"Intensity"}},"id":"1281","type":"Circle"},{"attributes":{},"id":"1242","type":"WheelZoomTool"},{"attributes":{"click_policy":"mute","coordinates":null,"group":null,"items":[{"id":"1265"}],"label_text_font_size":"10pt","location":"top_left","title":"Transition"},"id":"1257","type":"Legend"},{"attributes":{"source":{"id":"1266"}},"id":"1272","type":"CDSView"},{"attributes":{"source":{"id":"1285"}},"id":"1291","type":"CDSView"},{"attributes":{"coordinates":null,"data_source":{"id":"1266"},"glyph":{"id":"1268"},"group":null,"hover_glyph":null,"muted_glyph":{"id":"1270"},"nonselection_glyph":{"id":"1269"},"view":{"id":"1272"}},"id":"1271","type":"GlyphRenderer"},{"attributes":{"bottom":{"field":"bottom_int"},"fill_alpha":{"value":0.2},"fill_color":{"value":"#1B9E77"},"hatch_alpha":{"value":0.2},"hatch_color":{"value":"#1B9E77"},"line_alpha":{"value":0.2},"line_color":{"value":"#1B9E77"},"top":{"field":"Intensity"},"width":{"value":0.3},"x":{"field":"leftWidth"}},"id":"1270","type":"VBar"},{"attributes":{"bottom":{"field":"bottom_int"},"fill_alpha":{"value":0.1},"fill_color":{"value":"#D95F02"},"hatch_alpha":{"value":0.1},"hatch_color":{"value":"#D95F02"},"line_alpha":{"value":0.1},"line_color":{"value":"#D95F02"},"top":{"field":"Intensity"},"width":{"value":0.3},"x":{"field":"rightWidth"}},"id":"1294","type":"VBar"},{"attributes":{"axis_label":"Intensity","axis_label_text_font_size":"11pt","coordinates":null,"formatter":{"id":"1309"},"group":null,"major_label_policy":{"id":"1310"},"major_label_text_font_size":"11pt","ticker":{"id":"1238"}},"id":"1237","type":"LinearAxis"},{"attributes":{"fill_alpha":{"value":0.1},"fill_color":{"value":"#1f77b4"},"hatch_alpha":{"value":0.1},"line_alpha":{"value":0.1},"line_color":{"value":"#1f77b4"},"x":{"field":"leftWidth"},"y":{"field":"Intensity"}},"id":"1300","type":"Circle"},{"attributes":{},"id":"1238","type":"BasicTicker"},{"attributes":{},"id":"1314","type":"UnionRenderers"},{"attributes":{"coordinates":null,"data_source":{"id":"1285"},"glyph":{"id":"1287"},"group":null,"hover_glyph":null,"muted_glyph":{"id":"1289"},"nonselection_glyph":{"id":"1288"},"view":{"id":"1291"}},"id":"1290","type":"GlyphRenderer"},{"attributes":{"coordinates":null,"data_source":{"id":"1266"},"glyph":{"id":"1280"},"group":null,"hover_glyph":null,"muted_glyph":{"id":"1282"},"name":"leftWidth_apex_point","nonselection_glyph":{"id":"1281"},"view":{"id":"1284"}},"id":"1283","type":"GlyphRenderer"},{"attributes":{"axis_label":"Retention Time","axis_label_text_font_size":"11pt","coordinates":null,"formatter":{"id":"1312"},"group":null,"major_label_policy":{"id":"1313"},"major_label_text_font_size":"11pt","ticker":{"id":"1234"}},"id":"1233","type":"LinearAxis"},{"attributes":{"bottom":{"field":"bottom_int"},"fill_alpha":{"value":0.1},"fill_color":{"value":"#1B9E77"},"hatch_alpha":{"value":0.1},"hatch_color":{"value":"#1B9E77"},"line_alpha":{"value":0.1},"line_color":{"value":"#1B9E77"},"top":{"field":"Intensity"},"width":{"value":0.3},"x":{"field":"leftWidth"}},"id":"1269","type":"VBar"},{"attributes":{"source":{"id":"1285"}},"id":"1297","type":"CDSView"},{"attributes":{},"id":"1315","type":"Selection"},{"attributes":{"axis":{"id":"1237"},"coordinates":null,"dimension":1,"group":null,"ticker":null},"id":"1240","type":"Grid"},{"attributes":{},"id":"1225","type":"DataRange1d"},{"attributes":{"bottom":{"field":"bottom_int"},"fill_alpha":{"value":0.2},"fill_color":{"value":"#D95F02"},"hatch_alpha":{"value":0.2},"hatch_color":{"value":"#D95F02"},"line_alpha":{"value":0.2},"line_color":{"value":"#D95F02"},"top":{"field":"Intensity"},"width":{"value":0.3},"x":{"field":"leftWidth"}},"id":"1289","type":"VBar"},{"attributes":{},"id":"1241","type":"PanTool"},{"attributes":{"overlay":{"id":"1247"}},"id":"1243","type":"BoxZoomTool"}],"root_ids":["1224"]},"title":"Bokeh Application","version":"2.4.3"}}
    </script>
    <script type="text/javascript">
      (function() {
        const fn = function() {
          Bokeh.safely(function() {
            (function(root) {
              function embed_document(root) {
              const docs_json = document.getElementById('1501').textContent;
              const render_items = [{"docid":"097a82b8-19a0-48b3-98df-4b6105715014","root_ids":["1224"],"roots":{"1224":"8f1b8c8f-22f3-4b85-889b-e18fef89fcae"}}];
              root.Bokeh.embed.embed_items(docs_json, render_items);
              }
              if (root.Bokeh !== undefined) {
                embed_document(root);
              } else {
                let attempts = 0;
                const timer = setInterval(function(root) {
                  if (root.Bokeh !== undefined) {
                    clearInterval(timer);
                    embed_document(root);
                  } else {
                    attempts++;
                    if (attempts > 100) {
                      clearInterval(timer);
                      console.log("Bokeh: ERROR: Unable to run BokehJS code because BokehJS library is missing");
                    }
                  }
                }, 10, root)
              }
            })(window);
          });
        };
        if (document.readyState != "loading") fn();
        else document.addEventListener("DOMContentLoaded", fn);
      })();
    </script>
  </body>
</html>