<!DOCTYPE html>
<html lang="en">
  <head>
    <meta charset="utf-8">
    <title>Bokeh Application</title>
    <script type="text/javascript" src="https://cdn.bokeh.org/bokeh/release/bokeh-2.4.3.min.js"></script>
    <script type="text/javascript">
        Bokeh.set_log_level("info");
    </script>
  </head>
  <body>
    <div class="bk-root" id="088767ef-a3cb-4a19-8750-e90289188635" data-root-id="2728"></div>
  
    <script type="application/json" id="2947">
      {"900f0289-5e0a-4240-9468-497fda9a57d5":{"defs":[],"roots":{"references":[{"attributes":{},"id":"2745","type":"PanTool"},{"attributes":{"axis":{"id":"2737"},"coordinates":null,"group":null,"ticker":null},"id":"2740","type":"Grid"},{"attributes":{"line_alpha":0.2,"line_color":"#1f77b4","line_width":2,"x":{"field":"x"},"y":{"field":"y"}},"id":"2773","type":"Line"},{"attributes":{"label":{"value":"prec"},"renderers":[{"id":"2767"}]},"id":"2776","type":"LegendItem"},{"attributes":{},"id":"2789","type":"Selection"},{"attributes":{"below":[{"id":"2737"}],"center":[{"id":"2740"},{"id":"2744"}],"height":400,"left":[{"id":"2741"}],"renderers":[{"id":"2767"},{"id":"2774"}],"right":[{"id":"2761"}],"sizing_mode":"scale_width","title":{"id":"2778"},"toolbar":{"id":"2753"},"toolbar_location":"above","width":800,"x_range":{"id":"2729"},"x_scale":{"id":"2733"},"y_range":{"id":"2731"},"y_scale":{"id":"2735"}},"id":"2728","subtype":"Figure","type":"Plot"},{"attributes":{"source":{"id":"2769"}},"id":"2775","type":"CDSView"},{"attributes":{"line_alpha":0.5,"line_dash":[6],"line_width":2,"x":{"field":"x"},"y":{"field":"y"}},"id":"2764","type":"Line"},{"attributes":{"coordinates":null,"group":null},"id":"2778","type":"Title"},{"attributes":{},"id":"2781","type":"BasicTickFormatter"},{"attributes":{"bottom_units":"screen","coordinates":null,"fill_alpha":0.5,"fill_color":"lightgrey","group":null,"left_units":"screen","level":"overlay","line_alpha":1.0,"line_color":"black","line_dash":[4,4],"line_width":2,"right_units":"screen","syncable":false,"top_units":"screen"},"id":"2751","type":"BoxAnnotation"},{"attributes":{"click_policy":"mute","coordinates":null,"group":null,"items":[{"id":"2776"},{"id":"2777"}],"label_text_font_size":"10pt","location":"top_left","title":"Transition"},"id":"2761","type":"Legend"},{"attributes":{},"id":"2738","type":"BasicTicker"},{"attributes":{},"id":"2782","type":"AllLabels"},{"attributes":{},"id":"2733","type":"LinearScale"},{"attributes":{"data":{"precursor_mz":[null,null,null,null,null,null,null,null,null],"product_charge":[null,null,null,null,null,null,null,null,null],"product_mz":[null,null,null,null,null,null,null,null,null],"x":{"__ndarray__":"ZmZmZmZm7j+4HoXrUbjuPwrXo3A9Cu8/XI/C9Shc7z+uR+F6FK7vPwAAAAAAAPA/KVyPwvUo8D9SuB6F61HwP3sUrkfhevA/","dtype":"float64","order":"little","shape":[9]},"y":[5,10,15,20,25,20,15,10,5]},"selected":{"id":"2787"},"selection_policy":{"id":"2786"}},"id":"2762","type":"ColumnDataSource"},{"attributes":{"line_alpha":0.1,"line_dash":[6],"line_width":2,"x":{"field":"x"},"y":{"field":"y"}},"id":"2765","type":"Line"},{"attributes":{"coordinates":null,"data_source":{"id":"2762"},"glyph":{"id":"2764"},"group":null,"hover_glyph":null,"muted_glyph":{"id":"2766"},"nonselection_glyph":{"id":"2765"},"view":{"id":"2768"}},"id":"2767","type":"GlyphRenderer"},{"attributes":{},"id":"2729","type":"DataRange1d"},{"attributes":{},"id":"2731","type":"DataRange1d"},{"attributes":{},"id":"2784","type":"BasicTickFormatter"},{"attributes":{},"id":"2746","type":"WheelZoomTool"},{"attributes":{"data":{"precursor_mz":[null,null,null,null,null,null,null,null,null],"product_charge":[null,null,null,null,null,null,null,null,null],"product_mz":[null,null,null,null,null,null,null,null,null],"x":{"__ndarray__":"ZmZmZmZm7j+4HoXrUbjuPwrXo3A9Cu8/XI/C9Shc7z+uR+F6FK7vPwAAAAAAAPA/KVyPwvUo8D9SuB6F61HwP3sUrkfhevA/","dtype":"float64","order":"little","shape":[9]},"y":[10,20,30,40,50,40,30,20,10]},"selected":{"id":"2789"},"selection_policy":{"id":"2788"}},"id":"2769","type":"ColumnDataSource"},{"attributes":{"callback":null,"tooltips":[["index","$index"],["(im,int)","(@x{0.00}, @y)"]]},"id":"2752","type":"HoverTool"},{"attributes":{},"id":"2785","type":"AllLabels"},{"attributes":{},"id":"2750","type":"HelpTool"},{"attributes":{"line_alpha":0.5,"line_color":"#1f77b4","line_width":2,"x":{"field":"x"},"y":{"field":"y"}},"id":"2771","type":"Line"},{"attributes":{},"id":"2786","type":"UnionRenderers"},{"attributes":{"line_alpha":0.2,"line_dash":[6],"line_width":2,"x":{"field":"x"},"y":{"field":"y"}},"id":"2766","type":"Line"},{"attributes":{"overlay":{"id":"2751"}},"id":"2747","type":"BoxZoomTool"},{"attributes":{},"id":"2748","type":"SaveTool"},{"attributes":{"source":{"id":"2762"}},"id":"2768","type":"CDSView"},{"attributes":{},"id":"2749","type":"ResetTool"},{"attributes":{},"id":"2787","type":"Selection"},{"attributes":{"coordinates":null,"data_source":{"id":"2769"},"glyph":{"id":"2771"},"group":null,"hover_glyph":null,"muted_glyph":{"id":"2773"},"nonselection_glyph":{"id":"2772"},"view":{"id":"2775"}},"id":"2774","type":"GlyphRenderer"},{"attributes":{"line_alpha":0.1,"line_color":"#1f77b4","line_width":2,"x":{"field":"x"},"y":{"field":"y"}},"id":"2772","type":"Line"},{"attributes":{"axis_label":"Retention Time","coordinates":null,"formatter":{"id":"2784"},"group":null,"major_label_policy":{"id":"2785"},"ticker":{"id":"2738"}},"id":"2737","type":"LinearAxis"},{"attributes":{"axis":{"id":"2741"},"coordinates":null,"dimension":1,"group":null,"ticker":null},"id":"2744","type":"Grid"},{"attributes":{"tools":[{"id":"2745"},{"id":"2746"},{"id":"2747"},{"id":"2748"},{"id":"2749"},{"id":"2750"},{"id":"2752"}]},"id":"2753","type":"Toolbar"},{"attributes":{},"id":"2735","type":"LinearScale"},{"attributes":{"label":{"value":"b5^2"},"renderers":[{"id":"2774"}]},"id":"2777","type":"LegendItem"},{"attributes":{},"id":"2742","type":"BasicTicker"},{"attributes":{"axis_label":"Intensity","coordinates":null,"formatter":{"id":"2781"},"group":null,"major_label_policy":{"id":"2782"},"ticker":{"id":"2742"}},"id":"2741","type":"LinearAxis"},{"attributes":{},"id":"2788","type":"UnionRenderers"}],"root_ids":["2728"]},"title":"Bokeh Application","version":"2.4.3"}}
    </script>
    <script type="text/javascript">
      (function() {
        const fn = function() {
          Bokeh.safely(function() {
            (function(root) {
              function embed_document(root) {
              const docs_json = document.getElementById('2947').textContent;
              const render_items = [{"docid":"900f0289-5e0a-4240-9468-497fda9a57d5","root_ids":["2728"],"roots":{"2728":"088767ef-a3cb-4a19-8750-e90289188635"}}];
              root.Bokeh.embed.embed_items(docs_json, render_items);
              }
              if (root.Bokeh !== undefined) {
                embed_document(root);
              } else {
                let attempts = 0;
                const timer = setInterval(function(root) {
                  if (root.Bokeh !== undefined) {
                    clearInterval(timer);
                    embed_document(root);
                  } else {
                    attempts++;
                    if (attempts > 100) {
                      clearInterval(timer);
                      console.log("Bokeh: ERROR: Unable to run BokehJS code because BokehJS library is missing");
                    }
                  }
                }, 10, root)
              }
            })(window);
          });
        };
        if (document.readyState != "loading") fn();
        else document.addEventListener("DOMContentLoaded", fn);
      })();
    </script>
  </body>
</html>