<!DOCTYPE html>
<html lang="en">
  <head>
    <meta charset="utf-8">
    <title>Bokeh Application</title>
    <style>
      html, body {
        box-sizing: border-box;
        display: flow-root;
        height: 100%;
        margin: 0;
        padding: 0;
      }
    </style>
    <script type="text/javascript" src="https://cdn.bokeh.org/bokeh/release/bokeh-3.6.0.min.js"></script>
    <script type="text/javascript">
        Bokeh.set_log_level("info");
    </script>
  </head>
  <body>
    <div id="b5623d1f-2a44-4233-ae20-69f0759c90e7" data-root-id="p1292" style="display: contents;"></div>
  
    <script type="application/json" id="b1eea9cb-3cd5-4ff3-b8b0-af1fb8573000">
      {"4639b9b2-bb59-44dd-9bc5-aa46da19979f":{"version":"3.6.0","title":"Bokeh Application","roots":[{"type":"object","name":"Figure","id":"p1292","attributes":{"width":800,"height":450,"sizing_mode":"scale_width","x_range":{"type":"object","name":"DataRange1d","id":"p1293"},"y_range":{"type":"object","name":"DataRange1d","id":"p1294"},"x_scale":{"type":"object","name":"LinearScale","id":"p1301"},"y_scale":{"type":"object","name":"LinearScale","id":"p1302"},"title":{"type":"object","name":"Title","id":"p1299","attributes":{"text":"Title","text_font_size":"13pt","align":"center"}},"renderers":[{"type":"object","name":"GlyphRenderer","id":"p1338","attributes":{"data_source":{"type":"object","name":"ColumnDataSource","id":"p1329","attributes":{"selected":{"type":"object","name":"Selection","id":"p1330","attributes":{"indices":[],"line_indices":[]}},"selection_policy":{"type":"object","name":"UnionRenderers","id":"p1331"},"data":{"type":"map","entries":[["x",{"type":"ndarray","array":{"type":"bytes","data":"AQAAAAIAAAADAAAABAAAAAUAAAAGAAAABwAAAAgAAAAJAAAA"},"shape":[9],"dtype":"int32","order":"little"}],["y",{"type":"ndarray","array":{"type":"bytes","data":"AAAAAAAAAAAAAAAAAADQPwAAAAAAAOA/AAAAAAAA6D8AAAAAAADwPwAAAAAAAOg/AAAAAAAA4D8AAAAAAADQPwAAAAAAAAAA"},"shape":[9],"dtype":"float64","order":"little"}],["precursor_mz",[null,null,null,null,null,null,null,null,null]],["product_mz",[null,null,null,null,null,null,null,null,null]],["product_charge",[null,null,null,null,null,null,null,null,null]]]}}},"view":{"type":"object","name":"CDSView","id":"p1339","attributes":{"filter":{"type":"object","name":"AllIndices","id":"p1340"}}},"glyph":{"type":"object","name":"Line","id":"p1335","attributes":{"x":{"type":"field","field":"x"},"y":{"type":"field","field":"y"},"line_alpha":0.5,"line_width":2,"line_dash":[6]}},"nonselection_glyph":{"type":"object","name":"Line","id":"p1336","attributes":{"x":{"type":"field","field":"x"},"y":{"type":"field","field":"y"},"line_alpha":0.1,"line_width":2,"line_dash":[6]}},"muted_glyph":{"type":"object","name":"Line","id":"p1337","attributes":{"x":{"type":"field","field":"x"},"y":{"type":"field","field":"y"},"line_alpha":0.2,"line_width":2,"line_dash":[6]}}}},{"type":"object","name":"GlyphRenderer","id":"p1350","attributes":{"data_source":{"type":"object","name":"ColumnDataSource","id":"p1341","attributes":{"selected":{"type":"object","name":"Selection","id":"p1342","attributes":{"indices":[],"line_indices":[]}},"selection_policy":{"type":"object","name":"UnionRenderers","id":"p1343"},"data":{"type":"map","entries":[["x",{"type":"ndarray","array":{"type":"bytes","data":"AQAAAAIAAAADAAAABAAAAAUAAAAGAAAABwAAAAgAAAAJAAAA"},"shape":[9],"dtype":"int32","order":"little"}],["y",{"type":"ndarray","array":{"type":"bytes","data":"AAAAAAAAAAAAAAAAAADQPwAAAAAAAOA/AAAAAAAA6D8AAAAAAADwPwAAAAAAAOg/AAAAAAAA4D8AAAAAAADQPwAAAAAAAAAA"},"shape":[9],"dtype":"float64","order":"little"}],["precursor_mz",[null,null,null,null,null,null,null,null,null]],["product_mz",[null,null,null,null,null,null,null,null,null]],["product_charge",[null,null,null,null,null,null,null,null,null]]]}}},"view":{"type":"object","name":"CDSView","id":"p1351","attributes":{"filter":{"type":"object","name":"AllIndices","id":"p1352"}}},"glyph":{"type":"object","name":"Line","id":"p1347","attributes":{"x":{"type":"field","field":"x"},"y":{"type":"field","field":"y"},"line_color":"#1f77b4","line_alpha":0.5,"line_width":2}},"nonselection_glyph":{"type":"object","name":"Line","id":"p1348","attributes":{"x":{"type":"field","field":"x"},"y":{"type":"field","field":"y"},"line_color":"#1f77b4","line_alpha":0.1,"line_width":2}},"muted_glyph":{"type":"object","name":"Line","id":"p1349","attributes":{"x":{"type":"field","field":"x"},"y":{"type":"field","field":"y"},"line_color":"#1f77b4","line_alpha":0.2,"line_width":2}}}},{"type":"object","name":"GlyphRenderer","id":"p1364","attributes":{"data_source":{"type":"object","name":"ColumnDataSource","id":"p1355","attributes":{"selected":{"type":"object","name":"Selection","id":"p1356","attributes":{"indices":[],"line_indices":[]}},"selection_policy":{"type":"object","name":"UnionRenderers","id":"p1357"},"data":{"type":"map","entries":[["Intensity",[1]],["leftWidth",[2]],["rightWidth",[7]],["ms2_mscore",[0.003]],["bottom_int",[0]]]}}},"view":{"type":"object","name":"CDSView","id":"p1365","attributes":{"filter":{"type":"object","name":"AllIndices","id":"p1366"}}},"glyph":{"type":"object","name":"VBar","id":"p1361","attributes":{"x":{"type":"field","field":"leftWidth"},"width":{"type":"value","value":0.3},"bottom":{"type":"field","field":"bottom_int"},"top":{"type":"field","field":"Intensity"},"line_color":{"type":"value","value":"#1B9E77"},"fill_color":{"type":"value","value":"#1B9E77"},"hatch_color":{"type":"value","value":"#1B9E77"}}},"nonselection_glyph":{"type":"object","name":"VBar","id":"p1362","attributes":{"x":{"type":"field","field":"leftWidth"},"width":{"type":"value","value":0.3},"bottom":{"type":"field","field":"bottom_int"},"top":{"type":"field","field":"Intensity"},"line_color":{"type":"value","value":"#1B9E77"},"line_alpha":{"type":"value","value":0.1},"fill_color":{"type":"value","value":"#1B9E77"},"fill_alpha":{"type":"value","value":0.1},"hatch_color":{"type":"value","value":"#1B9E77"},"hatch_alpha":{"type":"value","value":0.1}}},"muted_glyph":{"type":"object","name":"VBar","id":"p1363","attributes":{"x":{"type":"field","field":"leftWidth"},"width":{"type":"value","value":0.3},"bottom":{"type":"field","field":"bottom_int"},"top":{"type":"field","field":"Intensity"},"line_color":{"type":"value","value":"#1B9E77"},"line_alpha":{"type":"value","value":0.2},"fill_color":{"type":"value","value":"#1B9E77"},"fill_alpha":{"type":"value","value":0.2},"hatch_color":{"type":"value","value":"#1B9E77"},"hatch_alpha":{"type":"value","value":0.2}}}}},{"type":"object","name":"GlyphRenderer","id":"p1373","attributes":{"data_source":{"id":"p1355"},"view":{"type":"object","name":"CDSView","id":"p1374","attributes":{"filter":{"type":"object","name":"AllIndices","id":"p1375"}}},"glyph":{"type":"object","name":"VBar","id":"p1370","attributes":{"x":{"type":"field","field":"rightWidth"},"width":{"type":"value","value":0.3},"bottom":{"type":"field","field":"bottom_int"},"top":{"type":"field","field":"Intensity"},"line_color":{"type":"value","value":"#1B9E77"},"fill_color":{"type":"value","value":"#1B9E77"},"hatch_color":{"type":"value","value":"#1B9E77"}}},"nonselection_glyph":{"type":"object","name":"VBar","id":"p1371","attributes":{"x":{"type":"field","field":"rightWidth"},"width":{"type":"value","value":0.3},"bottom":{"type":"field","field":"bottom_int"},"top":{"type":"field","field":"Intensity"},"line_color":{"type":"value","value":"#1B9E77"},"line_alpha":{"type":"value","value":0.1},"fill_color":{"type":"value","value":"#1B9E77"},"fill_alpha":{"type":"value","value":0.1},"hatch_color":{"type":"value","value":"#1B9E77"},"hatch_alpha":{"type":"value","value":0.1}}},"muted_glyph":{"type":"object","name":"VBar","id":"p1372","attributes":{"x":{"type":"field","field":"rightWidth"},"width":{"type":"value","value":0.3},"bottom":{"type":"field","field":"bottom_int"},"top":{"type":"field","field":"Intensity"},"line_color":{"type":"value","value":"#1B9E77"},"line_alpha":{"type":"value","value":0.2},"fill_color":{"type":"value","value":"#1B9E77"},"fill_alpha":{"type":"value","value":0.2},"hatch_color":{"type":"value","value":"#1B9E77"},"hatch_alpha":{"type":"value","value":0.2}}}}},{"type":"object","name":"GlyphRenderer","id":"p1382","attributes":{"name":"leftWidth_apex_point","data_source":{"id":"p1355"},"view":{"type":"object","name":"CDSView","id":"p1383","attributes":{"filter":{"type":"object","name":"AllIndices","id":"p1384"}}},"glyph":{"type":"object","name":"Circle","id":"p1379","attributes":{"x":{"type":"field","field":"leftWidth"},"y":{"type":"field","field":"Intensity"},"line_color":{"type":"value","value":"#1f77b4"},"line_alpha":{"type":"value","value":0},"fill_color":{"type":"value","value":"#1f77b4"},"fill_alpha":{"type":"value","value":0},"hatch_alpha":{"type":"value","value":0}}},"nonselection_glyph":{"type":"object","name":"Circle","id":"p1380","attributes":{"x":{"type":"field","field":"leftWidth"},"y":{"type":"field","field":"Intensity"},"line_color":{"type":"value","value":"#1f77b4"},"line_alpha":{"type":"value","value":0.1},"fill_color":{"type":"value","value":"#1f77b4"},"fill_alpha":{"type":"value","value":0.1},"hatch_alpha":{"type":"value","value":0.1}}},"muted_glyph":{"type":"object","name":"Circle","id":"p1381","attributes":{"x":{"type":"field","field":"leftWidth"},"y":{"type":"field","field":"Intensity"},"line_color":{"type":"value","value":"#1f77b4"},"line_alpha":{"type":"value","value":0.2},"fill_color":{"type":"value","value":"#1f77b4"},"fill_alpha":{"type":"value","value":0.2},"hatch_alpha":{"type":"value","value":0.2}}}}},{"type":"object","name":"GlyphRenderer","id":"p1394","attributes":{"data_source":{"type":"object","name":"ColumnDataSource","id":"p1385","attributes":{"selected":{"type":"object","name":"Selection","id":"p1386","attributes":{"indices":[],"line_indices":[]}},"selection_policy":{"type":"object","name":"UnionRenderers","id":"p1387"},"data":{"type":"map","entries":[["Intensity",[1]],["leftWidth",[3]],["rightWidth",[6]],["ms2_mscore",[0.0001]],["bottom_int",[0]]]}}},"view":{"type":"object","name":"CDSView","id":"p1395","attributes":{"filter":{"type":"object","name":"AllIndices","id":"p1396"}}},"glyph":{"type":"object","name":"VBar","id":"p1391","attributes":{"x":{"type":"field","field":"leftWidth"},"width":{"type":"value","value":0.3},"bottom":{"type":"field","field":"bottom_int"},"top":{"type":"field","field":"Intensity"},"line_color":{"type":"value","value":"#D95F02"},"fill_color":{"type":"value","value":"#D95F02"},"hatch_color":{"type":"value","value":"#D95F02"}}},"nonselection_glyph":{"type":"object","name":"VBar","id":"p1392","attributes":{"x":{"type":"field","field":"leftWidth"},"width":{"type":"value","value":0.3},"bottom":{"type":"field","field":"bottom_int"},"top":{"type":"field","field":"Intensity"},"line_color":{"type":"value","value":"#D95F02"},"line_alpha":{"type":"value","value":0.1},"fill_color":{"type":"value","value":"#D95F02"},"fill_alpha":{"type":"value","value":0.1},"hatch_color":{"type":"value","value":"#D95F02"},"hatch_alpha":{"type":"value","value":0.1}}},"muted_glyph":{"type":"object","name":"VBar","id":"p1393","attributes":{"x":{"type":"field","field":"leftWidth"},"width":{"type":"value","value":0.3},"bottom":{"type":"field","field":"bottom_int"},"top":{"type":"field","field":"Intensity"},"line_color":{"type":"value","value":"#D95F02"},"line_alpha":{"type":"value","value":0.2},"fill_color":{"type":"value","value":"#D95F02"},"fill_alpha":{"type":"value","value":0.2},"hatch_color":{"type":"value","value":"#D95F02"},"hatch_alpha":{"type":"value","value":0.2}}}}},{"type":"object","name":"GlyphRenderer","id":"p1403","attributes":{"data_source":{"id":"p1385"},"view":{"type":"object","name":"CDSView","id":"p1404","attributes":{"filter":{"type":"object","name":"AllIndices","id":"p1405"}}},"glyph":{"type":"object","name":"VBar","id":"p1400","attributes":{"x":{"type":"field","field":"rightWidth"},"width":{"type":"value","value":0.3},"bottom":{"type":"field","field":"bottom_int"},"top":{"type":"field","field":"Intensity"},"line_color":{"type":"value","value":"#D95F02"},"fill_color":{"type":"value","value":"#D95F02"},"hatch_color":{"type":"value","value":"#D95F02"}}},"nonselection_glyph":{"type":"object","name":"VBar","id":"p1401","attributes":{"x":{"type":"field","field":"rightWidth"},"width":{"type":"value","value":0.3},"bottom":{"type":"field","field":"bottom_int"},"top":{"type":"field","field":"Intensity"},"line_color":{"type":"value","value":"#D95F02"},"line_alpha":{"type":"value","value":0.1},"fill_color":{"type":"value","value":"#D95F02"},"fill_alpha":{"type":"value","value":0.1},"hatch_color":{"type":"value","value":"#D95F02"},"hatch_alpha":{"type":"value","value":0.1}}},"muted_glyph":{"type":"object","name":"VBar","id":"p1402","attributes":{"x":{"type":"field","field":"rightWidth"},"width":{"type":"value","value":0.3},"bottom":{"type":"field","field":"bottom_int"},"top":{"type":"field","field":"Intensity"},"line_color":{"type":"value","value":"#D95F02"},"line_alpha":{"type":"value","value":0.2},"fill_color":{"type":"value","value":"#D95F02"},"fill_alpha":{"type":"value","value":0.2},"hatch_color":{"type":"value","value":"#D95F02"},"hatch_alpha":{"type":"value","value":0.2}}}}},{"type":"object","name":"GlyphRenderer","id":"p1412","attributes":{"name":"leftWidth_apex_point","data_source":{"id":"p1385"},"view":{"type":"object","name":"CDSView","id":"p1413","attributes":{"filter":{"type":"object","name":"AllIndices","id":"p1414"}}},"glyph":{"type":"object","name":"Circle","id":"p1409","attributes":{"x":{"type":"field","field":"leftWidth"},"y":{"type":"field","field":"Intensity"},"line_color":{"type":"value","value":"#1f77b4"},"line_alpha":{"type":"value","value":0},"fill_color":{"type":"value","value":"#1f77b4"},"fill_alpha":{"type":"value","value":0},"hatch_alpha":{"type":"value","value":0}}},"nonselection_glyph":{"type":"object","name":"Circle","id":"p1410","attributes":{"x":{"type":"field","field":"leftWidth"},"y":{"type":"field","field":"Intensity"},"line_color":{"type":"value","value":"#1f77b4"},"line_alpha":{"type":"value","value":0.1},"fill_color":{"type":"value","value":"#1f77b4"},"fill_alpha":{"type":"value","value":0.1},"hatch_alpha":{"type":"value","value":0.1}}},"muted_glyph":{"type":"object","name":"Circle","id":"p1411","attributes":{"x":{"type":"field","field":"leftWidth"},"y":{"type":"field","field":"Intensity"},"line_color":{"type":"value","value":"#1f77b4"},"line_alpha":{"type":"value","value":0.2},"fill_color":{"type":"value","value":"#1f77b4"},"fill_alpha":{"type":"value","value":0.2},"hatch_alpha":{"type":"value","value":0.2}}}}}],"toolbar":{"type":"object","name":"Toolbar","id":"p1300","attributes":{"tools":[{"type":"object","name":"PanTool","id":"p1313"},{"type":"object","name":"WheelZoomTool","id":"p1314","attributes":{"renderers":"auto"}},{"type":"object","name":"BoxZoomTool","id":"p1315","attributes":{"overlay":{"type":"object","name":"BoxAnnotation","id":"p1316","attributes":{"syncable":false,"line_color":"black","line_alpha":1.0,"line_width":2,"line_dash":[4,4],"fill_color":"lightgrey","fill_alpha":0.5,"level":"overlay","visible":false,"left":{"type":"number","value":"nan"},"right":{"type":"number","value":"nan"},"top":{"type":"number","value":"nan"},"bottom":{"type":"number","value":"nan"},"left_units":"canvas","right_units":"canvas","top_units":"canvas","bottom_units":"canvas","handles":{"type":"object","name":"BoxInteractionHandles","id":"p1322","attributes":{"all":{"type":"object","name":"AreaVisuals","id":"p1321","attributes":{"fill_color":"white","hover_fill_color":"lightgray"}}}}}}}},{"type":"object","name":"SaveTool","id":"p1323"},{"type":"object","name":"ResetTool","id":"p1324"},{"type":"object","name":"HelpTool","id":"p1325"},{"type":"object","name":"HoverTool","id":"p1326","attributes":{"renderers":"auto","tooltips":[["index","$index"],["(rt,int)","(@x{0.00}, @y)"]]}},{"type":"object","name":"HoverTool","id":"p1415","attributes":{"renderers":[{"id":"p1382"},{"id":"p1412"}],"tooltips":[["Intensity","@Intensity"],["Left Width","@leftWidth{0.00}"],["Right Width","@rightWidth{0.00}"],["Peak Group Rank","@peakgroup_rank"],["MS2 m-score","@ms2_mscore"]]}}]}},"toolbar_location":"above","left":[{"type":"object","name":"LinearAxis","id":"p1308","attributes":{"ticker":{"type":"object","name":"BasicTicker","id":"p1309","attributes":{"mantissas":[1,2,5]}},"formatter":{"type":"object","name":"BasicTickFormatter","id":"p1310"},"axis_label":"Intensity","axis_label_text_font_size":"11pt","major_label_policy":{"type":"object","name":"AllLabels","id":"p1311"},"major_label_text_font_size":"11pt"}}],"right":[{"type":"object","name":"Legend","id":"p1328","attributes":{"location":"top_left","title":"Transition","click_policy":"mute","label_text_font_size":"10pt","items":[{"type":"object","name":"LegendItem","id":"p1353","attributes":{"label":{"type":"value","value":"prec"},"renderers":[{"id":"p1338"}]}},{"type":"object","name":"LegendItem","id":"p1354","attributes":{"label":{"type":"value","value":"b3^1"},"renderers":[{"id":"p1350"}]}}]}}],"above":[{"type":"object","name":"Title","id":"p1327","attributes":{"text":"Title","text_font_style":"italic"}}],"below":[{"type":"object","name":"LinearAxis","id":"p1303","attributes":{"ticker":{"type":"object","name":"BasicTicker","id":"p1304","attributes":{"mantissas":[1,2,5]}},"formatter":{"type":"object","name":"BasicTickFormatter","id":"p1305"},"axis_label":"Retention Time","axis_label_text_font_size":"11pt","major_label_policy":{"type":"object","name":"AllLabels","id":"p1306"},"major_label_text_font_size":"11pt"}}],"center":[{"type":"object","name":"Grid","id":"p1307","attributes":{"axis":{"id":"p1303"}}},{"type":"object","name":"Grid","id":"p1312","attributes":{"dimension":1,"axis":{"id":"p1308"}}}]}}]}}
    </script>
    <script type="text/javascript">
      (function() {
        const fn = function() {
          Bokeh.safely(function() {
            (function(root) {
              function embed_document(root) {
              const docs_json = document.getElementById('b1eea9cb-3cd5-4ff3-b8b0-af1fb8573000').textContent;
              const render_items = [{"docid":"4639b9b2-bb59-44dd-9bc5-aa46da19979f","roots":{"p1292":"b5623d1f-2a44-4233-ae20-69f0759c90e7"},"root_ids":["p1292"]}];
              root.Bokeh.embed.embed_items(docs_json, render_items);
              }
              if (root.Bokeh !== undefined) {
                embed_document(root);
              } else {
                let attempts = 0;
                const timer = setInterval(function(root) {
                  if (root.Bokeh !== undefined) {
                    clearInterval(timer);
                    embed_document(root);
                  } else {
                    attempts++;
                    if (attempts > 100) {
                      clearInterval(timer);
                      console.log("Bokeh: ERROR: Unable to run BokehJS code because BokehJS library is missing");
                    }
                  }
                }, 10, root)
              }
            })(window);
          });
        };
        if (document.readyState != "loading") fn();
        else document.addEventListener("DOMContentLoaded", fn);
      })();
    </script>
  </body>
</html>