<!DOCTYPE html>
<html lang="en">
  <head>
    <meta charset="utf-8">
    <title>Bokeh Application</title>
    <script type="text/javascript" src="https://cdn.bokeh.org/bokeh/release/bokeh-2.4.3.min.js"></script>
    <script type="text/javascript">
        Bokeh.set_log_level("info");
    </script>
  </head>
  <body>
    <div class="bk-root" id="aaf62b52-9433-40fd-ab17-3b42641fd51c" data-root-id="3320"></div>
  
    <script type="application/json" id="3543">
      {"9e678e9d-1b32-49b3-af9a-5fa56a3c3e72":{"defs":[],"roots":{"references":[{"attributes":{"above":[{"id":"3356"}],"below":[{"id":"3329"}],"center":[{"id":"3332"},{"id":"3336"}],"height":400,"left":[{"id":"3333"}],"renderers":[{"id":"3363"},{"id":"3370"}],"right":[{"id":"3357"}],"sizing_mode":"scale_width","title":{"id":"3353"},"toolbar":{"id":"3345"},"toolbar_location":"above","width":800,"x_range":{"id":"3321"},"x_scale":{"id":"3325"},"y_range":{"id":"3323"},"y_scale":{"id":"3327"}},"id":"3320","subtype":"Figure","type":"Plot"},{"attributes":{"line_alpha":0.5,"line_color":"#1f77b4","line_width":2,"x":{"field":"x"},"y":{"field":"y"}},"id":"3367","type":"Line"},{"attributes":{"label":{"value":"prec"},"renderers":[{"id":"3363"}]},"id":"3372","type":"LegendItem"},{"attributes":{"source":{"id":"3358"}},"id":"3364","type":"CDSView"},{"attributes":{"coordinates":null,"data_source":{"id":"3365"},"glyph":{"id":"3367"},"group":null,"hover_glyph":null,"muted_glyph":{"id":"3369"},"nonselection_glyph":{"id":"3368"},"view":{"id":"3371"}},"id":"3370","type":"GlyphRenderer"},{"attributes":{},"id":"3377","type":"BasicTickFormatter"},{"attributes":{"label":{"value":"b5^2"},"renderers":[{"id":"3370"}]},"id":"3373","type":"LegendItem"},{"attributes":{"line_alpha":0.1,"line_color":"#1f77b4","line_width":2,"x":{"field":"x"},"y":{"field":"y"}},"id":"3368","type":"Line"},{"attributes":{},"id":"3378","type":"AllLabels"},{"attributes":{},"id":"3384","type":"UnionRenderers"},{"attributes":{},"id":"3385","type":"Selection"},{"attributes":{"coordinates":null,"data_source":{"id":"3358"},"glyph":{"id":"3360"},"group":null,"hover_glyph":null,"muted_glyph":{"id":"3362"},"nonselection_glyph":{"id":"3361"},"view":{"id":"3364"}},"id":"3363","type":"GlyphRenderer"},{"attributes":{},"id":"3330","type":"BasicTicker"},{"attributes":{"data":{"precursor_mz":[null,null,null,null,null,null,null,null,null],"product_charge":[null,null,null,null,null,null,null,null,null],"product_mz":[null,null,null,null,null,null,null,null,null],"x":{"__ndarray__":"ZmZmZmZm7j+4HoXrUbjuPwrXo3A9Cu8/XI/C9Shc7z+uR+F6FK7vPwAAAAAAAPA/KVyPwvUo8D9SuB6F61HwP3sUrkfhevA/","dtype":"float64","order":"little","shape":[9]},"y":{"__ndarray__":"AAAAAAAAAAAAAAAAAADQPwAAAAAAAOA/AAAAAAAA6D8AAAAAAADwPwAAAAAAAOg/AAAAAAAA4D8AAAAAAADQPwAAAAAAAAAA","dtype":"float64","order":"little","shape":[9]}},"selected":{"id":"3383"},"selection_policy":{"id":"3382"}},"id":"3358","type":"ColumnDataSource"},{"attributes":{"axis":{"id":"3329"},"coordinates":null,"group":null,"ticker":null},"id":"3332","type":"Grid"},{"attributes":{"data":{"precursor_mz":[null,null,null,null,null,null,null,null,null],"product_charge":[null,null,null,null,null,null,null,null,null],"product_mz":[null,null,null,null,null,null,null,null,null],"x":{"__ndarray__":"ZmZmZmZm7j+4HoXrUbjuPwrXo3A9Cu8/XI/C9Shc7z+uR+F6FK7vPwAAAAAAAPA/KVyPwvUo8D9SuB6F61HwP3sUrkfhevA/","dtype":"float64","order":"little","shape":[9]},"y":{"__ndarray__":"AAAAAAAAAAAAAAAAAADQPwAAAAAAAOA/AAAAAAAA6D8AAAAAAADwPwAAAAAAAOg/AAAAAAAA4D8AAAAAAADQPwAAAAAAAAAA","dtype":"float64","order":"little","shape":[9]}},"selected":{"id":"3385"},"selection_policy":{"id":"3384"}},"id":"3365","type":"ColumnDataSource"},{"attributes":{"axis_label":"Intensity","coordinates":null,"formatter":{"id":"3377"},"group":null,"major_label_policy":{"id":"3378"},"ticker":{"id":"3334"}},"id":"3333","type":"LinearAxis"},{"attributes":{"callback":null,"tooltips":[["index","$index"],["(im,int)","(@x{0.00}, @y)"]]},"id":"3344","type":"HoverTool"},{"attributes":{"source":{"id":"3365"}},"id":"3371","type":"CDSView"},{"attributes":{},"id":"3380","type":"BasicTickFormatter"},{"attributes":{},"id":"3327","type":"LinearScale"},{"attributes":{},"id":"3338","type":"WheelZoomTool"},{"attributes":{},"id":"3381","type":"AllLabels"},{"attributes":{"axis_label":"Retention Time","coordinates":null,"formatter":{"id":"3380"},"group":null,"major_label_policy":{"id":"3381"},"ticker":{"id":"3330"}},"id":"3329","type":"LinearAxis"},{"attributes":{},"id":"3325","type":"LinearScale"},{"attributes":{},"id":"3323","type":"DataRange1d"},{"attributes":{"axis":{"id":"3333"},"coordinates":null,"dimension":1,"group":null,"ticker":null},"id":"3336","type":"Grid"},{"attributes":{},"id":"3334","type":"BasicTicker"},{"attributes":{"click_policy":"mute","coordinates":null,"group":null,"items":[{"id":"3372"},{"id":"3373"}],"label_text_font_size":"10pt","location":"top_left","title":"Transition"},"id":"3357","type":"Legend"},{"attributes":{"coordinates":null,"group":null,"text":"Title","text_font_style":"italic"},"id":"3356","type":"Title"},{"attributes":{"line_alpha":0.5,"line_dash":[6],"line_width":2,"x":{"field":"x"},"y":{"field":"y"}},"id":"3360","type":"Line"},{"attributes":{},"id":"3342","type":"HelpTool"},{"attributes":{},"id":"3337","type":"PanTool"},{"attributes":{"line_alpha":0.2,"line_color":"#1f77b4","line_width":2,"x":{"field":"x"},"y":{"field":"y"}},"id":"3369","type":"Line"},{"attributes":{"overlay":{"id":"3343"}},"id":"3339","type":"BoxZoomTool"},{"attributes":{},"id":"3340","type":"SaveTool"},{"attributes":{},"id":"3382","type":"UnionRenderers"},{"attributes":{},"id":"3341","type":"ResetTool"},{"attributes":{},"id":"3383","type":"Selection"},{"attributes":{"bottom_units":"screen","coordinates":null,"fill_alpha":0.5,"fill_color":"lightgrey","group":null,"left_units":"screen","level":"overlay","line_alpha":1.0,"line_color":"black","line_dash":[4,4],"line_width":2,"right_units":"screen","syncable":false,"top_units":"screen"},"id":"3343","type":"BoxAnnotation"},{"attributes":{"line_alpha":0.1,"line_dash":[6],"line_width":2,"x":{"field":"x"},"y":{"field":"y"}},"id":"3361","type":"Line"},{"attributes":{"line_alpha":0.2,"line_dash":[6],"line_width":2,"x":{"field":"x"},"y":{"field":"y"}},"id":"3362","type":"Line"},{"attributes":{"tools":[{"id":"3337"},{"id":"3338"},{"id":"3339"},{"id":"3340"},{"id":"3341"},{"id":"3342"},{"id":"3344"}]},"id":"3345","type":"Toolbar"},{"attributes":{"align":"center","coordinates":null,"group":null,"text":"Title","text_font_size":"16pt"},"id":"3353","type":"Title"},{"attributes":{},"id":"3321","type":"DataRange1d"}],"root_ids":["3320"]},"title":"Bokeh Application","version":"2.4.3"}}
    </script>
    <script type="text/javascript">
      (function() {
        const fn = function() {
          Bokeh.safely(function() {
            (function(root) {
              function embed_document(root) {
              const docs_json = document.getElementById('3543').textContent;
              const render_items = [{"docid":"9e678e9d-1b32-49b3-af9a-5fa56a3c3e72","root_ids":["3320"],"roots":{"3320":"aaf62b52-9433-40fd-ab17-3b42641fd51c"}}];
              root.Bokeh.embed.embed_items(docs_json, render_items);
              }
              if (root.Bokeh !== undefined) {
                embed_document(root);
              } else {
                let attempts = 0;
                const timer = setInterval(function(root) {
                  if (root.Bokeh !== undefined) {
                    clearInterval(timer);
                    embed_document(root);
                  } else {
                    attempts++;
                    if (attempts > 100) {
                      clearInterval(timer);
                      console.log("Bokeh: ERROR: Unable to run BokehJS code because BokehJS library is missing");
                    }
                  }
                }, 10, root)
              }
            })(window);
          });
        };
        if (document.readyState != "loading") fn();
        else document.addEventListener("DOMContentLoaded", fn);
      })();
    </script>
  </body>
</html>