<!DOCTYPE html>
<html lang="en">
  <head>
    <meta charset="utf-8">
    <title>Bokeh Application</title>
    <style>
      html, body {
        box-sizing: border-box;
        display: flow-root;
        height: 100%;
        margin: 0;
        padding: 0;
      }
    </style>
    <script type="text/javascript" src="https://cdn.bokeh.org/bokeh/release/bokeh-3.6.0.min.js"></script>
    <script type="text/javascript">
        Bokeh.set_log_level("info");
    </script>
  </head>
  <body>
    <div id="cedd2a5f-976c-48bf-870e-c50eac69ddcd" data-root-id="p1958" style="display: contents;"></div>
  
    <script type="application/json" id="dce3347c-be14-40d6-807d-237aeef9e012">
      {"a811520c-261b-4e07-a0c9-34955229cf51":{"version":"3.6.0","title":"Bokeh Application","roots":[{"type":"object","name":"Figure","id":"p1958","attributes":{"width":800,"height":400,"sizing_mode":"scale_width","x_range":{"type":"object","name":"DataRange1d","id":"p1959"},"y_range":{"type":"object","name":"DataRange1d","id":"p1960"},"x_scale":{"type":"object","name":"LinearScale","id":"p1967"},"y_scale":{"type":"object","name":"LinearScale","id":"p1968"},"title":{"type":"object","name":"Title","id":"p1965","attributes":{"text":"Title","text_font_size":"16pt","align":"center"}},"renderers":[{"type":"object","name":"GlyphRenderer","id":"p2004","attributes":{"data_source":{"type":"object","name":"ColumnDataSource","id":"p1995","attributes":{"selected":{"type":"object","name":"Selection","id":"p1996","attributes":{"indices":[],"line_indices":[]}},"selection_policy":{"type":"object","name":"UnionRenderers","id":"p1997"},"data":{"type":"map","entries":[["x",{"type":"ndarray","array":{"type":"bytes","data":"ZmZmZmZm7j+4HoXrUbjuPwrXo3A9Cu8/XI/C9Shc7z+uR+F6FK7vPwAAAAAAAPA/KVyPwvUo8D9SuB6F61HwP3sUrkfhevA/"},"shape":[9],"dtype":"float64","order":"little"}],["y",{"type":"ndarray","array":{"type":"bytes","data":"AAAAAAAAAAAAAAAAAADQPwAAAAAAAOA/AAAAAAAA6D8AAAAAAADwPwAAAAAAAOg/AAAAAAAA4D8AAAAAAADQPwAAAAAAAAAA"},"shape":[9],"dtype":"float64","order":"little"}],["precursor_mz",[null,null,null,null,null,null,null,null,null]],["product_mz",[null,null,null,null,null,null,null,null,null]],["product_charge",[null,null,null,null,null,null,null,null,null]]]}}},"view":{"type":"object","name":"CDSView","id":"p2005","attributes":{"filter":{"type":"object","name":"AllIndices","id":"p2006"}}},"glyph":{"type":"object","name":"Line","id":"p2001","attributes":{"x":{"type":"field","field":"x"},"y":{"type":"field","field":"y"},"line_alpha":0.5,"line_width":2,"line_dash":[6]}},"nonselection_glyph":{"type":"object","name":"Line","id":"p2002","attributes":{"x":{"type":"field","field":"x"},"y":{"type":"field","field":"y"},"line_alpha":0.1,"line_width":2,"line_dash":[6]}},"muted_glyph":{"type":"object","name":"Line","id":"p2003","attributes":{"x":{"type":"field","field":"x"},"y":{"type":"field","field":"y"},"line_alpha":0.2,"line_width":2,"line_dash":[6]}}}},{"type":"object","name":"GlyphRenderer","id":"p2016","attributes":{"data_source":{"type":"object","name":"ColumnDataSource","id":"p2007","attributes":{"selected":{"type":"object","name":"Selection","id":"p2008","attributes":{"indices":[],"line_indices":[]}},"selection_policy":{"type":"object","name":"UnionRenderers","id":"p2009"},"data":{"type":"map","entries":[["x",{"type":"ndarray","array":{"type":"bytes","data":"ZmZmZmZm7j+4HoXrUbjuPwrXo3A9Cu8/XI/C9Shc7z+uR+F6FK7vPwAAAAAAAPA/KVyPwvUo8D9SuB6F61HwP3sUrkfhevA/"},"shape":[9],"dtype":"float64","order":"little"}],["y",{"type":"ndarray","array":{"type":"bytes","data":"AAAAAAAAAAAAAAAAAADQPwAAAAAAAOA/AAAAAAAA6D8AAAAAAADwPwAAAAAAAOg/AAAAAAAA4D8AAAAAAADQPwAAAAAAAAAA"},"shape":[9],"dtype":"float64","order":"little"}],["precursor_mz",[null,null,null,null,null,null,null,null,null]],["product_mz",[null,null,null,null,null,null,null,null,null]],["product_charge",[null,null,null,null,null,null,null,null,null]]]}}},"view":{"type":"object","name":"CDSView","id":"p2017","attributes":{"filter":{"type":"object","name":"AllIndices","id":"p2018"}}},"glyph":{"type":"object","name":"Line","id":"p2013","attributes":{"x":{"type":"field","field":"x"},"y":{"type":"field","field":"y"},"line_color":"#1f77b4","line_alpha":0.5,"line_width":2}},"nonselection_glyph":{"type":"object","name":"Line","id":"p2014","attributes":{"x":{"type":"field","field":"x"},"y":{"type":"field","field":"y"},"line_color":"#1f77b4","line_alpha":0.1,"line_width":2}},"muted_glyph":{"type":"object","name":"Line","id":"p2015","attributes":{"x":{"type":"field","field":"x"},"y":{"type":"field","field":"y"},"line_color":"#1f77b4","line_alpha":0.2,"line_width":2}}}}],"toolbar":{"type":"object","name":"Toolbar","id":"p1966","attributes":{"tools":[{"type":"object","name":"PanTool","id":"p1979"},{"type":"object","name":"WheelZoomTool","id":"p1980","attributes":{"renderers":"auto"}},{"type":"object","name":"BoxZoomTool","id":"p1981","attributes":{"overlay":{"type":"object","name":"BoxAnnotation","id":"p1982","attributes":{"syncable":false,"line_color":"black","line_alpha":1.0,"line_width":2,"line_dash":[4,4],"fill_color":"lightgrey","fill_alpha":0.5,"level":"overlay","visible":false,"left":{"type":"number","value":"nan"},"right":{"type":"number","value":"nan"},"top":{"type":"number","value":"nan"},"bottom":{"type":"number","value":"nan"},"left_units":"canvas","right_units":"canvas","top_units":"canvas","bottom_units":"canvas","handles":{"type":"object","name":"BoxInteractionHandles","id":"p1988","attributes":{"all":{"type":"object","name":"AreaVisuals","id":"p1987","attributes":{"fill_color":"white","hover_fill_color":"lightgray"}}}}}}}},{"type":"object","name":"SaveTool","id":"p1989"},{"type":"object","name":"ResetTool","id":"p1990"},{"type":"object","name":"HelpTool","id":"p1991"},{"type":"object","name":"HoverTool","id":"p1992","attributes":{"renderers":"auto","tooltips":[["index","$index"],["(im,int)","(@x{0.00}, @y)"]]}}]}},"toolbar_location":"above","left":[{"type":"object","name":"LinearAxis","id":"p1974","attributes":{"ticker":{"type":"object","name":"BasicTicker","id":"p1975","attributes":{"mantissas":[1,2,5]}},"formatter":{"type":"object","name":"BasicTickFormatter","id":"p1976"},"axis_label":"Intensity","major_label_policy":{"type":"object","name":"AllLabels","id":"p1977"}}}],"right":[{"type":"object","name":"Legend","id":"p1994","attributes":{"location":"top_left","title":"Transition","click_policy":"mute","label_text_font_size":"10pt","items":[{"type":"object","name":"LegendItem","id":"p2019","attributes":{"label":{"type":"value","value":"prec"},"renderers":[{"id":"p2004"}]}},{"type":"object","name":"LegendItem","id":"p2020","attributes":{"label":{"type":"value","value":"b5^2"},"renderers":[{"id":"p2016"}]}}]}}],"above":[{"type":"object","name":"Title","id":"p1993","attributes":{"text":"Title","text_font_style":"italic"}}],"below":[{"type":"object","name":"LinearAxis","id":"p1969","attributes":{"ticker":{"type":"object","name":"BasicTicker","id":"p1970","attributes":{"mantissas":[1,2,5]}},"formatter":{"type":"object","name":"BasicTickFormatter","id":"p1971"},"axis_label":"Retention Time","major_label_policy":{"type":"object","name":"AllLabels","id":"p1972"}}}],"center":[{"type":"object","name":"Grid","id":"p1973","attributes":{"axis":{"id":"p1969"}}},{"type":"object","name":"Grid","id":"p1978","attributes":{"dimension":1,"axis":{"id":"p1974"}}}]}}]}}
    </script>
    <script type="text/javascript">
      (function() {
        const fn = function() {
          Bokeh.safely(function() {
            (function(root) {
              function embed_document(root) {
              const docs_json = document.getElementById('dce3347c-be14-40d6-807d-237aeef9e012').textContent;
              const render_items = [{"docid":"a811520c-261b-4e07-a0c9-34955229cf51","roots":{"p1958":"cedd2a5f-976c-48bf-870e-c50eac69ddcd"},"root_ids":["p1958"]}];
              root.Bokeh.embed.embed_items(docs_json, render_items);
              }
              if (root.Bokeh !== undefined) {
                embed_document(root);
              } else {
                let attempts = 0;
                const timer = setInterval(function(root) {
                  if (root.Bokeh !== undefined) {
                    clearInterval(timer);
                    embed_document(root);
                  } else {
                    attempts++;
                    if (attempts > 100) {
                      clearInterval(timer);
                      console.log("Bokeh: ERROR: Unable to run BokehJS code because BokehJS library is missing");
                    }
                  }
                }, 10, root)
              }
            })(window);
          });
        };
        if (document.readyState != "loading") fn();
        else document.addEventListener("DOMContentLoaded", fn);
      })();
    </script>
  </body>
</html>