<!DOCTYPE html>
<html lang="en">
  <head>
    <meta charset="utf-8">
    <title>Bokeh Application</title>
    <script type="text/javascript" src="https://cdn.bokeh.org/bokeh/release/bokeh-2.4.3.min.js"></script>
    <script type="text/javascript">
        Bokeh.set_log_level("info");
    </script>
  </head>
  <body>
    <div class="bk-root" id="2ade9d5e-2597-4a0b-b4f9-c7dbeba5b6a3" data-root-id="1002"></div>
  
    <script type="application/json" id="1223">
      {"ee5d512d-71b9-437e-9bb3-9cdb703acf7d":{"defs":[],"roots":{"references":[{"attributes":{"line_alpha":0.5,"line_dash":[6],"line_width":2,"x":{"field":"x"},"y":{"field":"y"}},"id":"1038","type":"Line"},{"attributes":{},"id":"1057","type":"BasicTickFormatter"},{"attributes":{"line_alpha":0.1,"line_dash":[6],"line_width":2,"x":{"field":"x"},"y":{"field":"y"}},"id":"1039","type":"Line"},{"attributes":{"line_alpha":0.2,"line_dash":[6],"line_width":2,"x":{"field":"x"},"y":{"field":"y"}},"id":"1040","type":"Line"},{"attributes":{},"id":"1064","type":"UnionRenderers"},{"attributes":{"data":{"precursor_mz":[null,null,null,null,null,null,null,null,null],"product_charge":[null,null,null,null,null,null,null,null,null],"product_mz":[null,null,null,null,null,null,null,null,null],"x":[1,2,3,4,5,6,7,8,9],"y":[10,20,30,40,50,40,30,20,10]},"selected":{"id":"1063"},"selection_policy":{"id":"1062"}},"id":"1036","type":"ColumnDataSource"},{"attributes":{},"id":"1058","type":"AllLabels"},{"attributes":{},"id":"1065","type":"Selection"},{"attributes":{"tools":[{"id":"1019"},{"id":"1020"},{"id":"1021"},{"id":"1022"},{"id":"1023"},{"id":"1024"},{"id":"1026"},{"id":"1052"}]},"id":"1027","type":"Toolbar"},{"attributes":{"coordinates":null,"group":null},"id":"1054","type":"Title"},{"attributes":{},"id":"1060","type":"BasicTickFormatter"},{"attributes":{"data":{"precursor_mz":[null,null,null,null,null,null,null,null,null],"product_charge":[null,null,null,null,null,null,null,null,null],"product_mz":[null,null,null,null,null,null,null,null,null],"x":[1,2,3,4,5,6,7,8,9],"y":[5,10,15,20,25,20,15,10,5]},"selected":{"id":"1065"},"selection_policy":{"id":"1064"}},"id":"1043","type":"ColumnDataSource"},{"attributes":{"coordinates":null,"data_source":{"id":"1043"},"glyph":{"id":"1045"},"group":null,"hover_glyph":null,"muted_glyph":{"id":"1047"},"nonselection_glyph":{"id":"1046"},"view":{"id":"1049"}},"id":"1048","type":"GlyphRenderer"},{"attributes":{"line_alpha":0.1,"line_color":"#1f77b4","line_width":2,"x":{"field":"x"},"y":{"field":"y"}},"id":"1046","type":"Line"},{"attributes":{"click_policy":"mute","coordinates":null,"group":null,"items":[{"id":"1050"},{"id":"1051"}],"label_text_font_size":"10pt","location":"top_left","title":"Transition"},"id":"1035","type":"Legend"},{"attributes":{},"id":"1061","type":"AllLabels"},{"attributes":{},"id":"1023","type":"ResetTool"},{"attributes":{"bottom_units":"screen","coordinates":null,"fill_alpha":0.5,"fill_color":"lightgrey","group":null,"left_units":"screen","level":"overlay","line_alpha":1.0,"line_color":"black","line_dash":[4,4],"line_width":2,"right_units":"screen","syncable":false,"top_units":"screen"},"id":"1025","type":"BoxAnnotation"},{"attributes":{"line_alpha":0.5,"line_color":"#1f77b4","line_width":2,"x":{"field":"x"},"y":{"field":"y"}},"id":"1045","type":"Line"},{"attributes":{"overlay":{"id":"1025"}},"id":"1021","type":"BoxZoomTool"},{"attributes":{"callback":null,"names":["leftWidth_apex_point"],"tooltips":[["Intensity","@Intensity"],["Left Width","@leftWidth{0.00}"],["Right Width","@rightWidth{0.00}"],["Peak Group Rank","@peakgroup_rank"],["MS2 m-score","@ms2_mscore"]]},"id":"1052","type":"HoverTool"},{"attributes":{},"id":"1024","type":"HelpTool"},{"attributes":{},"id":"1022","type":"SaveTool"},{"attributes":{"label":{"value":"b3^1"},"renderers":[{"id":"1048"}]},"id":"1051","type":"LegendItem"},{"attributes":{"line_alpha":0.2,"line_color":"#1f77b4","line_width":2,"x":{"field":"x"},"y":{"field":"y"}},"id":"1047","type":"Line"},{"attributes":{},"id":"1019","type":"PanTool"},{"attributes":{"label":{"value":"prec"},"renderers":[{"id":"1041"}]},"id":"1050","type":"LegendItem"},{"attributes":{"axis":{"id":"1015"},"coordinates":null,"dimension":1,"group":null,"ticker":null},"id":"1018","type":"Grid"},{"attributes":{"source":{"id":"1043"}},"id":"1049","type":"CDSView"},{"attributes":{},"id":"1062","type":"UnionRenderers"},{"attributes":{},"id":"1016","type":"BasicTicker"},{"attributes":{"axis":{"id":"1011"},"coordinates":null,"group":null,"ticker":null},"id":"1014","type":"Grid"},{"attributes":{"axis_label":"Intensity","coordinates":null,"formatter":{"id":"1057"},"group":null,"major_label_policy":{"id":"1058"},"ticker":{"id":"1016"}},"id":"1015","type":"LinearAxis"},{"attributes":{"coordinates":null,"data_source":{"id":"1036"},"glyph":{"id":"1038"},"group":null,"hover_glyph":null,"muted_glyph":{"id":"1040"},"nonselection_glyph":{"id":"1039"},"view":{"id":"1042"}},"id":"1041","type":"GlyphRenderer"},{"attributes":{"callback":null,"tooltips":[["index","$index"],["(rt,int)","(@x{0.00}, @y)"]]},"id":"1026","type":"HoverTool"},{"attributes":{},"id":"1063","type":"Selection"},{"attributes":{"source":{"id":"1036"}},"id":"1042","type":"CDSView"},{"attributes":{},"id":"1020","type":"WheelZoomTool"},{"attributes":{},"id":"1007","type":"LinearScale"},{"attributes":{},"id":"1012","type":"BasicTicker"},{"attributes":{"below":[{"id":"1011"}],"center":[{"id":"1014"},{"id":"1018"}],"height":400,"left":[{"id":"1015"}],"renderers":[{"id":"1041"},{"id":"1048"}],"right":[{"id":"1035"}],"sizing_mode":"scale_width","title":{"id":"1054"},"toolbar":{"id":"1027"},"toolbar_location":"above","width":800,"x_range":{"id":"1003"},"x_scale":{"id":"1007"},"y_range":{"id":"1005"},"y_scale":{"id":"1009"}},"id":"1002","subtype":"Figure","type":"Plot"},{"attributes":{},"id":"1009","type":"LinearScale"},{"attributes":{},"id":"1003","type":"DataRange1d"},{"attributes":{},"id":"1005","type":"DataRange1d"},{"attributes":{"axis_label":"Retention Time","coordinates":null,"formatter":{"id":"1060"},"group":null,"major_label_policy":{"id":"1061"},"ticker":{"id":"1012"}},"id":"1011","type":"LinearAxis"}],"root_ids":["1002"]},"title":"Bokeh Application","version":"2.4.3"}}
    </script>
    <script type="text/javascript">
      (function() {
        const fn = function() {
          Bokeh.safely(function() {
            (function(root) {
              function embed_document(root) {
              const docs_json = document.getElementById('1223').textContent;
              const render_items = [{"docid":"ee5d512d-71b9-437e-9bb3-9cdb703acf7d","root_ids":["1002"],"roots":{"1002":"2ade9d5e-2597-4a0b-b4f9-c7dbeba5b6a3"}}];
              root.Bokeh.embed.embed_items(docs_json, render_items);
              }
              if (root.Bokeh !== undefined) {
                embed_document(root);
              } else {
                let attempts = 0;
                const timer = setInterval(function(root) {
                  if (root.Bokeh !== undefined) {
                    clearInterval(timer);
                    embed_document(root);
                  } else {
                    attempts++;
                    if (attempts > 100) {
                      clearInterval(timer);
                      console.log("Bokeh: ERROR: Unable to run BokehJS code because BokehJS library is missing");
                    }
                  }
                }, 10, root)
              }
            })(window);
          });
        };
        if (document.readyState != "loading") fn();
        else document.addEventListener("DOMContentLoaded", fn);
      })();
    </script>
  </body>
</html>