<!DOCTYPE html>
<html lang="en">
  <head>
    <meta charset="utf-8">
    <title>Bokeh Application</title>
    <style>
      html, body {
        box-sizing: border-box;
        display: flow-root;
        height: 100%;
        margin: 0;
        padding: 0;
      }
    </style>
    <script type="text/javascript" src="https://cdn.bokeh.org/bokeh/release/bokeh-3.6.0.min.js"></script>
    <script type="text/javascript">
        Bokeh.set_log_level("info");
    </script>
  </head>
  <body>
    <div id="feb557fd-207e-4074-b8ca-9c5be441ccc7" data-root-id="p2157" style="display: contents;"></div>
  
    <script type="application/json" id="a73971e9-394e-4ec5-88d6-7edc7db1e194">
      {"f1774231-28bc-4ddf-884c-2ab0d0a22dc8":{"version":"3.6.0","title":"Bokeh Application","roots":[{"type":"object","name":"Figure","id":"p2157","attributes":{"width":800,"height":450,"sizing_mode":"scale_width","x_range":{"type":"object","name":"DataRange1d","id":"p2158"},"y_range":{"type":"object","name":"DataRange1d","id":"p2159"},"x_scale":{"type":"object","name":"LinearScale","id":"p2166"},"y_scale":{"type":"object","name":"LinearScale","id":"p2167"},"title":{"type":"object","name":"Title","id":"p2164"},"renderers":[{"type":"object","name":"GlyphRenderer","id":"p2202","attributes":{"data_source":{"type":"object","name":"ColumnDataSource","id":"p2193","attributes":{"selected":{"type":"object","name":"Selection","id":"p2194","attributes":{"indices":[],"line_indices":[]}},"selection_policy":{"type":"object","name":"UnionRenderers","id":"p2195"},"data":{"type":"map","entries":[["x",{"type":"ndarray","array":{"type":"bytes","data":"ZmZmZmZm7j+4HoXrUbjuPwrXo3A9Cu8/XI/C9Shc7z+uR+F6FK7vPwAAAAAAAPA/KVyPwvUo8D9SuB6F61HwP3sUrkfhevA/"},"shape":[9],"dtype":"float64","order":"little"}],["y",{"type":"ndarray","array":{"type":"bytes","data":"BQAAAAoAAAAPAAAAFAAAABkAAAAUAAAADwAAAAoAAAAFAAAA"},"shape":[9],"dtype":"int32","order":"little"}],["precursor_mz",[null,null,null,null,null,null,null,null,null]],["product_mz",[null,null,null,null,null,null,null,null,null]],["product_charge",[null,null,null,null,null,null,null,null,null]]]}}},"view":{"type":"object","name":"CDSView","id":"p2203","attributes":{"filter":{"type":"object","name":"AllIndices","id":"p2204"}}},"glyph":{"type":"object","name":"Line","id":"p2199","attributes":{"x":{"type":"field","field":"x"},"y":{"type":"field","field":"y"},"line_alpha":0.5,"line_width":2,"line_dash":[6]}},"nonselection_glyph":{"type":"object","name":"Line","id":"p2200","attributes":{"x":{"type":"field","field":"x"},"y":{"type":"field","field":"y"},"line_alpha":0.1,"line_width":2,"line_dash":[6]}},"muted_glyph":{"type":"object","name":"Line","id":"p2201","attributes":{"x":{"type":"field","field":"x"},"y":{"type":"field","field":"y"},"line_alpha":0.2,"line_width":2,"line_dash":[6]}}}},{"type":"object","name":"GlyphRenderer","id":"p2214","attributes":{"data_source":{"type":"object","name":"ColumnDataSource","id":"p2205","attributes":{"selected":{"type":"object","name":"Selection","id":"p2206","attributes":{"indices":[],"line_indices":[]}},"selection_policy":{"type":"object","name":"UnionRenderers","id":"p2207"},"data":{"type":"map","entries":[["x",{"type":"ndarray","array":{"type":"bytes","data":"ZmZmZmZm7j+4HoXrUbjuPwrXo3A9Cu8/XI/C9Shc7z+uR+F6FK7vPwAAAAAAAPA/KVyPwvUo8D9SuB6F61HwP3sUrkfhevA/"},"shape":[9],"dtype":"float64","order":"little"}],["y",{"type":"ndarray","array":{"type":"bytes","data":"CgAAABQAAAAeAAAAKAAAADIAAAAoAAAAHgAAABQAAAAKAAAA"},"shape":[9],"dtype":"int32","order":"little"}],["precursor_mz",[null,null,null,null,null,null,null,null,null]],["product_mz",[null,null,null,null,null,null,null,null,null]],["product_charge",[null,null,null,null,null,null,null,null,null]]]}}},"view":{"type":"object","name":"CDSView","id":"p2215","attributes":{"filter":{"type":"object","name":"AllIndices","id":"p2216"}}},"glyph":{"type":"object","name":"Line","id":"p2211","attributes":{"x":{"type":"field","field":"x"},"y":{"type":"field","field":"y"},"line_color":"#1f77b4","line_alpha":0.5,"line_width":2}},"nonselection_glyph":{"type":"object","name":"Line","id":"p2212","attributes":{"x":{"type":"field","field":"x"},"y":{"type":"field","field":"y"},"line_color":"#1f77b4","line_alpha":0.1,"line_width":2}},"muted_glyph":{"type":"object","name":"Line","id":"p2213","attributes":{"x":{"type":"field","field":"x"},"y":{"type":"field","field":"y"},"line_color":"#1f77b4","line_alpha":0.2,"line_width":2}}}}],"toolbar":{"type":"object","name":"Toolbar","id":"p2165","attributes":{"tools":[{"type":"object","name":"PanTool","id":"p2178"},{"type":"object","name":"WheelZoomTool","id":"p2179","attributes":{"renderers":"auto"}},{"type":"object","name":"BoxZoomTool","id":"p2180","attributes":{"overlay":{"type":"object","name":"BoxAnnotation","id":"p2181","attributes":{"syncable":false,"line_color":"black","line_alpha":1.0,"line_width":2,"line_dash":[4,4],"fill_color":"lightgrey","fill_alpha":0.5,"level":"overlay","visible":false,"left":{"type":"number","value":"nan"},"right":{"type":"number","value":"nan"},"top":{"type":"number","value":"nan"},"bottom":{"type":"number","value":"nan"},"left_units":"canvas","right_units":"canvas","top_units":"canvas","bottom_units":"canvas","handles":{"type":"object","name":"BoxInteractionHandles","id":"p2187","attributes":{"all":{"type":"object","name":"AreaVisuals","id":"p2186","attributes":{"fill_color":"white","hover_fill_color":"lightgray"}}}}}}}},{"type":"object","name":"SaveTool","id":"p2188"},{"type":"object","name":"ResetTool","id":"p2189"},{"type":"object","name":"HelpTool","id":"p2190"},{"type":"object","name":"HoverTool","id":"p2191","attributes":{"renderers":"auto","tooltips":[["index","$index"],["(rt,int)","(@x{0.00}, @y)"]]}}]}},"toolbar_location":"above","left":[{"type":"object","name":"LinearAxis","id":"p2173","attributes":{"ticker":{"type":"object","name":"BasicTicker","id":"p2174","attributes":{"mantissas":[1,2,5]}},"formatter":{"type":"object","name":"BasicTickFormatter","id":"p2175"},"axis_label":"Intensity","axis_label_text_font_size":"11pt","major_label_policy":{"type":"object","name":"AllLabels","id":"p2176"},"major_label_text_font_size":"11pt"}}],"right":[{"type":"object","name":"Legend","id":"p2192","attributes":{"location":"top_left","title":"Transition","click_policy":"mute","label_text_font_size":"10pt","items":[{"type":"object","name":"LegendItem","id":"p2217","attributes":{"label":{"type":"value","value":"prec"},"renderers":[{"id":"p2202"}]}},{"type":"object","name":"LegendItem","id":"p2218","attributes":{"label":{"type":"value","value":"b5^2"},"renderers":[{"id":"p2214"}]}}]}}],"below":[{"type":"object","name":"LinearAxis","id":"p2168","attributes":{"ticker":{"type":"object","name":"BasicTicker","id":"p2169","attributes":{"mantissas":[1,2,5]}},"formatter":{"type":"object","name":"BasicTickFormatter","id":"p2170"},"axis_label":"Retention Time","axis_label_text_font_size":"11pt","major_label_policy":{"type":"object","name":"AllLabels","id":"p2171"},"major_label_text_font_size":"11pt"}}],"center":[{"type":"object","name":"Grid","id":"p2172","attributes":{"axis":{"id":"p2168"}}},{"type":"object","name":"Grid","id":"p2177","attributes":{"dimension":1,"axis":{"id":"p2173"}}}]}}]}}
    </script>
    <script type="text/javascript">
      (function() {
        const fn = function() {
          Bokeh.safely(function() {
            (function(root) {
              function embed_document(root) {
              const docs_json = document.getElementById('a73971e9-394e-4ec5-88d6-7edc7db1e194').textContent;
              const render_items = [{"docid":"f1774231-28bc-4ddf-884c-2ab0d0a22dc8","roots":{"p2157":"feb557fd-207e-4074-b8ca-9c5be441ccc7"},"root_ids":["p2157"]}];
              root.Bokeh.embed.embed_items(docs_json, render_items);
              }
              if (root.Bokeh !== undefined) {
                embed_document(root);
              } else {
                let attempts = 0;
                const timer = setInterval(function(root) {
                  if (root.Bokeh !== undefined) {
                    clearInterval(timer);
                    embed_document(root);
                  } else {
                    attempts++;
                    if (attempts > 100) {
                      clearInterval(timer);
                      console.log("Bokeh: ERROR: Unable to run BokehJS code because BokehJS library is missing");
                    }
                  }
                }, 10, root)
              }
            })(window);
          });
        };
        if (document.readyState != "loading") fn();
        else document.addEventListener("DOMContentLoaded", fn);
      })();
    </script>
  </body>
</html>