<!DOCTYPE html>
<html lang="en">
  <head>
    <meta charset="utf-8">
    <title>Bokeh Application</title>
    <style>
      html, body {
        box-sizing: border-box;
        display: flow-root;
        height: 100%;
        margin: 0;
        padding: 0;
      }
    </style>
    <script type="text/javascript" src="https://cdn.bokeh.org/bokeh/release/bokeh-3.6.0.min.js"></script>
    <script type="text/javascript">
        Bokeh.set_log_level("info");
    </script>
  </head>
  <body>
    <div id="aae40f17-acbf-4fac-af28-951a31947219" data-root-id="p1180" style="display: contents;"></div>
  
    <script type="application/json" id="bdab17a4-f8e9-4184-a574-f13cb78aa689">
      {"e5eaa01a-f96d-42e1-9713-09cd1b1a28ed":{"version":"3.6.0","title":"Bokeh Application","roots":[{"type":"object","name":"Figure","id":"p1180","attributes":{"width":800,"height":450,"sizing_mode":"scale_width","x_range":{"type":"object","name":"DataRange1d","id":"p1181"},"y_range":{"type":"object","name":"DataRange1d","id":"p1182"},"x_scale":{"type":"object","name":"LinearScale","id":"p1189"},"y_scale":{"type":"object","name":"LinearScale","id":"p1190"},"title":{"type":"object","name":"Title","id":"p1187"},"renderers":[{"type":"object","name":"GlyphRenderer","id":"p1225","attributes":{"data_source":{"type":"object","name":"ColumnDataSource","id":"p1216","attributes":{"selected":{"type":"object","name":"Selection","id":"p1217","attributes":{"indices":[],"line_indices":[]}},"selection_policy":{"type":"object","name":"UnionRenderers","id":"p1218"},"data":{"type":"map","entries":[["x",{"type":"ndarray","array":{"type":"bytes","data":"AQAAAAIAAAADAAAABAAAAAUAAAAGAAAABwAAAAgAAAAJAAAA"},"shape":[9],"dtype":"int32","order":"little"}],["y",{"type":"ndarray","array":{"type":"bytes","data":"BQAAAAoAAAAPAAAAFAAAABkAAAAUAAAADwAAAAoAAAAFAAAA"},"shape":[9],"dtype":"int32","order":"little"}],["precursor_mz",[null,null,null,null,null,null,null,null,null]],["product_mz",[null,null,null,null,null,null,null,null,null]],["product_charge",[null,null,null,null,null,null,null,null,null]]]}}},"view":{"type":"object","name":"CDSView","id":"p1226","attributes":{"filter":{"type":"object","name":"AllIndices","id":"p1227"}}},"glyph":{"type":"object","name":"Line","id":"p1222","attributes":{"x":{"type":"field","field":"x"},"y":{"type":"field","field":"y"},"line_color":"#1f77b4","line_alpha":0.5,"line_width":2}},"nonselection_glyph":{"type":"object","name":"Line","id":"p1223","attributes":{"x":{"type":"field","field":"x"},"y":{"type":"field","field":"y"},"line_color":"#1f77b4","line_alpha":0.1,"line_width":2}},"muted_glyph":{"type":"object","name":"Line","id":"p1224","attributes":{"x":{"type":"field","field":"x"},"y":{"type":"field","field":"y"},"line_color":"#1f77b4","line_alpha":0.2,"line_width":2}}}},{"type":"object","name":"GlyphRenderer","id":"p1238","attributes":{"data_source":{"type":"object","name":"ColumnDataSource","id":"p1229","attributes":{"selected":{"type":"object","name":"Selection","id":"p1230","attributes":{"indices":[],"line_indices":[]}},"selection_policy":{"type":"object","name":"UnionRenderers","id":"p1231"},"data":{"type":"map","entries":[["Intensity",[25]],["leftWidth",[2]],["rightWidth",[7]],["ms2_mscore",[0.003]],["bottom_int",[0]]]}}},"view":{"type":"object","name":"CDSView","id":"p1239","attributes":{"filter":{"type":"object","name":"AllIndices","id":"p1240"}}},"glyph":{"type":"object","name":"VBar","id":"p1235","attributes":{"x":{"type":"field","field":"leftWidth"},"width":{"type":"value","value":0.3},"bottom":{"type":"field","field":"bottom_int"},"top":{"type":"field","field":"Intensity"},"line_color":{"type":"value","value":"#1B9E77"},"fill_color":{"type":"value","value":"#1B9E77"},"hatch_color":{"type":"value","value":"#1B9E77"}}},"nonselection_glyph":{"type":"object","name":"VBar","id":"p1236","attributes":{"x":{"type":"field","field":"leftWidth"},"width":{"type":"value","value":0.3},"bottom":{"type":"field","field":"bottom_int"},"top":{"type":"field","field":"Intensity"},"line_color":{"type":"value","value":"#1B9E77"},"line_alpha":{"type":"value","value":0.1},"fill_color":{"type":"value","value":"#1B9E77"},"fill_alpha":{"type":"value","value":0.1},"hatch_color":{"type":"value","value":"#1B9E77"},"hatch_alpha":{"type":"value","value":0.1}}},"muted_glyph":{"type":"object","name":"VBar","id":"p1237","attributes":{"x":{"type":"field","field":"leftWidth"},"width":{"type":"value","value":0.3},"bottom":{"type":"field","field":"bottom_int"},"top":{"type":"field","field":"Intensity"},"line_color":{"type":"value","value":"#1B9E77"},"line_alpha":{"type":"value","value":0.2},"fill_color":{"type":"value","value":"#1B9E77"},"fill_alpha":{"type":"value","value":0.2},"hatch_color":{"type":"value","value":"#1B9E77"},"hatch_alpha":{"type":"value","value":0.2}}}}},{"type":"object","name":"GlyphRenderer","id":"p1247","attributes":{"data_source":{"id":"p1229"},"view":{"type":"object","name":"CDSView","id":"p1248","attributes":{"filter":{"type":"object","name":"AllIndices","id":"p1249"}}},"glyph":{"type":"object","name":"VBar","id":"p1244","attributes":{"x":{"type":"field","field":"rightWidth"},"width":{"type":"value","value":0.3},"bottom":{"type":"field","field":"bottom_int"},"top":{"type":"field","field":"Intensity"},"line_color":{"type":"value","value":"#1B9E77"},"fill_color":{"type":"value","value":"#1B9E77"},"hatch_color":{"type":"value","value":"#1B9E77"}}},"nonselection_glyph":{"type":"object","name":"VBar","id":"p1245","attributes":{"x":{"type":"field","field":"rightWidth"},"width":{"type":"value","value":0.3},"bottom":{"type":"field","field":"bottom_int"},"top":{"type":"field","field":"Intensity"},"line_color":{"type":"value","value":"#1B9E77"},"line_alpha":{"type":"value","value":0.1},"fill_color":{"type":"value","value":"#1B9E77"},"fill_alpha":{"type":"value","value":0.1},"hatch_color":{"type":"value","value":"#1B9E77"},"hatch_alpha":{"type":"value","value":0.1}}},"muted_glyph":{"type":"object","name":"VBar","id":"p1246","attributes":{"x":{"type":"field","field":"rightWidth"},"width":{"type":"value","value":0.3},"bottom":{"type":"field","field":"bottom_int"},"top":{"type":"field","field":"Intensity"},"line_color":{"type":"value","value":"#1B9E77"},"line_alpha":{"type":"value","value":0.2},"fill_color":{"type":"value","value":"#1B9E77"},"fill_alpha":{"type":"value","value":0.2},"hatch_color":{"type":"value","value":"#1B9E77"},"hatch_alpha":{"type":"value","value":0.2}}}}},{"type":"object","name":"GlyphRenderer","id":"p1256","attributes":{"name":"leftWidth_apex_point","data_source":{"id":"p1229"},"view":{"type":"object","name":"CDSView","id":"p1257","attributes":{"filter":{"type":"object","name":"AllIndices","id":"p1258"}}},"glyph":{"type":"object","name":"Circle","id":"p1253","attributes":{"x":{"type":"field","field":"leftWidth"},"y":{"type":"field","field":"Intensity"},"line_color":{"type":"value","value":"#1f77b4"},"line_alpha":{"type":"value","value":0},"fill_color":{"type":"value","value":"#1f77b4"},"fill_alpha":{"type":"value","value":0},"hatch_alpha":{"type":"value","value":0}}},"nonselection_glyph":{"type":"object","name":"Circle","id":"p1254","attributes":{"x":{"type":"field","field":"leftWidth"},"y":{"type":"field","field":"Intensity"},"line_color":{"type":"value","value":"#1f77b4"},"line_alpha":{"type":"value","value":0.1},"fill_color":{"type":"value","value":"#1f77b4"},"fill_alpha":{"type":"value","value":0.1},"hatch_alpha":{"type":"value","value":0.1}}},"muted_glyph":{"type":"object","name":"Circle","id":"p1255","attributes":{"x":{"type":"field","field":"leftWidth"},"y":{"type":"field","field":"Intensity"},"line_color":{"type":"value","value":"#1f77b4"},"line_alpha":{"type":"value","value":0.2},"fill_color":{"type":"value","value":"#1f77b4"},"fill_alpha":{"type":"value","value":0.2},"hatch_alpha":{"type":"value","value":0.2}}}}},{"type":"object","name":"GlyphRenderer","id":"p1268","attributes":{"data_source":{"type":"object","name":"ColumnDataSource","id":"p1259","attributes":{"selected":{"type":"object","name":"Selection","id":"p1260","attributes":{"indices":[],"line_indices":[]}},"selection_policy":{"type":"object","name":"UnionRenderers","id":"p1261"},"data":{"type":"map","entries":[["Intensity",[25]],["leftWidth",[3]],["rightWidth",[6]],["ms2_mscore",[0.0001]],["bottom_int",[0]]]}}},"view":{"type":"object","name":"CDSView","id":"p1269","attributes":{"filter":{"type":"object","name":"AllIndices","id":"p1270"}}},"glyph":{"type":"object","name":"VBar","id":"p1265","attributes":{"x":{"type":"field","field":"leftWidth"},"width":{"type":"value","value":0.3},"bottom":{"type":"field","field":"bottom_int"},"top":{"type":"field","field":"Intensity"},"line_color":{"type":"value","value":"#D95F02"},"fill_color":{"type":"value","value":"#D95F02"},"hatch_color":{"type":"value","value":"#D95F02"}}},"nonselection_glyph":{"type":"object","name":"VBar","id":"p1266","attributes":{"x":{"type":"field","field":"leftWidth"},"width":{"type":"value","value":0.3},"bottom":{"type":"field","field":"bottom_int"},"top":{"type":"field","field":"Intensity"},"line_color":{"type":"value","value":"#D95F02"},"line_alpha":{"type":"value","value":0.1},"fill_color":{"type":"value","value":"#D95F02"},"fill_alpha":{"type":"value","value":0.1},"hatch_color":{"type":"value","value":"#D95F02"},"hatch_alpha":{"type":"value","value":0.1}}},"muted_glyph":{"type":"object","name":"VBar","id":"p1267","attributes":{"x":{"type":"field","field":"leftWidth"},"width":{"type":"value","value":0.3},"bottom":{"type":"field","field":"bottom_int"},"top":{"type":"field","field":"Intensity"},"line_color":{"type":"value","value":"#D95F02"},"line_alpha":{"type":"value","value":0.2},"fill_color":{"type":"value","value":"#D95F02"},"fill_alpha":{"type":"value","value":0.2},"hatch_color":{"type":"value","value":"#D95F02"},"hatch_alpha":{"type":"value","value":0.2}}}}},{"type":"object","name":"GlyphRenderer","id":"p1277","attributes":{"data_source":{"id":"p1259"},"view":{"type":"object","name":"CDSView","id":"p1278","attributes":{"filter":{"type":"object","name":"AllIndices","id":"p1279"}}},"glyph":{"type":"object","name":"VBar","id":"p1274","attributes":{"x":{"type":"field","field":"rightWidth"},"width":{"type":"value","value":0.3},"bottom":{"type":"field","field":"bottom_int"},"top":{"type":"field","field":"Intensity"},"line_color":{"type":"value","value":"#D95F02"},"fill_color":{"type":"value","value":"#D95F02"},"hatch_color":{"type":"value","value":"#D95F02"}}},"nonselection_glyph":{"type":"object","name":"VBar","id":"p1275","attributes":{"x":{"type":"field","field":"rightWidth"},"width":{"type":"value","value":0.3},"bottom":{"type":"field","field":"bottom_int"},"top":{"type":"field","field":"Intensity"},"line_color":{"type":"value","value":"#D95F02"},"line_alpha":{"type":"value","value":0.1},"fill_color":{"type":"value","value":"#D95F02"},"fill_alpha":{"type":"value","value":0.1},"hatch_color":{"type":"value","value":"#D95F02"},"hatch_alpha":{"type":"value","value":0.1}}},"muted_glyph":{"type":"object","name":"VBar","id":"p1276","attributes":{"x":{"type":"field","field":"rightWidth"},"width":{"type":"value","value":0.3},"bottom":{"type":"field","field":"bottom_int"},"top":{"type":"field","field":"Intensity"},"line_color":{"type":"value","value":"#D95F02"},"line_alpha":{"type":"value","value":0.2},"fill_color":{"type":"value","value":"#D95F02"},"fill_alpha":{"type":"value","value":0.2},"hatch_color":{"type":"value","value":"#D95F02"},"hatch_alpha":{"type":"value","value":0.2}}}}},{"type":"object","name":"GlyphRenderer","id":"p1286","attributes":{"name":"leftWidth_apex_point","data_source":{"id":"p1259"},"view":{"type":"object","name":"CDSView","id":"p1287","attributes":{"filter":{"type":"object","name":"AllIndices","id":"p1288"}}},"glyph":{"type":"object","name":"Circle","id":"p1283","attributes":{"x":{"type":"field","field":"leftWidth"},"y":{"type":"field","field":"Intensity"},"line_color":{"type":"value","value":"#1f77b4"},"line_alpha":{"type":"value","value":0},"fill_color":{"type":"value","value":"#1f77b4"},"fill_alpha":{"type":"value","value":0},"hatch_alpha":{"type":"value","value":0}}},"nonselection_glyph":{"type":"object","name":"Circle","id":"p1284","attributes":{"x":{"type":"field","field":"leftWidth"},"y":{"type":"field","field":"Intensity"},"line_color":{"type":"value","value":"#1f77b4"},"line_alpha":{"type":"value","value":0.1},"fill_color":{"type":"value","value":"#1f77b4"},"fill_alpha":{"type":"value","value":0.1},"hatch_alpha":{"type":"value","value":0.1}}},"muted_glyph":{"type":"object","name":"Circle","id":"p1285","attributes":{"x":{"type":"field","field":"leftWidth"},"y":{"type":"field","field":"Intensity"},"line_color":{"type":"value","value":"#1f77b4"},"line_alpha":{"type":"value","value":0.2},"fill_color":{"type":"value","value":"#1f77b4"},"fill_alpha":{"type":"value","value":0.2},"hatch_alpha":{"type":"value","value":0.2}}}}}],"toolbar":{"type":"object","name":"Toolbar","id":"p1188","attributes":{"tools":[{"type":"object","name":"PanTool","id":"p1201"},{"type":"object","name":"WheelZoomTool","id":"p1202","attributes":{"renderers":"auto"}},{"type":"object","name":"BoxZoomTool","id":"p1203","attributes":{"overlay":{"type":"object","name":"BoxAnnotation","id":"p1204","attributes":{"syncable":false,"line_color":"black","line_alpha":1.0,"line_width":2,"line_dash":[4,4],"fill_color":"lightgrey","fill_alpha":0.5,"level":"overlay","visible":false,"left":{"type":"number","value":"nan"},"right":{"type":"number","value":"nan"},"top":{"type":"number","value":"nan"},"bottom":{"type":"number","value":"nan"},"left_units":"canvas","right_units":"canvas","top_units":"canvas","bottom_units":"canvas","handles":{"type":"object","name":"BoxInteractionHandles","id":"p1210","attributes":{"all":{"type":"object","name":"AreaVisuals","id":"p1209","attributes":{"fill_color":"white","hover_fill_color":"lightgray"}}}}}}}},{"type":"object","name":"SaveTool","id":"p1211"},{"type":"object","name":"ResetTool","id":"p1212"},{"type":"object","name":"HelpTool","id":"p1213"},{"type":"object","name":"HoverTool","id":"p1214","attributes":{"renderers":"auto","tooltips":[["index","$index"],["(rt,int)","(@x{0.00}, @y)"]]}},{"type":"object","name":"HoverTool","id":"p1289","attributes":{"renderers":[{"id":"p1256"},{"id":"p1286"}],"tooltips":[["Intensity","@Intensity"],["Left Width","@leftWidth{0.00}"],["Right Width","@rightWidth{0.00}"],["Peak Group Rank","@peakgroup_rank"],["MS2 m-score","@ms2_mscore"]]}}]}},"toolbar_location":"above","left":[{"type":"object","name":"LinearAxis","id":"p1196","attributes":{"ticker":{"type":"object","name":"BasicTicker","id":"p1197","attributes":{"mantissas":[1,2,5]}},"formatter":{"type":"object","name":"BasicTickFormatter","id":"p1198"},"axis_label":"Intensity","axis_label_text_font_size":"11pt","major_label_policy":{"type":"object","name":"AllLabels","id":"p1199"},"major_label_text_font_size":"11pt"}}],"right":[{"type":"object","name":"Legend","id":"p1215","attributes":{"location":"top_left","title":"Transition","click_policy":"mute","label_text_font_size":"10pt","items":[{"type":"object","name":"LegendItem","id":"p1228","attributes":{"label":{"type":"value","value":"b3^1"},"renderers":[{"id":"p1225"}]}}]}}],"below":[{"type":"object","name":"LinearAxis","id":"p1191","attributes":{"ticker":{"type":"object","name":"BasicTicker","id":"p1192","attributes":{"mantissas":[1,2,5]}},"formatter":{"type":"object","name":"BasicTickFormatter","id":"p1193"},"axis_label":"Retention Time","axis_label_text_font_size":"11pt","major_label_policy":{"type":"object","name":"AllLabels","id":"p1194"},"major_label_text_font_size":"11pt"}}],"center":[{"type":"object","name":"Grid","id":"p1195","attributes":{"axis":{"id":"p1191"}}},{"type":"object","name":"Grid","id":"p1200","attributes":{"dimension":1,"axis":{"id":"p1196"}}}]}}]}}
    </script>
    <script type="text/javascript">
      (function() {
        const fn = function() {
          Bokeh.safely(function() {
            (function(root) {
              function embed_document(root) {
              const docs_json = document.getElementById('bdab17a4-f8e9-4184-a574-f13cb78aa689').textContent;
              const render_items = [{"docid":"e5eaa01a-f96d-42e1-9713-09cd1b1a28ed","roots":{"p1180":"aae40f17-acbf-4fac-af28-951a31947219"},"root_ids":["p1180"]}];
              root.Bokeh.embed.embed_items(docs_json, render_items);
              }
              if (root.Bokeh !== undefined) {
                embed_document(root);
              } else {
                let attempts = 0;
                const timer = setInterval(function(root) {
                  if (root.Bokeh !== undefined) {
                    clearInterval(timer);
                    embed_document(root);
                  } else {
                    attempts++;
                    if (attempts > 100) {
                      clearInterval(timer);
                      console.log("Bokeh: ERROR: Unable to run BokehJS code because BokehJS library is missing");
                    }
                  }
                }, 10, root)
              }
            })(window);
          });
        };
        if (document.readyState != "loading") fn();
        else document.addEventListener("DOMContentLoaded", fn);
      })();
    </script>
  </body>
</html>