<!DOCTYPE html>
<html lang="en">
  <head>
    <meta charset="utf-8">
    <title>Bokeh Application</title>
    <style>
      html, body {
        box-sizing: border-box;
        display: flow-root;
        height: 100%;
        margin: 0;
        padding: 0;
      }
    </style>
    <script type="text/javascript" src="https://cdn.bokeh.org/bokeh/release/bokeh-3.6.0.min.js"></script>
    <script type="text/javascript">
        Bokeh.set_log_level("info");
    </script>
  </head>
  <body>
    <div id="d69ac10f-8482-463d-bccd-49ebf658881f" data-root-id="p1773" style="display: contents;"></div>
  
    <script type="application/json" id="db82c676-b3d4-4ec5-9a93-647872b52455">
      {"617b3abc-ea37-4d77-a315-7687a55c99f6":{"version":"3.6.0","title":"Bokeh Application","roots":[{"type":"object","name":"Figure","id":"p1773","attributes":{"width":800,"height":400,"sizing_mode":"scale_width","x_range":{"type":"object","name":"DataRange1d","id":"p1774"},"y_range":{"type":"object","name":"DataRange1d","id":"p1775"},"x_scale":{"type":"object","name":"LinearScale","id":"p1782"},"y_scale":{"type":"object","name":"LinearScale","id":"p1783"},"title":{"type":"object","name":"Title","id":"p1780"},"renderers":[{"type":"object","name":"GlyphRenderer","id":"p1818","attributes":{"data_source":{"type":"object","name":"ColumnDataSource","id":"p1809","attributes":{"selected":{"type":"object","name":"Selection","id":"p1810","attributes":{"indices":[],"line_indices":[]}},"selection_policy":{"type":"object","name":"UnionRenderers","id":"p1811"},"data":{"type":"map","entries":[["x",{"type":"ndarray","array":{"type":"bytes","data":"ZmZmZmZm7j+4HoXrUbjuPwrXo3A9Cu8/XI/C9Shc7z+uR+F6FK7vPwAAAAAAAPA/KVyPwvUo8D9SuB6F61HwP3sUrkfhevA/"},"shape":[9],"dtype":"float64","order":"little"}],["y",{"type":"ndarray","array":{"type":"bytes","data":"CgAAABQAAAAeAAAAKAAAADIAAAAoAAAAHgAAABQAAAAKAAAA"},"shape":[9],"dtype":"int32","order":"little"}],["precursor_mz",[null,null,null,null,null,null,null,null,null]],["product_mz",[null,null,null,null,null,null,null,null,null]],["product_charge",[null,null,null,null,null,null,null,null,null]]]}}},"view":{"type":"object","name":"CDSView","id":"p1819","attributes":{"filter":{"type":"object","name":"AllIndices","id":"p1820"}}},"glyph":{"type":"object","name":"Line","id":"p1815","attributes":{"x":{"type":"field","field":"x"},"y":{"type":"field","field":"y"},"line_color":"#1f77b4","line_alpha":0.5,"line_width":2}},"nonselection_glyph":{"type":"object","name":"Line","id":"p1816","attributes":{"x":{"type":"field","field":"x"},"y":{"type":"field","field":"y"},"line_color":"#1f77b4","line_alpha":0.1,"line_width":2}},"muted_glyph":{"type":"object","name":"Line","id":"p1817","attributes":{"x":{"type":"field","field":"x"},"y":{"type":"field","field":"y"},"line_color":"#1f77b4","line_alpha":0.2,"line_width":2}}}}],"toolbar":{"type":"object","name":"Toolbar","id":"p1781","attributes":{"tools":[{"type":"object","name":"PanTool","id":"p1794"},{"type":"object","name":"WheelZoomTool","id":"p1795","attributes":{"renderers":"auto"}},{"type":"object","name":"BoxZoomTool","id":"p1796","attributes":{"overlay":{"type":"object","name":"BoxAnnotation","id":"p1797","attributes":{"syncable":false,"line_color":"black","line_alpha":1.0,"line_width":2,"line_dash":[4,4],"fill_color":"lightgrey","fill_alpha":0.5,"level":"overlay","visible":false,"left":{"type":"number","value":"nan"},"right":{"type":"number","value":"nan"},"top":{"type":"number","value":"nan"},"bottom":{"type":"number","value":"nan"},"left_units":"canvas","right_units":"canvas","top_units":"canvas","bottom_units":"canvas","handles":{"type":"object","name":"BoxInteractionHandles","id":"p1803","attributes":{"all":{"type":"object","name":"AreaVisuals","id":"p1802","attributes":{"fill_color":"white","hover_fill_color":"lightgray"}}}}}}}},{"type":"object","name":"SaveTool","id":"p1804"},{"type":"object","name":"ResetTool","id":"p1805"},{"type":"object","name":"HelpTool","id":"p1806"},{"type":"object","name":"HoverTool","id":"p1807","attributes":{"renderers":"auto","tooltips":[["index","$index"],["(im,int)","(@x{0.00}, @y)"]]}}]}},"toolbar_location":"above","left":[{"type":"object","name":"LinearAxis","id":"p1789","attributes":{"ticker":{"type":"object","name":"BasicTicker","id":"p1790","attributes":{"mantissas":[1,2,5]}},"formatter":{"type":"object","name":"BasicTickFormatter","id":"p1791"},"axis_label":"Intensity","major_label_policy":{"type":"object","name":"AllLabels","id":"p1792"}}}],"right":[{"type":"object","name":"Legend","id":"p1808","attributes":{"location":"top_left","title":"Transition","click_policy":"mute","label_text_font_size":"10pt","items":[{"type":"object","name":"LegendItem","id":"p1821","attributes":{"label":{"type":"value","value":"b5^2"},"renderers":[{"id":"p1818"}]}}]}}],"below":[{"type":"object","name":"LinearAxis","id":"p1784","attributes":{"ticker":{"type":"object","name":"BasicTicker","id":"p1785","attributes":{"mantissas":[1,2,5]}},"formatter":{"type":"object","name":"BasicTickFormatter","id":"p1786"},"axis_label":"Retention Time","major_label_policy":{"type":"object","name":"AllLabels","id":"p1787"}}}],"center":[{"type":"object","name":"Grid","id":"p1788","attributes":{"axis":{"id":"p1784"}}},{"type":"object","name":"Grid","id":"p1793","attributes":{"dimension":1,"axis":{"id":"p1789"}}}]}}]}}
    </script>
    <script type="text/javascript">
      (function() {
        const fn = function() {
          Bokeh.safely(function() {
            (function(root) {
              function embed_document(root) {
              const docs_json = document.getElementById('db82c676-b3d4-4ec5-9a93-647872b52455').textContent;
              const render_items = [{"docid":"617b3abc-ea37-4d77-a315-7687a55c99f6","roots":{"p1773":"d69ac10f-8482-463d-bccd-49ebf658881f"},"root_ids":["p1773"]}];
              root.Bokeh.embed.embed_items(docs_json, render_items);
              }
              if (root.Bokeh !== undefined) {
                embed_document(root);
              } else {
                let attempts = 0;
                const timer = setInterval(function(root) {
                  if (root.Bokeh !== undefined) {
                    clearInterval(timer);
                    embed_document(root);
                  } else {
                    attempts++;
                    if (attempts > 100) {
                      clearInterval(timer);
                      console.log("Bokeh: ERROR: Unable to run BokehJS code because BokehJS library is missing");
                    }
                  }
                }, 10, root)
              }
            })(window);
          });
        };
        if (document.readyState != "loading") fn();
        else document.addEventListener("DOMContentLoaded", fn);
      })();
    </script>
  </body>
</html>