<!DOCTYPE html>
<html lang="en">
  <head>
    <meta charset="utf-8">
    <title>Bokeh Application</title>
    <script type="text/javascript" src="https://cdn.bokeh.org/bokeh/release/bokeh-2.4.3.min.js"></script>
    <script type="text/javascript">
        Bokeh.set_log_level("info");
    </script>
  </head>
  <body>
    <div class="bk-root" id="7525b169-31d9-4b77-891b-6036addb0bb6" data-root-id="4652"></div>
  
    <script type="application/json" id="4871">
      {"d358b8a7-6e42-4ee6-8d11-6b07ca5694be":{"defs":[],"roots":{"references":[{"attributes":{"source":{"id":"4693"}},"id":"4699","type":"CDSView"},{"attributes":{"bottom_units":"screen","coordinates":null,"fill_alpha":0.5,"fill_color":"lightgrey","group":null,"left_units":"screen","level":"overlay","line_alpha":1.0,"line_color":"black","line_dash":[4,4],"line_width":2,"right_units":"screen","syncable":false,"top_units":"screen"},"id":"4675","type":"BoxAnnotation"},{"attributes":{"below":[{"id":"4661"}],"center":[{"id":"4664"},{"id":"4668"}],"height":400,"left":[{"id":"4665"}],"renderers":[{"id":"4691"},{"id":"4698"}],"right":[{"id":"4685"}],"sizing_mode":"scale_width","title":{"id":"4702"},"toolbar":{"id":"4677"},"toolbar_location":"above","width":800,"x_range":{"id":"4653"},"x_scale":{"id":"4657"},"y_range":{"id":"4655"},"y_scale":{"id":"4659"}},"id":"4652","subtype":"Figure","type":"Plot"},{"attributes":{"data":{"precursor_mz":[null,null,null],"product_charge":[null,null,null],"product_mz":[null,null,null],"x":{"__ndarray__":"SOF6FK4/f0AAAAAAAEB/QLgehetRQH9A","dtype":"float64","order":"little","shape":[3]},"y":[5,10,15]},"selected":{"id":"4711"},"selection_policy":{"id":"4710"}},"id":"4686","type":"ColumnDataSource"},{"attributes":{},"id":"4706","type":"AllLabels"},{"attributes":{},"id":"4712","type":"UnionRenderers"},{"attributes":{},"id":"4666","type":"BasicTicker"},{"attributes":{"line_alpha":0.5,"line_dash":[6],"line_width":2,"x":{"field":"x"},"y":{"field":"y"}},"id":"4688","type":"Line"},{"attributes":{"axis_label":"Retention Time","coordinates":null,"formatter":{"id":"4708"},"group":null,"major_label_policy":{"id":"4709"},"ticker":{"id":"4662"}},"id":"4661","type":"LinearAxis"},{"attributes":{"coordinates":null,"data_source":{"id":"4693"},"glyph":{"id":"4695"},"group":null,"hover_glyph":null,"muted_glyph":{"id":"4697"},"nonselection_glyph":{"id":"4696"},"view":{"id":"4699"}},"id":"4698","type":"GlyphRenderer"},{"attributes":{"axis":{"id":"4665"},"coordinates":null,"dimension":1,"group":null,"ticker":null},"id":"4668","type":"Grid"},{"attributes":{"source":{"id":"4686"}},"id":"4692","type":"CDSView"},{"attributes":{},"id":"4705","type":"BasicTickFormatter"},{"attributes":{"coordinates":null,"data_source":{"id":"4686"},"glyph":{"id":"4688"},"group":null,"hover_glyph":null,"muted_glyph":{"id":"4690"},"nonselection_glyph":{"id":"4689"},"view":{"id":"4692"}},"id":"4691","type":"GlyphRenderer"},{"attributes":{},"id":"4655","type":"DataRange1d"},{"attributes":{},"id":"4711","type":"Selection"},{"attributes":{"callback":null,"tooltips":[["index","$index"],["(rt,int)","(@x{0.00}, @y)"]]},"id":"4676","type":"HoverTool"},{"attributes":{"line_alpha":0.5,"line_color":"#1f77b4","line_width":2,"x":{"field":"x"},"y":{"field":"y"}},"id":"4695","type":"Line"},{"attributes":{},"id":"4657","type":"LinearScale"},{"attributes":{"line_alpha":0.2,"line_dash":[6],"line_width":2,"x":{"field":"x"},"y":{"field":"y"}},"id":"4690","type":"Line"},{"attributes":{},"id":"4713","type":"Selection"},{"attributes":{},"id":"4659","type":"LinearScale"},{"attributes":{},"id":"4674","type":"HelpTool"},{"attributes":{},"id":"4710","type":"UnionRenderers"},{"attributes":{"coordinates":null,"group":null},"id":"4702","type":"Title"},{"attributes":{"overlay":{"id":"4675"}},"id":"4671","type":"BoxZoomTool"},{"attributes":{},"id":"4672","type":"SaveTool"},{"attributes":{},"id":"4669","type":"PanTool"},{"attributes":{},"id":"4673","type":"ResetTool"},{"attributes":{"tools":[{"id":"4669"},{"id":"4670"},{"id":"4671"},{"id":"4672"},{"id":"4673"},{"id":"4674"},{"id":"4676"}]},"id":"4677","type":"Toolbar"},{"attributes":{},"id":"4709","type":"AllLabels"},{"attributes":{"line_alpha":0.1,"line_dash":[6],"line_width":2,"x":{"field":"x"},"y":{"field":"y"}},"id":"4689","type":"Line"},{"attributes":{"data":{"precursor_mz":[null,null,null],"product_charge":[null,null,null],"product_mz":[null,null,null],"x":{"__ndarray__":"mpmZmZn5WEAAAAAAAABZQHE9CtejAFlA","dtype":"float64","order":"little","shape":[3]},"y":[10,20,30]},"selected":{"id":"4713"},"selection_policy":{"id":"4712"}},"id":"4693","type":"ColumnDataSource"},{"attributes":{"line_alpha":0.1,"line_color":"#1f77b4","line_width":2,"x":{"field":"x"},"y":{"field":"y"}},"id":"4696","type":"Line"},{"attributes":{"line_alpha":0.2,"line_color":"#1f77b4","line_width":2,"x":{"field":"x"},"y":{"field":"y"}},"id":"4697","type":"Line"},{"attributes":{},"id":"4653","type":"DataRange1d"},{"attributes":{"label":{"value":"prec"},"renderers":[{"id":"4691"}]},"id":"4700","type":"LegendItem"},{"attributes":{"label":{"value":"b5^2"},"renderers":[{"id":"4698"}]},"id":"4701","type":"LegendItem"},{"attributes":{},"id":"4670","type":"WheelZoomTool"},{"attributes":{},"id":"4708","type":"BasicTickFormatter"},{"attributes":{"axis":{"id":"4661"},"coordinates":null,"group":null,"ticker":null},"id":"4664","type":"Grid"},{"attributes":{"click_policy":"mute","coordinates":null,"group":null,"items":[{"id":"4700"},{"id":"4701"}],"label_text_font_size":"10pt","location":"top_left","title":"Transition"},"id":"4685","type":"Legend"},{"attributes":{"axis_label":"Intensity","coordinates":null,"formatter":{"id":"4705"},"group":null,"major_label_policy":{"id":"4706"},"ticker":{"id":"4666"}},"id":"4665","type":"LinearAxis"},{"attributes":{},"id":"4662","type":"BasicTicker"}],"root_ids":["4652"]},"title":"Bokeh Application","version":"2.4.3"}}
    </script>
    <script type="text/javascript">
      (function() {
        const fn = function() {
          Bokeh.safely(function() {
            (function(root) {
              function embed_document(root) {
              const docs_json = document.getElementById('4871').textContent;
              const render_items = [{"docid":"d358b8a7-6e42-4ee6-8d11-6b07ca5694be","root_ids":["4652"],"roots":{"4652":"7525b169-31d9-4b77-891b-6036addb0bb6"}}];
              root.Bokeh.embed.embed_items(docs_json, render_items);
              }
              if (root.Bokeh !== undefined) {
                embed_document(root);
              } else {
                let attempts = 0;
                const timer = setInterval(function(root) {
                  if (root.Bokeh !== undefined) {
                    clearInterval(timer);
                    embed_document(root);
                  } else {
                    attempts++;
                    if (attempts > 100) {
                      clearInterval(timer);
                      console.log("Bokeh: ERROR: Unable to run BokehJS code because BokehJS library is missing");
                    }
                  }
                }, 10, root)
              }
            })(window);
          });
        };
        if (document.readyState != "loading") fn();
        else document.addEventListener("DOMContentLoaded", fn);
      })();
    </script>
  </body>
</html>