<!DOCTYPE html>
<html lang="en">
  <head>
    <meta charset="utf-8">
    <title>Bokeh Application</title>
    <script type="text/javascript" src="https://cdn.bokeh.org/bokeh/release/bokeh-2.4.3.min.js"></script>
    <script type="text/javascript">
        Bokeh.set_log_level("info");
    </script>
  </head>
  <body>
    <div class="bk-root" id="f1ad0f6b-af79-4d98-8016-490bff1bfe13" data-root-id="3544"></div>
  
    <script type="application/json" id="3767">
      {"0ce7db09-88cd-4d4f-b85c-3d944a97194c":{"defs":[],"roots":{"references":[{"attributes":{"coordinates":null,"data_source":{"id":"3589"},"glyph":{"id":"3591"},"group":null,"hover_glyph":null,"muted_glyph":{"id":"3593"},"nonselection_glyph":{"id":"3592"},"view":{"id":"3595"}},"id":"3594","type":"GlyphRenderer"},{"attributes":{},"id":"3562","type":"WheelZoomTool"},{"attributes":{},"id":"3566","type":"HelpTool"},{"attributes":{},"id":"3561","type":"PanTool"},{"attributes":{"overlay":{"id":"3567"}},"id":"3563","type":"BoxZoomTool"},{"attributes":{},"id":"3545","type":"DataRange1d"},{"attributes":{},"id":"3564","type":"SaveTool"},{"attributes":{},"id":"3565","type":"ResetTool"},{"attributes":{},"id":"3606","type":"UnionRenderers"},{"attributes":{"above":[{"id":"3580"}],"below":[{"id":"3553"}],"center":[{"id":"3556"},{"id":"3560"}],"height":400,"left":[{"id":"3557"}],"renderers":[{"id":"3587"},{"id":"3594"}],"right":[{"id":"3581"}],"sizing_mode":"scale_width","title":{"id":"3577"},"toolbar":{"id":"3569"},"toolbar_location":"above","width":800,"x_range":{"id":"3545"},"x_scale":{"id":"3549"},"y_range":{"id":"3547"},"y_scale":{"id":"3551"}},"id":"3544","subtype":"Figure","type":"Plot"},{"attributes":{"bottom_units":"screen","coordinates":null,"fill_alpha":0.5,"fill_color":"lightgrey","group":null,"left_units":"screen","level":"overlay","line_alpha":1.0,"line_color":"black","line_dash":[4,4],"line_width":2,"right_units":"screen","syncable":false,"top_units":"screen"},"id":"3567","type":"BoxAnnotation"},{"attributes":{"line_alpha":0.5,"line_color":"#1f77b4","line_width":2,"x":{"field":"x"},"y":{"field":"y"}},"id":"3591","type":"Line"},{"attributes":{},"id":"3607","type":"Selection"},{"attributes":{"line_alpha":0.1,"line_dash":[6],"line_width":2,"x":{"field":"x"},"y":{"field":"y"}},"id":"3585","type":"Line"},{"attributes":{"line_alpha":0.2,"line_dash":[6],"line_width":2,"x":{"field":"x"},"y":{"field":"y"}},"id":"3586","type":"Line"},{"attributes":{"label":{"value":"b5^2"},"renderers":[{"id":"3594"}]},"id":"3597","type":"LegendItem"},{"attributes":{"line_alpha":0.2,"line_color":"#1f77b4","line_width":2,"x":{"field":"x"},"y":{"field":"y"}},"id":"3593","type":"Line"},{"attributes":{"tools":[{"id":"3561"},{"id":"3562"},{"id":"3563"},{"id":"3564"},{"id":"3565"},{"id":"3566"},{"id":"3568"}]},"id":"3569","type":"Toolbar"},{"attributes":{"line_alpha":0.1,"line_color":"#1f77b4","line_width":2,"x":{"field":"x"},"y":{"field":"y"}},"id":"3592","type":"Line"},{"attributes":{"align":"center","coordinates":null,"group":null,"text":"Title","text_font_size":"16pt"},"id":"3577","type":"Title"},{"attributes":{},"id":"3601","type":"BasicTickFormatter"},{"attributes":{},"id":"3608","type":"UnionRenderers"},{"attributes":{"line_alpha":0.5,"line_dash":[6],"line_width":2,"x":{"field":"x"},"y":{"field":"y"}},"id":"3584","type":"Line"},{"attributes":{"coordinates":null,"group":null,"text":"Title","text_font_style":"italic"},"id":"3580","type":"Title"},{"attributes":{},"id":"3602","type":"AllLabels"},{"attributes":{},"id":"3554","type":"BasicTicker"},{"attributes":{"click_policy":"mute","coordinates":null,"group":null,"items":[{"id":"3596"},{"id":"3597"}],"label_text_font_size":"10pt","location":"top_left","title":"Transition"},"id":"3581","type":"Legend"},{"attributes":{},"id":"3547","type":"DataRange1d"},{"attributes":{},"id":"3558","type":"BasicTicker"},{"attributes":{},"id":"3609","type":"Selection"},{"attributes":{"axis_label":"Intensity","coordinates":null,"formatter":{"id":"3601"},"group":null,"major_label_policy":{"id":"3602"},"ticker":{"id":"3558"}},"id":"3557","type":"LinearAxis"},{"attributes":{"data":{"precursor_mz":[null,null,null,null,null,null,null,null,null],"product_charge":[null,null,null,null,null,null,null,null,null],"product_mz":[null,null,null,null,null,null,null,null,null],"x":{"__ndarray__":"ZmZmZmZm7j+4HoXrUbjuPwrXo3A9Cu8/XI/C9Shc7z+uR+F6FK7vPwAAAAAAAPA/KVyPwvUo8D9SuB6F61HwP3sUrkfhevA/","dtype":"float64","order":"little","shape":[9]},"y":{"__ndarray__":"AAAAAAAAAAAAAAAAAADQPwAAAAAAAOA/AAAAAAAA6D8AAAAAAADwPwAAAAAAAOg/AAAAAAAA4D8AAAAAAADQPwAAAAAAAAAA","dtype":"float64","order":"little","shape":[9]}},"selected":{"id":"3607"},"selection_policy":{"id":"3606"}},"id":"3582","type":"ColumnDataSource"},{"attributes":{"coordinates":null,"data_source":{"id":"3582"},"glyph":{"id":"3584"},"group":null,"hover_glyph":null,"muted_glyph":{"id":"3586"},"nonselection_glyph":{"id":"3585"},"view":{"id":"3588"}},"id":"3587","type":"GlyphRenderer"},{"attributes":{"callback":null,"tooltips":[["index","$index"],["(im,int)","(@x{0.00}, @y)"]]},"id":"3568","type":"HoverTool"},{"attributes":{},"id":"3551","type":"LinearScale"},{"attributes":{},"id":"3604","type":"BasicTickFormatter"},{"attributes":{"axis_label":"Retention Time","coordinates":null,"formatter":{"id":"3604"},"group":null,"major_label_policy":{"id":"3605"},"ticker":{"id":"3554"}},"id":"3553","type":"LinearAxis"},{"attributes":{"label":{"value":"prec"},"renderers":[{"id":"3587"}]},"id":"3596","type":"LegendItem"},{"attributes":{"source":{"id":"3582"}},"id":"3588","type":"CDSView"},{"attributes":{},"id":"3549","type":"LinearScale"},{"attributes":{"data":{"precursor_mz":[null,null,null,null,null,null,null,null,null],"product_charge":[null,null,null,null,null,null,null,null,null],"product_mz":[null,null,null,null,null,null,null,null,null],"x":{"__ndarray__":"ZmZmZmZm7j+4HoXrUbjuPwrXo3A9Cu8/XI/C9Shc7z+uR+F6FK7vPwAAAAAAAPA/KVyPwvUo8D9SuB6F61HwP3sUrkfhevA/","dtype":"float64","order":"little","shape":[9]},"y":{"__ndarray__":"AAAAAAAAAAAAAAAAAADQPwAAAAAAAOA/AAAAAAAA6D8AAAAAAADwPwAAAAAAAOg/AAAAAAAA4D8AAAAAAADQPwAAAAAAAAAA","dtype":"float64","order":"little","shape":[9]}},"selected":{"id":"3609"},"selection_policy":{"id":"3608"}},"id":"3589","type":"ColumnDataSource"},{"attributes":{"axis":{"id":"3553"},"coordinates":null,"group":null,"ticker":null},"id":"3556","type":"Grid"},{"attributes":{},"id":"3605","type":"AllLabels"},{"attributes":{"axis":{"id":"3557"},"coordinates":null,"dimension":1,"group":null,"ticker":null},"id":"3560","type":"Grid"},{"attributes":{"source":{"id":"3589"}},"id":"3595","type":"CDSView"}],"root_ids":["3544"]},"title":"Bokeh Application","version":"2.4.3"}}
    </script>
    <script type="text/javascript">
      (function() {
        const fn = function() {
          Bokeh.safely(function() {
            (function(root) {
              function embed_document(root) {
              const docs_json = document.getElementById('3767').textContent;
              const render_items = [{"docid":"0ce7db09-88cd-4d4f-b85c-3d944a97194c","root_ids":["3544"],"roots":{"3544":"f1ad0f6b-af79-4d98-8016-490bff1bfe13"}}];
              root.Bokeh.embed.embed_items(docs_json, render_items);
              }
              if (root.Bokeh !== undefined) {
                embed_document(root);
              } else {
                let attempts = 0;
                const timer = setInterval(function(root) {
                  if (root.Bokeh !== undefined) {
                    clearInterval(timer);
                    embed_document(root);
                  } else {
                    attempts++;
                    if (attempts > 100) {
                      clearInterval(timer);
                      console.log("Bokeh: ERROR: Unable to run BokehJS code because BokehJS library is missing");
                    }
                  }
                }, 10, root)
              }
            })(window);
          });
        };
        if (document.readyState != "loading") fn();
        else document.addEventListener("DOMContentLoaded", fn);
      })();
    </script>
  </body>
</html>