<!DOCTYPE html>
<html lang="en">
  <head>
    <meta charset="utf-8">
    <title>Bokeh Application</title>
    <script type="text/javascript" src="https://cdn.bokeh.org/bokeh/release/bokeh-2.4.3.min.js"></script>
    <script type="text/javascript">
        Bokeh.set_log_level("info");
    </script>
  </head>
  <body>
    <div class="bk-root" id="50c4d85b-23bd-4135-80cc-8bea7afdf761" data-root-id="2948"></div>
  
    <script type="application/json" id="3133">
      {"5323c27a-f167-4428-8f22-1fef5fd11bbe":{"defs":[],"roots":{"references":[{"attributes":{"axis":{"id":"2961"},"coordinates":null,"dimension":1,"group":null,"ticker":null},"id":"2964","type":"Grid"},{"attributes":{},"id":"2998","type":"UnionRenderers"},{"attributes":{},"id":"2962","type":"BasicTicker"},{"attributes":{"line_alpha":0.5,"line_dash":[6],"line_width":2,"x":{"field":"x"},"y":{"field":"y"}},"id":"2984","type":"Line"},{"attributes":{},"id":"2999","type":"Selection"},{"attributes":{"data":{"precursor_mz":[null,null,null,null,null,null,null,null,null],"product_charge":[null,null,null,null,null,null,null,null,null],"product_mz":[null,null,null,null,null,null,null,null,null],"x":{"__ndarray__":"ZmZmZmZm7j+4HoXrUbjuPwrXo3A9Cu8/XI/C9Shc7z+uR+F6FK7vPwAAAAAAAPA/KVyPwvUo8D9SuB6F61HwP3sUrkfhevA/","dtype":"float64","order":"little","shape":[9]},"y":[5,10,15,20,25,20,15,10,5]},"selected":{"id":"2999"},"selection_policy":{"id":"2998"}},"id":"2982","type":"ColumnDataSource"},{"attributes":{"line_alpha":0.1,"line_dash":[6],"line_width":2,"x":{"field":"x"},"y":{"field":"y"}},"id":"2985","type":"Line"},{"attributes":{},"id":"2970","type":"HelpTool"},{"attributes":{"coordinates":null,"data_source":{"id":"2982"},"glyph":{"id":"2984"},"group":null,"hover_glyph":null,"muted_glyph":{"id":"2986"},"nonselection_glyph":{"id":"2985"},"view":{"id":"2988"}},"id":"2987","type":"GlyphRenderer"},{"attributes":{},"id":"2965","type":"PanTool"},{"attributes":{"overlay":{"id":"2971"}},"id":"2967","type":"BoxZoomTool"},{"attributes":{},"id":"2968","type":"SaveTool"},{"attributes":{},"id":"2969","type":"ResetTool"},{"attributes":{"label":{"value":"prec"},"renderers":[{"id":"2987"}]},"id":"2989","type":"LegendItem"},{"attributes":{"line_alpha":0.2,"line_dash":[6],"line_width":2,"x":{"field":"x"},"y":{"field":"y"}},"id":"2986","type":"Line"},{"attributes":{"bottom_units":"screen","coordinates":null,"fill_alpha":0.5,"fill_color":"lightgrey","group":null,"left_units":"screen","level":"overlay","line_alpha":1.0,"line_color":"black","line_dash":[4,4],"line_width":2,"right_units":"screen","syncable":false,"top_units":"screen"},"id":"2971","type":"BoxAnnotation"},{"attributes":{"source":{"id":"2982"}},"id":"2988","type":"CDSView"},{"attributes":{"tools":[{"id":"2965"},{"id":"2966"},{"id":"2967"},{"id":"2968"},{"id":"2969"},{"id":"2970"},{"id":"2972"}]},"id":"2973","type":"Toolbar"},{"attributes":{},"id":"2993","type":"BasicTickFormatter"},{"attributes":{},"id":"2994","type":"AllLabels"},{"attributes":{"axis_label":"Retention Time","coordinates":null,"formatter":{"id":"2996"},"group":null,"major_label_policy":{"id":"2997"},"ticker":{"id":"2958"}},"id":"2957","type":"LinearAxis"},{"attributes":{},"id":"2996","type":"BasicTickFormatter"},{"attributes":{},"id":"2951","type":"DataRange1d"},{"attributes":{},"id":"2997","type":"AllLabels"},{"attributes":{},"id":"2949","type":"DataRange1d"},{"attributes":{"click_policy":"mute","coordinates":null,"group":null,"items":[{"id":"2989"}],"label_text_font_size":"10pt","location":"top_left","title":"Transition"},"id":"2981","type":"Legend"},{"attributes":{},"id":"2953","type":"LinearScale"},{"attributes":{"coordinates":null,"group":null},"id":"2990","type":"Title"},{"attributes":{"below":[{"id":"2957"}],"center":[{"id":"2960"},{"id":"2964"}],"height":400,"left":[{"id":"2961"}],"renderers":[{"id":"2987"}],"right":[{"id":"2981"}],"sizing_mode":"scale_width","title":{"id":"2990"},"toolbar":{"id":"2973"},"toolbar_location":"above","width":800,"x_range":{"id":"2949"},"x_scale":{"id":"2953"},"y_range":{"id":"2951"},"y_scale":{"id":"2955"}},"id":"2948","subtype":"Figure","type":"Plot"},{"attributes":{},"id":"2955","type":"LinearScale"},{"attributes":{"callback":null,"tooltips":[["index","$index"],["(im,int)","(@x{0.00}, @y)"]]},"id":"2972","type":"HoverTool"},{"attributes":{},"id":"2958","type":"BasicTicker"},{"attributes":{"axis":{"id":"2957"},"coordinates":null,"group":null,"ticker":null},"id":"2960","type":"Grid"},{"attributes":{},"id":"2966","type":"WheelZoomTool"},{"attributes":{"axis_label":"Intensity","coordinates":null,"formatter":{"id":"2993"},"group":null,"major_label_policy":{"id":"2994"},"ticker":{"id":"2962"}},"id":"2961","type":"LinearAxis"}],"root_ids":["2948"]},"title":"Bokeh Application","version":"2.4.3"}}
    </script>
    <script type="text/javascript">
      (function() {
        const fn = function() {
          Bokeh.safely(function() {
            (function(root) {
              function embed_document(root) {
              const docs_json = document.getElementById('3133').textContent;
              const render_items = [{"docid":"5323c27a-f167-4428-8f22-1fef5fd11bbe","root_ids":["2948"],"roots":{"2948":"50c4d85b-23bd-4135-80cc-8bea7afdf761"}}];
              root.Bokeh.embed.embed_items(docs_json, render_items);
              }
              if (root.Bokeh !== undefined) {
                embed_document(root);
              } else {
                let attempts = 0;
                const timer = setInterval(function(root) {
                  if (root.Bokeh !== undefined) {
                    clearInterval(timer);
                    embed_document(root);
                  } else {
                    attempts++;
                    if (attempts > 100) {
                      clearInterval(timer);
                      console.log("Bokeh: ERROR: Unable to run BokehJS code because BokehJS library is missing");
                    }
                  }
                }, 10, root)
              }
            })(window);
          });
        };
        if (document.readyState != "loading") fn();
        else document.addEventListener("DOMContentLoaded", fn);
      })();
    </script>
  </body>
</html>