<!DOCTYPE html>
<html lang="en">
  <head>
    <meta charset="utf-8">
    <title>Bokeh Application</title>
    <script type="text/javascript" src="https://cdn.bokeh.org/bokeh/release/bokeh-2.4.3.min.js"></script>
    <script type="text/javascript">
        Bokeh.set_log_level("info");
    </script>
  </head>
  <body>
    <div class="bk-root" id="85df30e0-bb05-4625-90db-d7ebaad17f38" data-root-id="2096"></div>
  
    <script type="application/json" id="2411">
      {"1fb6d317-afda-41e5-b29a-a7cb1b040ead":{"defs":[],"roots":{"references":[{"attributes":{"coordinates":null,"data_source":{"id":"2150"},"glyph":{"id":"2158"},"group":null,"hover_glyph":null,"muted_glyph":{"id":"2160"},"nonselection_glyph":{"id":"2159"},"view":{"id":"2162"}},"id":"2161","type":"GlyphRenderer"},{"attributes":{},"id":"2196","type":"BasicTickFormatter"},{"attributes":{},"id":"2205","type":"Selection"},{"attributes":{},"id":"2203","type":"Selection"},{"attributes":{"source":{"id":"2150"}},"id":"2168","type":"CDSView"},{"attributes":{},"id":"2110","type":"BasicTicker"},{"attributes":{"bottom":{"field":"bottom_int"},"fill_color":{"value":"#1B9E77"},"hatch_color":{"value":"#1B9E77"},"line_color":{"value":"#1B9E77"},"top":{"field":"Intensity"},"width":{"value":0.3},"x":{"field":"leftWidth"}},"id":"2152","type":"VBar"},{"attributes":{},"id":"2118","type":"HelpTool"},{"attributes":{"axis":{"id":"2105"},"coordinates":null,"group":null,"ticker":null},"id":"2108","type":"Grid"},{"attributes":{"bottom":{"field":"bottom_int"},"fill_alpha":{"value":0.1},"fill_color":{"value":"#D95F02"},"hatch_alpha":{"value":0.1},"hatch_color":{"value":"#D95F02"},"line_alpha":{"value":0.1},"line_color":{"value":"#D95F02"},"top":{"field":"Intensity"},"width":{"value":0.3},"x":{"field":"leftWidth"}},"id":"2172","type":"VBar"},{"attributes":{"coordinates":null,"data_source":{"id":"2169"},"glyph":{"id":"2177"},"group":null,"hover_glyph":null,"muted_glyph":{"id":"2179"},"nonselection_glyph":{"id":"2178"},"view":{"id":"2181"}},"id":"2180","type":"GlyphRenderer"},{"attributes":{"axis_label":"Intensity","axis_label_text_font_size":"11pt","coordinates":null,"formatter":{"id":"2193"},"group":null,"major_label_policy":{"id":"2194"},"major_label_text_font_size":"11pt","ticker":{"id":"2110"}},"id":"2109","type":"LinearAxis"},{"attributes":{"click_policy":"mute","coordinates":null,"group":null,"items":[{"id":"2148"},{"id":"2149"}],"label_text_font_size":"10pt","location":"top_left","title":"Transition"},"id":"2133","type":"Legend"},{"attributes":{"source":{"id":"2169"}},"id":"2181","type":"CDSView"},{"attributes":{},"id":"2198","type":"UnionRenderers"},{"attributes":{"bottom_units":"screen","coordinates":null,"fill_alpha":0.5,"fill_color":"lightgrey","group":null,"left_units":"screen","level":"overlay","line_alpha":1.0,"line_color":"black","line_dash":[4,4],"line_width":2,"right_units":"screen","syncable":false,"top_units":"screen"},"id":"2119","type":"BoxAnnotation"},{"attributes":{"coordinates":null,"data_source":{"id":"2134"},"glyph":{"id":"2136"},"group":null,"hover_glyph":null,"muted_glyph":{"id":"2138"},"nonselection_glyph":{"id":"2137"},"view":{"id":"2140"}},"id":"2139","type":"GlyphRenderer"},{"attributes":{"bottom":{"field":"bottom_int"},"fill_alpha":{"value":0.2},"fill_color":{"value":"#1B9E77"},"hatch_alpha":{"value":0.2},"hatch_color":{"value":"#1B9E77"},"line_alpha":{"value":0.2},"line_color":{"value":"#1B9E77"},"top":{"field":"Intensity"},"width":{"value":0.3},"x":{"field":"leftWidth"}},"id":"2154","type":"VBar"},{"attributes":{"data":{"precursor_mz":[null,null,null,null,null,null,null,null,null],"product_charge":[null,null,null,null,null,null,null,null,null],"product_mz":[null,null,null,null,null,null,null,null,null],"x":[1,2,3,4,5,6,7,8,9],"y":{"__ndarray__":"AAAAAAAAAAAAAAAAAADQPwAAAAAAAOA/AAAAAAAA6D8AAAAAAADwPwAAAAAAAOg/AAAAAAAA4D8AAAAAAADQPwAAAAAAAAAA","dtype":"float64","order":"little","shape":[9]}},"selected":{"id":"2199"},"selection_policy":{"id":"2198"}},"id":"2134","type":"ColumnDataSource"},{"attributes":{"source":{"id":"2169"}},"id":"2187","type":"CDSView"},{"attributes":{},"id":"2099","type":"DataRange1d"},{"attributes":{},"id":"2106","type":"BasicTicker"},{"attributes":{"source":{"id":"2150"}},"id":"2162","type":"CDSView"},{"attributes":{"bottom":{"field":"bottom_int"},"fill_alpha":{"value":0.2},"fill_color":{"value":"#D95F02"},"hatch_alpha":{"value":0.2},"hatch_color":{"value":"#D95F02"},"line_alpha":{"value":0.2},"line_color":{"value":"#D95F02"},"top":{"field":"Intensity"},"width":{"value":0.3},"x":{"field":"rightWidth"}},"id":"2179","type":"VBar"},{"attributes":{"line_alpha":0.5,"line_dash":[6],"line_width":2,"x":{"field":"x"},"y":{"field":"y"}},"id":"2136","type":"Line"},{"attributes":{"bottom":{"field":"bottom_int"},"fill_alpha":{"value":0.1},"fill_color":{"value":"#1B9E77"},"hatch_alpha":{"value":0.1},"hatch_color":{"value":"#1B9E77"},"line_alpha":{"value":0.1},"line_color":{"value":"#1B9E77"},"top":{"field":"Intensity"},"width":{"value":0.3},"x":{"field":"leftWidth"}},"id":"2153","type":"VBar"},{"attributes":{"source":{"id":"2150"}},"id":"2156","type":"CDSView"},{"attributes":{"callback":null,"tooltips":[["index","$index"],["(rt,int)","(@x{0.00}, @y)"]]},"id":"2120","type":"HoverTool"},{"attributes":{"coordinates":null,"group":null,"text":"Title","text_font_style":"italic"},"id":"2132","type":"Title"},{"attributes":{"coordinates":null,"data_source":{"id":"2150"},"glyph":{"id":"2152"},"group":null,"hover_glyph":null,"muted_glyph":{"id":"2154"},"nonselection_glyph":{"id":"2153"},"view":{"id":"2156"}},"id":"2155","type":"GlyphRenderer"},{"attributes":{},"id":"2097","type":"DataRange1d"},{"attributes":{"data":{"Intensity":[1],"bottom_int":[0],"leftWidth":[2],"ms2_mscore":[0.003],"rightWidth":[7]},"selected":{"id":"2203"},"selection_policy":{"id":"2202"}},"id":"2150","type":"ColumnDataSource"},{"attributes":{"bottom":{"field":"bottom_int"},"fill_color":{"value":"#D95F02"},"hatch_color":{"value":"#D95F02"},"line_color":{"value":"#D95F02"},"top":{"field":"Intensity"},"width":{"value":0.3},"x":{"field":"rightWidth"}},"id":"2177","type":"VBar"},{"attributes":{"bottom":{"field":"bottom_int"},"fill_alpha":{"value":0.1},"fill_color":{"value":"#1B9E77"},"hatch_alpha":{"value":0.1},"hatch_color":{"value":"#1B9E77"},"line_alpha":{"value":0.1},"line_color":{"value":"#1B9E77"},"top":{"field":"Intensity"},"width":{"value":0.3},"x":{"field":"rightWidth"}},"id":"2159","type":"VBar"},{"attributes":{"bottom":{"field":"bottom_int"},"fill_alpha":{"value":0.2},"fill_color":{"value":"#D95F02"},"hatch_alpha":{"value":0.2},"hatch_color":{"value":"#D95F02"},"line_alpha":{"value":0.2},"line_color":{"value":"#D95F02"},"top":{"field":"Intensity"},"width":{"value":0.3},"x":{"field":"leftWidth"}},"id":"2173","type":"VBar"},{"attributes":{},"id":"2201","type":"Selection"},{"attributes":{"source":{"id":"2169"}},"id":"2175","type":"CDSView"},{"attributes":{"fill_alpha":{"value":0},"fill_color":{"value":"#1f77b4"},"hatch_alpha":{"value":0},"line_alpha":{"value":0},"line_color":{"value":"#1f77b4"},"x":{"field":"leftWidth"},"y":{"field":"Intensity"}},"id":"2164","type":"Circle"},{"attributes":{"label":{"value":"b3^1"},"renderers":[{"id":"2146"}]},"id":"2149","type":"LegendItem"},{"attributes":{"above":[{"id":"2132"}],"below":[{"id":"2105"}],"center":[{"id":"2108"},{"id":"2112"}],"height":450,"left":[{"id":"2109"}],"renderers":[{"id":"2139"},{"id":"2146"},{"id":"2155"},{"id":"2161"},{"id":"2167"},{"id":"2174"},{"id":"2180"},{"id":"2186"}],"right":[{"id":"2133"}],"sizing_mode":"scale_width","title":{"id":"2129"},"toolbar":{"id":"2121"},"toolbar_location":"above","width":800,"x_range":{"id":"2097"},"x_scale":{"id":"2101"},"y_range":{"id":"2099"},"y_scale":{"id":"2103"}},"id":"2096","subtype":"Figure","type":"Plot"},{"attributes":{"data":{"precursor_mz":[null,null,null,null,null,null,null,null,null],"product_charge":[null,null,null,null,null,null,null,null,null],"product_mz":[null,null,null,null,null,null,null,null,null],"x":[1,2,3,4,5,6,7,8,9],"y":{"__ndarray__":"AAAAAAAAAAAAAAAAAADQPwAAAAAAAOA/AAAAAAAA6D8AAAAAAADwPwAAAAAAAOg/AAAAAAAA4D8AAAAAAADQPwAAAAAAAAAA","dtype":"float64","order":"little","shape":[9]}},"selected":{"id":"2201"},"selection_policy":{"id":"2200"}},"id":"2141","type":"ColumnDataSource"},{"attributes":{"axis":{"id":"2109"},"coordinates":null,"dimension":1,"group":null,"ticker":null},"id":"2112","type":"Grid"},{"attributes":{"fill_alpha":{"value":0.2},"fill_color":{"value":"#1f77b4"},"hatch_alpha":{"value":0.2},"line_alpha":{"value":0.2},"line_color":{"value":"#1f77b4"},"x":{"field":"leftWidth"},"y":{"field":"Intensity"}},"id":"2166","type":"Circle"},{"attributes":{"bottom":{"field":"bottom_int"},"fill_alpha":{"value":0.1},"fill_color":{"value":"#D95F02"},"hatch_alpha":{"value":0.1},"hatch_color":{"value":"#D95F02"},"line_alpha":{"value":0.1},"line_color":{"value":"#D95F02"},"top":{"field":"Intensity"},"width":{"value":0.3},"x":{"field":"rightWidth"}},"id":"2178","type":"VBar"},{"attributes":{"line_alpha":0.1,"line_dash":[6],"line_width":2,"x":{"field":"x"},"y":{"field":"y"}},"id":"2137","type":"Line"},{"attributes":{"align":"center","coordinates":null,"group":null,"text":"Title","text_font_size":"13pt"},"id":"2129","type":"Title"},{"attributes":{"tools":[{"id":"2113"},{"id":"2114"},{"id":"2115"},{"id":"2116"},{"id":"2117"},{"id":"2118"},{"id":"2120"},{"id":"2188"}]},"id":"2121","type":"Toolbar"},{"attributes":{},"id":"2200","type":"UnionRenderers"},{"attributes":{"fill_alpha":{"value":0.1},"fill_color":{"value":"#1f77b4"},"hatch_alpha":{"value":0.1},"line_alpha":{"value":0.1},"line_color":{"value":"#1f77b4"},"x":{"field":"leftWidth"},"y":{"field":"Intensity"}},"id":"2165","type":"Circle"},{"attributes":{"source":{"id":"2134"}},"id":"2140","type":"CDSView"},{"attributes":{},"id":"2117","type":"ResetTool"},{"attributes":{},"id":"2193","type":"BasicTickFormatter"},{"attributes":{},"id":"2114","type":"WheelZoomTool"},{"attributes":{"label":{"value":"prec"},"renderers":[{"id":"2139"}]},"id":"2148","type":"LegendItem"},{"attributes":{"coordinates":null,"data_source":{"id":"2169"},"glyph":{"id":"2171"},"group":null,"hover_glyph":null,"muted_glyph":{"id":"2173"},"nonselection_glyph":{"id":"2172"},"view":{"id":"2175"}},"id":"2174","type":"GlyphRenderer"},{"attributes":{"source":{"id":"2141"}},"id":"2147","type":"CDSView"},{"attributes":{"coordinates":null,"data_source":{"id":"2141"},"glyph":{"id":"2143"},"group":null,"hover_glyph":null,"muted_glyph":{"id":"2145"},"nonselection_glyph":{"id":"2144"},"view":{"id":"2147"}},"id":"2146","type":"GlyphRenderer"},{"attributes":{},"id":"2101","type":"LinearScale"},{"attributes":{"bottom":{"field":"bottom_int"},"fill_color":{"value":"#D95F02"},"hatch_color":{"value":"#D95F02"},"line_color":{"value":"#D95F02"},"top":{"field":"Intensity"},"width":{"value":0.3},"x":{"field":"leftWidth"}},"id":"2171","type":"VBar"},{"attributes":{"coordinates":null,"data_source":{"id":"2150"},"glyph":{"id":"2164"},"group":null,"hover_glyph":null,"muted_glyph":{"id":"2166"},"name":"leftWidth_apex_point","nonselection_glyph":{"id":"2165"},"view":{"id":"2168"}},"id":"2167","type":"GlyphRenderer"},{"attributes":{"line_alpha":0.2,"line_dash":[6],"line_width":2,"x":{"field":"x"},"y":{"field":"y"}},"id":"2138","type":"Line"},{"attributes":{"line_alpha":0.5,"line_color":"#1f77b4","line_width":2,"x":{"field":"x"},"y":{"field":"y"}},"id":"2143","type":"Line"},{"attributes":{},"id":"2194","type":"AllLabels"},{"attributes":{"axis_label":"Retention Time","axis_label_text_font_size":"11pt","coordinates":null,"formatter":{"id":"2196"},"group":null,"major_label_policy":{"id":"2197"},"major_label_text_font_size":"11pt","ticker":{"id":"2106"}},"id":"2105","type":"LinearAxis"},{"attributes":{"coordinates":null,"data_source":{"id":"2169"},"glyph":{"id":"2183"},"group":null,"hover_glyph":null,"muted_glyph":{"id":"2185"},"name":"leftWidth_apex_point","nonselection_glyph":{"id":"2184"},"view":{"id":"2187"}},"id":"2186","type":"GlyphRenderer"},{"attributes":{},"id":"2113","type":"PanTool"},{"attributes":{"bottom":{"field":"bottom_int"},"fill_color":{"value":"#1B9E77"},"hatch_color":{"value":"#1B9E77"},"line_color":{"value":"#1B9E77"},"top":{"field":"Intensity"},"width":{"value":0.3},"x":{"field":"rightWidth"}},"id":"2158","type":"VBar"},{"attributes":{"line_alpha":0.1,"line_color":"#1f77b4","line_width":2,"x":{"field":"x"},"y":{"field":"y"}},"id":"2144","type":"Line"},{"attributes":{"bottom":{"field":"bottom_int"},"fill_alpha":{"value":0.2},"fill_color":{"value":"#1B9E77"},"hatch_alpha":{"value":0.2},"hatch_color":{"value":"#1B9E77"},"line_alpha":{"value":0.2},"line_color":{"value":"#1B9E77"},"top":{"field":"Intensity"},"width":{"value":0.3},"x":{"field":"rightWidth"}},"id":"2160","type":"VBar"},{"attributes":{},"id":"2204","type":"UnionRenderers"},{"attributes":{"fill_alpha":{"value":0.2},"fill_color":{"value":"#1f77b4"},"hatch_alpha":{"value":0.2},"line_alpha":{"value":0.2},"line_color":{"value":"#1f77b4"},"x":{"field":"leftWidth"},"y":{"field":"Intensity"}},"id":"2185","type":"Circle"},{"attributes":{"line_alpha":0.2,"line_color":"#1f77b4","line_width":2,"x":{"field":"x"},"y":{"field":"y"}},"id":"2145","type":"Line"},{"attributes":{"data":{"Intensity":[1],"bottom_int":[0],"leftWidth":[3],"ms2_mscore":[0.0001],"rightWidth":[6]},"selected":{"id":"2205"},"selection_policy":{"id":"2204"}},"id":"2169","type":"ColumnDataSource"},{"attributes":{"fill_alpha":{"value":0},"fill_color":{"value":"#1f77b4"},"hatch_alpha":{"value":0},"line_alpha":{"value":0},"line_color":{"value":"#1f77b4"},"x":{"field":"leftWidth"},"y":{"field":"Intensity"}},"id":"2183","type":"Circle"},{"attributes":{"fill_alpha":{"value":0.1},"fill_color":{"value":"#1f77b4"},"hatch_alpha":{"value":0.1},"line_alpha":{"value":0.1},"line_color":{"value":"#1f77b4"},"x":{"field":"leftWidth"},"y":{"field":"Intensity"}},"id":"2184","type":"Circle"},{"attributes":{},"id":"2197","type":"AllLabels"},{"attributes":{},"id":"2103","type":"LinearScale"},{"attributes":{},"id":"2202","type":"UnionRenderers"},{"attributes":{},"id":"2116","type":"SaveTool"},{"attributes":{},"id":"2199","type":"Selection"},{"attributes":{"overlay":{"id":"2119"}},"id":"2115","type":"BoxZoomTool"},{"attributes":{"callback":null,"names":["leftWidth_apex_point"],"tooltips":[["Intensity","@Intensity"],["Left Width","@leftWidth{0.00}"],["Right Width","@rightWidth{0.00}"],["Peak Group Rank","@peakgroup_rank"],["MS2 m-score","@ms2_mscore"]]},"id":"2188","type":"HoverTool"}],"root_ids":["2096"]},"title":"Bokeh Application","version":"2.4.3"}}
    </script>
    <script type="text/javascript">
      (function() {
        const fn = function() {
          Bokeh.safely(function() {
            (function(root) {
              function embed_document(root) {
              const docs_json = document.getElementById('2411').textContent;
              const render_items = [{"docid":"1fb6d317-afda-41e5-b29a-a7cb1b040ead","root_ids":["2096"],"roots":{"2096":"85df30e0-bb05-4625-90db-d7ebaad17f38"}}];
              root.Bokeh.embed.embed_items(docs_json, render_items);
              }
              if (root.Bokeh !== undefined) {
                embed_document(root);
              } else {
                let attempts = 0;
                const timer = setInterval(function(root) {
                  if (root.Bokeh !== undefined) {
                    clearInterval(timer);
                    embed_document(root);
                  } else {
                    attempts++;
                    if (attempts > 100) {
                      clearInterval(timer);
                      console.log("Bokeh: ERROR: Unable to run BokehJS code because BokehJS library is missing");
                    }
                  }
                }, 10, root)
              }
            })(window);
          });
        };
        if (document.readyState != "loading") fn();
        else document.addEventListener("DOMContentLoaded", fn);
      })();
    </script>
  </body>
</html>